============================= test session starts ==============================
platform linux -- Python 3.13.3, pytest-8.3.5, pluggy-1.5.0 -- /home/demute/code/CyberDeltaEngine/.venv/bin/python3
cachedir: .pytest_cache
rootdir: /home/demute/code/CyberDeltaEngine
configfile: pyproject.toml
plugins: dash-3.0.4, mock-3.14.0, asyncio-0.26.0, cov-6.1.1
asyncio: mode=Mode.STRICT, asyncio_default_fixture_loop_scope=function, asyncio_default_test_loop_scope=function
collecting ... collected 1747 items

tests/unit/apis/backpack/models/test_bp_raw_account.py::test_BackpackRawAccount_happy_path PASSED [  0%]
tests/unit/apis/backpack/models/test_bp_raw_account.py::test_BackpackRawAccount_missing_required_fields[id] PASSED [  0%]
tests/unit/apis/backpack/models/test_bp_raw_account.py::test_BackpackRawAccount_missing_required_fields[email] PASSED [  0%]
tests/unit/apis/backpack/models/test_bp_raw_account.py::test_BackpackRawAccount_missing_required_fields[status] PASSED [  0%]
tests/unit/apis/backpack/models/test_bp_raw_account.py::test_BackpackRawAccount_status_enum_valid[active] PASSED [  0%]
tests/unit/apis/backpack/models/test_bp_raw_account.py::test_BackpackRawAccount_status_enum_valid[suspended] PASSED [  0%]
tests/unit/apis/backpack/models/test_bp_raw_account.py::test_BackpackRawAccount_status_enum_valid[pending] PASSED [  0%]
tests/unit/apis/backpack/models/test_bp_raw_account.py::test_BackpackRawAccount_status_enum_invalid[Active] PASSED [  0%]
tests/unit/apis/backpack/models/test_bp_raw_account.py::test_BackpackRawAccount_status_enum_invalid[ACTIVE] PASSED [  0%]
tests/unit/apis/backpack/models/test_bp_raw_account.py::test_BackpackRawAccount_status_enum_invalid[pending ] PASSED [  0%]
tests/unit/apis/backpack/models/test_bp_raw_account.py::test_BackpackRawAccount_status_enum_invalid[] PASSED [  0%]
tests/unit/apis/backpack/models/test_bp_raw_account.py::test_BackpackRawAccount_status_enum_invalid[notastatus] PASSED [  0%]
tests/unit/apis/backpack/models/test_bp_raw_account.py::test_BackpackRawAccount_status_enum_invalid[\U0001f600] PASSED [  0%]
tests/unit/apis/backpack/models/test_bp_raw_account.py::test_BackpackRawAccount_status_enum_invalid[<script>] PASSED [  0%]
tests/unit/apis/backpack/models/test_bp_raw_account.py::test_BackpackRawAccount_status_enum_invalid[active; DROP TABLE users;] PASSED [  0%]
tests/unit/apis/backpack/models/test_bp_raw_account.py::test_BackpackRawAccount_wrong_type_fields[id-123] PASSED [  0%]
tests/unit/apis/backpack/models/test_bp_raw_account.py::test_BackpackRawAccount_wrong_type_fields[email-value1] PASSED [  0%]
tests/unit/apis/backpack/models/test_bp_raw_account.py::test_BackpackRawAccount_wrong_type_fields[status-value2] PASSED [  1%]
tests/unit/apis/backpack/models/test_bp_raw_account.py::test_BackpackRawAccount_adversarial_strings[id-] PASSED [  1%]
tests/unit/apis/backpack/models/test_bp_raw_account.py::test_BackpackRawAccount_adversarial_strings[id-   ] PASSED [  1%]
tests/unit/apis/backpack/models/test_bp_raw_account.py::test_BackpackRawAccount_adversarial_strings[id-user_\U0001f600] PASSED [  1%]
tests/unit/apis/backpack/models/test_bp_raw_account.py::test_BackpackRawAccount_adversarial_strings[id-user_123; DROP TABLE users;] PASSED [  1%]
tests/unit/apis/backpack/models/test_bp_raw_account.py::test_BackpackRawAccount_adversarial_strings[email-<script>alert(1)</script>@example.com] PASSED [  1%]
tests/unit/apis/backpack/models/test_bp_raw_account.py::test_BackpackRawAccount_adversarial_strings[email-user\x00@example.com] PASSED [  1%]
tests/unit/apis/backpack/models/test_bp_raw_account.py::test_BackpackRawAccount_adversarial_strings[email-aaaaaaaaaaaaaaaaaaaaaaaaaaaaaaaaaaaaaaaaaaaaaaaaaaaaaaaaaaaaaaaaaaaaaaaaaaaaaaaaaaaaaaaaaaaaaaaaaaaaaaaaaaaaaaaaaaaaaaaaaaaaaaaaaaaaaaaaaaaaaaaaaaaaaaaaaaaaaaaaaaaaaaaaaaaaaaaaaaaaaaaaaaaaaaaaaaaaaaaaaaaaaaaaaaaaaaaaaaaaaaaaaaaaaaaaaaaaaaaaaaaaaaaaaaaaaaaaaaaaaaaaaaaaaaaaaaaaaaaaaaaaaaaaaaaaaaaaaaaaaaaaaaaaaaaaaaaaaaaaaaaaaaaaaaaaaaaaaaaaaaaaaaaaaaaaaaaaaaaaaaaaaaaaaaaaaaaaaaaaaaaaaaaaaaaaaaaaaaaaaaaaaaaaaaaaaaaaaaaaaaaaaaaaaaaaaaaaaaaaaaaaaaaaaaaaaaaaaaaaaaaaaaaaaaaaaaaaaaaaaaaaaaaaaaaaaaaaaaaaaaaaaaaaaaaaaaaaaaaaaaaaaaaaaaaaaaaaaaaaaaaaaaaaaaaaaaaaaaaaaaaaaaaaaaaaaaaaaaaaaaaaaaaaaaaaaaaaaaaaaaaaaaaaaaaaaaaaaaaaaaaaaaaaaaaaaaaaaaaaaaaaaaaaaaaaaaaaaaaaaaaaaaaaaaaaaaaaaaaaaaaaaaaaaaaaaaaaaaaaaaaaaaaaaaaaaaaaaaaaaaaaaaaaaaaaaaaaaaaaaaaaaaaaaaaaaaaaaaaaaaaaaaaaaaaaaaaaaaaaaaaaaaaaaaaaaaaaaaaaaaaaaaaaaaaaaaaaaaaaaaaaaaaaaaaaaaaaaaaaaaaaaaaaaaaaaaaaaaaaaaaaaaaaaaaaaaaaaaaaaaaaaaaaaaaaaaaaaaaaaaaaaaaaaaaaaaaaaaaaaaaaaaaaaaaaaaaaaaaaaaaaaaaaaaaaaaaaaaaaaaaaaaaaaaaaaaaaaaaaaaaaaaaaaaaaaaaaaaaaaaaaaaaaaaaaaaaaaaaaaaaaaaaaaaaaaaaaaaaaaaaaaaaaaaaaaaaaaaaaaaaaaaaaaaaaaaaaaaaaaaaaaaaaaaaaaaaaaaaaaaaaaaaaaaaaaaaaaaaaaaaaaaaaaaaaaaaaaaaaaaaaaaaaaaaaaaaaaaaaaaaaaaaaaaaaaaaaaaaaaaaaaaaaaaaaaaaaaaaaaaaaaaaaaaaaaaaaaaaaaaaaaaaaaaaaaaaaaaaaaaaaaaaaaaaaaaaaaaaaaaaaaaaaaaaaaaaaaaaaaaaaaaaaaaaaaaaaaaaaaaaaaaaaaaaaaaaaaaaaaaaaaaaaaaaaaaaaaaaaaaaaaaaaaaaaaaaaaaaaaaaaaaaaaaaaaaaaaaaaaaaaaaaaaaaaaaaaaaaaaaaaaaaaaaaaaaaaaaaaaaaaaaaaaaaaaaaaaaaaaaaaaaaaaaaaaaaaaaaaaaaaaaaaaaaaaaaaaaaaaaaaaaaaaaaaaaaaaaaaaaaaaaaaaaaaaaaaaaaaaaaaaaaaaaaaaaaaaaaaaaaaaaaaaaaaaaaaaaaaaaaaaaaaaaaaaaaaaaaaaaaaaaaaaaaaaaaaaaaaaaaaaaaaaaaaaaaaaaaaaaaaaaaaaaaaaaaaaaaaaaaaaaaaaaaaaaaaaaaaaaaaaaaaaaaaaaaaaaaaaaaaaaaaaaaaaaaaaaaaaaaaaaaaaaaaaaaaaaaaaaaaaaaaaaaaaaaaaaaaaaaaaaaaaaaaaaaaaaaaaaaaaaaaaaaaaaaaaaaaaaaaaaaaaaaaaaaaaaaaaaaaaaaaaaaaaaaaaaaaaaaaaaaaaaaaaaaaaaaaaaaaaaaaaaaaaaaaaaaaaaaaaaaaaaaaaaaaaaaaaaaaaaaaaaaaaaaaaaaaaaaaaaaaaaaaaaaaaaaaaaaaaaaaaaaaaaaaaaaaaaaaaaaaaaaaaaaaaaaaaaaaaaaaaaaaaaaaaaaaaaaaaaaaaaaaaaaaaaaaaaaaaaaaaaaaaaaaaaaaaaaaaaaaaaaaaaaaaaaaaaaaaaaaaaaaaaaaaaaaaaaaaaaaaaaaaaaaaaaaaaaaaaaaaaaaaaaaaaaaaaaaaaaaaaaaaaaaaaaaaaaaaaaaaaaaaaaaaaaaaaaaaaaaaaaaaaaaaaaaaaaaaaaaaaaaaaaaaaaaaaaaaaaaaaaaaaaaaaaaaaaaaaaaaaaaaaaaaaaaaaaaaaaaaaaaaaaaaaaaaaaaaaaaaaaaaaaaaaaaaaaaaaaaaaaaaaaaaaaaaaaaaaaaaaaaaaaaaaaaaaaaaaaaaaaaaaaaaaaaaaaaaaaaaaaaaaaaaaaaaaaaaaaaaaaaaaaaaaaaaaaaaaaaaaaaaaaaaaaaaaaaaaaaaaaaaaaaaaaaaaaaaaaaaaaaaaaaaaaaaaaaaaaaaaaaaaaaaaaaaaaaaaaaaaaaaaaaaaaaaaaaaaaaaaaaaaaaaaaaaaaaaaaaaaaaaaaaaaaaaaaaaaaaaaaaaaaaaaaaaaaaaaaaaaaaaaaaaaaaaaaaaaaaaaaaaaaaaaaaaaaaaaaaaaaaaaaaaaaaaaaaaaaaaaaaaaaaaaaaaaaaaaaaaaaaaaaaaaaaaaaaaaaaaaaaaaaaaaaaaaaaaaaaaaaaaaaaaaaaaaaaaaaaaaaaaaaaaaaaaaaaaaaaaaaaaaaaaaaaaaaaaaaaaaaaaaaaaaaaaaaaaaaaaaaaaaaaaaaaaaaaaaaaaaaaaaaaaaaaaaaaaaaaaaaaaaaaaaaaaaaaaaaaaaaaaaaaaaaaaaaaaaaaaaaaaaaaaaaaaaaaaaaaaaaaaaaaaaaaaaaaaaaaaaaaaaaaaaaaaaaaaaaaaaaaaaaaaaaaaaaaaaaaaaaaaaaaaaaaaaaaaaaaaaaaaaaaaaaaaaaaaaaaaaaaaaaaaaaaaaaaaaaaaaaaaaaaaaaaaaaaaaaaaaaaaaaaaaaaaaaaaaaaaaaaaaaaaaaaaaaaaaaaaaaaaaaaaaaaaaaaaaaaaaaaaaaaaaaaaaaaaaaaaaaaaaaaaaaaaaaaaaaaaaaaaaaaaaaaaaaaaaaaaaaaaaaaaaaaaaaaaaaaaaaaaaaaaaaaaaaaaaaaaaaaaaaaaaaaaaaaaaaaaaaaaaaaaaaaaaaaaaaaaaaaaaaaaaaaaaaaaaaaaaaaaaaaaaaaaaaaaaaaaaaaaaaaaaaaaaaaaaaaaaaaaaaaaaaaaaaaaaaaaaaaaaaaaaaaaaaaaaaaaaaaaaaaaaaaaaaaaaaaaaaaaaaaaaaaaaaaaaaaaaaaaaaaaaaaaaaaaaaaaaaaaaaaaaaaaaaaaaaaaaaaaaaaaaaaaaaaaaaaaaaaaaaaaaaaaaaaaaaaaaaaaaaaaaaaaaaaaaaaaaaaaaaaaaaaaaaaaaaaaaaaaaaaaaaaaaaaaaaaaaaaaaaaaaaaaaaaaaaaaaaaaaaaaaaaaaaaaaaaaaaaaaaaaaaaaaaaaaaaaaaaaaaaaaaaaaaaaaaaaaaaaaaaaaaaaaaaaaaaaaaaaaaaaaaaaaaaaaaaaaaaaaaaaaaaaaaaaaaaaaaaaaaaaaaaaaaaaaaaaaaaaaaaaaaaaaaaaaaaaaaaaaaaaaaaaaaaaaaaaaaaaaaaaaaaaaaaaaaaaaaaaaaaaaaaaaaaaaaaaaaaaaaaaaaaaaaaaaaaaaaaaaaaaaaaaaaaaaaaaaaaaaaaaaaaaaaaaaaaaaaaaaaaaaaaaaaaaaaaaaaaaaaaaaaaaaaaaaaaaaaaaaaaaaaaaaaaaaaaaaaaaaaaaaaaaaaaaaaaaaaaaaaaaaaaaaaaaaaaaaaaaaaaaaaaaaaaaaaaaaaaaaaaaaaaaaaaaaaaaaaaaaaaaaaaaaaaaaaaaaaaaaaaaaaaaaaaaaaaaaaaaaaaaaaaaaaaaaaaaaaaaaaaaaaaaaaaaaaaaaaaaaaaaaaaaaaaaaaaaaaaaaaaaaaaaaaaaaaaaaaaaaaaaaaaaaaaaaaaaaaaaaaaaaaaaaaaaaaaaaaaaaaaaaaaaaaaaaaaaaaaaaaaaaaaaaaaaaaaaaaaaaaaaaaaaaaaaaaaaaaaaaaaaaaaaaaaaaaaaaaaaaaaaaaaaaaaaaaaaaaaaaaaaaaaaaaaaaaaaaaaaaaaaaaaaaaaaaaaaaaaaaaaaaaaaaaaaaaaaaaaaaaaaaaaaaaaaaaaaaaaaaaaaaaaaaaaaaaaaaaaaaaaaaaaaaaaaaaaaaaaaaaaaaaaaaaaaaaaaaaaaaaaaaaaaaaaaaaaaaaaaaaaaaaaaaaaaaaaaaaaaaaaaaaaaaaaaaaaaaaaaaaaaaaaaaaaaaaaaaaaaaaaaaaaaaaaaaaaaaaaaaaaaaaaaaaaaaaaaaaaaaaaaaaaaaaaaaaaaaaaaaaaaaaaaaaaaaaaaaaaaaaaaaaaaaaaaaaaaaaaaaaaaaaaaaaaaaaaaaaaaaaaaaaaaaaaaaaaaaaaaaaaaaaaaaaaaaaaaaaaaaaaaaaaaaaaaaaaaaaaaaaaaaaaaaaaaaaaaaaaaaaaaaaaaaaaaaaaaaaaaaaaaaaaaaaaaaaaaaaaaaaaaaaaaaaaaaaaaaaaaaaaaaaaaaaaaaaaaaaaaaaaaaaaaaaaaaaaaaaaaaaaaaaaaaaaaaaaaaaaaaaaaaaaaaaaaaaaaaaaaaaaaaaaaaaaaaaaaaaaaaaaaaaaaaaaaaaaaaaaaaaaaaaaaaaaaaaaaaaaaaaaaaaaaaaaaaaaaaaaaaaaaaaaaaaaaaaaaaaaaaaaaaaaaaaaaaaaaaaaaaaaaaaaaaaaaaaaaaaaaaaaaaaaaaaaaaaaaaaaaaaaaaaaaaaaaaaaaaaaaaaaaaaaaaaaaaaaaaaaaaaaaaaaaaaaaaaaaaaaaaaaaaaaaaaaaaaaaaaaaaaaaaaaaaaaaaaaaaaaaaaaaaaaaaaaaaaaaaaaaaaaaaaaaaaaaaaaaaaaaaaaaaaaaaaaaaaaaaaaaaaaaaaaaaaaaaaaaaaaaaaaaaaaaaaaaaaaaaaaaaaaaaaaaaaaaaaaaaaaaaaaaaaaaaaaaaaaaaaaaaaaaaaaaaaaaaaaaaaaaaaaaaaaaaaaaaaaaaaaaaaaaaaaaaaaaaaaaaaaaaaaaaaaaaaaaaaaaaaaaaaaaaaaaaaaaaaaaaaaaaaaaaaaaaaaaaaaaaaaaaaaaaaaaaaaaaaaaaaaaaaaaaaaaaaaaaaaaaaaaaaaaaaaaaaaaaaaaaaaaaaaaaaaaaaaaaaaaaaaaaaaaaaaaaaaaaaaaaaaaaaaaaaaaaaaaaaaaaaaaaaaaaaaaaaaaaaaaaaaaaaaaaaaaaaaaaaaaaaaaaaaaaaaaaaaaaaaaaaaaaaaaaaaaaaaaaaaaaaaaaaaaaaaaaaaaaaaaaaaaaaaaaaaaaaaaaaaaaaaaaaaaaaaaaaaaaaaaaaaaaaaaaaaaaaaaaaaaaaaaaaaaaaaaaaaaaaaaaaaaaaaaaaaaaaaaaaaaaaaaaaaaaaaaaaaaaaaaaaaaaaaaaaaaaaaaaaaaaaaaaaaaaaaaaaaaaaaaaaaaaaaaaaaaaaaaaaaaaaaaaaaaaaaaaaaaaaaaaaaaaaaaaaaaaaaaaaaaaaaaaaaaaaaaaaaaaaaaaaaaaaaaaaaaaaaaaaaaaaaaaaaaaaaaaaaaaaaaaaaaaaaaaaaaaaaaaaaaaaaaaaaaaaaaaaaaaaaaaaaaaaaaaaaaaaaaaaaaaaaaaaaaaaaaaaaaaaaaaaaaaaaaaaaaaaaaaaaaaaaaaaaaaaaaaaaaaaaaaaaaaaaaaaaaaaaaaaaaaaaaaaaaaaaaaaaaaaaaaaaaaaaaaaaaaaaaaaaaaaaaaaaaaaaaaaaaaaaaaaaaaaaaaaaaaaaaaaaaaaaaaaaaaaaaaaaaaaaaaaaaaaaaaaaaaaaaaaaaaaaaaaaaaaaaaaaaaaaaaaaaaaaaaaaaaaaaaaaaaaaaaaaaaaaaaaaaaaaaaaaaaaaaaaaaaaaaaaaaaaaaaaaaaaaaaaaaaaaaaaaaaaaaaaaaaaaaaaaaaaaaaaaaaaaaaaaaaaaaaaaaaaaaaaaaaaaaaaaaaaaaaaaaaaaaaaaaaaaaaaaaaaaaaaaaaaaaaaaaaaaaaaaaaaaaaaaaaaaaaaaaaaaaaaaaaaaaaaaaaaaaaaaaaaaaaaaaaaaaaaaaaaaaaaaaaaaaaaaaaaaaaaaaaaaaaaaaaaaaaaaaaaaaaaaaaaaaaaaaaaaaaaaaaaaaaaaaaaaaaaaaaaaaaaaaaaaaaaaaaaaaaaaaaaaaaaaaaaaaaaaaaaaaaaaaaaaaaaaaaaaaaaaaaaaaaaaaaaaaaaaaaaaaaaaaaaaaaaaaaaaaaaaaaaaaaaaaaaaaaaaaaaaaaaaaaaaaaaaaaaaaaaaaaaaaaaaaaaaaaaaaaaaaaaaaaaaaaaaaaaaaaaaaaaaaaaaaaaaaaaaaaaaaaaaaaaaaaaaaaaaaaaaaaaaaaaaaaaaaaaaaaaaaaaaaaaaaaaaaaaaaaaaaaaaaaaaaaaaaaaaaaaaaaaaaaaaaaaaaaaaaaaaaaaaaaaaaaaaaaaaaaaaaaaaaaaaaaaaaaaaaaaaaaaaaaaaaaaaaaaaaaaaaaaaaaaaaaaaaaaaaaaaaaaaaaaaaaaaaaaaaaaaaaaaaaaaaaaaaaaaaaaaaaaaaaaaaaaaaaaaaaaaaaaaaaaaaaaaaaaaaaaaaaaaaaaaaaaaaaaaaaaaaaaaaaaaaaaaaaaaaaaaaaaaaaaaaaaaaaaaaaaaaaaaaaaaaaaaaaaaaaaaaaaaaaaaaaaaaaaaaaaaaaaaaaaaaaaaaaaaaaaaaaaaaaaaaaaaaaaaaaaaaaaaaaaaaaaaaaaaaaaaaaaaaaaaaaaaaaaaaaaaaaaaaaaaaaaaaaaaaaaaaaaaaaaaaaaaaaaaaaaaaaaaaaaaaaaaaaaaaaaaaaaaaaaaaaaaaaaaaaaaaaaaaaaaaaaaaaaaaaaaaaaaaaaaaaaaaaaaaaaaaaaaaaaaaaaaaaaaaaaaaaaaaaaaaaaaaaaaaaaaaaaaaaaaaaaaaaaaaaaaaaaaaaaaaaaaaaaaaaaaaaaaaaaaaaaaaaaaaaaaaaaaaaaaaaaaaaaaaaaaaaaaaaaaaaaaaaaaaaaaaaaaaaaaaaaaaaaaaaaaaaaaaaaaaaaaaaaaaaaaaaaaaaaaaaaaaaaaaaaaaaaaaaaaaaaaaaaaaaaaaaaaaaaaaaaaaaaaaaaaaaaaaaaaaaaaaaaaaaaaaaaaaaaaaaaaaaaaaaaaaaaaaaaaaaaaaaaaaaaaaaaaaaaaaaaaaaaaaaaaaaaaaaaaaaaaaaaaaaaaaaaaaaaaaaaaaaaaaaaaaaaaaaaaaaaaaaaaaaaaaaaaaaaaaaaaaaaaaaaaaaaaaaaaaaaaaaaaaaaaaaaaaaaaaaaaaaaaaaaaaaaaaaaaaaaaaaaaaaaaaaaaaaaaaaaaaaaaaaaaaaaaaaaaaaaaaaaaaaaaaaaaaaaaaaaaaaaaaaaaaaaaaaaaaaaaaaaaaaaaaaaaaaaaaaaaaaaaaaaaaaaaaaaaaaaaaaaaaaaaaaaaaaaaaaaaaaaaaaaaaaaaaaaaaaaaaaaaaaaaaaaaaaaaaaaaaaaaaaaaaaaaaaaaaaaaaaaaaaaaaaaaaaaaaaaaaaaaaaaaaaaaaaaaaaaaaaaaaaaaaaaaaaaaaaaaaaaaaaaaaaaaaaaaaaaaaaaaaaaaaaaaaaaaaaaaaaaaaaaaaaaaaaaaaaaaaaaaaaaaaaaaaaaaaaaaaaaaaaaaaaaaaaaaaaaaaaaaaaaaaaaaaaaaaaaaaaaaaaaaaaaaaaaaaaaaaaaaaaaaaaaaaaaaaaaaaaaaaaaaaaaaaaaaaaaaaaaaaaaaaaaaaaaaaaaaaaaaaaaaaaaaaaaaaaaaaaaaaaaaaaaaaaaaaaaaaaaaaaaaaaaaaaaaaaaaaaaaaaaaaaaaaaaaaaaaaaaaaaaaaaaaaaaaaaaaaaaaaaaaaaaaaaaaaaaaaaaaaaaaaaaaaaaaaaaaaaaaaaaaaaaaaaaaaaaaaaaaaaaaaaaaaaaaaaaaaaaaaaaaaaaaaaaaaaaaaaaaaaaaaaaaaaaaaaaaaaaaaaaaaaaaaaaaaaaaaaaaaaaaaaaaaaaaaaaaaaaaaaaaaaaaaaaaaaaaaaaaaaaaaaaaaaaaaaaaaaaaaaaaaaaaaaaaaaaaaaaaaaaaaaaaaaaaaaaaaaaaaaaaaaaaaaaaaaaaaaaaaaaaaaaaaaaaaaaaaaaaaaaaaaaaaaaaaaaaaaaaaaaaaaaaaaaaaaaaaaaaaaaaaaaaaaaaaaaaaaaaaaaaaaaaaaaaaaaaaaaaaaaaaaaaaaaaaaaaaaaaaaaaaaaaaaaaaaaaaaaaaaaaaaaaaaaaaaaaaaaaaaaaaaaaaaaaaaaaaaaaaaaaaaaaaaaaaaaaaaaaaaaaaaaaaaaaaaaaaaaaaaaaaaaaaaaaaaaaaaaaaaaaaaaaaaaaaaaaaaaaaaaaaaaaaaaaaaaaaaaaaaaaaaaaaaaaaaaaaaaaaaaaaaaaaaaaaaaaaaaaaaaaaaaaaaaaaaaaaaaaaaaaaaaaaaaaaaaaaaaaaaaaaaaaaaaaaaaaaaaaaaaaaaaaaaaaaaaaaaaaaaaaaaaaaaaaaaaaaaaaaaaaaaaaaaaaaaaaaaaaaaaaaaaaaaaaaaaaaaaaaaaaaaaaaaaaaaaaaaaaaaaaaaaaaaaaaaaaaaaaaaaaaaaaaaaaaaaaaaaaaaaaaaaaaaaaaaaaaaaaaaaaaaaaaaaaaaaaaaaaaaaaaaaaaaaaaaaaaaaaaaaaaaaaaaaaaaaaaaaaaaaaaaaaaaaaaaaaaaaaaaaaaaaaaaaaaaaaaaaaaaaaaaaaaaaaaaaaaaaaaaaaaaaaaaaaaaaaaaaaaaaaaaaaaaaaaaaaaaaaaaaaaaaaaaaaaaaaaaaaaaaaaaaaaaaaaaaaaaaaaaaaaaaaaaaaaaaaaaaaaaaaaaaaaaaaaaaaaaaaaaaaaaaaaaaaaaaaaaaaaaaaaaaaaaaaaaaaaaaaaaaaaaaaaaaaaaaaaaaaaaaaaaaaaaaaaaaaaaaaaaaaaaaaaaaaaaaaaaaaaaaaaaaaaaaaaaaaaaaaaaaaaaaaaaaaaaaaaaaaaaaaaaaaaaaaaaaaaaaaaaaaaaaaaaaaaaaaaaaaaaaaaaaaaaaaaaaaaaaaaaaaaaaaaaaaaaaaaaaaaaaaaaaaaaaaaaaaaaaaaaaaaaaaaaaaaaaaaaaaaaaaaaaaaaaaaaaaaaaaaaaaaaaaaaaaaaaaaaaaaaaaaaaaaaaaaaaaaaaaaaaaaaaaaaaaaaaaaaaaaaaaaaaaaaaaaaaaaaaaaaaaaaaaaaaaaaaaaaaaaaaaaaaaaaaaaaaaaaaaaaaaaaaaaaaaaaaaaaaaaaaaaaaaaaaaaaaaaaaaaaaaaaaaaaaaaaaaaaaaaaaaaaaaaaaaaaaaaaaaaaaaaaaaaaaaaaaaaaaaaaaaaaaaaaaaaaaaaaaaaaaaaaaaaaaaaaaaaaaaaaaaaaaaaaaaaaaaaaaaaaaaaaaaaaaaaaaaaaaaaaaaaaaaaaaaaaaaaaaaaaaaaaaaaaaaaaaaaaaaaaaaaaaaaaaaaaaaaaaaaaaaaaaaaaaaaaaaaaaaaaaaaaaaaaaaaaaaaaaaaaaaaaaaaaaaaaaaaaaaaaaaaaaaaaaaaaaaaaaaaaaaaaaaaaaaaaaaaaaaaaaaaaaaaaaaaaaaaaaaaaaaaaaaaaaaaaaaaaaaaaaaaaaaaaaaaaaaaaaaaaaaaaaaaaaaaaaaaaaaaaaaaaaaaaaaaaaaaaaaaaaaaaaa@example.com] PASSED [  1%]
tests/unit/apis/backpack/models/test_bp_raw_account.py::test_BackpackRawAccount_extra_field PASSED [  1%]
tests/unit/apis/backpack/models/test_bp_raw_account.py::test_BackpackRawBalance_happy_path PASSED [  1%]
tests/unit/apis/backpack/models/test_bp_raw_account.py::test_BackpackRawBalance_missing_required_fields[asset] PASSED [  1%]
tests/unit/apis/backpack/models/test_bp_raw_account.py::test_BackpackRawBalance_missing_required_fields[available] PASSED [  1%]
tests/unit/apis/backpack/models/test_bp_raw_account.py::test_BackpackRawBalance_missing_required_fields[total] PASSED [  1%]
tests/unit/apis/backpack/models/test_bp_raw_account.py::test_BackpackRawBalance_decimal_edge_cases[available-0-True] PASSED [  1%]
tests/unit/apis/backpack/models/test_bp_raw_account.py::test_BackpackRawBalance_decimal_edge_cases[available--1.0-True] PASSED [  1%]
tests/unit/apis/backpack/models/test_bp_raw_account.py::test_BackpackRawBalance_decimal_edge_cases[available-NaN-False] PASSED [  1%]
tests/unit/apis/backpack/models/test_bp_raw_account.py::test_BackpackRawBalance_decimal_edge_cases[available-inf-False] PASSED [  1%]
tests/unit/apis/backpack/models/test_bp_raw_account.py::test_BackpackRawBalance_decimal_edge_cases[available-1e6-True] PASSED [  2%]
tests/unit/apis/backpack/models/test_bp_raw_account.py::test_BackpackRawBalance_decimal_edge_cases[available-1..0-False] PASSED [  2%]
tests/unit/apis/backpack/models/test_bp_raw_account.py::test_BackpackRawBalance_decimal_edge_cases[total-0-True] PASSED [  2%]
tests/unit/apis/backpack/models/test_bp_raw_account.py::test_BackpackRawBalance_decimal_edge_cases[total--1.0-True] PASSED [  2%]
tests/unit/apis/backpack/models/test_bp_raw_account.py::test_BackpackRawBalance_decimal_edge_cases[total-NaN-False] PASSED [  2%]
tests/unit/apis/backpack/models/test_bp_raw_account.py::test_BackpackRawBalance_decimal_edge_cases[total-inf-False] PASSED [  2%]
tests/unit/apis/backpack/models/test_bp_raw_account.py::test_BackpackRawBalance_decimal_edge_cases[total-1e6-True] PASSED [  2%]
tests/unit/apis/backpack/models/test_bp_raw_account.py::test_BackpackRawBalance_decimal_edge_cases[total-1..0-False] PASSED [  2%]
tests/unit/apis/backpack/models/test_bp_raw_account.py::test_BackpackRawBalance_adversarial_strings[asset-] PASSED [  2%]
tests/unit/apis/backpack/models/test_bp_raw_account.py::test_BackpackRawBalance_adversarial_strings[asset-   ] PASSED [  2%]
tests/unit/apis/backpack/models/test_bp_raw_account.py::test_BackpackRawBalance_adversarial_strings[asset-USDC\U0001f600] PASSED [  2%]
tests/unit/apis/backpack/models/test_bp_raw_account.py::test_BackpackRawBalance_adversarial_strings[asset-USDC; DROP TABLE balances;] PASSED [  2%]
tests/unit/apis/backpack/models/test_bp_raw_account.py::test_BackpackRawBalance_adversarial_strings[asset-<img src=x onerror=alert(1)>] PASSED [  2%]
tests/unit/apis/backpack/models/test_bp_raw_account.py::test_BackpackRawBalance_extra_field PASSED [  2%]
tests/unit/apis/backpack/models/test_bp_raw_account.py::test_BackpackRawBalance_corruption_cases PASSED [  2%]
tests/unit/apis/backpack/models/test_bp_raw_account.py::test_BackpackRawAccount_real_json_example PASSED [  2%]
tests/unit/apis/backpack/models/test_bp_raw_account.py::test_BackpackRawAccount_corruption_null_id PASSED [  2%]
tests/unit/apis/backpack/models/test_bp_raw_account.py::test_BackpackRawAccount_corruption_binary_email PASSED [  2%]
tests/unit/apis/backpack/models/test_bp_raw_account.py::test_BackpackRawAccount_corruption_nested_status PASSED [  3%]
tests/unit/apis/backpack/models/test_bp_raw_account.py::test_BackpackRawAccount_corruption_list_id PASSED [  3%]
tests/unit/apis/backpack/models/test_bp_raw_account.py::test_BackpackRawAccount_corruption_garbled_unicode_email PASSED [  3%]
tests/unit/apis/backpack/models/test_bp_raw_account.py::test_BackpackRawBalance_real_json_example PASSED [  3%]
tests/unit/apis/backpack/models/test_bp_raw_account.py::test_BackpackRawBalance_corruption_null_asset PASSED [  3%]
tests/unit/apis/backpack/models/test_bp_raw_account.py::test_BackpackRawBalance_corruption_binary_available PASSED [  3%]
tests/unit/apis/backpack/models/test_bp_raw_account.py::test_BackpackRawBalance_corruption_nested_total PASSED [  3%]
tests/unit/apis/backpack/models/test_bp_raw_account.py::test_BackpackRawBalance_corruption_list_asset PASSED [  3%]
tests/unit/apis/backpack/models/test_bp_raw_account.py::test_BackpackRawBalance_corruption_garbled_unicode_asset PASSED [  3%]
tests/unit/apis/backpack/models/test_bp_raw_error.py::test_BackpackRawApiError_happy_path PASSED [  3%]
tests/unit/apis/backpack/models/test_bp_raw_error.py::test_BackpackRawApiError_missing_required_fields PASSED [  3%]
tests/unit/apis/backpack/models/test_bp_raw_error.py::test_BackpackRawApiError_wrong_type_fields PASSED [  3%]
tests/unit/apis/backpack/models/test_bp_raw_error.py::test_BackpackRawApiError_invalid_format_fields PASSED [  3%]
tests/unit/apis/backpack/models/test_bp_raw_error.py::test_BackpackRawApiError_extra_field PASSED [  3%]
tests/unit/apis/backpack/models/test_bp_raw_error.py::test_BackpackRawApiError_corruption_cases PASSED [  3%]
tests/unit/apis/backpack/models/test_bp_raw_error.py::test_BackpackRawApiError_real_json_example PASSED [  3%]
tests/unit/apis/backpack/models/test_bp_raw_error.py::test_BackpackRawApiError_corruption_null_code PASSED [  3%]
tests/unit/apis/backpack/models/test_bp_raw_error.py::test_BackpackRawApiError_corruption_binary_message PASSED [  4%]
tests/unit/apis/backpack/models/test_bp_raw_error.py::test_BackpackRawApiError_corruption_nested_code PASSED [  4%]
tests/unit/apis/backpack/models/test_bp_raw_error.py::test_BackpackRawApiError_corruption_list_message PASSED [  4%]
tests/unit/apis/backpack/models/test_bp_raw_error.py::test_BackpackRawApiError_corruption_garbled_unicode_code PASSED [  4%]
tests/unit/apis/backpack/models/test_bp_raw_fills.py::test_backpack_raw_fill_valid PASSED [  4%]
tests/unit/apis/backpack/models/test_bp_raw_fills.py::test_backpack_raw_fill_optional_client_id_none PASSED [  4%]
tests/unit/apis/backpack/models/test_bp_raw_fills.py::test_backpack_raw_fill_optional_client_id_missing PASSED [  4%]
tests/unit/apis/backpack/models/test_bp_raw_fills.py::test_backpack_raw_fill_invalid_types[fee-0.1] PASSED [  4%]
tests/unit/apis/backpack/models/test_bp_raw_fills.py::test_backpack_raw_fill_invalid_types[feeSymbol-123] PASSED [  4%]
tests/unit/apis/backpack/models/test_bp_raw_fills.py::test_backpack_raw_fill_invalid_types[isMaker-true] PASSED [  4%]
tests/unit/apis/backpack/models/test_bp_raw_fills.py::test_backpack_raw_fill_invalid_types[orderId-1234567890] PASSED [  4%]
tests/unit/apis/backpack/models/test_bp_raw_fills.py::test_backpack_raw_fill_invalid_types[price-3000.5] PASSED [  4%]
tests/unit/apis/backpack/models/test_bp_raw_fills.py::test_backpack_raw_fill_invalid_types[quantity-0.01] PASSED [  4%]
tests/unit/apis/backpack/models/test_bp_raw_fills.py::test_backpack_raw_fill_invalid_types[side-invalid_value6] PASSED [  4%]
tests/unit/apis/backpack/models/test_bp_raw_fills.py::test_backpack_raw_fill_invalid_types[symbol-invalid_value7] PASSED [  4%]
tests/unit/apis/backpack/models/test_bp_raw_fills.py::test_backpack_raw_fill_invalid_types[timestamp-1673788200123] PASSED [  4%]
tests/unit/apis/backpack/models/test_bp_raw_fills.py::test_backpack_raw_fill_invalid_types[clientId-123] PASSED [  4%]
tests/unit/apis/backpack/models/test_bp_raw_fills.py::test_backpack_raw_fill_invalid_formats_and_values[fee--String cannot be empty] PASSED [  4%]
tests/unit/apis/backpack/models/test_bp_raw_fills.py::test_backpack_raw_fill_invalid_formats_and_values[fee-not_a_number-Cannot convert 'not_a_number' to Decimal] PASSED [  5%]
tests/unit/apis/backpack/models/test_bp_raw_fills.py::test_backpack_raw_fill_invalid_formats_and_values[fee-NaN-must be a finite decimal] PASSED [  5%]
tests/unit/apis/backpack/models/test_bp_raw_fills.py::test_backpack_raw_fill_invalid_formats_and_values[fee-inf-must be a finite decimal] PASSED [  5%]
tests/unit/apis/backpack/models/test_bp_raw_fills.py::test_backpack_raw_fill_invalid_formats_and_values[feeSymbol--String cannot be empty] PASSED [  5%]
tests/unit/apis/backpack/models/test_bp_raw_fills.py::test_backpack_raw_fill_invalid_formats_and_values[feeSymbol-AAAAAAAAAAAAAAAAAAAAAAAAAAAAAAAAA-String value too long (max 32 chars)] PASSED [  5%]
tests/unit/apis/backpack/models/test_bp_raw_fills.py::test_backpack_raw_fill_invalid_formats_and_values[orderId--String cannot be empty] PASSED [  5%]
tests/unit/apis/backpack/models/test_bp_raw_fills.py::test_backpack_raw_fill_invalid_formats_and_values[orderId-BBBBBBBBBBBBBBBBBBBBBBBBBBBBBBBBBBBBBBBBBBBBBBBBBBBBBBBBBBBBBBBBBBBBBBBBBBBBBBBBBBBBBBBBBBBBBBBBBBBBBBBBBBBBBBBBBBBBBBBBBBBBBBBBB-String value too long (max 128 chars)] PASSED [  5%]
tests/unit/apis/backpack/models/test_bp_raw_fills.py::test_backpack_raw_fill_invalid_formats_and_values[side-Buy-expected_msg_part8] PASSED [  5%]
tests/unit/apis/backpack/models/test_bp_raw_fills.py::test_backpack_raw_fill_invalid_formats_and_values[timestamp-not-a-valid-iso-date-timestamp: Cannot parse ISO datetime string] PASSED [  5%]
tests/unit/apis/backpack/models/test_bp_raw_fills.py::test_backpack_raw_fill_invalid_formats_and_values[timestamp--timestamp: String cannot be empty] PASSED [  5%]
tests/unit/apis/backpack/models/test_bp_raw_fills.py::test_backpack_raw_fill_invalid_formats_and_values[tradeId--1-Value error, trade_id: Must be >= 0, got -1] PASSED [  5%]
tests/unit/apis/backpack/models/test_bp_raw_fills.py::test_backpack_raw_fill_invalid_formats_and_values[clientId--Value error, clientId cannot be an empty or whitespace-only string if provided.] PASSED [  5%]
tests/unit/apis/backpack/models/test_bp_raw_fills.py::test_backpack_raw_fill_invalid_formats_and_values[clientId-CCCCCCCCCCCCCCCCCCCCCCCCCCCCCCCCCCCCCCCCCCCCCCCCCCCCCCCCCCCCCCCCCCCCCCCCCCCCCCCCCCCCCCCCCCCCCCCCCCCCCCCCCCCCCCCCCCCCCCCCCCCCCCCCC-String value too long (max 128 chars)] PASSED [  5%]
tests/unit/apis/backpack/models/test_bp_raw_fills.py::test_backpack_raw_fill_missing_required[fee] PASSED [  5%]
tests/unit/apis/backpack/models/test_bp_raw_fills.py::test_backpack_raw_fill_missing_required[feeSymbol] PASSED [  5%]
tests/unit/apis/backpack/models/test_bp_raw_fills.py::test_backpack_raw_fill_missing_required[isMaker] PASSED [  5%]
tests/unit/apis/backpack/models/test_bp_raw_fills.py::test_backpack_raw_fill_missing_required[orderId] PASSED [  5%]
tests/unit/apis/backpack/models/test_bp_raw_fills.py::test_backpack_raw_fill_missing_required[price] PASSED [  6%]
tests/unit/apis/backpack/models/test_bp_raw_fills.py::test_backpack_raw_fill_missing_required[quantity] PASSED [  6%]
tests/unit/apis/backpack/models/test_bp_raw_fills.py::test_backpack_raw_fill_missing_required[side] PASSED [  6%]
tests/unit/apis/backpack/models/test_bp_raw_fills.py::test_backpack_raw_fill_missing_required[symbol] PASSED [  6%]
tests/unit/apis/backpack/models/test_bp_raw_fills.py::test_backpack_raw_fill_missing_required[timestamp] PASSED [  6%]
tests/unit/apis/backpack/models/test_bp_raw_fills.py::test_backpack_raw_fill_missing_required[tradeId] PASSED [  6%]
tests/unit/apis/backpack/models/test_bp_raw_fills.py::test_backpack_raw_fill_extra_field PASSED [  6%]
tests/unit/apis/backpack/models/test_bp_raw_funding.py::test_BackpackRawFundingRate_happy_path PASSED [  6%]
tests/unit/apis/backpack/models/test_bp_raw_funding.py::test_BackpackRawFundingRate_missing_required_fields PASSED [  6%]
tests/unit/apis/backpack/models/test_bp_raw_funding.py::test_BackpackRawFundingRate_wrong_type_fields PASSED [  6%]
tests/unit/apis/backpack/models/test_bp_raw_funding.py::test_BackpackRawFundingRate_invalid_format_fields PASSED [  6%]
tests/unit/apis/backpack/models/test_bp_raw_funding.py::test_BackpackRawFundingRate_extra_field PASSED [  6%]
tests/unit/apis/backpack/models/test_bp_raw_funding.py::test_BackpackRawFundingRate_corruption_cases PASSED [  6%]
tests/unit/apis/backpack/models/test_bp_raw_funding.py::test_BackpackRawFundingRate_real_json_example PASSED [  6%]
tests/unit/apis/backpack/models/test_bp_raw_funding.py::test_BackpackRawFundingRate_corruption_null_symbol PASSED [  6%]
tests/unit/apis/backpack/models/test_bp_raw_funding.py::test_BackpackRawFundingRate_corruption_binary_rate PASSED [  6%]
tests/unit/apis/backpack/models/test_bp_raw_funding.py::test_BackpackRawFundingRate_corruption_nested_markPrice PASSED [  6%]
tests/unit/apis/backpack/models/test_bp_raw_funding.py::test_BackpackRawFundingRate_corruption_list_indexPrice PASSED [  6%]
tests/unit/apis/backpack/models/test_bp_raw_funding.py::test_BackpackRawFundingRate_corruption_garbled_unicode_symbol PASSED [  7%]
tests/unit/apis/backpack/models/test_bp_raw_funding.py::test_BackpackRawMarkPrice_happy_path PASSED [  7%]
tests/unit/apis/backpack/models/test_bp_raw_funding.py::test_BackpackRawMarkPrice_missing_required_fields PASSED [  7%]
tests/unit/apis/backpack/models/test_bp_raw_funding.py::test_BackpackRawMarkPrice_wrong_type_fields PASSED [  7%]
tests/unit/apis/backpack/models/test_bp_raw_funding.py::test_BackpackRawMarkPrice_invalid_format_fields PASSED [  7%]
tests/unit/apis/backpack/models/test_bp_raw_funding.py::test_BackpackRawMarkPrice_extra_field PASSED [  7%]
tests/unit/apis/backpack/models/test_bp_raw_funding.py::test_BackpackRawMarkPrice_corruption_cases PASSED [  7%]
tests/unit/apis/backpack/models/test_bp_raw_funding.py::test_BackpackRawMarkPrice_real_json_example PASSED [  7%]
tests/unit/apis/backpack/models/test_bp_raw_funding.py::test_BackpackRawMarkPrice_corruption_null_symbol PASSED [  7%]
tests/unit/apis/backpack/models/test_bp_raw_funding.py::test_BackpackRawMarkPrice_corruption_binary_markPrice PASSED [  7%]
tests/unit/apis/backpack/models/test_bp_raw_funding.py::test_BackpackRawMarkPrice_corruption_nested_fundingRate PASSED [  7%]
tests/unit/apis/backpack/models/test_bp_raw_funding.py::test_BackpackRawMarkPrice_corruption_list_markPrice PASSED [  7%]
tests/unit/apis/backpack/models/test_bp_raw_funding.py::test_BackpackRawMarkPrice_corruption_garbled_unicode_symbol PASSED [  7%]
tests/unit/apis/backpack/models/test_bp_raw_kline.py::test_valid_kline_list_parsing PASSED [  7%]
tests/unit/apis/backpack/models/test_bp_raw_kline.py::test_invalid_structure_input_type PASSED [  7%]
tests/unit/apis/backpack/models/test_bp_raw_kline.py::test_invalid_structure_list_length PASSED [  7%]
tests/unit/apis/backpack/models/test_bp_raw_kline.py::test_field_validation_failures[0-start_time_ms-1700000000000-TypeError-Raw value must be an integer] PASSED [  7%]
tests/unit/apis/backpack/models/test_bp_raw_kline.py::test_field_validation_failures[0-start_time_ms-1700000000000.5-TypeError-Raw value must be an integer] PASSED [  8%]
tests/unit/apis/backpack/models/test_bp_raw_kline.py::test_field_validation_failures[0-start_time_ms--1-ValueError-Value must be non-negative] PASSED [  8%]
tests/unit/apis/backpack/models/test_bp_raw_kline.py::test_field_validation_failures[1-open_price-100.0-TypeError-Raw value must be a string] PASSED [  8%]
tests/unit/apis/backpack/models/test_bp_raw_kline.py::test_field_validation_failures[1-open_price-100-TypeError-Raw value must be a string] PASSED [  8%]
tests/unit/apis/backpack/models/test_bp_raw_kline.py::test_field_validation_failures[1-open_price-True-TypeError-Raw value must be a string] PASSED [  8%]
tests/unit/apis/backpack/models/test_bp_raw_kline.py::test_field_validation_failures[1-open_price--ValueError-String cannot be empty or whitespace] PASSED [  8%]
tests/unit/apis/backpack/models/test_bp_raw_kline.py::test_field_validation_failures[1-open_price- -ValueError-String cannot be empty or whitespace] PASSED [  8%]
tests/unit/apis/backpack/models/test_bp_raw_kline.py::test_field_validation_failures[1-open_price-NaN-ValueError-must represent a finite decimal] PASSED [  8%]
tests/unit/apis/backpack/models/test_bp_raw_kline.py::test_field_validation_failures[1-open_price-Infinity-ValueError-must represent a finite decimal] PASSED [  8%]
tests/unit/apis/backpack/models/test_bp_raw_kline.py::test_field_validation_failures[1-open_price--inf-ValueError-must represent a finite decimal] PASSED [  8%]
tests/unit/apis/backpack/models/test_bp_raw_kline.py::test_field_validation_failures[1-open_price-not_a_decimal-ValueError-Cannot convert 'not_a_decimal' to Decimal] PASSED [  8%]
tests/unit/apis/backpack/models/test_bp_raw_kline.py::test_field_validation_failures[1-open_price-11111111111111111111111111111111111111111111111111111111111111111-ValueError-String value too long (max 64 chars)] PASSED [  8%]
tests/unit/apis/backpack/models/test_bp_raw_kline.py::test_field_validation_failures[2-high_price-None-TypeError-Raw value must be a string, got NoneType] PASSED [  8%]
tests/unit/apis/backpack/models/test_bp_raw_kline.py::test_field_validation_failures[2-high_price-102.5-TypeError-Raw value must be a string] PASSED [  8%]
tests/unit/apis/backpack/models/test_bp_raw_kline.py::test_field_validation_failures[2-high_price-inf-ValueError-must represent a finite decimal] PASSED [  8%]
tests/unit/apis/backpack/models/test_bp_raw_kline.py::test_field_validation_failures[3-low_price-invalid_value16-TypeError-Raw value must be a string] PASSED [  8%]
tests/unit/apis/backpack/models/test_bp_raw_kline.py::test_field_validation_failures[3-low_price--Infinity-ValueError-must represent a finite decimal] PASSED [  8%]
tests/unit/apis/backpack/models/test_bp_raw_kline.py::test_field_validation_failures[4-close_price-101-TypeError-Raw value must be a string] PASSED [  8%]
tests/unit/apis/backpack/models/test_bp_raw_kline.py::test_field_validation_failures[4-close_price--ValueError-String cannot be empty or whitespace] PASSED [  9%]
tests/unit/apis/backpack/models/test_bp_raw_kline.py::test_field_validation_failures[5-volume-1000.123-TypeError-Raw value must be a string] PASSED [  9%]
tests/unit/apis/backpack/models/test_bp_raw_kline.py::test_field_validation_failures[5-volume-NaN-ValueError-must represent a finite decimal] PASSED [  9%]
tests/unit/apis/backpack/models/test_bp_raw_kline.py::test_field_validation_failures[6-end_time_ms-1700000059999-TypeError-Raw value must be an integer] PASSED [  9%]
tests/unit/apis/backpack/models/test_bp_raw_kline.py::test_field_validation_failures[6-end_time_ms--1700000059999-ValueError-Value must be non-negative] PASSED [  9%]
tests/unit/apis/backpack/models/test_bp_raw_kline.py::test_field_validation_failures[7-quote_volume-101000.456-TypeError-Raw value must be a string] PASSED [  9%]
tests/unit/apis/backpack/models/test_bp_raw_kline.py::test_field_validation_failures[7-quote_volume-101000.456x-ValueError-Cannot convert '101000.456x' to Decimal] PASSED [  9%]
tests/unit/apis/backpack/models/test_bp_raw_kline.py::test_field_validation_failures[8-trade_count-50-TypeError-Raw value must be an integer] PASSED [  9%]
tests/unit/apis/backpack/models/test_bp_raw_kline.py::test_field_validation_failures[8-trade_count--10-ValueError-Value must be non-negative] PASSED [  9%]
tests/unit/apis/backpack/models/test_bp_raw_kline.py::test_field_validation_failures[9-taker_buy_base_volume-500.1-TypeError-Raw value must be a string] PASSED [  9%]
tests/unit/apis/backpack/models/test_bp_raw_kline.py::test_field_validation_failures[9-taker_buy_base_volume-Infinity-ValueError-must represent a finite decimal] PASSED [  9%]
tests/unit/apis/backpack/models/test_bp_raw_kline.py::test_field_validation_failures[10-taker_buy_quote_volume-50500.2-TypeError-Raw value must be a string] PASSED [  9%]
tests/unit/apis/backpack/models/test_bp_raw_kline.py::test_field_validation_failures[10-taker_buy_quote_volume-NaN-ValueError-must represent a finite decimal] PASSED [  9%]
tests/unit/apis/backpack/models/test_bp_raw_kline.py::test_field_validation_failures[11-ignored-0-TypeError-Raw value must be a string] PASSED [  9%]
tests/unit/apis/backpack/models/test_bp_raw_kline.py::test_field_validation_failures[11-ignored--ValueError-String cannot be empty or whitespace] PASSED [  9%]
tests/unit/apis/backpack/models/test_bp_raw_kline.py::test_field_validation_failures[11-ignored-aaaaaaaaaaaaaaaaaaaaaaaaaaaaaaaaaaaaaaaaaaaaaaaaaaaaaaaaaaaaaaaaa-ValueError-String value too long (max 64 chars)] PASSED [  9%]
tests/unit/apis/backpack/models/test_bp_raw_margin_functions.py::test_bp_raw_imf_function_valid PASSED [  9%]
tests/unit/apis/backpack/models/test_bp_raw_margin_functions.py::test_bp_raw_imf_function_valid_aliases PASSED [ 10%]
tests/unit/apis/backpack/models/test_bp_raw_margin_functions.py::test_bp_raw_imf_function_missing_field PASSED [ 10%]
tests/unit/apis/backpack/models/test_bp_raw_margin_functions.py::test_bp_raw_imf_function_invalid_type PASSED [ 10%]
tests/unit/apis/backpack/models/test_bp_raw_margin_functions.py::test_bp_raw_imf_function_invalid_decimal_format PASSED [ 10%]
tests/unit/apis/backpack/models/test_bp_raw_margin_functions.py::test_bp_raw_imf_function_empty_string PASSED [ 10%]
tests/unit/apis/backpack/models/test_bp_raw_margin_functions.py::test_bp_raw_imf_function_extra_fields PASSED [ 10%]
tests/unit/apis/backpack/models/test_bp_raw_margin_functions.py::test_bp_raw_mmf_function_valid PASSED [ 10%]
tests/unit/apis/backpack/models/test_bp_raw_margin_functions.py::test_bp_raw_mmf_function_missing_field PASSED [ 10%]
tests/unit/apis/backpack/models/test_bp_raw_margin_functions.py::test_bp_raw_mmf_function_invalid_type PASSED [ 10%]
tests/unit/apis/backpack/models/test_bp_raw_margin_functions.py::test_bp_raw_mmf_function_invalid_decimal_format PASSED [ 10%]
tests/unit/apis/backpack/models/test_bp_raw_margin_functions.py::test_bp_raw_mmf_function_empty_string PASSED [ 10%]
tests/unit/apis/backpack/models/test_bp_raw_margin_functions.py::test_bp_raw_mmf_function_extra_fields PASSED [ 10%]
tests/unit/apis/backpack/models/test_bp_raw_market.py::test_BackpackRawMarket_happy_path PASSED [ 10%]
tests/unit/apis/backpack/models/test_bp_raw_market.py::test_BackpackRawMarket_missing_required_fields PASSED [ 10%]
tests/unit/apis/backpack/models/test_bp_raw_market.py::test_BackpackRawMarket_wrong_type_fields PASSED [ 10%]
tests/unit/apis/backpack/models/test_bp_raw_market.py::test_BackpackRawMarket_invalid_format_fields PASSED [ 10%]
tests/unit/apis/backpack/models/test_bp_raw_market.py::test_BackpackRawMarket_extra_field PASSED [ 10%]
tests/unit/apis/backpack/models/test_bp_raw_market.py::test_BackpackRawMarket_corruption_cases PASSED [ 10%]
tests/unit/apis/backpack/models/test_bp_raw_market.py::test_BackpackRawMarket_real_json_example PASSED [ 11%]
tests/unit/apis/backpack/models/test_bp_raw_market.py::test_BackpackRawMarket_corruption_null_symbol PASSED [ 11%]
tests/unit/apis/backpack/models/test_bp_raw_market.py::test_BackpackRawMarket_corruption_binary_baseAsset PASSED [ 11%]
tests/unit/apis/backpack/models/test_bp_raw_market.py::test_BackpackRawMarket_corruption_nested_quoteAsset PASSED [ 11%]
tests/unit/apis/backpack/models/test_bp_raw_market.py::test_BackpackRawMarket_corruption_list_symbol PASSED [ 11%]
tests/unit/apis/backpack/models/test_bp_raw_market.py::test_BackpackRawMarket_corruption_garbled_unicode_symbol PASSED [ 11%]
tests/unit/apis/backpack/models/test_bp_raw_market.py::test_BackpackRawTicker_happy_path PASSED [ 11%]
tests/unit/apis/backpack/models/test_bp_raw_market.py::test_BackpackRawTicker_missing_required_fields PASSED [ 11%]
tests/unit/apis/backpack/models/test_bp_raw_market.py::test_BackpackRawTicker_wrong_type_fields PASSED [ 11%]
tests/unit/apis/backpack/models/test_bp_raw_market.py::test_BackpackRawTicker_invalid_format_fields PASSED [ 11%]
tests/unit/apis/backpack/models/test_bp_raw_market.py::test_BackpackRawTicker_extra_field PASSED [ 11%]
tests/unit/apis/backpack/models/test_bp_raw_market.py::test_BackpackRawTicker_optional_fields_all_none PASSED [ 11%]
tests/unit/apis/backpack/models/test_bp_raw_market.py::test_BackpackRawTicker_optional_fields_omitted PASSED [ 11%]
tests/unit/apis/backpack/models/test_bp_raw_market.py::test_BackpackRawTicker_corruption_cases PASSED [ 11%]
tests/unit/apis/backpack/models/test_bp_raw_market.py::test_BackpackRawTicker_real_json_example PASSED [ 11%]
tests/unit/apis/backpack/models/test_bp_raw_market.py::test_BackpackRawTicker_corruption_null_symbol PASSED [ 11%]
tests/unit/apis/backpack/models/test_bp_raw_market.py::test_BackpackRawTicker_corruption_binary_price PASSED [ 11%]
tests/unit/apis/backpack/models/test_bp_raw_market.py::test_BackpackRawTicker_corruption_nested_bid PASSED [ 12%]
tests/unit/apis/backpack/models/test_bp_raw_market.py::test_BackpackRawTicker_corruption_list_ask PASSED [ 12%]
tests/unit/apis/backpack/models/test_bp_raw_market.py::test_BackpackRawTicker_corruption_garbled_unicode_symbol PASSED [ 12%]
tests/unit/apis/backpack/models/test_bp_raw_market.py::test_BackpackRawOpenInterest_happy_path PASSED [ 12%]
tests/unit/apis/backpack/models/test_bp_raw_market.py::test_BackpackRawOpenInterest_missing_required_fields PASSED [ 12%]
tests/unit/apis/backpack/models/test_bp_raw_market.py::test_BackpackRawOpenInterest_wrong_type_fields PASSED [ 12%]
tests/unit/apis/backpack/models/test_bp_raw_market.py::test_BackpackRawOpenInterest_invalid_format_fields PASSED [ 12%]
tests/unit/apis/backpack/models/test_bp_raw_market.py::test_BackpackRawOpenInterest_extra_field PASSED [ 12%]
tests/unit/apis/backpack/models/test_bp_raw_market.py::test_BackpackRawOpenInterest_corruption_cases PASSED [ 12%]
tests/unit/apis/backpack/models/test_bp_raw_market.py::test_BackpackRawOpenInterest_real_json_example PASSED [ 12%]
tests/unit/apis/backpack/models/test_bp_raw_market.py::test_BackpackRawOpenInterest_corruption_null_symbol PASSED [ 12%]
tests/unit/apis/backpack/models/test_bp_raw_market.py::test_BackpackRawOpenInterest_corruption_binary_openInterest PASSED [ 12%]
tests/unit/apis/backpack/models/test_bp_raw_market.py::test_BackpackRawOpenInterest_corruption_nested_openInterest PASSED [ 12%]
tests/unit/apis/backpack/models/test_bp_raw_market.py::test_BackpackRawOpenInterest_corruption_list_symbol PASSED [ 12%]
tests/unit/apis/backpack/models/test_bp_raw_market.py::test_BackpackRawOpenInterest_corruption_garbled_unicode_symbol PASSED [ 12%]
tests/unit/apis/backpack/models/test_bp_raw_market.py::test_BackpackRawTickerEvent_valid PASSED [ 12%]
tests/unit/apis/backpack/models/test_bp_raw_market.py::test_BackpackRawTickerEvent_optional_fields_none PASSED [ 12%]
tests/unit/apis/backpack/models/test_bp_raw_market.py::test_BackpackRawTickerEvent_valid_event_time_formats PASSED [ 12%]
tests/unit/apis/backpack/models/test_bp_raw_market.py::test_BackpackRawTickerEvent_invalid_fields[s--String cannot be empty] PASSED [ 13%]
tests/unit/apis/backpack/models/test_bp_raw_market.py::test_BackpackRawTickerEvent_invalid_fields[s-None-Field required] PASSED [ 13%]
tests/unit/apis/backpack/models/test_bp_raw_market.py::test_BackpackRawTickerEvent_invalid_fields[lastPrice-inf-finite decimal] PASSED [ 13%]
tests/unit/apis/backpack/models/test_bp_raw_market.py::test_BackpackRawTickerEvent_invalid_fields[high-nan-finite decimal] PASSED [ 13%]
tests/unit/apis/backpack/models/test_bp_raw_market.py::test_BackpackRawTickerEvent_invalid_fields[low--String cannot be empty] PASSED [ 13%]
tests/unit/apis/backpack/models/test_bp_raw_market.py::test_BackpackRawTickerEvent_invalid_fields[quoteVolume-True-Expected string] PASSED [ 13%]
tests/unit/apis/backpack/models/test_bp_raw_market.py::test_BackpackRawTickerEvent_invalid_fields[priceChangePercent-value6-Expected string] PASSED [ 13%]
tests/unit/apis/backpack/models/test_bp_raw_market.py::test_BackpackRawTickerEvent_invalid_fields[e--String cannot be empty] PASSED [ 13%]
tests/unit/apis/backpack/models/test_bp_raw_market.py::test_BackpackRawTickerEvent_invalid_fields[e-AAAAAAAAAAAAAAAAAAAAAAAAAAAAAAAAA-String value too long] PASSED [ 13%]
tests/unit/apis/backpack/models/test_bp_raw_market.py::test_BackpackRawTickerEvent_invalid_fields[E-not-an-int-Expected an integer] PASSED [ 13%]
tests/unit/apis/backpack/models/test_bp_raw_market.py::test_BackpackRawTickerEvent_extra_field_ignored PASSED [ 13%]
tests/unit/apis/backpack/models/test_bp_raw_market.py::test_BackpackRawTickerEvent_frozen PASSED [ 13%]
tests/unit/apis/backpack/models/test_bp_raw_market.py::test_BackpackRawDepthUpdateEvent_valid PASSED [ 13%]
tests/unit/apis/backpack/models/test_bp_raw_market.py::test_BackpackRawDepthUpdateEvent_optional_fields_none PASSED [ 13%]
tests/unit/apis/backpack/models/test_bp_raw_market.py::test_BackpackRawDepthUpdateEvent_empty_levels PASSED [ 13%]
tests/unit/apis/backpack/models/test_bp_raw_market.py::test_BackpackRawDepthUpdateEvent_invalid_fields[lastUpdateId--String cannot be empty] PASSED [ 13%]
tests/unit/apis/backpack/models/test_bp_raw_market.py::test_BackpackRawDepthUpdateEvent_invalid_fields[lastUpdateId-None-Expected string, got NoneType] PASSED [ 13%]
tests/unit/apis/backpack/models/test_bp_raw_market.py::test_BackpackRawDepthUpdateEvent_invalid_fields[bids-None-Must be a list] PASSED [ 14%]
tests/unit/apis/backpack/models/test_bp_raw_market.py::test_BackpackRawDepthUpdateEvent_invalid_fields[asks-not-a-list-Must be a list] PASSED [ 14%]
tests/unit/apis/backpack/models/test_bp_raw_market.py::test_BackpackRawDepthUpdateEvent_invalid_fields[bids-value4-length 2] PASSED [ 14%]
tests/unit/apis/backpack/models/test_bp_raw_market.py::test_BackpackRawDepthUpdateEvent_invalid_fields[asks-value5-length 2] PASSED [ 14%]
tests/unit/apis/backpack/models/test_bp_raw_market.py::test_BackpackRawDepthUpdateEvent_invalid_fields[bids-value6-length 2] PASSED [ 14%]
tests/unit/apis/backpack/models/test_bp_raw_market.py::test_BackpackRawDepthUpdateEvent_invalid_fields[asks-value7-Each item must be a list or tuple] PASSED [ 14%]
tests/unit/apis/backpack/models/test_bp_raw_market.py::test_BackpackRawDepthUpdateEvent_invalid_fields[asks-value8-Expected string] PASSED [ 14%]
tests/unit/apis/backpack/models/test_bp_raw_market.py::test_BackpackRawDepthUpdateEvent_invalid_fields[bids-value9-Price must be finite] PASSED [ 14%]
tests/unit/apis/backpack/models/test_bp_raw_market.py::test_BackpackRawDepthUpdateEvent_invalid_fields[asks-value10-Quantity must be finite] PASSED [ 14%]
tests/unit/apis/backpack/models/test_bp_raw_market.py::test_BackpackRawDepthUpdateEvent_invalid_fields[bids-value11-String cannot be empty] PASSED [ 14%]
tests/unit/apis/backpack/models/test_bp_raw_market.py::test_BackpackRawDepthUpdateEvent_invalid_fields[asks-value12-String cannot be empty] PASSED [ 14%]
tests/unit/apis/backpack/models/test_bp_raw_market.py::test_BackpackRawDepthUpdateEvent_invalid_fields[bids-value13-Quantity cannot be negative] PASSED [ 14%]
tests/unit/apis/backpack/models/test_bp_raw_market.py::test_BackpackRawDepthUpdateEvent_invalid_fields[e--String cannot be empty] PASSED [ 14%]
tests/unit/apis/backpack/models/test_bp_raw_market.py::test_BackpackRawDepthUpdateEvent_invalid_fields[E-abc-Invalid timestamp format] PASSED [ 14%]
tests/unit/apis/backpack/models/test_bp_raw_market.py::test_BackpackRawDepthUpdateEvent_extra_field_ignored PASSED [ 14%]
tests/unit/apis/backpack/models/test_bp_raw_market.py::test_BackpackRawDepthUpdateEvent_frozen PASSED [ 14%]
tests/unit/apis/backpack/models/test_bp_raw_order.py::test_BackpackRawOrder_happy_path PASSED [ 14%]
tests/unit/apis/backpack/models/test_bp_raw_order.py::test_BackpackRawOrder_missing_required_id PASSED [ 14%]
tests/unit/apis/backpack/models/test_bp_raw_order.py::test_BackpackRawOrder_missing_required_symbol PASSED [ 15%]
tests/unit/apis/backpack/models/test_bp_raw_order.py::test_BackpackRawOrder_missing_required_side PASSED [ 15%]
tests/unit/apis/backpack/models/test_bp_raw_order.py::test_BackpackRawOrder_missing_required_orderType PASSED [ 15%]
tests/unit/apis/backpack/models/test_bp_raw_order.py::test_BackpackRawOrder_missing_required_status PASSED [ 15%]
tests/unit/apis/backpack/models/test_bp_raw_order.py::test_BackpackRawOrder_missing_required_quantity PASSED [ 15%]
tests/unit/apis/backpack/models/test_bp_raw_order.py::test_BackpackRawOrder_missing_required_createdAt PASSED [ 15%]
tests/unit/apis/backpack/models/test_bp_raw_order.py::test_BackpackRawOrder_wrong_type_quantity PASSED [ 15%]
tests/unit/apis/backpack/models/test_bp_raw_order.py::test_BackpackRawOrder_wrong_type_side PASSED [ 15%]
tests/unit/apis/backpack/models/test_bp_raw_order.py::test_BackpackRawOrder_invalid_decimal_quantity PASSED [ 15%]
tests/unit/apis/backpack/models/test_bp_raw_order.py::test_BackpackRawOrder_invalid_enum_side PASSED [ 15%]
tests/unit/apis/backpack/models/test_bp_raw_order.py::test_BackpackRawOrder_invalid_timestamp_createdAt PASSED [ 15%]
tests/unit/apis/backpack/models/test_bp_raw_order.py::test_BackpackRawOrder_extra_field PASSED [ 15%]
tests/unit/apis/backpack/models/test_bp_raw_order.py::test_BackpackRawOrder_optional_fields_all_none PASSED [ 15%]
tests/unit/apis/backpack/models/test_bp_raw_order.py::test_BackpackRawOrder_optional_fields_omitted PASSED [ 15%]
tests/unit/apis/backpack/models/test_bp_raw_order.py::test_BackpackRawOrder_corruption_garbled_quantity PASSED [ 15%]
tests/unit/apis/backpack/models/test_bp_raw_order.py::test_BackpackRawOrder_corruption_null_required_symbol PASSED [ 15%]
tests/unit/apis/backpack/models/test_bp_raw_order.py::test_BackpackRawOrder_corruption_unicode_symbol PASSED [ 15%]
tests/unit/apis/backpack/models/test_bp_raw_order.py::test_BackpackRawOrder_corruption_nested_bids_in_orderbook PASSED [ 16%]
tests/unit/apis/backpack/models/test_bp_raw_order.py::test_BackpackRawOrder_truncated_json PASSED [ 16%]
tests/unit/apis/backpack/models/test_bp_raw_order.py::test_BackpackRawOrderBook_happy_path PASSED [ 16%]
tests/unit/apis/backpack/models/test_bp_raw_order.py::test_BackpackRawOrderBook_missing_required_fields PASSED [ 16%]
tests/unit/apis/backpack/models/test_bp_raw_order.py::test_BackpackRawOrderBook_wrong_type_fields PASSED [ 16%]
tests/unit/apis/backpack/models/test_bp_raw_order.py::test_BackpackRawOrderBook_invalid_format_validators PASSED [ 16%]
tests/unit/apis/backpack/models/test_bp_raw_order.py::test_BackpackRawOrderBook_extra_field PASSED [ 16%]
tests/unit/apis/backpack/models/test_bp_raw_order.py::test_BackpackRawOrderBook_optional_fields PASSED [ 16%]
tests/unit/apis/backpack/models/test_bp_raw_order.py::test_BackpackRawOrderBook_corruption_cases PASSED [ 16%]
tests/unit/apis/backpack/models/test_bp_raw_order.py::test_BackpackRawOrderUpdate_happy_path PASSED [ 16%]
tests/unit/apis/backpack/models/test_bp_raw_order.py::test_BackpackRawOrderUpdate_missing_required_fields PASSED [ 16%]
tests/unit/apis/backpack/models/test_bp_raw_order.py::test_BackpackRawOrderUpdate_wrong_type_fields PASSED [ 16%]
tests/unit/apis/backpack/models/test_bp_raw_order.py::test_BackpackRawOrderUpdate_invalid_format_validators PASSED [ 16%]
tests/unit/apis/backpack/models/test_bp_raw_order.py::test_BackpackRawOrderUpdate_extra_field PASSED [ 16%]
tests/unit/apis/backpack/models/test_bp_raw_order.py::test_BackpackRawOrderUpdate_optional_fields PASSED [ 16%]
tests/unit/apis/backpack/models/test_bp_raw_order.py::test_BackpackRawOrderUpdate_corruption_cases PASSED [ 16%]
tests/unit/apis/backpack/models/test_bp_raw_order.py::TestBackpackRawOrder::test_invalid_market_order_missing_side PASSED [ 16%]
tests/unit/apis/backpack/models/test_bp_raw_order.py::TestBackpackRawOrder::test_invalid_order_bad_status PASSED [ 17%]
tests/unit/apis/backpack/models/test_bp_raw_position.py::test_BackpackRawPosition_valid PASSED [ 17%]
tests/unit/apis/backpack/models/test_bp_raw_position.py::test_BackpackRawPosition_valid_int_user_id_str PASSED [ 17%]
tests/unit/apis/backpack/models/test_bp_raw_position.py::test_BackpackRawPosition_invalid_fields[symbol--String cannot be empty] PASSED [ 17%]
tests/unit/apis/backpack/models/test_bp_raw_position.py::test_BackpackRawPosition_invalid_fields[symbol-AAAAAAAAAAAAAAAAAAAAAAAAAAAAAAAAAAAAAAAAAAAAAAAAAAAAAAAAAAAAAAAAA-String value too long] PASSED [ 17%]
tests/unit/apis/backpack/models/test_bp_raw_position.py::test_BackpackRawPosition_invalid_fields[positionId-None-Field required] PASSED [ 17%]
tests/unit/apis/backpack/models/test_bp_raw_position.py::test_BackpackRawPosition_invalid_fields[userId--1-Must be non-negative] PASSED [ 17%]
tests/unit/apis/backpack/models/test_bp_raw_position.py::test_BackpackRawPosition_invalid_fields[userId-abc-Must be an integer] PASSED [ 17%]
tests/unit/apis/backpack/models/test_bp_raw_position.py::test_BackpackRawPosition_invalid_fields[userId-1.0-Must be an integer] PASSED [ 17%]
tests/unit/apis/backpack/models/test_bp_raw_position.py::test_BackpackRawPosition_invalid_fields[breakEvenPrice-inf-finite decimal] PASSED [ 17%]
tests/unit/apis/backpack/models/test_bp_raw_position.py::test_BackpackRawPosition_invalid_fields[entryPrice-nan-finite decimal] PASSED [ 17%]
tests/unit/apis/backpack/models/test_bp_raw_position.py::test_BackpackRawPosition_invalid_fields[estLiquidationPrice--String cannot be empty] PASSED [ 17%]
tests/unit/apis/backpack/models/test_bp_raw_position.py::test_BackpackRawPosition_invalid_fields[imf-1.2.3-finite decimal] PASSED [ 17%]
tests/unit/apis/backpack/models/test_bp_raw_position.py::test_BackpackRawPosition_invalid_fields[markPrice-None-Field required] PASSED [ 17%]
tests/unit/apis/backpack/models/test_bp_raw_position.py::test_BackpackRawPosition_invalid_fields[mmf-   -String cannot be empty] PASSED [ 17%]
tests/unit/apis/backpack/models/test_bp_raw_position.py::test_BackpackRawPosition_invalid_fields[netCost-infinity-finite decimal] PASSED [ 17%]
tests/unit/apis/backpack/models/test_bp_raw_position.py::test_BackpackRawPosition_invalid_fields[netQuantity--inf-finite decimal] PASSED [ 17%]
tests/unit/apis/backpack/models/test_bp_raw_position.py::test_BackpackRawPosition_invalid_fields[netExposureNotional-True-Expected string] PASSED [ 17%]
tests/unit/apis/backpack/models/test_bp_raw_position.py::test_BackpackRawPosition_invalid_fields[pnlRealized--String cannot be empty] PASSED [ 18%]
tests/unit/apis/backpack/models/test_bp_raw_position.py::test_BackpackRawPosition_invalid_fields[pnlUnrealized-NaN-finite decimal] PASSED [ 18%]
tests/unit/apis/backpack/models/test_bp_raw_position.py::test_BackpackRawPosition_invalid_fields[cumulativeFundingPayment-None-Field required] PASSED [ 18%]
tests/unit/apis/backpack/models/test_bp_raw_position.py::test_BackpackRawPosition_invalid_fields[imfFunction-value18-Field required] PASSED [ 18%]
tests/unit/apis/backpack/models/test_bp_raw_position.py::test_BackpackRawPosition_invalid_fields[imfFunction-value19-finite decimal] PASSED [ 18%]
tests/unit/apis/backpack/models/test_bp_raw_position.py::test_BackpackRawPosition_invalid_fields[imfFunction-None-Field required] PASSED [ 18%]
tests/unit/apis/backpack/models/test_bp_raw_position.py::test_BackpackRawPosition_invalid_fields[imfFunction-notadict-Expected a dictionary] PASSED [ 18%]
tests/unit/apis/backpack/models/test_bp_raw_position.py::test_BackpackRawPosition_invalid_fields[mmfFunction-value22-finite decimal] PASSED [ 18%]
tests/unit/apis/backpack/models/test_bp_raw_position.py::test_BackpackRawPosition_extra_field PASSED [ 18%]
tests/unit/apis/backpack/models/test_bp_raw_position.py::test_BackpackRawPosition_frozen PASSED [ 18%]
tests/unit/apis/backpack/models/test_bp_raw_position.py::test_BackpackRawPositionUpdate_valid PASSED [ 18%]
tests/unit/apis/backpack/models/test_bp_raw_position.py::test_BackpackRawPositionUpdate_valid_optional_fields_none PASSED [ 18%]
tests/unit/apis/backpack/models/test_bp_raw_position.py::test_BackpackRawPositionUpdate_valid_timestamp_formats PASSED [ 18%]
tests/unit/apis/backpack/models/test_bp_raw_position.py::test_BackpackRawPositionUpdate_invalid_fields[e-wrongUpdate-Invalid value] PASSED [ 18%]
tests/unit/apis/backpack/models/test_bp_raw_position.py::test_BackpackRawPositionUpdate_invalid_fields[e--String cannot be empty] PASSED [ 18%]
tests/unit/apis/backpack/models/test_bp_raw_position.py::test_BackpackRawPositionUpdate_invalid_fields[E-not-a-date-Invalid timestamp string] PASSED [ 18%]
tests/unit/apis/backpack/models/test_bp_raw_position.py::test_BackpackRawPositionUpdate_invalid_fields[E-value3-Invalid type] PASSED [ 18%]
tests/unit/apis/backpack/models/test_bp_raw_position.py::test_BackpackRawPositionUpdate_invalid_fields[s--String cannot be empty] PASSED [ 19%]
tests/unit/apis/backpack/models/test_bp_raw_position.py::test_BackpackRawPositionUpdate_invalid_fields[s-None-Field required] PASSED [ 19%]
tests/unit/apis/backpack/models/test_bp_raw_position.py::test_BackpackRawPositionUpdate_invalid_fields[b-inf-finite decimal] PASSED [ 19%]
tests/unit/apis/backpack/models/test_bp_raw_position.py::test_BackpackRawPositionUpdate_invalid_fields[B-nan-finite decimal] PASSED [ 19%]
tests/unit/apis/backpack/models/test_bp_raw_position.py::test_BackpackRawPositionUpdate_invalid_fields[l--String cannot be empty] PASSED [ 19%]
tests/unit/apis/backpack/models/test_bp_raw_position.py::test_BackpackRawPositionUpdate_invalid_fields[f-  -String cannot be empty] PASSED [ 19%]
tests/unit/apis/backpack/models/test_bp_raw_position.py::test_BackpackRawPositionUpdate_invalid_fields[M-1.2.3-finite decimal] PASSED [ 19%]
tests/unit/apis/backpack/models/test_bp_raw_position.py::test_BackpackRawPositionUpdate_invalid_fields[m-True-Expected string] PASSED [ 19%]
tests/unit/apis/backpack/models/test_bp_raw_position.py::test_BackpackRawPositionUpdate_invalid_fields[q-value12-Expected string] PASSED [ 19%]
tests/unit/apis/backpack/models/test_bp_raw_position.py::test_BackpackRawPositionUpdate_invalid_fields[Q-infinity-finite decimal] PASSED [ 19%]
tests/unit/apis/backpack/models/test_bp_raw_position.py::test_BackpackRawPositionUpdate_invalid_fields[n-NaN-finite decimal] PASSED [ 19%]
tests/unit/apis/backpack/models/test_bp_raw_position.py::test_BackpackRawPositionUpdate_extra_field PASSED [ 19%]
tests/unit/apis/backpack/models/test_bp_raw_position.py::test_BackpackRawPositionUpdate_frozen PASSED [ 19%]
tests/unit/apis/backpack/models/test_bp_raw_position.py::TestBackpackRawPosition::test_invalid_position_bad_side PASSED [ 19%]
tests/unit/apis/backpack/models/test_bp_raw_trade.py::test_BackpackRawTrade_happy_path PASSED [ 19%]
tests/unit/apis/backpack/models/test_bp_raw_trade.py::test_BackpackRawTrade_missing_required_fields PASSED [ 19%]
tests/unit/apis/backpack/models/test_bp_raw_trade.py::test_BackpackRawTrade_wrong_type_fields PASSED [ 19%]
tests/unit/apis/backpack/models/test_bp_raw_trade.py::test_BackpackRawTrade_invalid_format_fields PASSED [ 19%]
tests/unit/apis/backpack/models/test_bp_raw_trade.py::test_BackpackRawTrade_extra_field PASSED [ 20%]
tests/unit/apis/backpack/models/test_bp_raw_trade.py::test_BackpackRawTrade_corruption_cases PASSED [ 20%]
tests/unit/apis/backpack/models/test_bp_raw_trade.py::test_BackpackRawTrade_real_json_examples PASSED [ 20%]
tests/unit/apis/backpack/models/test_bp_raw_trade.py::test_BackpackRawTrade_creative_corruption_cases PASSED [ 20%]
tests/unit/apis/backpack/models/test_bp_raw_trade.py::test_BackpackRawTrade_real_json_edge_case PASSED [ 20%]
tests/unit/apis/backpack/models/test_bp_raw_trade.py::test_BackpackRawTrade_corruption_null_id PASSED [ 20%]
tests/unit/apis/backpack/models/test_bp_raw_trade.py::test_BackpackRawTrade_corruption_binary_orderId PASSED [ 20%]
tests/unit/apis/backpack/models/test_bp_raw_trade.py::test_BackpackRawTrade_corruption_nested_symbol PASSED [ 20%]
tests/unit/apis/backpack/models/test_bp_raw_trade.py::test_BackpackRawTrade_corruption_list_price PASSED [ 20%]
tests/unit/apis/backpack/models/test_bp_raw_trade.py::test_BackpackRawTrade_corruption_garbled_unicode_symbol PASSED [ 20%]
tests/unit/apis/backpack/models/test_bp_raw_trade.py::test_BackpackRawTradeEvent_happy_path PASSED [ 20%]
tests/unit/apis/backpack/models/test_bp_raw_trade.py::test_BackpackRawTradeEvent_missing_required_fields PASSED [ 20%]
tests/unit/apis/backpack/models/test_bp_raw_trade.py::test_BackpackRawTradeEvent_wrong_type_fields PASSED [ 20%]
tests/unit/apis/backpack/models/test_bp_raw_trade.py::test_BackpackRawTradeEvent_invalid_format_fields PASSED [ 20%]
tests/unit/apis/backpack/models/test_bp_raw_trade.py::test_BackpackRawTradeEvent_extra_field PASSED [ 20%]
tests/unit/apis/backpack/models/test_bp_raw_trade.py::test_BackpackRawTradeEvent_corruption_cases PASSED [ 20%]
tests/unit/apis/backpack/models/test_bp_raw_trade.py::test_BackpackRawTradeEvent_real_json_edge_case PASSED [ 20%]
tests/unit/apis/backpack/models/test_bp_raw_trade.py::test_BackpackRawTradeEvent_corruption_null_e PASSED [ 21%]
tests/unit/apis/backpack/models/test_bp_raw_trade.py::test_BackpackRawTradeEvent_corruption_binary_s PASSED [ 21%]
tests/unit/apis/backpack/models/test_bp_raw_trade.py::test_BackpackRawTradeEvent_corruption_nested_p PASSED [ 21%]
tests/unit/apis/backpack/models/test_bp_raw_trade.py::test_BackpackRawTradeEvent_corruption_list_q PASSED [ 21%]
tests/unit/apis/backpack/models/test_bp_raw_trade.py::test_BackpackRawTradeEvent_corruption_garbled_unicode_symbol PASSED [ 21%]
tests/unit/apis/backpack/models/test_bp_raw_trade.py::test_BackpackRawFill_happy_path PASSED [ 21%]
tests/unit/apis/backpack/models/test_bp_raw_trade.py::test_BackpackRawFill_optional_client_id_none PASSED [ 21%]
tests/unit/apis/backpack/models/test_bp_raw_trade.py::test_BackpackRawFill_missing_required_fields PASSED [ 21%]
tests/unit/apis/backpack/models/test_bp_raw_trade.py::test_BackpackRawFill_invalid_types PASSED [ 21%]
tests/unit/apis/backpack/models/test_bp_raw_trade.py::test_BackpackRawFill_invalid_formats_and_values PASSED [ 21%]
tests/unit/apis/backpack/models/test_bp_raw_trade.py::test_BackpackRawFill_invalid_client_id_empty_string PASSED [ 21%]
tests/unit/apis/backpack/models/test_bp_raw_trade.py::test_BackpackRawFill_extra_field_forbidden PASSED [ 21%]
tests/unit/apis/backpack/models/test_bp_raw_trade.py::test_BackpackRawFill_frozen PASSED [ 21%]
tests/unit/apis/backpack/models/test_bp_raw_transfer.py::test_BackpackRawWithdrawal_happy_path PASSED [ 21%]
tests/unit/apis/backpack/models/test_bp_raw_transfer.py::test_BackpackRawWithdrawal_missing_required_fields PASSED [ 21%]
tests/unit/apis/backpack/models/test_bp_raw_transfer.py::test_BackpackRawWithdrawal_wrong_type_fields PASSED [ 21%]
tests/unit/apis/backpack/models/test_bp_raw_transfer.py::test_BackpackRawWithdrawal_invalid_format_fields PASSED [ 21%]
tests/unit/apis/backpack/models/test_bp_raw_transfer.py::test_BackpackRawWithdrawal_extra_field PASSED [ 21%]
tests/unit/apis/backpack/models/test_bp_raw_transfer.py::test_BackpackRawWithdrawal_corruption_cases PASSED [ 22%]
tests/unit/apis/backpack/models/test_bp_raw_transfer.py::test_BackpackRawWithdrawal_frozen PASSED [ 22%]
tests/unit/apis/backpack/models/test_bp_raw_transfer.py::test_BackpackRawDeposit_happy_path PASSED [ 22%]
tests/unit/apis/backpack/models/test_bp_raw_transfer.py::test_BackpackRawDeposit_missing_required_fields PASSED [ 22%]
tests/unit/apis/backpack/models/test_bp_raw_transfer.py::test_BackpackRawDeposit_wrong_type_fields PASSED [ 22%]
tests/unit/apis/backpack/models/test_bp_raw_transfer.py::test_BackpackRawDeposit_invalid_format_fields PASSED [ 22%]
tests/unit/apis/backpack/models/test_bp_raw_transfer.py::test_BackpackRawDeposit_extra_field PASSED [ 22%]
tests/unit/apis/backpack/models/test_bp_raw_transfer.py::test_BackpackRawDeposit_corruption_cases PASSED [ 22%]
tests/unit/apis/backpack/models/test_bp_raw_transfer.py::test_BackpackRawDeposit_frozen PASSED [ 22%]
tests/unit/apis/backpack/models/test_bp_raw_transfer.py::test_BackpackRawLiquidation_happy_path PASSED [ 22%]
tests/unit/apis/backpack/models/test_bp_raw_transfer.py::test_BackpackRawLiquidation_missing_required_fields PASSED [ 22%]
tests/unit/apis/backpack/models/test_bp_raw_transfer.py::test_BackpackRawLiquidation_wrong_type_fields PASSED [ 22%]
tests/unit/apis/backpack/models/test_bp_raw_transfer.py::test_BackpackRawLiquidation_invalid_format_fields PASSED [ 22%]
tests/unit/apis/backpack/models/test_bp_raw_transfer.py::test_BackpackRawLiquidation_extra_field PASSED [ 22%]
tests/unit/apis/backpack/models/test_bp_raw_transfer.py::test_BackpackRawLiquidation_corruption_cases PASSED [ 22%]
tests/unit/apis/backpack/models/test_bp_raw_transfer.py::test_BackpackRawLiquidation_frozen PASSED [ 22%]
tests/unit/apis/backpack/models/test_bp_raw_transfer.py::test_BackpackRawWithdrawal_real_json_edge_case PASSED [ 22%]
tests/unit/apis/backpack/models/test_bp_raw_transfer.py::test_BackpackRawWithdrawal_corruption_null_id PASSED [ 23%]
tests/unit/apis/backpack/models/test_bp_raw_transfer.py::test_BackpackRawWithdrawal_corruption_binary_asset PASSED [ 23%]
tests/unit/apis/backpack/models/test_bp_raw_transfer.py::test_BackpackRawWithdrawal_corruption_nested_amount PASSED [ 23%]
tests/unit/apis/backpack/models/test_bp_raw_transfer.py::test_BackpackRawWithdrawal_corruption_list_status PASSED [ 23%]
tests/unit/apis/backpack/models/test_bp_raw_transfer.py::test_BackpackRawWithdrawal_corruption_garbled_unicode_asset PASSED [ 23%]
tests/unit/apis/backpack/models/test_bp_raw_transfer.py::test_BackpackRawDeposit_real_json_edge_case PASSED [ 23%]
tests/unit/apis/backpack/models/test_bp_raw_transfer.py::test_BackpackRawDeposit_corruption_null_id PASSED [ 23%]
tests/unit/apis/backpack/models/test_bp_raw_transfer.py::test_BackpackRawDeposit_corruption_binary_asset PASSED [ 23%]
tests/unit/apis/backpack/models/test_bp_raw_transfer.py::test_BackpackRawDeposit_corruption_nested_amount PASSED [ 23%]
tests/unit/apis/backpack/models/test_bp_raw_transfer.py::test_BackpackRawDeposit_corruption_list_status PASSED [ 23%]
tests/unit/apis/backpack/models/test_bp_raw_transfer.py::test_BackpackRawDeposit_corruption_garbled_unicode_asset PASSED [ 23%]
tests/unit/apis/backpack/models/test_bp_raw_transfer.py::test_BackpackRawLiquidation_real_json_edge_case PASSED [ 23%]
tests/unit/apis/backpack/models/test_bp_raw_transfer.py::test_BackpackRawLiquidation_corruption_null_symbol PASSED [ 23%]
tests/unit/apis/backpack/models/test_bp_raw_transfer.py::test_BackpackRawLiquidation_corruption_binary_price PASSED [ 23%]
tests/unit/apis/backpack/models/test_bp_raw_transfer.py::test_BackpackRawLiquidation_corruption_nested_quantity PASSED [ 23%]
tests/unit/apis/backpack/models/test_bp_raw_transfer.py::test_BackpackRawLiquidation_corruption_list_side PASSED [ 23%]
tests/unit/apis/backpack/models/test_bp_raw_transfer.py::test_BackpackRawLiquidation_corruption_garbled_unicode_symbol PASSED [ 23%]
tests/unit/apis/backpack/services/test_bp_account_service.py::TestBackpackAccountService::test_transfer_success PASSED [ 23%]
tests/unit/apis/backpack/services/test_bp_account_service.py::TestBackpackAccountService::test_transfer_api_error_from_requester PASSED [ 24%]
tests/unit/apis/backpack/services/test_bp_account_service.py::TestBackpackAccountService::test_transfer_response_none_from_requester PASSED [ 24%]
tests/unit/apis/backpack/services/test_bp_account_service.py::TestBackpackAccountService::test_transfer_unexpected_exception_from_requester PASSED [ 24%]
tests/unit/apis/backpack/services/test_bp_account_service.py::TestBackpackAccountService::test_get_balances_raw_success PASSED [ 24%]
tests/unit/apis/backpack/services/test_bp_account_service.py::TestBackpackAccountService::test_get_positions_raw_success PASSED [ 24%]
tests/unit/apis/backpack/services/test_bp_account_service.py::TestBackpackAccountService::test_get_account_info_raw_success PASSED [ 24%]
tests/unit/apis/backpack/services/test_bp_account_service.py::TestBackpackAccountService::test_get_balances_success PASSED [ 24%]
tests/unit/apis/backpack/services/test_bp_account_service.py::TestBackpackAccountService::test_get_order_history_success PASSED [ 24%]
tests/unit/apis/backpack/services/test_bp_account_service.py::TestBackpackAccountService::test_get_order_history_api_error_from_response_handler PASSED [ 24%]
tests/unit/apis/backpack/services/test_bp_account_service.py::TestBackpackAccountService::test_get_order_history_api_error_from_mapper PASSED [ 24%]
tests/unit/apis/backpack/services/test_bp_account_service.py::TestBackpackAccountService::test_get_order_history_response_none_from_requester PASSED [ 24%]
tests/unit/apis/backpack/services/test_bp_market_data_service.py::TestBackpackMarketDataService::test_get_ticker_success PASSED [ 24%]
tests/unit/apis/backpack/services/test_bp_market_data_service.py::TestBackpackMarketDataService::test_get_ticker_api_error_from_requester PASSED [ 24%]
tests/unit/apis/backpack/services/test_bp_market_data_service.py::TestBackpackMarketDataService::test_get_ticker_http_client_returns_none PASSED [ 24%]
tests/unit/apis/backpack/services/test_bp_market_data_service.py::TestBackpackMarketDataService::test_get_order_book_success PASSED [ 24%]
tests/unit/apis/backpack/services/test_bp_market_data_service.py::TestBackpackMarketDataService::test_get_order_book_http_client_returns_none PASSED [ 24%]
tests/unit/apis/backpack/services/test_bp_market_data_service.py::TestBackpackMarketDataService::test_get_recent_trades_success PASSED [ 24%]
tests/unit/apis/backpack/services/test_bp_market_data_service.py::TestBackpackMarketDataService::test_get_recent_trades_http_client_returns_none PASSED [ 25%]
tests/unit/apis/backpack/services/test_bp_market_data_service.py::TestBackpackMarketDataService::test_get_funding_rate_success PASSED [ 25%]
tests/unit/apis/backpack/services/test_bp_market_data_service.py::TestBackpackMarketDataService::test_get_funding_rate_http_client_returns_none PASSED [ 25%]
tests/unit/apis/backpack/services/test_bp_market_data_service.py::TestBackpackMarketDataService::test_get_market_data_success PASSED [ 25%]
tests/unit/apis/backpack/services/test_bp_market_data_service.py::TestBackpackMarketDataService::test_get_market_data_http_client_returns_none PASSED [ 25%]
tests/unit/apis/backpack/services/test_bp_market_data_service.py::TestBackpackMarketDataService::test_get_historical_funding_rates_success PASSED [ 25%]
tests/unit/apis/backpack/services/test_bp_market_data_service.py::TestBackpackMarketDataService::test_get_historical_funding_rates_http_client_returns_none PASSED [ 25%]
tests/unit/apis/backpack/services/test_bp_trading_service.py::TestBackpackTradingService::test_place_order_http_client_returns_none PASSED [ 25%]
tests/unit/apis/backpack/services/test_bp_trading_service.py::TestBackpackTradingService::test_cancel_order_http_client_returns_none PASSED [ 25%]
tests/unit/apis/backpack/services/test_bp_trading_service.py::TestBackpackTradingService::test_get_open_orders_http_client_returns_none PASSED [ 25%]
tests/unit/apis/backpack/services/test_bp_trading_service.py::TestBackpackTradingService::test_get_order_http_client_returns_none PASSED [ 25%]
tests/unit/apis/backpack/test_bp_api.py::TestBackpackAPIInitialization::test_api_creation_with_di_fixture PASSED [ 25%]
tests/unit/apis/backpack/test_bp_api.py::TestBackpackAPIInitialization::test_api_creation_with_custom_config PASSED [ 25%]
tests/unit/apis/backpack/test_bp_api.py::TestBackpackAPIAccountOperations::test_get_balances_delegates_to_account_service PASSED [ 25%]
tests/unit/apis/backpack/test_bp_api.py::TestBackpackAPIAccountOperations::test_get_account_summary_delegates_to_account_service PASSED [ 25%]
tests/unit/apis/backpack/test_bp_api.py::TestBackpackAPIAccountOperations::test_get_positions_delegates_to_account_service PASSED [ 25%]
tests/unit/apis/backpack/test_bp_api.py::TestBackpackAPIAccountOperations::test_get_positions_with_symbol_delegates_to_account_service PASSED [ 25%]
tests/unit/apis/backpack/test_bp_api.py::TestBackpackAPIAccountOperations::test_get_order_history_delegates_to_account_service PASSED [ 25%]
tests/unit/apis/backpack/test_bp_api.py::TestBackpackAPIAccountOperations::test_get_trade_history_delegates_to_account_service PASSED [ 26%]
tests/unit/apis/backpack/test_bp_api.py::TestBackpackAPITradingOperations::test_place_order_delegates_to_trading_service PASSED [ 26%]
tests/unit/apis/backpack/test_bp_api.py::TestBackpackAPITradingOperations::test_cancel_order_delegates_to_trading_service PASSED [ 26%]
tests/unit/apis/backpack/test_bp_api.py::TestBackpackAPITradingOperations::test_get_order_delegates_to_trading_service PASSED [ 26%]
tests/unit/apis/backpack/test_bp_api.py::TestBackpackAPITradingOperations::test_get_order_status_delegates_to_trading_service PASSED [ 26%]
tests/unit/apis/backpack/test_bp_api.py::TestBackpackAPITradingOperations::test_get_open_orders_delegates_to_trading_service PASSED [ 26%]
tests/unit/apis/backpack/test_bp_api.py::TestBackpackAPIMarketDataOperations::test_get_ticker_delegates_to_market_data_service PASSED [ 26%]
tests/unit/apis/backpack/test_bp_api.py::TestBackpackAPIMarketDataOperations::test_get_funding_rates_delegates_to_market_data_service PASSED [ 26%]
tests/unit/apis/backpack/test_bp_api.py::TestBackpackAPIErrorHandling::test_service_error_propagation PASSED [ 26%]
tests/unit/apis/backpack/test_bp_api.py::TestBackpackAPIErrorHandling::test_authentication_error_handling PASSED [ 26%]
tests/unit/apis/backpack/test_bp_api.py::TestBackpackAPIComprehensiveErrorHandling::test_get_balances_service_validation_error PASSED [ 26%]
tests/unit/apis/backpack/test_bp_api.py::TestBackpackAPIComprehensiveErrorHandling::test_get_ticker_empty_successful_response PASSED [ 26%]
tests/unit/apis/backpack/test_bp_api.py::TestBackpackAPIComprehensiveErrorHandling::test_get_positions_rate_limited_propagation PASSED [ 26%]
tests/unit/apis/backpack/test_bp_api.py::TestBackpackAPIComprehensiveErrorHandling::test_get_account_summary_server_error_propagation PASSED [ 26%]
tests/unit/apis/backpack/test_bp_api.py::TestBackpackAPIComprehensiveErrorHandling::test_get_order_history_timeout_error_propagation PASSED [ 26%]
tests/unit/apis/backpack/test_bp_api.py::TestBackpackAPIComprehensiveErrorHandling::test_get_trade_history_service_unavailable_propagation PASSED [ 26%]
tests/unit/apis/backpack/test_bp_api.py::TestBackpackAPIComprehensiveErrorHandling::test_place_order_service_unexpected_exception PASSED [ 26%]
tests/unit/apis/backpack/test_bp_api.py::TestBackpackAPIComprehensiveErrorHandling::test_cancel_order_insufficient_balance_propagation PASSED [ 27%]
tests/unit/apis/backpack/test_bp_api.py::TestBackpackAPIComprehensiveErrorHandling::test_get_order_order_not_found_propagation PASSED [ 27%]
tests/unit/apis/backpack/test_bp_api.py::TestBackpackAPIComprehensiveErrorHandling::test_get_open_orders_exchange_specific_error PASSED [ 27%]
tests/unit/apis/backpack/test_bp_api.py::TestBackpackAPIComprehensiveErrorHandling::test_get_ticker_none_symbol_input PASSED [ 27%]
tests/unit/apis/backpack/test_bp_api.py::TestBackpackAPIComprehensiveErrorHandling::test_get_positions_empty_symbol_input PASSED [ 27%]
tests/unit/apis/backpack/test_bp_api.py::TestBackpackAPIComprehensiveErrorHandling::test_place_order_invalid_quantity_input PASSED [ 27%]
tests/unit/apis/backpack/test_bp_api.py::TestBackpackAPIComprehensiveErrorHandling::test_get_balances_full_error_chain_validation PASSED [ 27%]
tests/unit/apis/backpack/test_bp_api.py::TestBackpackAPIComprehensiveErrorHandling::test_multiple_service_error_isolation PASSED [ 27%]
tests/unit/apis/backpack/test_bp_api.py::TestBackpackAPIComprehensiveErrorHandling::test_complex_operation_partial_failure_simulation PASSED [ 27%]
tests/unit/apis/backpack/test_bp_api.py::TestBackpackAPIComprehensiveErrorHandling::test_concurrent_operation_error_handling PASSED [ 27%]
tests/unit/apis/backpack/test_bp_api.py::TestBackpackAPIWebSocketOperations::test_subscribe_delegates_to_ws_manager PASSED [ 27%]
tests/unit/apis/backpack/test_bp_api.py::TestBackpackAPIWebSocketOperations::test_subscription_payload_construction_public_behavior PASSED [ 27%]
tests/unit/apis/backpack/test_bp_api.py::TestBackpackAPIWebSocketOperations::test_websocket_message_handling_public_behavior PASSED [ 27%]
tests/unit/apis/backpack/test_bp_api.py::TestBackpackAPIDependencyIsolation::test_custom_dependency_override PASSED [ 27%]
tests/unit/apis/backpack/test_bp_api.py::TestBackpackAPIDependencyIsolation::test_multiple_api_instances_are_isolated PASSED [ 27%]
tests/unit/apis/backpack/test_bp_api.py::TestBackpackAPIDependencyIsolation::test_dependency_injection_completeness PASSED [ 27%]
tests/unit/apis/backpack/test_bp_api.py::TestBackpackAPIResourceManagement::test_api_close_cleanup PASSED [ 27%]
tests/unit/apis/backpack/test_bp_api.py::TestBackpackAPIResourceManagement::test_context_manager_behavior PASSED [ 27%]
tests/unit/apis/backpack/test_bp_auth.py::TestBackpackHmacAuthenticator::test_initialization_missing_key_raises_value_error PASSED [ 28%]
tests/unit/apis/backpack/test_bp_auth.py::TestBackpackHmacAuthenticator::test_initialization_missing_secret_raises_value_error PASSED [ 28%]
tests/unit/apis/backpack/test_bp_auth.py::TestBackpackHmacAuthenticator::test_init_missing_both_credentials_raises_value_error PASSED [ 28%]
tests/unit/apis/backpack/test_bp_auth.py::TestBackpackHmacAuthenticator::test_initialization PASSED [ 28%]
tests/unit/apis/backpack/test_bp_auth.py::TestBackpackHmacAuthenticator::test_prepare_request_get_no_params PASSED [ 28%]
tests/unit/apis/backpack/test_bp_auth.py::TestBackpackHmacAuthenticator::test_prepare_request_get_with_params PASSED [ 28%]
tests/unit/apis/backpack/test_bp_auth.py::TestBackpackHmacAuthenticator::test_prepare_request_post_with_data PASSED [ 28%]
tests/unit/apis/backpack/test_bp_auth.py::TestBackpackHmacAuthenticator::test_prepare_request_post_no_data PASSED [ 28%]
tests/unit/apis/backpack/test_bp_auth.py::TestBackpackHmacAuthenticator::test_prepare_request_merges_existing_headers PASSED [ 28%]
tests/unit/apis/backpack/test_bp_auth.py::TestBackpackHmacAuthenticator::test_prepare_request_adds_content_type_if_missing_for_post_with_data PASSED [ 28%]
tests/unit/apis/backpack/test_bp_error_mapper.py::TestBackpackErrorMapper::test_map_generic_400_error[400-{"message":"Generic client error","code":"INVALID_CLIENT_REQUEST"}-APIErrorCode.INVALID_REQUEST-Generic client error] PASSED [ 28%]
tests/unit/apis/backpack/test_bp_error_mapper.py::TestBackpackErrorMapper::test_map_generic_400_error[400-{"message":"Invalid parameter: field=symbol","code":"INVALID_CLIENT_REQUEST"}-APIErrorCode.INVALID_REQUEST-Invalid parameter: field=symbol] PASSED [ 28%]
tests/unit/apis/backpack/test_bp_error_mapper.py::TestBackpackErrorMapper::test_map_authentication_failed_401_error[401-{"message":"Authentication failed","code":"UNAUTHORIZED"}-APIErrorCode.AUTHENTICATION_FAILED-Authentication failed] PASSED [ 28%]
tests/unit/apis/backpack/test_bp_error_mapper.py::TestBackpackErrorMapper::test_map_authentication_failed_401_error[403-{"message":"Forbidden access","code":"FORBIDDEN"}-APIErrorCode.AUTHENTICATION_FAILED-Forbidden access] PASSED [ 28%]
tests/unit/apis/backpack/test_bp_error_mapper.py::TestBackpackErrorMapper::test_map_insufficient_funds_error[400-{"message":"Account has insufficient balance for requested action.","code":"INSUFFICIENT_FUNDS"}-INSUFFICIENT_FUNDS-APIErrorCode.INSUFFICIENT_FUNDS-Account has insufficient balance] PASSED [ 28%]
tests/unit/apis/backpack/test_bp_error_mapper.py::TestBackpackErrorMapper::test_map_insufficient_funds_error[400-{"message":"Order not found or has been filled","code":"RESOURCE_NOT_FOUND"}-RESOURCE_NOT_FOUND-APIErrorCode.ORDER_NOT_FOUND-Order not found or has been filled] PASSED [ 28%]
tests/unit/apis/backpack/test_bp_error_mapper.py::TestBackpackErrorMapper::test_map_rate_limited_429_error[429-{"message":"Too Many Requests","code":"TOO_MANY_REQUESTS"}-APIErrorCode.RATE_LIMITED-Too Many Requests] PASSED [ 28%]
tests/unit/apis/backpack/test_bp_error_mapper.py::TestBackpackErrorMapper::test_map_server_error_500[500-{"message":"Internal server error","code":"SERVER_ERROR"}-APIErrorCode.SERVER_ERROR-Internal server error] PASSED [ 29%]
tests/unit/apis/backpack/test_bp_error_mapper.py::TestBackpackErrorMapper::test_map_server_error_500[500-Internal Server Error-APIErrorCode.EXCHANGE_SPECIFIC-Internal Server Error] PASSED [ 29%]
tests/unit/apis/backpack/test_bp_error_mapper.py::TestBackpackErrorMapper::test_map_service_unavailable_503[503-{"message":"Service temporarily unavailable","code":"MAINTENANCE"}-APIErrorCode.MAINTENANCE-Service temporarily unavailable] PASSED [ 29%]
tests/unit/apis/backpack/test_bp_error_mapper.py::TestBackpackErrorMapper::test_map_order_not_found_error[404-{"message":"Order not found","code":"RESOURCE_NOT_FOUND"}-APIErrorCode.ORDER_NOT_FOUND-Order not found] PASSED [ 29%]
tests/unit/apis/backpack/test_bp_error_mapper.py::TestBackpackErrorMapper::test_map_invalid_symbol_error[400-{"message":"Invalid symbol","code":"INVALID_SYMBOL"}-APIErrorCode.INVALID_SYMBOL-Invalid symbol] PASSED [ 29%]
tests/unit/apis/backpack/test_bp_error_mapper.py::TestBackpackErrorMapper::test_map_specific_bp_error_to_api_error_code[400-{"message":"A message stating the symbol is invalid.","code":"INVALID_SYMBOL"}-APIErrorCode.INVALID_SYMBOL-A message stating the symbol is invalid.] PASSED [ 29%]
tests/unit/apis/backpack/test_bp_error_mapper.py::TestBackpackErrorMapper::test_map_non_json_error_body[400-Invalid JSON input-APIErrorCode.EXCHANGE_SPECIFIC-Invalid JSON input] PASSED [ 29%]
tests/unit/apis/backpack/test_bp_error_mapper.py::TestBackpackErrorMapper::test_map_non_json_error_body[500-<html><body>Server Error</body></html>-APIErrorCode.EXCHANGE_SPECIFIC-Server Error] PASSED [ 29%]
tests/unit/apis/backpack/test_bp_error_mapper.py::TestBackpackErrorMapper::test_map_unknown_error_code_in_json[400-{"message":"Some custom exchange error","code":"UNKNOWN_CODE_99999"}-APIErrorCode.EXCHANGE_SPECIFIC-Some custom exchange error] PASSED [ 29%]
tests/unit/apis/backpack/test_bp_error_mapper.py::TestBackpackErrorMapper::test_map_empty_error_body_and_data PASSED [ 29%]
tests/unit/apis/backpack/test_bp_request_builder.py::test_format_symbol PASSED [ 29%]
tests/unit/apis/backpack/test_bp_request_builder.py::test_build_get_ticker_params PASSED [ 29%]
tests/unit/apis/backpack/test_bp_request_builder.py::test_build_get_order_book_params PASSED [ 29%]
tests/unit/apis/backpack/test_bp_request_builder.py::test_build_get_recent_trades_params PASSED [ 29%]
tests/unit/apis/backpack/test_bp_request_builder.py::test_build_get_balances_params PASSED [ 29%]
tests/unit/apis/backpack/test_bp_request_builder.py::test_build_get_positions_params PASSED [ 29%]
tests/unit/apis/backpack/test_bp_request_builder.py::test_build_place_order_payload_limit_gtc PASSED [ 29%]
tests/unit/apis/backpack/test_bp_request_builder.py::test_build_place_order_payload_market_ioc PASSED [ 29%]
tests/unit/apis/backpack/test_bp_request_builder.py::test_build_place_order_payload_limit_post_only PASSED [ 30%]
tests/unit/apis/backpack/test_bp_request_builder.py::test_build_place_order_payload_stop_market PASSED [ 30%]
tests/unit/apis/backpack/test_bp_request_builder.py::test_build_place_order_payload_stop_limit PASSED [ 30%]
tests/unit/apis/backpack/test_bp_request_builder.py::test_build_place_order_payload_invalid_input PASSED [ 30%]
tests/unit/apis/backpack/test_bp_request_builder.py::test_build_cancel_order_payload PASSED [ 30%]
tests/unit/apis/backpack/test_bp_request_builder.py::test_build_get_open_orders_params PASSED [ 30%]
tests/unit/apis/backpack/test_bp_request_builder.py::test_build_get_funding_rate_params PASSED [ 30%]
tests/unit/apis/backpack/test_bp_request_builder.py::test_build_get_account_info_params PASSED [ 30%]
tests/unit/apis/backpack/test_bp_request_builder.py::test_build_withdraw_payload PASSED [ 30%]
tests/unit/apis/backpack/test_bp_request_builder.py::test_build_get_order_history_params PASSED [ 30%]
tests/unit/apis/backpack/test_bp_request_builder.py::test_build_get_trade_history_params PASSED [ 30%]
tests/unit/apis/backpack/test_bp_request_builder.py::test_build_get_market_data_params PASSED [ 30%]
tests/unit/apis/backpack/test_bp_request_builder.py::test_build_get_historical_trades_params PASSED [ 30%]
tests/unit/apis/backpack/test_bp_request_builder.py::test_build_cancel_all_orders_payload PASSED [ 30%]
tests/unit/apis/backpack/test_bp_request_builder.py::test_build_get_order_params PASSED [ 30%]
tests/unit/apis/backpack/test_bp_request_builder.py::test_build_internal_transfer_payload_minimal PASSED [ 30%]
tests/unit/apis/backpack/test_bp_request_builder.py::test_build_internal_transfer_payload_with_client_id PASSED [ 30%]
tests/unit/apis/backpack/test_bp_request_builder.py::test_build_internal_transfer_payload_symbol_formatting PASSED [ 31%]
tests/unit/apis/backpack/test_bp_response_handler.py::TestHandleGetTickerResponse::test_valid PASSED [ 31%]
tests/unit/apis/backpack/test_bp_response_handler.py::TestHandleGetOrderBookResponse::test_valid PASSED [ 31%]
tests/unit/apis/backpack/test_bp_response_handler.py::TestHandleGetRecentTradesResponse::test_valid PASSED [ 31%]
tests/unit/apis/backpack/test_bp_response_handler.py::TestHandleGetBalancesResponse::test_valid PASSED [ 31%]
tests/unit/apis/backpack/test_bp_response_handler.py::TestHandleGetPositionsResponse::test_valid_single_symbol PASSED [ 31%]
tests/unit/apis/backpack/test_bp_response_handler.py::TestHandleGetPositionsResponse::test_valid_all_symbols PASSED [ 31%]
tests/unit/apis/backpack/test_bp_response_handler.py::TestHandlePlaceOrderResponse::test_valid PASSED [ 31%]
tests/unit/apis/backpack/test_bp_response_handler.py::TestHandleCancelOrderResponse::test_none_input PASSED [ 31%]
tests/unit/apis/backpack/test_bp_response_handler.py::TestHandleCancelOrderResponse::test_empty_dict_input PASSED [ 31%]
tests/unit/apis/backpack/test_bp_response_handler.py::TestHandleCancelOrderResponse::test_unexpected_content PASSED [ 31%]
tests/unit/apis/backpack/test_bp_response_handler.py::TestHandleGetOpenOrdersResponse::test_valid PASSED [ 31%]
tests/unit/apis/backpack/test_bp_response_handler.py::TestHandleGetFundingRateResponse::test_valid PASSED [ 31%]
tests/unit/apis/backpack/test_bp_response_handler.py::TestHandleGetAccountInfoResponse::test_valid PASSED [ 31%]
tests/unit/apis/backpack/test_bp_response_handler.py::TestHandleWithdrawResponse::test_valid PASSED [ 31%]
tests/unit/apis/backpack/test_bp_response_handler.py::TestHandleGetOrderHistoryResponse::test_valid PASSED [ 31%]
tests/unit/apis/backpack/test_bp_response_handler.py::TestHandleGetTradeHistoryResponse::test_valid PASSED [ 31%]
tests/unit/apis/backpack/test_bp_response_handler.py::TestHandleGetMarketDataResponse::test_valid PASSED [ 31%]
tests/unit/apis/backpack/test_bp_response_handler.py::TestHandleGetHistoricalTradesResponse::test_valid PASSED [ 32%]
tests/unit/apis/backpack/test_bp_response_handler.py::TestHandleGetOrderStatusResponse::test_valid PASSED [ 32%]
tests/unit/apis/backpack/test_bp_response_handler.py::TestHandleGetOrderStatusResponse::test_none_input PASSED [ 32%]
tests/unit/apis/backpack/test_bp_response_handler.py::test_handler_invalid_top_level_type[handle_get_ticker_response-invalid_data0-dict-handler_args_spec0-ticker ({symbol}) - Status: 400] PASSED [ 32%]
tests/unit/apis/backpack/test_bp_response_handler.py::test_handler_invalid_top_level_type[handle_get_order_book_response-invalid_data1-dict-handler_args_spec1-order book ({symbol}) - Status: 400] PASSED [ 32%]
tests/unit/apis/backpack/test_bp_response_handler.py::test_handler_invalid_top_level_type[handle_get_recent_trades_response-invalid_data2-list-handler_args_spec2-recent trades ({symbol}) - Status: 400] PASSED [ 32%]
tests/unit/apis/backpack/test_bp_response_handler.py::test_handler_invalid_top_level_type[handle_get_balances_response-invalid_data3-dict-handler_args_spec3-balances] PASSED [ 32%]
tests/unit/apis/backpack/test_bp_response_handler.py::test_handler_invalid_top_level_type[handle_get_positions_response-invalid_data4-list-handler_args_spec4-positions (all)] PASSED [ 32%]
tests/unit/apis/backpack/test_bp_response_handler.py::test_handler_invalid_top_level_type[handle_place_order_response-invalid_data5-dict-handler_args_spec5-place order response] PASSED [ 32%]
tests/unit/apis/backpack/test_bp_response_handler.py::test_handler_invalid_top_level_type[handle_get_open_orders_response-invalid_data6-list-handler_args_spec6-open orders ({symbol})] PASSED [ 32%]
tests/unit/apis/backpack/test_bp_response_handler.py::test_handler_invalid_top_level_type[handle_get_account_info_response-invalid_data7-dict-handler_args_spec7-account info] PASSED [ 32%]
tests/unit/apis/backpack/test_bp_response_handler.py::test_handler_invalid_top_level_type[handle_withdraw_response-invalid_data8-dict-handler_args_spec8-withdraw response] PASSED [ 32%]
tests/unit/apis/backpack/test_bp_response_handler.py::test_handler_invalid_top_level_type[handle_get_order_history_response-invalid_data9-list-handler_args_spec9-order history ({symbol})] PASSED [ 32%]
tests/unit/apis/backpack/test_bp_response_handler.py::test_handler_invalid_top_level_type[handle_get_trade_history_response-invalid_data10-list-handler_args_spec10-trade history ({symbol})] PASSED [ 32%]
tests/unit/apis/backpack/test_bp_response_handler.py::test_handler_invalid_top_level_type[handle_get_market_data_response-invalid_data11-list-handler_args_spec11-market data (klines {timeframe}) for {symbol} - Status: 400] PASSED [ 32%]
tests/unit/apis/backpack/test_bp_response_handler.py::test_handler_invalid_top_level_type[handle_get_historical_trades_response-invalid_data12-list-handler_args_spec12-historical trades ({symbol}) - Status: 400] PASSED [ 32%]
tests/unit/apis/backpack/test_bp_response_handler.py::test_handler_invalid_top_level_type[handle_get_order_status_response-invalid_data13-dict-handler_args_spec13-order status (id={identifier})] PASSED [ 32%]
tests/unit/apis/backpack/test_bp_response_handler.py::test_handler_validation_error_dict[handle_get_ticker_response-valid_raw_ticker-modification_details0-time-handler_args_spec0-ticker ({symbol}) - Status: 200] PASSED [ 33%]
tests/unit/apis/backpack/test_bp_response_handler.py::test_handler_validation_error_dict[handle_get_order_book_response-valid_raw_order_book-modification_details1-Cannot convert 'invalid_price' to Decimal-handler_args_spec1-order book ({symbol}) - Status: 200] PASSED [ 33%]
tests/unit/apis/backpack/test_bp_response_handler.py::test_handler_validation_error_dict[handle_place_order_response-valid_raw_order-modification_details2-side-handler_args_spec2-place order response] PASSED [ 33%]
tests/unit/apis/backpack/test_bp_response_handler.py::test_handler_validation_error_dict[handle_get_funding_rate_response-valid_raw_funding_rate-modification_details3-rate-handler_args_spec3-funding rate ({symbol}) - Status: 200] PASSED [ 33%]
tests/unit/apis/backpack/test_bp_response_handler.py::test_handler_validation_error_dict[handle_get_account_info_response-valid_raw_account_summary-modification_details4-leverageLimit-handler_args_spec4-account info] PASSED [ 33%]
tests/unit/apis/backpack/test_bp_response_handler.py::test_handler_validation_error_dict[handle_withdraw_response-valid_raw_withdrawal-modification_details5-fee-handler_args_spec5-withdraw response] PASSED [ 33%]
tests/unit/apis/backpack/test_bp_response_handler.py::test_handler_validation_error_dict[handle_get_order_status_response-valid_raw_order_status-modification_details6-side-handler_args_spec6-order status (id={identifier})] PASSED [ 33%]
tests/unit/apis/backpack/test_bp_response_handler.py::test_handler_validation_error_dict[handle_get_balances_response-valid_raw_balances-modification_details7-available-handler_args_spec7-balance details for USDC] PASSED [ 33%]
tests/unit/apis/backpack/test_bp_response_handler.py::test_handler_list_item_errors[handle_get_recent_trades_response-valid_raw_recent_trades-item_modification0-Skipping non-dict item-handler_args_spec0-recent trades ({symbol}) - Status: 200-True] PASSED [ 33%]
tests/unit/apis/backpack/test_bp_response_handler.py::test_handler_list_item_errors[handle_get_recent_trades_response-valid_raw_recent_trades-item_modification1-price-handler_args_spec1-single trade item in recent trades ({symbol}) - Status: 200-False] PASSED [ 33%]
tests/unit/apis/backpack/test_bp_response_handler.py::test_handler_list_item_errors[handle_get_balances_response-valid_raw_balances-item_modification2-Skipping non-dict balance details-handler_args_spec2-balances-True] PASSED [ 33%]
tests/unit/apis/backpack/test_bp_response_handler.py::test_handler_list_item_errors[handle_get_positions_response-valid_raw_positions-item_modification3-Skipping non-dict item-handler_args_spec3-positions ({symbol})-True] PASSED [ 33%]
tests/unit/apis/backpack/test_bp_response_handler.py::test_handler_list_item_errors[handle_get_positions_response-valid_raw_positions-item_modification4-symbol-handler_args_spec4-single position item in positions (all)-False] PASSED [ 33%]
tests/unit/apis/backpack/test_bp_response_handler.py::test_handler_list_item_errors[handle_get_open_orders_response-valid_raw_open_orders-item_modification5-Skipping non-dict item-handler_args_spec5-open orders ({symbol})-True] PASSED [ 33%]
tests/unit/apis/backpack/test_bp_response_handler.py::test_handler_list_item_errors[handle_get_open_orders_response-valid_raw_open_orders-item_modification6-side-handler_args_spec6-single open order item in open orders ({symbol})-False] PASSED [ 33%]
tests/unit/apis/backpack/test_bp_response_handler.py::test_handler_list_item_errors[handle_get_order_history_response-valid_raw_order_history-item_modification7-Skipping non-dict item-handler_args_spec7-order history ({symbol})-True] PASSED [ 33%]
tests/unit/apis/backpack/test_bp_response_handler.py::test_handler_list_item_errors[handle_get_order_history_response-valid_raw_order_history-item_modification8-orderType-handler_args_spec8-single order history item in order history ({symbol})-False] PASSED [ 33%]
tests/unit/apis/backpack/test_bp_response_handler.py::test_handler_list_item_errors[handle_get_trade_history_response-valid_raw_trade_history-item_modification9-Skipping non-dict item-handler_args_spec9-trade history ({symbol})-True] PASSED [ 34%]
tests/unit/apis/backpack/test_bp_response_handler.py::test_handler_list_item_errors[handle_get_trade_history_response-valid_raw_trade_history-item_modification10-price-handler_args_spec10-single trade item in trade history ({symbol})-False] PASSED [ 34%]
tests/unit/apis/backpack/test_bp_response_handler.py::test_handler_list_item_errors[handle_get_trade_history_response-valid_raw_trade_history-item_modification11-qty-handler_args_spec11-single trade item in trade history ({symbol})-False] PASSED [ 34%]
tests/unit/apis/backpack/test_bp_response_handler.py::test_handler_list_item_errors[handle_get_market_data_response-valid_raw_market_data-item_modification12-[cyberdelta.apis.backpack.bp_response_handler] Skipping non-list kline item-handler_args_spec12-market data (klines {symbol}, {timeframe}) - Status: 200-True] PASSED [ 34%]
tests/unit/apis/backpack/test_bp_response_handler.py::test_handler_list_item_errors[handle_get_historical_trades_response-valid_raw_historical_trades-item_modification13-Skipping non-dict item-handler_args_spec13-historical trades ({symbol}) - Status: 200-True] PASSED [ 34%]
tests/unit/apis/backpack/test_bp_response_handler.py::test_handler_list_item_errors[handle_get_historical_trades_response-valid_raw_historical_trades-item_modification14-price-handler_args_spec14-single historical trade item in historical trades ({symbol}) - Status: 200-False] PASSED [ 34%]
tests/unit/apis/backpack/test_bp_ws_raw_message_handler.py::test_handle_depth_payload_valid PASSED [ 34%]
tests/unit/apis/backpack/test_bp_ws_raw_message_handler.py::test_handle_depth_payload_invalid PASSED [ 34%]
tests/unit/apis/backpack/test_bp_ws_raw_message_handler.py::test_handle_ticker_payload_valid PASSED [ 34%]
tests/unit/apis/backpack/test_bp_ws_raw_message_handler.py::test_handle_ticker_payload_invalid PASSED [ 34%]
tests/unit/apis/backpack/test_bp_ws_raw_message_handler.py::test_handle_trade_event_payload_valid PASSED [ 34%]
tests/unit/apis/backpack/test_bp_ws_raw_message_handler.py::test_handle_trade_event_payload_invalid PASSED [ 34%]
tests/unit/apis/backpack/test_bp_ws_raw_message_handler.py::test_handle_order_update_payload_valid PASSED [ 34%]
tests/unit/apis/backpack/test_bp_ws_raw_message_handler.py::test_handle_order_update_payload_invalid PASSED [ 34%]
tests/unit/apis/backpack/test_bp_ws_raw_message_handler.py::test_handle_position_update_payload_valid PASSED [ 34%]
tests/unit/apis/backpack/test_bp_ws_raw_message_handler.py::test_handle_position_update_payload_invalid PASSED [ 34%]
tests/unit/apis/base/test_exchange_api.py::TestExchangeAPIInitialization::test_api_creation_with_di_fixture PASSED [ 34%]
tests/unit/apis/base/test_exchange_api.py::TestExchangeAPIInitialization::test_api_creation_with_custom_config PASSED [ 34%]
tests/unit/apis/base/test_exchange_api.py::TestExchangeAPIInitialization::test_api_creation_with_custom_exchange_name PASSED [ 35%]
tests/unit/apis/base/test_exchange_api.py::TestExchangeAPIWebSocketOperations::test_connect_websocket_delegates_to_ws_manager PASSED [ 35%]
tests/unit/apis/base/test_exchange_api.py::TestExchangeAPIWebSocketOperations::test_subscribe_sends_payload_when_connected PASSED [ 35%]
tests/unit/apis/base/test_exchange_api.py::TestExchangeAPIWebSocketOperations::test_subscribe_logs_warning_when_not_connected PASSED [ 35%]
tests/unit/apis/base/test_exchange_api.py::TestExchangeAPIWebSocketOperations::test_is_connected_property_delegates_to_ws_manager PASSED [ 35%]
tests/unit/apis/base/test_exchange_api.py::TestExchangeAPIWebSocketOperations::test_construct_subscription_payload_integration PASSED [ 35%]
tests/unit/apis/base/test_exchange_api.py::TestExchangeAPIWebSocketOperations::test_websocket_reconnection_triggers_resubscription PASSED [ 35%]
tests/unit/apis/base/test_exchange_api.py::TestExchangeAPIWebSocketOperations::test_subscription_payload_construction_integration PASSED [ 35%]
tests/unit/apis/base/test_exchange_api.py::TestExchangeAPIResourceManagement::test_api_close_cleanup_http_client PASSED [ 35%]
tests/unit/apis/base/test_exchange_api.py::TestExchangeAPIResourceManagement::test_api_close_cleanup_websocket_manager PASSED [ 35%]
tests/unit/apis/base/test_exchange_api.py::TestExchangeAPIResourceManagement::test_api_close_handles_missing_dependencies PASSED [ 35%]
tests/unit/apis/base/test_exchange_api.py::TestExchangeAPIErrorHandling::test_http_client_error_mapping PASSED [ 35%]
tests/unit/apis/base/test_exchange_api.py::TestExchangeAPIDependencyIsolation::test_custom_dependency_override PASSED [ 35%]
tests/unit/apis/base/test_exchange_api.py::TestExchangeAPIDependencyIsolation::test_multiple_api_instances_are_isolated PASSED [ 35%]
tests/unit/apis/base/test_exchange_api.py::TestExchangeAPIDependencyIsolation::test_dependency_injection_completeness PASSED [ 35%]
tests/unit/apis/base/test_exchange_api.py::TestExchangeAPIPublicInterface::test_abstract_methods_implemented PASSED [ 35%]
tests/unit/apis/base/test_exchange_api.py::TestExchangeAPIPublicInterface::test_subscription_payload_construction PASSED [ 35%]
tests/unit/apis/base/test_exchange_api.py::TestExchangeAPIPublicInterface::test_websocket_connection_interface PASSED [ 36%]
tests/unit/apis/connectivity/test_connectivity_models.py::TestProcessedResponseHeaders::test_valid_instantiation_defaults PASSED [ 36%]
tests/unit/apis/connectivity/test_connectivity_models.py::TestProcessedResponseHeaders::test_valid_content_type[application/json] PASSED [ 36%]
tests/unit/apis/connectivity/test_connectivity_models.py::TestProcessedResponseHeaders::test_valid_content_type[text/html; charset=utf-8] PASSED [ 36%]
tests/unit/apis/connectivity/test_connectivity_models.py::TestProcessedResponseHeaders::test_valid_content_type[application/vnd.api+json] PASSED [ 36%]
tests/unit/apis/connectivity/test_connectivity_models.py::TestProcessedResponseHeaders::test_valid_content_type[] PASSED [ 36%]
tests/unit/apis/connectivity/test_connectivity_models.py::TestProcessedResponseHeaders::test_valid_content_type[aaaaaaaaaaaaaaaaaaaaaaaaaaaaaaaaaaaaaaaaaaaaaaaaaaaaaaaaaaaaaaaaaaaaaaaaaaaaaaaaaaaaaaaaaaaaaaaaaaaaaaaaaaaaaaaaaaaaaaaaaaaaaaaaaaaaaaaaaaaaaaaaaaaaaaaaaaaaaaaaaaaaaaaaaaaaaaaaaaaaaaaaaaaaaaaaaaaaaaaaaaaaaaaaaaaaaaaaaaaaaaaaaaaaaaaaaaaaaaaaaaaaaaaaaaaaaaaa] PASSED [ 36%]
tests/unit/apis/connectivity/test_connectivity_models.py::TestProcessedResponseHeaders::test_invalid_content_type[aaaaaaaaaaaaaaaaaaaaaaaaaaaaaaaaaaaaaaaaaaaaaaaaaaaaaaaaaaaaaaaaaaaaaaaaaaaaaaaaaaaaaaaaaaaaaaaaaaaaaaaaaaaaaaaaaaaaaaaaaaaaaaaaaaaaaaaaaaaaaaaaaaaaaaaaaaaaaaaaaaaaaaaaaaaaaaaaaaaaaaaaaaaaaaaaaaaaaaaaaaaaaaaaaaaaaaaaaaaaaaaaaaaaaaaaaaaaaaaaaaaaaaaaaaaaaaaaa-string should have at most 256 characters] PASSED [ 36%]
tests/unit/apis/connectivity/test_connectivity_models.py::TestProcessedResponseHeaders::test_invalid_content_type[application/json\\n-invalid characters] PASSED [ 36%]
tests/unit/apis/connectivity/test_connectivity_models.py::TestProcessedResponseHeaders::test_invalid_content_type[\\t\\t-content-type contains invalid character] PASSED [ 36%]
tests/unit/apis/connectivity/test_connectivity_models.py::TestProcessedResponseHeaders::test_invalid_content_type[ -content-type cannot be only whitespace] PASSED [ 36%]
tests/unit/apis/connectivity/test_connectivity_models.py::TestProcessedResponseHeaders::test_invalid_content_type[\u4f60\u597d\u4e16\u754c-invalid characters] PASSED [ 36%]
tests/unit/apis/connectivity/test_connectivity_models.py::TestProcessedResponseHeaders::test_frozen_behavior PASSED [ 36%]
tests/unit/apis/connectivity/test_connectivity_models.py::TestProcessedResponseHeaders::test_extra_forbid_behavior PASSED [ 36%]
tests/unit/apis/connectivity/test_connectivity_models.py::TestHttpClientConfig::test_valid_instantiation_defaults PASSED [ 36%]
tests/unit/apis/connectivity/test_connectivity_models.py::TestHttpClientConfig::test_valid_instantiation_custom_values PASSED [ 36%]
tests/unit/apis/connectivity/test_connectivity_models.py::TestHttpClientConfig::test_valid_optional_fields_none PASSED [ 36%]
tests/unit/apis/connectivity/test_connectivity_models.py::TestHttpClientConfig::test_invalid_field_values[rest_endpoint-not_a_url-input should be a valid url] PASSED [ 36%]
tests/unit/apis/connectivity/test_connectivity_models.py::TestHttpClientConfig::test_invalid_field_values[default_request_timeout-0.0-Input should be greater than 0] PASSED [ 37%]
tests/unit/apis/connectivity/test_connectivity_models.py::TestHttpClientConfig::test_invalid_field_values[default_request_timeout--1.0-Input should be greater than 0] PASSED [ 37%]
tests/unit/apis/connectivity/test_connectivity_models.py::TestHttpClientConfig::test_invalid_field_values[default_request_timeout-120.1-Input should be less than or equal to 120] PASSED [ 37%]
tests/unit/apis/connectivity/test_connectivity_models.py::TestHttpClientConfig::test_invalid_field_values[max_retries--1-Input should be greater than or equal to 0] PASSED [ 37%]
tests/unit/apis/connectivity/test_connectivity_models.py::TestHttpClientConfig::test_invalid_field_values[max_retries-11-Input should be less than or equal to 10] PASSED [ 37%]
tests/unit/apis/connectivity/test_connectivity_models.py::TestHttpClientConfig::test_invalid_field_values[retry_delay_seconds-0.0-Input should be greater than 0] PASSED [ 37%]
tests/unit/apis/connectivity/test_connectivity_models.py::TestHttpClientConfig::test_invalid_field_values[retry_delay_seconds--1.0-Input should be greater than 0] PASSED [ 37%]
tests/unit/apis/connectivity/test_connectivity_models.py::TestHttpClientConfig::test_invalid_field_values[retry_delay_seconds-300.1-Input should be less than or equal to 300] PASSED [ 37%]
tests/unit/apis/connectivity/test_connectivity_models.py::TestHttpClientConfig::test_frozen_behavior PASSED [ 37%]
tests/unit/apis/connectivity/test_connectivity_models.py::TestHttpClientConfig::test_extra_forbid_behavior PASSED [ 37%]
tests/unit/apis/connectivity/test_connectivity_models.py::TestHttpClientConfig::test_max_retries_validation PASSED [ 37%]
tests/unit/apis/connectivity/test_connectivity_models.py::TestWebSocketManagerConfig::test_valid_instantiation_defaults PASSED [ 37%]
tests/unit/apis/connectivity/test_connectivity_models.py::TestWebSocketManagerConfig::test_valid_instantiation_custom_values PASSED [ 37%]
tests/unit/apis/connectivity/test_connectivity_models.py::TestWebSocketManagerConfig::test_invalid_field_values[ws_url-not a websocket url-input should be a valid url] PASSED [ 37%]
tests/unit/apis/connectivity/test_connectivity_models.py::TestWebSocketManagerConfig::test_invalid_field_values[ping_interval-0.0-Input should be greater than 0] PASSED [ 37%]
tests/unit/apis/connectivity/test_connectivity_models.py::TestWebSocketManagerConfig::test_invalid_field_values[ping_interval--5.0-Input should be greater than 0] PASSED [ 37%]
tests/unit/apis/connectivity/test_connectivity_models.py::TestWebSocketManagerConfig::test_invalid_field_values[ping_interval-60.1-Input should be less than or equal to 60] PASSED [ 37%]
tests/unit/apis/connectivity/test_connectivity_models.py::TestWebSocketManagerConfig::test_invalid_field_values[reconnect_delay-0.0-Input should be greater than 0] PASSED [ 38%]
tests/unit/apis/connectivity/test_connectivity_models.py::TestWebSocketManagerConfig::test_invalid_field_values[reconnect_delay--1.0-Input should be greater than 0] PASSED [ 38%]
tests/unit/apis/connectivity/test_connectivity_models.py::TestWebSocketManagerConfig::test_invalid_field_values[reconnect_delay-300.1-Input should be less than or equal to 300] PASSED [ 38%]
tests/unit/apis/connectivity/test_connectivity_models.py::TestWebSocketManagerConfig::test_invalid_field_values[max_reconnect_attempts--1-Input should be greater than or equal to 0] PASSED [ 38%]
tests/unit/apis/connectivity/test_connectivity_models.py::TestWebSocketManagerConfig::test_invalid_field_values[max_reconnect_attempts-21-Input should be less than or equal to 20] PASSED [ 38%]
tests/unit/apis/connectivity/test_connectivity_models.py::TestWebSocketManagerConfig::test_invalid_field_values[connection_timeout-0.0-Input should be greater than 0] PASSED [ 38%]
tests/unit/apis/connectivity/test_connectivity_models.py::TestWebSocketManagerConfig::test_invalid_field_values[connection_timeout--10.0-Input should be greater than 0] PASSED [ 38%]
tests/unit/apis/connectivity/test_connectivity_models.py::TestWebSocketManagerConfig::test_invalid_field_values[connection_timeout-120.1-Input should be less than or equal to 120] PASSED [ 38%]
tests/unit/apis/connectivity/test_connectivity_models.py::TestWebSocketManagerConfig::test_frozen_behavior PASSED [ 38%]
tests/unit/apis/connectivity/test_connectivity_models.py::TestWebSocketManagerConfig::test_extra_forbid_behavior PASSED [ 38%]
tests/unit/apis/connectivity/test_connectivity_models.py::TestWebSocketManagerConfig::test_max_retries_validation PASSED [ 38%]
tests/unit/apis/connectivity/test_connectivity_models.py::TestWebSocketManagerConfig::test_ping_interval_validation PASSED [ 38%]
tests/unit/apis/connectivity/test_http_client.py::TestHttpClient::test_internal_session_creation_reuse_and_closure PASSED [ 38%]
tests/unit/apis/connectivity/test_http_client.py::TestHttpClient::test_close_session_idempotent_internal_session PASSED [ 38%]
tests/unit/apis/connectivity/test_http_client.py::TestHttpClient::test_async_context_manager_internal_session PASSED [ 38%]
tests/unit/apis/connectivity/test_http_client.py::TestHttpClient::test_external_session_is_used_and_not_closed PASSED [ 38%]
tests/unit/apis/connectivity/test_http_client.py::TestHttpClient::test_request_successful_json PASSED [ 38%]
tests/unit/apis/connectivity/test_http_client.py::TestHttpClient::test_request_successful_text PASSED [ 38%]
tests/unit/apis/connectivity/test_http_client.py::TestHttpClient::test_request_204_no_content PASSED [ 39%]
tests/unit/apis/connectivity/test_http_client.py::TestHttpClient::test_request_signed PASSED [ 39%]
tests/unit/apis/connectivity/test_http_client.py::TestHttpClient::test_request_signed_no_authenticator_raises_api_error PASSED [ 39%]
tests/unit/apis/connectivity/test_http_client.py::TestHttpClient::test_authenticator_prepare_request_raises_api_error PASSED [ 39%]
tests/unit/apis/connectivity/test_http_client.py::TestHttpClient::test_http_error_400_raises_HttpRequestFailedError_no_retry PASSED [ 39%]
tests/unit/apis/connectivity/test_http_client.py::TestHttpClient::test_http_error_500_retries_then_raises PASSED [ 39%]
tests/unit/apis/connectivity/test_http_client.py::TestHttpClient::test_client_error_retries_then_raises PASSED [ 39%]
tests/unit/apis/connectivity/test_http_client.py::TestHttpClient::test_url_construction PASSED [ 39%]
tests/unit/apis/connectivity/test_http_client.py::TestHttpClient::test_request_custom_timeout PASSED [ 39%]
tests/unit/apis/connectivity/test_http_client.py::TestHttpClient::test_request_json_decode_error PASSED [ 39%]
tests/unit/apis/connectivity/test_http_client.py::TestHttpClient::test_request_payload_error_on_body_read PASSED [ 39%]
tests/unit/apis/connectivity/test_http_client.py::TestHttpClient::test_request_invalid_content_type_header_from_server PASSED [ 39%]
tests/unit/apis/connectivity/test_http_client.py::TestHttpClientRequestResponseParsing::test_parse_valid_json_response PASSED [ 39%]
tests/unit/apis/connectivity/test_http_client.py::TestHttpClientRequestResponseParsing::test_parse_valid_text_response PASSED [ 39%]
tests/unit/apis/connectivity/test_http_client.py::TestHttpClientRequestResponseParsing::test_parse_204_no_content_response PASSED [ 39%]
tests/unit/apis/connectivity/test_http_client.py::TestHttpClientRequestResponseParsing::test_parse_invalid_content_type_too_long PASSED [ 39%]
tests/unit/apis/connectivity/test_http_client.py::TestHttpClientRequestResponseParsing::test_parse_missing_content_type PASSED [ 39%]
tests/unit/apis/connectivity/test_http_client.py::TestHttpClientRequestResponseParsing::test_parse_json_decode_error PASSED [ 40%]
tests/unit/apis/connectivity/test_http_client.py::TestHttpClientRequestResponseParsing::test_parse_client_payload_error_on_text_read PASSED [ 40%]
tests/unit/apis/connectivity/test_http_client.py::TestHttpClientRequestResponseParsing::test_parse_json_content_type_but_none_body PASSED [ 40%]
tests/unit/apis/connectivity/test_http_client.py::TestRateLimiterIntegration::test_rate_limiter_integration PASSED [ 40%]
tests/unit/apis/connectivity/test_rate_limiter_service.py::TestRateLimiterService::test_initialization PASSED [ 40%]
tests/unit/apis/connectivity/test_rate_limiter_service.py::TestRateLimiterService::test_initialization_with_basic_config PASSED [ 40%]
tests/unit/apis/connectivity/test_rate_limiter_service.py::TestRateLimiterService::test_initialization_no_endpoints PASSED [ 40%]
tests/unit/apis/connectivity/test_rate_limiter_service.py::TestRateLimiterService::test_initialization_invalid_types_uses_defaults PASSED [ 40%]
tests/unit/apis/connectivity/test_rate_limiter_service.py::TestRateLimiterService::test_initialization_missing_rate_limits_key_uses_defaults PASSED [ 40%]
tests/unit/apis/connectivity/test_rate_limiter_service.py::TestRateLimiterService::test_initialization_invalid_rate_limits_structure PASSED [ 40%]
tests/unit/apis/connectivity/test_rate_limiter_service.py::TestRateLimiterService::test_initialization_invalid_endpoints_structure PASSED [ 40%]
tests/unit/apis/connectivity/test_rate_limiter_service.py::TestRateLimiterService::test_initialization_invalid_endpoint_config_item_type PASSED [ 40%]
tests/unit/apis/connectivity/test_rate_limiter_service.py::TestRateLimiterService::test_get_limiter[GET-/specific/path-5-5] PASSED [ 40%]
tests/unit/apis/connectivity/test_rate_limiter_service.py::TestRateLimiterService::test_get_limiter[gEt-/specific/path-5-5] PASSED [ 40%]
tests/unit/apis/connectivity/test_rate_limiter_service.py::TestRateLimiterService::test_get_limiter[PUT-/path/only-2-2] PASSED [ 40%]
tests/unit/apis/connectivity/test_rate_limiter_service.py::TestRateLimiterService::test_get_limiter[DELETE-/unknown/path-10-10] PASSED [ 40%]
tests/unit/apis/connectivity/test_rate_limiter_service.py::TestRateLimiterService::test_get_limiter[POST-/another/path-1-1] PASSED [ 40%]
tests/unit/apis/connectivity/test_rate_limiter_service.py::TestRateLimiterService::test_limiter_acquires_token PASSED [ 40%]
tests/unit/apis/connectivity/test_rate_limiter_service.py::TestRateLimiterService::test_frozen_behavior PASSED [ 41%]
tests/unit/apis/connectivity/test_rate_limiter_service.py::TestRateLimiterService::test_init_signature_prevents_extra_kwargs PASSED [ 41%]
tests/unit/apis/connectivity/test_rate_limiter_service.py::TestRateLimiterService::test_initialization_with_endpoint_config_none PASSED [ 41%]
tests/unit/apis/connectivity/test_ws_manager.py::TestWebSocketManager::test_connect_returns_task_and_idempotency PASSED [ 41%]
tests/unit/apis/connectivity/test_ws_manager.py::TestWebSocketManager::test_connection_success_flow PASSED [ 41%]
tests/unit/apis/connectivity/test_ws_manager.py::TestWebSocketManager::test_connection_failure_retries_and_gives_up PASSED [ 41%]
tests/unit/apis/connectivity/test_ws_manager.py::TestWebSocketManager::test_close_cancels_tasks_and_closes_connection_session PASSED [ 41%]
tests/unit/apis/connectivity/test_ws_manager.py::TestWebSocketManager::test_close_when_not_connected_closes_idle_internal_session PASSED [ 41%]
tests/unit/apis/connectivity/test_ws_manager.py::TestWebSocketManager::test_listen_loop_processes_message_and_reconnects_on_close PASSED [ 41%]
tests/unit/apis/connectivity/test_ws_manager.py::TestWebSocketManager::test_config_validation_invalid_url PASSED [ 41%]
tests/unit/apis/connectivity/test_ws_manager.py::TestWebSocketManager::test_config_validation_numeric_bounds[ping_interval--1-Input should be greater than 0] PASSED [ 41%]
tests/unit/apis/connectivity/test_ws_manager.py::TestWebSocketManager::test_config_validation_numeric_bounds[reconnect_delay-0-Input should be greater than 0] PASSED [ 41%]
tests/unit/apis/connectivity/test_ws_manager.py::TestWebSocketManager::test_config_validation_numeric_bounds[max_reconnect_attempts--1-Input should be greater than or equal to 0] PASSED [ 41%]
tests/unit/apis/connectivity/test_ws_manager.py::TestWebSocketManager::test_config_validation_numeric_bounds[connection_timeout-0-Input should be greater than 0] PASSED [ 41%]
tests/unit/apis/connectivity/test_ws_manager.py::TestWebSocketManager::test_config_frozen_and_extra_forbid PASSED [ 41%]
tests/unit/apis/connectivity/test_ws_manager.py::test_simple_async_works_in_this_file PASSED [ 41%]
tests/unit/apis/connectivity/test_ws_manager.py::TestWebSocketManagerComprehensiveErrorHandling::test_connection_timeout_during_handshake PASSED [ 41%]
tests/unit/apis/connectivity/test_ws_manager.py::TestWebSocketManagerComprehensiveErrorHandling::test_connection_refused_error PASSED [ 42%]
tests/unit/apis/connectivity/test_ws_manager.py::TestWebSocketManagerComprehensiveErrorHandling::test_message_handler_exception_isolation PASSED [ 42%]
tests/unit/apis/connectivity/test_ws_manager.py::TestWebSocketManagerComprehensiveErrorHandling::test_malformed_json_message_handling PASSED [ 42%]
tests/unit/apis/connectivity/test_ws_manager.py::TestWebSocketManagerComprehensiveErrorHandling::test_send_when_not_connected PASSED [ 42%]
tests/unit/apis/connectivity/test_ws_manager.py::TestWebSocketManagerComprehensiveErrorHandling::test_double_close_safety PASSED [ 42%]
tests/unit/apis/connectivity/test_ws_manager.py::TestWebSocketManagerComprehensiveErrorHandling::test_zero_max_reconnect_attempts PASSED [ 42%]
tests/unit/apis/hyperliquid/mappers/test_hl_account_data_mapper.py::TestMapRawClearinghouseStateToMarginSummary::test_happy_path_with_positions PASSED [ 42%]
tests/unit/apis/hyperliquid/mappers/test_hl_account_data_mapper.py::TestMapRawClearinghouseStateToMarginSummary::test_map_raw_clearinghouse_state_to_margin_summary_no_derivatives PASSED [ 42%]
tests/unit/apis/hyperliquid/mappers/test_hl_account_data_mapper.py::TestMapRawClearinghouseStateToMarginSummary::test_invalid_numeric_strings_in_raw_state PASSED [ 42%]
tests/unit/apis/hyperliquid/mappers/test_hl_account_data_mapper.py::TestMapRawClearinghouseStateToMarginSummary::test_withdrawable_funds_invalid_or_missing_in_raw_state PASSED [ 42%]
tests/unit/apis/hyperliquid/mappers/test_hl_account_data_mapper.py::TestMapRawClearinghouseStateToMarginSummary::test_cross_maintenance_margin_used_invalid_or_missing_in_raw_state PASSED [ 42%]
tests/unit/apis/hyperliquid/mappers/test_hl_account_data_mapper.py::TestMapRawClearinghouseStateToMarginSummary::test_direct_validation_of_cross_maintenance_margin_used_invalid PASSED [ 42%]
tests/unit/apis/hyperliquid/mappers/test_hl_account_data_mapper.py::test_map_raw_clearinghouse_state_to_spot_balances_empty PASSED [ 42%]
tests/unit/apis/hyperliquid/mappers/test_hl_account_data_mapper.py::test_map_raw_clearinghouse_state_to_spot_balances_with_usdc PASSED [ 42%]
tests/unit/apis/hyperliquid/mappers/test_hl_account_data_mapper.py::test_map_raw_clearinghouse_state_to_spot_balances_with_other_spot_assets PASSED [ 42%]
tests/unit/apis/hyperliquid/mappers/test_hl_account_data_mapper.py::test_map_raw_clearinghouse_state_to_derivative_positions_empty PASSED [ 42%]
tests/unit/apis/hyperliquid/mappers/test_hl_account_data_mapper.py::test_map_raw_clearinghouse_state_to_derivative_positions_populated PASSED [ 42%]
tests/unit/apis/hyperliquid/mappers/test_hl_account_data_mapper.py::test_transform_raw_fill_to_internal_buy_taker PASSED [ 42%]
tests/unit/apis/hyperliquid/mappers/test_hl_account_data_mapper.py::test_transform_raw_fill_to_internal_sell_maker PASSED [ 43%]
tests/unit/apis/hyperliquid/mappers/test_hl_account_data_mapper.py::test_transform_raw_fill_to_internal_invalid_data_handling PASSED [ 43%]
tests/unit/apis/hyperliquid/mappers/test_hl_market_data_mapper.py::test_map_raw_ctx_to_ticker_eth PASSED [ 43%]
tests/unit/apis/hyperliquid/mappers/test_hl_market_data_mapper.py::test_map_raw_ctx_to_ticker_btc_no_impact PASSED [ 43%]
tests/unit/apis/hyperliquid/mappers/test_hl_market_data_mapper.py::test_map_raw_order_book_eth PASSED [ 43%]
tests/unit/apis/hyperliquid/mappers/test_hl_market_data_mapper.py::test_map_raw_order_book_with_depth_limit PASSED [ 43%]
tests/unit/apis/hyperliquid/mappers/test_hl_market_data_mapper.py::test_map_raw_order_book_empty PASSED [ 43%]
tests/unit/apis/hyperliquid/mappers/test_hl_market_data_mapper.py::test_map_raw_order_book_malformed_levels_structure PASSED [ 43%]
tests/unit/apis/hyperliquid/mappers/test_hl_market_data_mapper.py::test_transform_raw_public_trade_to_internal_buy PASSED [ 43%]
tests/unit/apis/hyperliquid/mappers/test_hl_market_data_mapper.py::test_transform_raw_public_trade_to_internal_sell PASSED [ 43%]
tests/unit/apis/hyperliquid/mappers/test_hl_market_data_mapper.py::test_transform_raw_public_trade_invalid_data PASSED [ 43%]
tests/unit/apis/hyperliquid/mappers/test_hl_market_data_mapper.py::test_map_raw_trades_empty_list PASSED [ 43%]
tests/unit/apis/hyperliquid/mappers/test_hl_market_data_mapper.py::test_map_raw_trades_populated_list PASSED [ 43%]
tests/unit/apis/hyperliquid/mappers/test_hl_market_data_mapper.py::test_map_raw_trades_with_limit PASSED [ 43%]
tests/unit/apis/hyperliquid/mappers/test_hl_market_data_mapper.py::test_map_raw_trades_limit_greater_than_list_size PASSED [ 43%]
tests/unit/apis/hyperliquid/mappers/test_hl_market_data_mapper.py::test_map_raw_trades_with_transformation_error PASSED [ 43%]
tests/unit/apis/hyperliquid/mappers/test_hl_market_data_mapper.py::test_map_raw_ctx_to_funding_rate_eth PASSED [ 43%]
tests/unit/apis/hyperliquid/mappers/test_hl_market_data_mapper.py::test_map_raw_ctx_to_funding_rate_btc_negative_funding PASSED [ 44%]
tests/unit/apis/hyperliquid/mappers/test_hl_market_data_mapper.py::test_map_raw_ctx_to_funding_rate_parsing_error_returns_funding_rate_with_none PASSED [ 44%]
tests/unit/apis/hyperliquid/mappers/test_hl_trading_data_mapper.py::TestOrderSideMapping::test_raw_order_side_mapping[B-OrderSide.BUY] PASSED [ 44%]
tests/unit/apis/hyperliquid/mappers/test_hl_trading_data_mapper.py::TestOrderSideMapping::test_raw_order_side_mapping[A-OrderSide.SELL] PASSED [ 44%]
tests/unit/apis/hyperliquid/mappers/test_hl_trading_data_mapper.py::TestOrderSideMapping::test_historical_order_side_mapping[B-OrderSide.BUY] PASSED [ 44%]
tests/unit/apis/hyperliquid/mappers/test_hl_trading_data_mapper.py::TestOrderSideMapping::test_historical_order_side_mapping[A-OrderSide.SELL] PASSED [ 44%]
tests/unit/apis/hyperliquid/mappers/test_hl_trading_data_mapper.py::test_invalid_order_side_raises_error[X] FAILED [ 44%]
tests/unit/apis/hyperliquid/mappers/test_hl_trading_data_mapper.py::test_invalid_order_side_raises_error[] FAILED [ 44%]
tests/unit/apis/hyperliquid/mappers/test_hl_trading_data_mapper.py::test_invalid_order_side_raises_error[b] FAILED [ 44%]
tests/unit/apis/hyperliquid/mappers/test_hl_trading_data_mapper.py::test_invalid_order_side_raises_error[buy] FAILED [ 44%]
tests/unit/apis/hyperliquid/mappers/test_hl_trading_data_mapper.py::test_invalid_order_side_raises_error[sell] FAILED [ 44%]
tests/unit/apis/hyperliquid/mappers/test_hl_trading_data_mapper.py::test_invalid_order_side_raises_error[invalid] FAILED [ 44%]
tests/unit/apis/hyperliquid/mappers/test_hl_trading_data_mapper.py::test_order_status_mapping[open-OrderStatus.OPEN] PASSED [ 44%]
tests/unit/apis/hyperliquid/mappers/test_hl_trading_data_mapper.py::test_order_status_mapping[filled-OrderStatus.FILLED] PASSED [ 44%]
tests/unit/apis/hyperliquid/mappers/test_hl_trading_data_mapper.py::test_order_status_mapping[cancelled-OrderStatus.CANCELED] FAILED [ 44%]
tests/unit/apis/hyperliquid/mappers/test_hl_trading_data_mapper.py::test_order_status_mapping[canceled-OrderStatus.CANCELED] PASSED [ 44%]
tests/unit/apis/hyperliquid/mappers/test_hl_trading_data_mapper.py::test_order_status_mapping[rejected-OrderStatus.REJECTED] PASSED [ 44%]
tests/unit/apis/hyperliquid/mappers/test_hl_trading_data_mapper.py::test_order_status_mapping[partially_filled-OrderStatus.PARTIALLY_FILLED] FAILED [ 44%]
tests/unit/apis/hyperliquid/mappers/test_hl_trading_data_mapper.py::test_order_status_mapping[OPEN-OrderStatus.OPEN] FAILED [ 45%]
tests/unit/apis/hyperliquid/mappers/test_hl_trading_data_mapper.py::test_order_status_mapping[FILLED-OrderStatus.FILLED] FAILED [ 45%]
tests/unit/apis/hyperliquid/mappers/test_hl_trading_data_mapper.py::test_order_status_mapping[unknown_status-OrderStatus.UNKNOWN] FAILED [ 45%]
tests/unit/apis/hyperliquid/mappers/test_hl_trading_data_mapper.py::test_order_status_mapping[-OrderStatus.UNKNOWN] FAILED [ 45%]
tests/unit/apis/hyperliquid/mappers/test_hl_trading_data_mapper.py::test_order_type_mapping[order_type_dict0-None-OrderType.LIMIT] PASSED [ 45%]
tests/unit/apis/hyperliquid/mappers/test_hl_trading_data_mapper.py::test_order_type_mapping[order_type_dict1-None-OrderType.MARKET] PASSED [ 45%]
tests/unit/apis/hyperliquid/mappers/test_hl_trading_data_mapper.py::test_order_type_mapping[order_type_dict2-sl-OrderType.STOP_LIMIT] PASSED [ 45%]
tests/unit/apis/hyperliquid/mappers/test_hl_trading_data_mapper.py::test_order_type_mapping[order_type_dict3-tp-OrderType.TAKE_PROFIT_LIMIT] PASSED [ 45%]
tests/unit/apis/hyperliquid/mappers/test_hl_trading_data_mapper.py::test_order_type_mapping[order_type_dict4-sl-OrderType.STOP_MARKET] PASSED [ 45%]
tests/unit/apis/hyperliquid/mappers/test_hl_trading_data_mapper.py::test_order_type_mapping[order_type_dict5-tp-OrderType.TAKE_PROFIT_MARKET] PASSED [ 45%]
tests/unit/apis/hyperliquid/mappers/test_hl_trading_data_mapper.py::test_unknown_order_type_defaults_to_limit[unknown_order_type0] PASSED [ 45%]
tests/unit/apis/hyperliquid/mappers/test_hl_trading_data_mapper.py::test_unknown_order_type_defaults_to_limit[unknown_order_type1] PASSED [ 45%]
tests/unit/apis/hyperliquid/mappers/test_hl_trading_data_mapper.py::test_unknown_order_type_defaults_to_limit[unknown_order_type2] PASSED [ 45%]
tests/unit/apis/hyperliquid/mappers/test_hl_trading_data_mapper.py::test_time_in_force_mapping[order_type_dict0-TimeInForce.GTC] PASSED [ 45%]
tests/unit/apis/hyperliquid/mappers/test_hl_trading_data_mapper.py::test_time_in_force_mapping[order_type_dict1-TimeInForce.IOC] PASSED [ 45%]
tests/unit/apis/hyperliquid/mappers/test_hl_trading_data_mapper.py::test_time_in_force_mapping[order_type_dict2-TimeInForce.ALO] PASSED [ 45%]
tests/unit/apis/hyperliquid/mappers/test_hl_trading_data_mapper.py::test_time_in_force_mapping[order_type_dict3-TimeInForce.GTC] PASSED [ 45%]
tests/unit/apis/hyperliquid/mappers/test_hl_trading_data_mapper.py::test_time_in_force_mapping[order_type_dict4-TimeInForce.IOC] PASSED [ 46%]
tests/unit/apis/hyperliquid/mappers/test_hl_trading_data_mapper.py::test_time_in_force_mapping[order_type_dict5-TimeInForce.ALO] PASSED [ 46%]
tests/unit/apis/hyperliquid/mappers/test_hl_trading_data_mapper.py::test_time_in_force_mapping[order_type_dict6-TimeInForce.GTC] PASSED [ 46%]
tests/unit/apis/hyperliquid/mappers/test_hl_trading_data_mapper.py::test_time_in_force_mapping[order_type_dict7-TimeInForce.GTC] PASSED [ 46%]
tests/unit/apis/hyperliquid/mappers/test_hl_trading_data_mapper.py::test_time_in_force_mapping[order_type_dict8-TimeInForce.GTC] PASSED [ 46%]
tests/unit/apis/hyperliquid/mappers/test_hl_trading_data_mapper.py::test_time_in_force_mapping[order_type_dict9-TimeInForce.GTC] PASSED [ 46%]
tests/unit/apis/hyperliquid/mappers/test_hl_trading_data_mapper.py::test_time_in_force_mapping[order_type_dict10-TimeInForce.GTC] PASSED [ 46%]
tests/unit/apis/hyperliquid/mappers/test_hl_trading_data_mapper.py::TestTransformRawOrderToInternal::test_transform_raw_order_buy_limit_happy_path PASSED [ 46%]
tests/unit/apis/hyperliquid/mappers/test_hl_trading_data_mapper.py::TestTransformRawOrderToInternal::test_transform_raw_order_sell_market_happy_path FAILED [ 46%]
tests/unit/apis/hyperliquid/mappers/test_hl_trading_data_mapper.py::TestTransformRawOrderToInternal::test_transform_raw_order_with_trigger PASSED [ 46%]
tests/unit/apis/hyperliquid/mappers/test_hl_trading_data_mapper.py::TestTransformRawOrderToInternal::test_transform_raw_order_with_trigger_mark_price PASSED [ 46%]
tests/unit/apis/hyperliquid/mappers/test_hl_trading_data_mapper.py::TestTransformRawOrderToInternal::test_transform_raw_order_with_trigger_last_price PASSED [ 46%]
tests/unit/apis/hyperliquid/mappers/test_hl_trading_data_mapper.py::TestTransformRawOrderToInternal::test_transform_raw_order_missing_size_raises_error PASSED [ 46%]
tests/unit/apis/hyperliquid/mappers/test_hl_trading_data_mapper.py::TestTransformRawOrderToInternal::test_transform_raw_order_missing_timestamp_raises_error PASSED [ 46%]
tests/unit/apis/hyperliquid/mappers/test_hl_trading_data_mapper.py::TestTransformRawOrderToInternal::test_transform_raw_order_parsing_exception_raises_transformation_error PASSED [ 46%]
tests/unit/apis/hyperliquid/mappers/test_hl_trading_data_mapper.py::TestTransformRawOrderToInternal::test_transform_raw_order_edge_case_none_remaining_sz PASSED [ 46%]
tests/unit/apis/hyperliquid/mappers/test_hl_trading_data_mapper.py::TestTransformRawOrderToInternal::test_transform_raw_order_edge_case_none_limit_px FAILED [ 46%]
tests/unit/apis/hyperliquid/mappers/test_hl_trading_data_mapper.py::TestTransformRawHistoricalOrderToInternal::test_transform_raw_historical_order_happy_path PASSED [ 46%]
tests/unit/apis/hyperliquid/mappers/test_hl_trading_data_mapper.py::TestTransformRawHistoricalOrderToInternal::test_transform_raw_historical_order_with_trigger PASSED [ 47%]
tests/unit/apis/hyperliquid/mappers/test_hl_trading_data_mapper.py::TestTransformRawHistoricalOrderToInternal::test_transform_raw_historical_order_missing_size_raises_error PASSED [ 47%]
tests/unit/apis/hyperliquid/mappers/test_hl_trading_data_mapper.py::TestTransformRawHistoricalOrderToInternal::test_transform_raw_historical_order_missing_timestamp_raises_error PASSED [ 47%]
tests/unit/apis/hyperliquid/mappers/test_hl_trading_data_mapper.py::TestTransformRawHistoricalOrderToInternal::test_transform_raw_historical_order_no_status_timestamp_uses_created_at PASSED [ 47%]
tests/unit/apis/hyperliquid/mappers/test_hl_trading_data_mapper.py::TestTransformRawHistoricalOrderToInternal::test_transform_raw_historical_order_edge_case_no_cloid Traceback (most recent call last):
  File "/home/demute/code/CyberDeltaEngine/.venv/lib/python3.13/site-packages/pluggy/_callers.py", line 139, in _multicall
    raise exception.with_traceback(exception.__traceback__)
  File "/home/demute/code/CyberDeltaEngine/.venv/lib/python3.13/site-packages/pluggy/_callers.py", line 122, in _multicall
    teardown.throw(exception)  # type: ignore[union-attr]
  File "/home/demute/code/CyberDeltaEngine/.venv/lib/python3.13/site-packages/_pytest/warnings.py", line 112, in pytest_runtest_protocol
    return (yield)
  File "/home/demute/code/CyberDeltaEngine/.venv/lib/python3.13/site-packages/pluggy/_callers.py", line 122, in _multicall
    teardown.throw(exception)  # type: ignore[union-attr]
  File "/home/demute/code/CyberDeltaEngine/.venv/lib/python3.13/site-packages/_pytest/assertion/__init__.py", line 176, in pytest_runtest_protocol
    return (yield)
  File "/home/demute/code/CyberDeltaEngine/.venv/lib/python3.13/site-packages/pluggy/_callers.py", line 122, in _multicall
    teardown.throw(exception)  # type: ignore[union-attr]
  File "/home/demute/code/CyberDeltaEngine/.venv/lib/python3.13/site-packages/_pytest/unittest.py", line 429, in pytest_runtest_protocol
    res = yield
  File "/home/demute/code/CyberDeltaEngine/.venv/lib/python3.13/site-packages/pluggy/_callers.py", line 122, in _multicall
    teardown.throw(exception)  # type: ignore[union-attr]
  File "/home/demute/code/CyberDeltaEngine/.venv/lib/python3.13/site-packages/_pytest/faulthandler.py", line 88, in pytest_runtest_protocol
    return (yield)
  File "/home/demute/code/CyberDeltaEngine/.venv/lib/python3.13/site-packages/pluggy/_callers.py", line 103, in _multicall
    res = hook_impl.function(*args)
  File "/home/demute/code/CyberDeltaEngine/.venv/lib/python3.13/site-packages/_pytest/runner.py", line 113, in pytest_runtest_protocol
    runtestprotocol(item, nextitem=nextitem)
  File "/home/demute/code/CyberDeltaEngine/.venv/lib/python3.13/site-packages/_pytest/runner.py", line 132, in runtestprotocol
    reports.append(call_and_report(item, "call", log))
  File "/home/demute/code/CyberDeltaEngine/.venv/lib/python3.13/site-packages/_pytest/runner.py", line 244, in call_and_report
    report: TestReport = ihook.pytest_runtest_makereport(item=item, call=call)
  File "/home/demute/code/CyberDeltaEngine/.venv/lib/python3.13/site-packages/pluggy/_hooks.py", line 513, in __call__
    return self._hookexec(self.name, self._hookimpls.copy(), kwargs, firstresult)
  File "/home/demute/code/CyberDeltaEngine/.venv/lib/python3.13/site-packages/pluggy/_manager.py", line 120, in _hookexec
    return self._inner_hookexec(hook_name, methods, kwargs, firstresult)
  File "/home/demute/code/CyberDeltaEngine/.venv/lib/python3.13/site-packages/pluggy/_callers.py", line 182, in _multicall
    return outcome.get_result()
  File "/home/demute/code/CyberDeltaEngine/.venv/lib/python3.13/site-packages/pluggy/_result.py", line 100, in get_result
    raise exc.with_traceback(exc.__traceback__)
  File "/home/demute/code/CyberDeltaEngine/.venv/lib/python3.13/site-packages/pluggy/_callers.py", line 167, in _multicall
    teardown.throw(outcome._exception)
  File "/home/demute/code/CyberDeltaEngine/.venv/lib/python3.13/site-packages/_pytest/tmpdir.py", line 310, in pytest_runtest_makereport
    rep = yield
  File "/home/demute/code/CyberDeltaEngine/.venv/lib/python3.13/site-packages/pluggy/_callers.py", line 167, in _multicall
    teardown.throw(outcome._exception)
  File "/home/demute/code/CyberDeltaEngine/.venv/lib/python3.13/site-packages/_pytest/skipping.py", line 269, in pytest_runtest_makereport
    rep = yield
  File "/home/demute/code/CyberDeltaEngine/.venv/lib/python3.13/site-packages/pluggy/_callers.py", line 103, in _multicall
    res = hook_impl.function(*args)
  File "/home/demute/code/CyberDeltaEngine/.venv/lib/python3.13/site-packages/_pytest/runner.py", line 368, in pytest_runtest_makereport
    return TestReport.from_item_and_call(item, call)
  File "/home/demute/code/CyberDeltaEngine/.venv/lib/python3.13/site-packages/_pytest/reports.py", line 376, in from_item_and_call
    longrepr = item.repr_failure(excinfo)
  File "/home/demute/code/CyberDeltaEngine/.venv/lib/python3.13/site-packages/_pytest/python.py", line 1666, in repr_failure
    style = self.config.getoption("tbstyle", "auto")
  File "/home/demute/code/CyberDeltaEngine/.venv/lib/python3.13/site-packages/_pytest/config/__init__.py", line 1694, in getoption
    val = getattr(self.option, name)
  File "/usr/lib/python3.13/unittest/mock.py", line 1168, in __call__
    self._increment_mock_call(*args, **kwargs)
  File "/usr/lib/python3.13/unittest/mock.py", line 1177, in _increment_mock_call
    self.call_count += 1
  File "/usr/lib/python3.13/unittest/mock.py", line 359, in _get
    return getattr(self, _the_name)
  File "/usr/lib/python3.13/unittest/mock.py", line 1168, in __call__
    self._increment_mock_call(*args, **kwargs)
  File "/usr/lib/python3.13/unittest/mock.py", line 1177, in _increment_mock_call
    self.call_count += 1
  File "/usr/lib/python3.13/unittest/mock.py", line 359, in _get
    return getattr(self, _the_name)
  File "/usr/lib/python3.13/unittest/mock.py", line 1168, in __call__
    self._increment_mock_call(*args, **kwargs)
  File "/usr/lib/python3.13/unittest/mock.py", line 1177, in _increment_mock_call
    self.call_count += 1
  File "/usr/lib/python3.13/unittest/mock.py", line 359, in _get
    return getattr(self, _the_name)
  File "/usr/lib/python3.13/unittest/mock.py", line 1168, in __call__
    self._increment_mock_call(*args, **kwargs)
  File "/usr/lib/python3.13/unittest/mock.py", line 1177, in _increment_mock_call
    self.call_count += 1
  File "/usr/lib/python3.13/unittest/mock.py", line 359, in _get
    return getattr(self, _the_name)
  File "/usr/lib/python3.13/unittest/mock.py", line 1168, in __call__
    self._increment_mock_call(*args, **kwargs)
  File "/usr/lib/python3.13/unittest/mock.py", line 1177, in _increment_mock_call
    self.call_count += 1
  File "/usr/lib/python3.13/unittest/mock.py", line 359, in _get
    return getattr(self, _the_name)
  File "/usr/lib/python3.13/unittest/mock.py", line 1168, in __call__
    self._increment_mock_call(*args, **kwargs)
  File "/usr/lib/python3.13/unittest/mock.py", line 1177, in _increment_mock_call
    self.call_count += 1
  File "/usr/lib/python3.13/unittest/mock.py", line 359, in _get
    return getattr(self, _the_name)
  File "/usr/lib/python3.13/unittest/mock.py", line 1168, in __call__
    self._increment_mock_call(*args, **kwargs)
  File "/usr/lib/python3.13/unittest/mock.py", line 1177, in _increment_mock_call
    self.call_count += 1
  File "/usr/lib/python3.13/unittest/mock.py", line 359, in _get
    return getattr(self, _the_name)
  File "/usr/lib/python3.13/unittest/mock.py", line 1168, in __call__
    self._increment_mock_call(*args, **kwargs)
  File "/usr/lib/python3.13/unittest/mock.py", line 1177, in _increment_mock_call
    self.call_count += 1
  File "/usr/lib/python3.13/unittest/mock.py", line 359, in _get
    return getattr(self, _the_name)
  File "/usr/lib/python3.13/unittest/mock.py", line 1168, in __call__
    self._increment_mock_call(*args, **kwargs)
  File "/usr/lib/python3.13/unittest/mock.py", line 1177, in _increment_mock_call
    self.call_count += 1
  File "/usr/lib/python3.13/unittest/mock.py", line 359, in _get
    return getattr(self, _the_name)
  File "/usr/lib/python3.13/unittest/mock.py", line 1168, in __call__
    self._increment_mock_call(*args, **kwargs)
  File "/usr/lib/python3.13/unittest/mock.py", line 1177, in _increment_mock_call
    self.call_count += 1
  File "/usr/lib/python3.13/unittest/mock.py", line 359, in _get
    return getattr(self, _the_name)
  File "/usr/lib/python3.13/unittest/mock.py", line 1168, in __call__
    self._increment_mock_call(*args, **kwargs)
  File "/usr/lib/python3.13/unittest/mock.py", line 1177, in _increment_mock_call
    self.call_count += 1
  File "/usr/lib/python3.13/unittest/mock.py", line 359, in _get
    return getattr(self, _the_name)
  File "/usr/lib/python3.13/unittest/mock.py", line 1168, in __call__
    self._increment_mock_call(*args, **kwargs)
  File "/usr/lib/python3.13/unittest/mock.py", line 1177, in _increment_mock_call
    self.call_count += 1
  File "/usr/lib/python3.13/unittest/mock.py", line 359, in _get
    return getattr(self, _the_name)
  File "/usr/lib/python3.13/unittest/mock.py", line 1168, in __call__
    self._increment_mock_call(*args, **kwargs)
  File "/usr/lib/python3.13/unittest/mock.py", line 1177, in _increment_mock_call
    self.call_count += 1
  File "/usr/lib/python3.13/unittest/mock.py", line 359, in _get
    return getattr(self, _the_name)
  File "/usr/lib/python3.13/unittest/mock.py", line 1168, in __call__
    self._increment_mock_call(*args, **kwargs)
  File "/usr/lib/python3.13/unittest/mock.py", line 1177, in _increment_mock_call
    self.call_count += 1
  File "/usr/lib/python3.13/unittest/mock.py", line 359, in _get
    return getattr(self, _the_name)
  File "/usr/lib/python3.13/unittest/mock.py", line 1168, in __call__
    self._increment_mock_call(*args, **kwargs)
  File "/usr/lib/python3.13/unittest/mock.py", line 1177, in _increment_mock_call
    self.call_count += 1
  File "/usr/lib/python3.13/unittest/mock.py", line 359, in _get
    return getattr(self, _the_name)
  File "/usr/lib/python3.13/unittest/mock.py", line 1168, in __call__
    self._increment_mock_call(*args, **kwargs)
  File "/usr/lib/python3.13/unittest/mock.py", line 1177, in _increment_mock_call
    self.call_count += 1
  File "/usr/lib/python3.13/unittest/mock.py", line 359, in _get
    return getattr(self, _the_name)
  File "/usr/lib/python3.13/unittest/mock.py", line 1168, in __call__
    self._increment_mock_call(*args, **kwargs)
  File "/usr/lib/python3.13/unittest/mock.py", line 1177, in _increment_mock_call
    self.call_count += 1
  File "/usr/lib/python3.13/unittest/mock.py", line 359, in _get
    return getattr(self, _the_name)
  File "/usr/lib/python3.13/unittest/mock.py", line 1168, in __call__
    self._increment_mock_call(*args, **kwargs)
  File "/usr/lib/python3.13/unittest/mock.py", line 1177, in _increment_mock_call
    self.call_count += 1
  File "/usr/lib/python3.13/unittest/mock.py", line 359, in _get
    return getattr(self, _the_name)
  File "/usr/lib/python3.13/unittest/mock.py", line 1168, in __call__
    self._increment_mock_call(*args, **kwargs)
  File "/usr/lib/python3.13/unittest/mock.py", line 1177, in _increment_mock_call
    self.call_count += 1
  File "/usr/lib/python3.13/unittest/mock.py", line 359, in _get
    return getattr(self, _the_name)
  File "/usr/lib/python3.13/unittest/mock.py", line 1168, in __call__
    self._increment_mock_call(*args, **kwargs)
  File "/usr/lib/python3.13/unittest/mock.py", line 1177, in _increment_mock_call
    self.call_count += 1
  File "/usr/lib/python3.13/unittest/mock.py", line 359, in _get
    return getattr(self, _the_name)
  File "/usr/lib/python3.13/unittest/mock.py", line 1168, in __call__
    self._increment_mock_call(*args, **kwargs)
  File "/usr/lib/python3.13/unittest/mock.py", line 1177, in _increment_mock_call
    self.call_count += 1
  File "/usr/lib/python3.13/unittest/mock.py", line 359, in _get
    return getattr(self, _the_name)
  File "/usr/lib/python3.13/unittest/mock.py", line 1168, in __call__
    self._increment_mock_call(*args, **kwargs)
  File "/usr/lib/python3.13/unittest/mock.py", line 1177, in _increment_mock_call
    self.call_count += 1
  File "/usr/lib/python3.13/unittest/mock.py", line 359, in _get
    return getattr(self, _the_name)
  File "/usr/lib/python3.13/unittest/mock.py", line 1168, in __call__
    self._increment_mock_call(*args, **kwargs)
  File "/usr/lib/python3.13/unittest/mock.py", line 1177, in _increment_mock_call
    self.call_count += 1
  File "/usr/lib/python3.13/unittest/mock.py", line 359, in _get
    return getattr(self, _the_name)
  File "/usr/lib/python3.13/unittest/mock.py", line 1168, in __call__
    self._increment_mock_call(*args, **kwargs)
  File "/usr/lib/python3.13/unittest/mock.py", line 1177, in _increment_mock_call
    self.call_count += 1
  File "/usr/lib/python3.13/unittest/mock.py", line 359, in _get
    return getattr(self, _the_name)
  File "/usr/lib/python3.13/unittest/mock.py", line 1168, in __call__
    self._increment_mock_call(*args, **kwargs)
  File "/usr/lib/python3.13/unittest/mock.py", line 1177, in _increment_mock_call
    self.call_count += 1
  File "/usr/lib/python3.13/unittest/mock.py", line 359, in _get
    return getattr(self, _the_name)
  File "/usr/lib/python3.13/unittest/mock.py", line 1168, in __call__
    self._increment_mock_call(*args, **kwargs)
  File "/usr/lib/python3.13/unittest/mock.py", line 1177, in _increment_mock_call
    self.call_count += 1
  File "/usr/lib/python3.13/unittest/mock.py", line 359, in _get
    return getattr(self, _the_name)
  File "/usr/lib/python3.13/unittest/mock.py", line 1168, in __call__
    self._increment_mock_call(*args, **kwargs)
  File "/usr/lib/python3.13/unittest/mock.py", line 1177, in _increment_mock_call
    self.call_count += 1
  File "/usr/lib/python3.13/unittest/mock.py", line 359, in _get
    return getattr(self, _the_name)
  File "/usr/lib/python3.13/unittest/mock.py", line 1168, in __call__
    self._increment_mock_call(*args, **kwargs)
  File "/usr/lib/python3.13/unittest/mock.py", line 1177, in _increment_mock_call
    self.call_count += 1
  File "/usr/lib/python3.13/unittest/mock.py", line 359, in _get
    return getattr(self, _the_name)
  File "/usr/lib/python3.13/unittest/mock.py", line 1168, in __call__
    self._increment_mock_call(*args, **kwargs)
  File "/usr/lib/python3.13/unittest/mock.py", line 1177, in _increment_mock_call
    self.call_count += 1
  File "/usr/lib/python3.13/unittest/mock.py", line 359, in _get
    return getattr(self, _the_name)
  File "/usr/lib/python3.13/unittest/mock.py", line 1168, in __call__
    self._increment_mock_call(*args, **kwargs)
  File "/usr/lib/python3.13/unittest/mock.py", line 1177, in _increment_mock_call
    self.call_count += 1
  File "/usr/lib/python3.13/unittest/mock.py", line 359, in _get
    return getattr(self, _the_name)
  File "/usr/lib/python3.13/unittest/mock.py", line 1168, in __call__
    self._increment_mock_call(*args, **kwargs)
  File "/usr/lib/python3.13/unittest/mock.py", line 1177, in _increment_mock_call
    self.call_count += 1
  File "/usr/lib/python3.13/unittest/mock.py", line 359, in _get
    return getattr(self, _the_name)
  File "/usr/lib/python3.13/unittest/mock.py", line 1168, in __call__
    self._increment_mock_call(*args, **kwargs)
  File "/usr/lib/python3.13/unittest/mock.py", line 1177, in _increment_mock_call
    self.call_count += 1
  File "/usr/lib/python3.13/unittest/mock.py", line 359, in _get
    return getattr(self, _the_name)
  File "/usr/lib/python3.13/unittest/mock.py", line 1168, in __call__
    self._increment_mock_call(*args, **kwargs)
  File "/usr/lib/python3.13/unittest/mock.py", line 1177, in _increment_mock_call
    self.call_count += 1
  File "/usr/lib/python3.13/unittest/mock.py", line 359, in _get
    return getattr(self, _the_name)
  File "/usr/lib/python3.13/unittest/mock.py", line 1168, in __call__
    self._increment_mock_call(*args, **kwargs)
  File "/usr/lib/python3.13/unittest/mock.py", line 1177, in _increment_mock_call
    self.call_count += 1
  File "/usr/lib/python3.13/unittest/mock.py", line 359, in _get
    return getattr(self, _the_name)
  File "/usr/lib/python3.13/unittest/mock.py", line 1168, in __call__
    self._increment_mock_call(*args, **kwargs)
  File "/usr/lib/python3.13/unittest/mock.py", line 1177, in _increment_mock_call
    self.call_count += 1
  File "/usr/lib/python3.13/unittest/mock.py", line 359, in _get
    return getattr(self, _the_name)
  File "/usr/lib/python3.13/unittest/mock.py", line 1168, in __call__
    self._increment_mock_call(*args, **kwargs)
  File "/usr/lib/python3.13/unittest/mock.py", line 1177, in _increment_mock_call
    self.call_count += 1
  File "/usr/lib/python3.13/unittest/mock.py", line 359, in _get
    return getattr(self, _the_name)
  File "/usr/lib/python3.13/unittest/mock.py", line 1168, in __call__
    self._increment_mock_call(*args, **kwargs)
  File "/usr/lib/python3.13/unittest/mock.py", line 1177, in _increment_mock_call
    self.call_count += 1
  File "/usr/lib/python3.13/unittest/mock.py", line 359, in _get
    return getattr(self, _the_name)
  File "/usr/lib/python3.13/unittest/mock.py", line 1168, in __call__
    self._increment_mock_call(*args, **kwargs)
  File "/usr/lib/python3.13/unittest/mock.py", line 1177, in _increment_mock_call
    self.call_count += 1
  File "/usr/lib/python3.13/unittest/mock.py", line 359, in _get
    return getattr(self, _the_name)
  File "/usr/lib/python3.13/unittest/mock.py", line 1168, in __call__
    self._increment_mock_call(*args, **kwargs)
  File "/usr/lib/python3.13/unittest/mock.py", line 1177, in _increment_mock_call
    self.call_count += 1
  File "/usr/lib/python3.13/unittest/mock.py", line 359, in _get
    return getattr(self, _the_name)
  File "/usr/lib/python3.13/unittest/mock.py", line 1168, in __call__
    self._increment_mock_call(*args, **kwargs)
  File "/usr/lib/python3.13/unittest/mock.py", line 1177, in _increment_mock_call
    self.call_count += 1
  File "/usr/lib/python3.13/unittest/mock.py", line 359, in _get
    return getattr(self, _the_name)
  File "/usr/lib/python3.13/unittest/mock.py", line 1168, in __call__
    self._increment_mock_call(*args, **kwargs)
  File "/usr/lib/python3.13/unittest/mock.py", line 1177, in _increment_mock_call
    self.call_count += 1
  File "/usr/lib/python3.13/unittest/mock.py", line 359, in _get
    return getattr(self, _the_name)
  File "/usr/lib/python3.13/unittest/mock.py", line 1168, in __call__
    self._increment_mock_call(*args, **kwargs)
  File "/usr/lib/python3.13/unittest/mock.py", line 1177, in _increment_mock_call
    self.call_count += 1
  File "/usr/lib/python3.13/unittest/mock.py", line 359, in _get
    return getattr(self, _the_name)
  File "/usr/lib/python3.13/unittest/mock.py", line 1168, in __call__
    self._increment_mock_call(*args, **kwargs)
  File "/usr/lib/python3.13/unittest/mock.py", line 1177, in _increment_mock_call
    self.call_count += 1
  File "/usr/lib/python3.13/unittest/mock.py", line 359, in _get
    return getattr(self, _the_name)
  File "/usr/lib/python3.13/unittest/mock.py", line 1168, in __call__
    self._increment_mock_call(*args, **kwargs)
  File "/usr/lib/python3.13/unittest/mock.py", line 1177, in _increment_mock_call
    self.call_count += 1
  File "/usr/lib/python3.13/unittest/mock.py", line 359, in _get
    return getattr(self, _the_name)
  File "/usr/lib/python3.13/unittest/mock.py", line 1168, in __call__
    self._increment_mock_call(*args, **kwargs)
  File "/usr/lib/python3.13/unittest/mock.py", line 1177, in _increment_mock_call
    self.call_count += 1
  File "/usr/lib/python3.13/unittest/mock.py", line 359, in _get
    return getattr(self, _the_name)
  File "/usr/lib/python3.13/unittest/mock.py", line 1168, in __call__
    self._increment_mock_call(*args, **kwargs)
  File "/usr/lib/python3.13/unittest/mock.py", line 1177, in _increment_mock_call
    self.call_count += 1
  File "/usr/lib/python3.13/unittest/mock.py", line 359, in _get
    return getattr(self, _the_name)
  File "/usr/lib/python3.13/unittest/mock.py", line 1168, in __call__
    self._increment_mock_call(*args, **kwargs)
  File "/usr/lib/python3.13/unittest/mock.py", line 1177, in _increment_mock_call
    self.call_count += 1
  File "/usr/lib/python3.13/unittest/mock.py", line 359, in _get
    return getattr(self, _the_name)
  File "/usr/lib/python3.13/unittest/mock.py", line 1168, in __call__
    self._increment_mock_call(*args, **kwargs)
  File "/usr/lib/python3.13/unittest/mock.py", line 1177, in _increment_mock_call
    self.call_count += 1
  File "/usr/lib/python3.13/unittest/mock.py", line 359, in _get
    return getattr(self, _the_name)
  File "/usr/lib/python3.13/unittest/mock.py", line 1168, in __call__
    self._increment_mock_call(*args, **kwargs)
  File "/usr/lib/python3.13/unittest/mock.py", line 1177, in _increment_mock_call
    self.call_count += 1
  File "/usr/lib/python3.13/unittest/mock.py", line 359, in _get
    return getattr(self, _the_name)
  File "/usr/lib/python3.13/unittest/mock.py", line 1168, in __call__
    self._increment_mock_call(*args, **kwargs)
  File "/usr/lib/python3.13/unittest/mock.py", line 1177, in _increment_mock_call
    self.call_count += 1
  File "/usr/lib/python3.13/unittest/mock.py", line 359, in _get
    return getattr(self, _the_name)
  File "/usr/lib/python3.13/unittest/mock.py", line 1168, in __call__
    self._increment_mock_call(*args, **kwargs)
  File "/usr/lib/python3.13/unittest/mock.py", line 1177, in _increment_mock_call
    self.call_count += 1
  File "/usr/lib/python3.13/unittest/mock.py", line 359, in _get
    return getattr(self, _the_name)
  File "/usr/lib/python3.13/unittest/mock.py", line 1168, in __call__
    self._increment_mock_call(*args, **kwargs)
  File "/usr/lib/python3.13/unittest/mock.py", line 1177, in _increment_mock_call
    self.call_count += 1
  File "/usr/lib/python3.13/unittest/mock.py", line 359, in _get
    return getattr(self, _the_name)
  File "/usr/lib/python3.13/unittest/mock.py", line 1168, in __call__
    self._increment_mock_call(*args, **kwargs)
  File "/usr/lib/python3.13/unittest/mock.py", line 1177, in _increment_mock_call
    self.call_count += 1
  File "/usr/lib/python3.13/unittest/mock.py", line 359, in _get
    return getattr(self, _the_name)
  File "/usr/lib/python3.13/unittest/mock.py", line 1168, in __call__
    self._increment_mock_call(*args, **kwargs)
  File "/usr/lib/python3.13/unittest/mock.py", line 1177, in _increment_mock_call
    self.call_count += 1
  File "/usr/lib/python3.13/unittest/mock.py", line 359, in _get
    return getattr(self, _the_name)
  File "/usr/lib/python3.13/unittest/mock.py", line 1168, in __call__
    self._increment_mock_call(*args, **kwargs)
  File "/usr/lib/python3.13/unittest/mock.py", line 1177, in _increment_mock_call
    self.call_count += 1
  File "/usr/lib/python3.13/unittest/mock.py", line 359, in _get
    return getattr(self, _the_name)
  File "/usr/lib/python3.13/unittest/mock.py", line 1168, in __call__
    self._increment_mock_call(*args, **kwargs)
  File "/usr/lib/python3.13/unittest/mock.py", line 1177, in _increment_mock_call
    self.call_count += 1
  File "/usr/lib/python3.13/unittest/mock.py", line 359, in _get
    return getattr(self, _the_name)
  File "/usr/lib/python3.13/unittest/mock.py", line 1168, in __call__
    self._increment_mock_call(*args, **kwargs)
  File "/usr/lib/python3.13/unittest/mock.py", line 1177, in _increment_mock_call
    self.call_count += 1
  File "/usr/lib/python3.13/unittest/mock.py", line 359, in _get
    return getattr(self, _the_name)
  File "/usr/lib/python3.13/unittest/mock.py", line 1168, in __call__
    self._increment_mock_call(*args, **kwargs)
  File "/usr/lib/python3.13/unittest/mock.py", line 1177, in _increment_mock_call
    self.call_count += 1
  File "/usr/lib/python3.13/unittest/mock.py", line 359, in _get
    return getattr(self, _the_name)
  File "/usr/lib/python3.13/unittest/mock.py", line 1168, in __call__
    self._increment_mock_call(*args, **kwargs)
  File "/usr/lib/python3.13/unittest/mock.py", line 1177, in _increment_mock_call
    self.call_count += 1
  File "/usr/lib/python3.13/unittest/mock.py", line 359, in _get
    return getattr(self, _the_name)
  File "/usr/lib/python3.13/unittest/mock.py", line 1168, in __call__
    self._increment_mock_call(*args, **kwargs)
  File "/usr/lib/python3.13/unittest/mock.py", line 1177, in _increment_mock_call
    self.call_count += 1
  File "/usr/lib/python3.13/unittest/mock.py", line 359, in _get
    return getattr(self, _the_name)
  File "/usr/lib/python3.13/unittest/mock.py", line 1168, in __call__
    self._increment_mock_call(*args, **kwargs)
  File "/usr/lib/python3.13/unittest/mock.py", line 1177, in _increment_mock_call
    self.call_count += 1
  File "/usr/lib/python3.13/unittest/mock.py", line 359, in _get
    return getattr(self, _the_name)
  File "/usr/lib/python3.13/unittest/mock.py", line 1168, in __call__
    self._increment_mock_call(*args, **kwargs)
  File "/usr/lib/python3.13/unittest/mock.py", line 1177, in _increment_mock_call
    self.call_count += 1
  File "/usr/lib/python3.13/unittest/mock.py", line 359, in _get
    return getattr(self, _the_name)
  File "/usr/lib/python3.13/unittest/mock.py", line 1168, in __call__
    self._increment_mock_call(*args, **kwargs)
  File "/usr/lib/python3.13/unittest/mock.py", line 1177, in _increment_mock_call
    self.call_count += 1
  File "/usr/lib/python3.13/unittest/mock.py", line 359, in _get
    return getattr(self, _the_name)
  File "/usr/lib/python3.13/unittest/mock.py", line 1168, in __call__
    self._increment_mock_call(*args, **kwargs)
  File "/usr/lib/python3.13/unittest/mock.py", line 1177, in _increment_mock_call
    self.call_count += 1
  File "/usr/lib/python3.13/unittest/mock.py", line 359, in _get
    return getattr(self, _the_name)
  File "/usr/lib/python3.13/unittest/mock.py", line 1168, in __call__
    self._increment_mock_call(*args, **kwargs)
  File "/usr/lib/python3.13/unittest/mock.py", line 1177, in _increment_mock_call
    self.call_count += 1
  File "/usr/lib/python3.13/unittest/mock.py", line 359, in _get
    return getattr(self, _the_name)
  File "/usr/lib/python3.13/unittest/mock.py", line 1168, in __call__
    self._increment_mock_call(*args, **kwargs)
  File "/usr/lib/python3.13/unittest/mock.py", line 1177, in _increment_mock_call
    self.call_count += 1
  File "/usr/lib/python3.13/unittest/mock.py", line 359, in _get
    return getattr(self, _the_name)
  File "/usr/lib/python3.13/unittest/mock.py", line 1168, in __call__
    self._increment_mock_call(*args, **kwargs)
  File "/usr/lib/python3.13/unittest/mock.py", line 1177, in _increment_mock_call
    self.call_count += 1
  File "/usr/lib/python3.13/unittest/mock.py", line 359, in _get
    return getattr(self, _the_name)
  File "/usr/lib/python3.13/unittest/mock.py", line 1168, in __call__
    self._increment_mock_call(*args, **kwargs)
  File "/usr/lib/python3.13/unittest/mock.py", line 1177, in _increment_mock_call
    self.call_count += 1
  File "/usr/lib/python3.13/unittest/mock.py", line 359, in _get
    return getattr(self, _the_name)
  File "/usr/lib/python3.13/unittest/mock.py", line 1168, in __call__
    self._increment_mock_call(*args, **kwargs)
  File "/usr/lib/python3.13/unittest/mock.py", line 1177, in _increment_mock_call
    self.call_count += 1
  File "/usr/lib/python3.13/unittest/mock.py", line 359, in _get
    return getattr(self, _the_name)
  File "/usr/lib/python3.13/unittest/mock.py", line 1168, in __call__
    self._increment_mock_call(*args, **kwargs)
  File "/usr/lib/python3.13/unittest/mock.py", line 1177, in _increment_mock_call
    self.call_count += 1
  File "/usr/lib/python3.13/unittest/mock.py", line 359, in _get
    return getattr(self, _the_name)
  File "/usr/lib/python3.13/unittest/mock.py", line 1168, in __call__
    self._increment_mock_call(*args, **kwargs)
  File "/usr/lib/python3.13/unittest/mock.py", line 1177, in _increment_mock_call
    self.call_count += 1
  File "/usr/lib/python3.13/unittest/mock.py", line 359, in _get
    return getattr(self, _the_name)
  File "/usr/lib/python3.13/unittest/mock.py", line 1168, in __call__
    self._increment_mock_call(*args, **kwargs)
  File "/usr/lib/python3.13/unittest/mock.py", line 1177, in _increment_mock_call
    self.call_count += 1
  File "/usr/lib/python3.13/unittest/mock.py", line 359, in _get
    return getattr(self, _the_name)
  File "/usr/lib/python3.13/unittest/mock.py", line 1168, in __call__
    self._increment_mock_call(*args, **kwargs)
  File "/usr/lib/python3.13/unittest/mock.py", line 1177, in _increment_mock_call
    self.call_count += 1
  File "/usr/lib/python3.13/unittest/mock.py", line 359, in _get
    return getattr(self, _the_name)
  File "/usr/lib/python3.13/unittest/mock.py", line 1168, in __call__
    self._increment_mock_call(*args, **kwargs)
  File "/usr/lib/python3.13/unittest/mock.py", line 1177, in _increment_mock_call
    self.call_count += 1
  File "/usr/lib/python3.13/unittest/mock.py", line 359, in _get
    return getattr(self, _the_name)
  File "/usr/lib/python3.13/unittest/mock.py", line 1168, in __call__
    self._increment_mock_call(*args, **kwargs)
  File "/usr/lib/python3.13/unittest/mock.py", line 1177, in _increment_mock_call
    self.call_count += 1
  File "/usr/lib/python3.13/unittest/mock.py", line 359, in _get
    return getattr(self, _the_name)
  File "/usr/lib/python3.13/unittest/mock.py", line 1168, in __call__
    self._increment_mock_call(*args, **kwargs)
  File "/usr/lib/python3.13/unittest/mock.py", line 1177, in _increment_mock_call
    self.call_count += 1
  File "/usr/lib/python3.13/unittest/mock.py", line 359, in _get
    return getattr(self, _the_name)
  File "/usr/lib/python3.13/unittest/mock.py", line 1168, in __call__
    self._increment_mock_call(*args, **kwargs)
  File "/usr/lib/python3.13/unittest/mock.py", line 1177, in _increment_mock_call
    self.call_count += 1
  File "/usr/lib/python3.13/unittest/mock.py", line 359, in _get
    return getattr(self, _the_name)
  File "/usr/lib/python3.13/unittest/mock.py", line 1168, in __call__
    self._increment_mock_call(*args, **kwargs)
  File "/usr/lib/python3.13/unittest/mock.py", line 1177, in _increment_mock_call
    self.call_count += 1
  File "/usr/lib/python3.13/unittest/mock.py", line 359, in _get
    return getattr(self, _the_name)
  File "/usr/lib/python3.13/unittest/mock.py", line 1168, in __call__
    self._increment_mock_call(*args, **kwargs)
  File "/usr/lib/python3.13/unittest/mock.py", line 1177, in _increment_mock_call
    self.call_count += 1
  File "/usr/lib/python3.13/unittest/mock.py", line 359, in _get
    return getattr(self, _the_name)
  File "/usr/lib/python3.13/unittest/mock.py", line 1168, in __call__
    self._increment_mock_call(*args, **kwargs)
  File "/usr/lib/python3.13/unittest/mock.py", line 1177, in _increment_mock_call
    self.call_count += 1
  File "/usr/lib/python3.13/unittest/mock.py", line 359, in _get
    return getattr(self, _the_name)
  File "/usr/lib/python3.13/unittest/mock.py", line 1168, in __call__
    self._increment_mock_call(*args, **kwargs)
  File "/usr/lib/python3.13/unittest/mock.py", line 1177, in _increment_mock_call
    self.call_count += 1
  File "/usr/lib/python3.13/unittest/mock.py", line 359, in _get
    return getattr(self, _the_name)
  File "/usr/lib/python3.13/unittest/mock.py", line 1168, in __call__
    self._increment_mock_call(*args, **kwargs)
  File "/usr/lib/python3.13/unittest/mock.py", line 1177, in _increment_mock_call
    self.call_count += 1
  File "/usr/lib/python3.13/unittest/mock.py", line 359, in _get
    return getattr(self, _the_name)
  File "/usr/lib/python3.13/unittest/mock.py", line 1168, in __call__
    self._increment_mock_call(*args, **kwargs)
  File "/usr/lib/python3.13/unittest/mock.py", line 1177, in _increment_mock_call
    self.call_count += 1
  File "/usr/lib/python3.13/unittest/mock.py", line 359, in _get
    return getattr(self, _the_name)
  File "/usr/lib/python3.13/unittest/mock.py", line 1168, in __call__
    self._increment_mock_call(*args, **kwargs)
  File "/usr/lib/python3.13/unittest/mock.py", line 1177, in _increment_mock_call
    self.call_count += 1
  File "/usr/lib/python3.13/unittest/mock.py", line 359, in _get
    return getattr(self, _the_name)
  File "/usr/lib/python3.13/unittest/mock.py", line 1168, in __call__
    self._increment_mock_call(*args, **kwargs)
  File "/usr/lib/python3.13/unittest/mock.py", line 1177, in _increment_mock_call
    self.call_count += 1
  File "/usr/lib/python3.13/unittest/mock.py", line 359, in _get
    return getattr(self, _the_name)
  File "/usr/lib/python3.13/unittest/mock.py", line 1168, in __call__
    self._increment_mock_call(*args, **kwargs)
  File "/usr/lib/python3.13/unittest/mock.py", line 1177, in _increment_mock_call
    self.call_count += 1
  File "/usr/lib/python3.13/unittest/mock.py", line 359, in _get
    return getattr(self, _the_name)
  File "/usr/lib/python3.13/unittest/mock.py", line 1168, in __call__
    self._increment_mock_call(*args, **kwargs)
  File "/usr/lib/python3.13/unittest/mock.py", line 1177, in _increment_mock_call
    self.call_count += 1
  File "/usr/lib/python3.13/unittest/mock.py", line 359, in _get
    return getattr(self, _the_name)
  File "/usr/lib/python3.13/unittest/mock.py", line 1168, in __call__
    self._increment_mock_call(*args, **kwargs)
  File "/usr/lib/python3.13/unittest/mock.py", line 1177, in _increment_mock_call
    self.call_count += 1
  File "/usr/lib/python3.13/unittest/mock.py", line 359, in _get
    return getattr(self, _the_name)
  File "/usr/lib/python3.13/unittest/mock.py", line 1168, in __call__
    self._increment_mock_call(*args, **kwargs)
  File "/usr/lib/python3.13/unittest/mock.py", line 1177, in _increment_mock_call
    self.call_count += 1
  File "/usr/lib/python3.13/unittest/mock.py", line 359, in _get
    return getattr(self, _the_name)
  File "/usr/lib/python3.13/unittest/mock.py", line 1168, in __call__
    self._increment_mock_call(*args, **kwargs)
  File "/usr/lib/python3.13/unittest/mock.py", line 1177, in _increment_mock_call
    self.call_count += 1
  File "/usr/lib/python3.13/unittest/mock.py", line 359, in _get
    return getattr(self, _the_name)
  File "/usr/lib/python3.13/unittest/mock.py", line 1168, in __call__
    self._increment_mock_call(*args, **kwargs)
  File "/usr/lib/python3.13/unittest/mock.py", line 1177, in _increment_mock_call
    self.call_count += 1
  File "/usr/lib/python3.13/unittest/mock.py", line 359, in _get
    return getattr(self, _the_name)
  File "/usr/lib/python3.13/unittest/mock.py", line 1168, in __call__
    self._increment_mock_call(*args, **kwargs)
  File "/usr/lib/python3.13/unittest/mock.py", line 1177, in _increment_mock_call
    self.call_count += 1
  File "/usr/lib/python3.13/unittest/mock.py", line 359, in _get
    return getattr(self, _the_name)
  File "/usr/lib/python3.13/unittest/mock.py", line 1168, in __call__
    self._increment_mock_call(*args, **kwargs)
  File "/usr/lib/python3.13/unittest/mock.py", line 1177, in _increment_mock_call
    self.call_count += 1
  File "/usr/lib/python3.13/unittest/mock.py", line 359, in _get
    return getattr(self, _the_name)
  File "/usr/lib/python3.13/unittest/mock.py", line 1168, in __call__
    self._increment_mock_call(*args, **kwargs)
  File "/usr/lib/python3.13/unittest/mock.py", line 1177, in _increment_mock_call
    self.call_count += 1
  File "/usr/lib/python3.13/unittest/mock.py", line 359, in _get
    return getattr(self, _the_name)
  File "/usr/lib/python3.13/unittest/mock.py", line 1168, in __call__
    self._increment_mock_call(*args, **kwargs)
  File "/usr/lib/python3.13/unittest/mock.py", line 1177, in _increment_mock_call
    self.call_count += 1
  File "/usr/lib/python3.13/unittest/mock.py", line 359, in _get
    return getattr(self, _the_name)
  File "/usr/lib/python3.13/unittest/mock.py", line 1168, in __call__
    self._increment_mock_call(*args, **kwargs)
  File "/usr/lib/python3.13/unittest/mock.py", line 1177, in _increment_mock_call
    self.call_count += 1
  File "/usr/lib/python3.13/unittest/mock.py", line 359, in _get
    return getattr(self, _the_name)
  File "/usr/lib/python3.13/unittest/mock.py", line 1168, in __call__
    self._increment_mock_call(*args, **kwargs)
  File "/usr/lib/python3.13/unittest/mock.py", line 1177, in _increment_mock_call
    self.call_count += 1
  File "/usr/lib/python3.13/unittest/mock.py", line 359, in _get
    return getattr(self, _the_name)
  File "/usr/lib/python3.13/unittest/mock.py", line 1168, in __call__
    self._increment_mock_call(*args, **kwargs)
  File "/usr/lib/python3.13/unittest/mock.py", line 1177, in _increment_mock_call
    self.call_count += 1
  File "/usr/lib/python3.13/unittest/mock.py", line 359, in _get
    return getattr(self, _the_name)
  File "/usr/lib/python3.13/unittest/mock.py", line 1168, in __call__
    self._increment_mock_call(*args, **kwargs)
  File "/usr/lib/python3.13/unittest/mock.py", line 1177, in _increment_mock_call
    self.call_count += 1
  File "/usr/lib/python3.13/unittest/mock.py", line 359, in _get
    return getattr(self, _the_name)
  File "/usr/lib/python3.13/unittest/mock.py", line 1168, in __call__
    self._increment_mock_call(*args, **kwargs)
  File "/usr/lib/python3.13/unittest/mock.py", line 1177, in _increment_mock_call
    self.call_count += 1
  File "/usr/lib/python3.13/unittest/mock.py", line 359, in _get
    return getattr(self, _the_name)
  File "/usr/lib/python3.13/unittest/mock.py", line 1168, in __call__
    self._increment_mock_call(*args, **kwargs)
  File "/usr/lib/python3.13/unittest/mock.py", line 1177, in _increment_mock_call
    self.call_count += 1
  File "/usr/lib/python3.13/unittest/mock.py", line 359, in _get
    return getattr(self, _the_name)
  File "/usr/lib/python3.13/unittest/mock.py", line 1168, in __call__
    self._increment_mock_call(*args, **kwargs)
  File "/usr/lib/python3.13/unittest/mock.py", line 1177, in _increment_mock_call
    self.call_count += 1
  File "/usr/lib/python3.13/unittest/mock.py", line 359, in _get
    return getattr(self, _the_name)
  File "/usr/lib/python3.13/unittest/mock.py", line 1168, in __call__
    self._increment_mock_call(*args, **kwargs)
  File "/usr/lib/python3.13/unittest/mock.py", line 1177, in _increment_mock_call
    self.call_count += 1
  File "/usr/lib/python3.13/unittest/mock.py", line 359, in _get
    return getattr(self, _the_name)
  File "/usr/lib/python3.13/unittest/mock.py", line 1168, in __call__
    self._increment_mock_call(*args, **kwargs)
  File "/usr/lib/python3.13/unittest/mock.py", line 1177, in _increment_mock_call
    self.call_count += 1
  File "/usr/lib/python3.13/unittest/mock.py", line 359, in _get
    return getattr(self, _the_name)
  File "/usr/lib/python3.13/unittest/mock.py", line 1168, in __call__
    self._increment_mock_call(*args, **kwargs)
  File "/usr/lib/python3.13/unittest/mock.py", line 1177, in _increment_mock_call
    self.call_count += 1
  File "/usr/lib/python3.13/unittest/mock.py", line 359, in _get
    return getattr(self, _the_name)
  File "/usr/lib/python3.13/unittest/mock.py", line 1168, in __call__
    self._increment_mock_call(*args, **kwargs)
  File "/usr/lib/python3.13/unittest/mock.py", line 1177, in _increment_mock_call
    self.call_count += 1
  File "/usr/lib/python3.13/unittest/mock.py", line 359, in _get
    return getattr(self, _the_name)
  File "/usr/lib/python3.13/unittest/mock.py", line 1168, in __call__
    self._increment_mock_call(*args, **kwargs)
  File "/usr/lib/python3.13/unittest/mock.py", line 1177, in _increment_mock_call
    self.call_count += 1
  File "/usr/lib/python3.13/unittest/mock.py", line 359, in _get
    return getattr(self, _the_name)
  File "/usr/lib/python3.13/unittest/mock.py", line 1168, in __call__
    self._increment_mock_call(*args, **kwargs)
  File "/usr/lib/python3.13/unittest/mock.py", line 1177, in _increment_mock_call
    self.call_count += 1
  File "/usr/lib/python3.13/unittest/mock.py", line 359, in _get
    return getattr(self, _the_name)
  File "/usr/lib/python3.13/unittest/mock.py", line 1168, in __call__
    self._increment_mock_call(*args, **kwargs)
  File "/usr/lib/python3.13/unittest/mock.py", line 1177, in _increment_mock_call
    self.call_count += 1
  File "/usr/lib/python3.13/unittest/mock.py", line 359, in _get
    return getattr(self, _the_name)
  File "/usr/lib/python3.13/unittest/mock.py", line 1168, in __call__
    self._increment_mock_call(*args, **kwargs)
  File "/usr/lib/python3.13/unittest/mock.py", line 1177, in _increment_mock_call
    self.call_count += 1
  File "/usr/lib/python3.13/unittest/mock.py", line 359, in _get
    return getattr(self, _the_name)
  File "/usr/lib/python3.13/unittest/mock.py", line 1168, in __call__
    self._increment_mock_call(*args, **kwargs)
  File "/usr/lib/python3.13/unittest/mock.py", line 1177, in _increment_mock_call
    self.call_count += 1
  File "/usr/lib/python3.13/unittest/mock.py", line 359, in _get
    return getattr(self, _the_name)
  File "/usr/lib/python3.13/unittest/mock.py", line 1168, in __call__
    self._increment_mock_call(*args, **kwargs)
  File "/usr/lib/python3.13/unittest/mock.py", line 1177, in _increment_mock_call
    self.call_count += 1
  File "/usr/lib/python3.13/unittest/mock.py", line 359, in _get
    return getattr(self, _the_name)
  File "/usr/lib/python3.13/unittest/mock.py", line 1168, in __call__
    self._increment_mock_call(*args, **kwargs)
  File "/usr/lib/python3.13/unittest/mock.py", line 1177, in _increment_mock_call
    self.call_count += 1
  File "/usr/lib/python3.13/unittest/mock.py", line 359, in _get
    return getattr(self, _the_name)
  File "/usr/lib/python3.13/unittest/mock.py", line 1168, in __call__
    self._increment_mock_call(*args, **kwargs)
  File "/usr/lib/python3.13/unittest/mock.py", line 1177, in _increment_mock_call
    self.call_count += 1
  File "/usr/lib/python3.13/unittest/mock.py", line 359, in _get
    return getattr(self, _the_name)
  File "/usr/lib/python3.13/unittest/mock.py", line 1168, in __call__
    self._increment_mock_call(*args, **kwargs)
  File "/usr/lib/python3.13/unittest/mock.py", line 1177, in _increment_mock_call
    self.call_count += 1
  File "/usr/lib/python3.13/unittest/mock.py", line 359, in _get
    return getattr(self, _the_name)
  File "/usr/lib/python3.13/unittest/mock.py", line 1168, in __call__
    self._increment_mock_call(*args, **kwargs)
  File "/usr/lib/python3.13/unittest/mock.py", line 1177, in _increment_mock_call
    self.call_count += 1
  File "/usr/lib/python3.13/unittest/mock.py", line 359, in _get
    return getattr(self, _the_name)
  File "/usr/lib/python3.13/unittest/mock.py", line 1168, in __call__
    self._increment_mock_call(*args, **kwargs)
  File "/usr/lib/python3.13/unittest/mock.py", line 1177, in _increment_mock_call
    self.call_count += 1
  File "/usr/lib/python3.13/unittest/mock.py", line 359, in _get
    return getattr(self, _the_name)
  File "/usr/lib/python3.13/unittest/mock.py", line 1168, in __call__
    self._increment_mock_call(*args, **kwargs)
  File "/usr/lib/python3.13/unittest/mock.py", line 1177, in _increment_mock_call
    self.call_count += 1
  File "/usr/lib/python3.13/unittest/mock.py", line 359, in _get
    return getattr(self, _the_name)
  File "/usr/lib/python3.13/unittest/mock.py", line 1168, in __call__
    self._increment_mock_call(*args, **kwargs)
  File "/usr/lib/python3.13/unittest/mock.py", line 1177, in _increment_mock_call
    self.call_count += 1
  File "/usr/lib/python3.13/unittest/mock.py", line 359, in _get
    return getattr(self, _the_name)
  File "/usr/lib/python3.13/unittest/mock.py", line 1168, in __call__
    self._increment_mock_call(*args, **kwargs)
  File "/usr/lib/python3.13/unittest/mock.py", line 1177, in _increment_mock_call
    self.call_count += 1
  File "/usr/lib/python3.13/unittest/mock.py", line 359, in _get
    return getattr(self, _the_name)
  File "/usr/lib/python3.13/unittest/mock.py", line 1168, in __call__
    self._increment_mock_call(*args, **kwargs)
  File "/usr/lib/python3.13/unittest/mock.py", line 1177, in _increment_mock_call
    self.call_count += 1
  File "/usr/lib/python3.13/unittest/mock.py", line 359, in _get
    return getattr(self, _the_name)
  File "/usr/lib/python3.13/unittest/mock.py", line 1168, in __call__
    self._increment_mock_call(*args, **kwargs)
  File "/usr/lib/python3.13/unittest/mock.py", line 1177, in _increment_mock_call
    self.call_count += 1
  File "/usr/lib/python3.13/unittest/mock.py", line 359, in _get
    return getattr(self, _the_name)
  File "/usr/lib/python3.13/unittest/mock.py", line 1168, in __call__
    self._increment_mock_call(*args, **kwargs)
  File "/usr/lib/python3.13/unittest/mock.py", line 1177, in _increment_mock_call
    self.call_count += 1
  File "/usr/lib/python3.13/unittest/mock.py", line 359, in _get
    return getattr(self, _the_name)
  File "/usr/lib/python3.13/unittest/mock.py", line 1168, in __call__
    self._increment_mock_call(*args, **kwargs)
  File "/usr/lib/python3.13/unittest/mock.py", line 1177, in _increment_mock_call
    self.call_count += 1
  File "/usr/lib/python3.13/unittest/mock.py", line 359, in _get
    return getattr(self, _the_name)
  File "/usr/lib/python3.13/unittest/mock.py", line 1168, in __call__
    self._increment_mock_call(*args, **kwargs)
  File "/usr/lib/python3.13/unittest/mock.py", line 1177, in _increment_mock_call
    self.call_count += 1
  File "/usr/lib/python3.13/unittest/mock.py", line 359, in _get
    return getattr(self, _the_name)
  File "/usr/lib/python3.13/unittest/mock.py", line 1168, in __call__
    self._increment_mock_call(*args, **kwargs)
  File "/usr/lib/python3.13/unittest/mock.py", line 1177, in _increment_mock_call
    self.call_count += 1
  File "/usr/lib/python3.13/unittest/mock.py", line 359, in _get
    return getattr(self, _the_name)
  File "/usr/lib/python3.13/unittest/mock.py", line 1168, in __call__
    self._increment_mock_call(*args, **kwargs)
  File "/usr/lib/python3.13/unittest/mock.py", line 1177, in _increment_mock_call
    self.call_count += 1
  File "/usr/lib/python3.13/unittest/mock.py", line 359, in _get
    return getattr(self, _the_name)
  File "/usr/lib/python3.13/unittest/mock.py", line 1168, in __call__
    self._increment_mock_call(*args, **kwargs)
  File "/usr/lib/python3.13/unittest/mock.py", line 1177, in _increment_mock_call
    self.call_count += 1
  File "/usr/lib/python3.13/unittest/mock.py", line 359, in _get
    return getattr(self, _the_name)
  File "/usr/lib/python3.13/unittest/mock.py", line 1168, in __call__
    self._increment_mock_call(*args, **kwargs)
  File "/usr/lib/python3.13/unittest/mock.py", line 1177, in _increment_mock_call
    self.call_count += 1
  File "/usr/lib/python3.13/unittest/mock.py", line 359, in _get
    return getattr(self, _the_name)
  File "/usr/lib/python3.13/unittest/mock.py", line 1168, in __call__
    self._increment_mock_call(*args, **kwargs)
  File "/usr/lib/python3.13/unittest/mock.py", line 1177, in _increment_mock_call
    self.call_count += 1
  File "/usr/lib/python3.13/unittest/mock.py", line 359, in _get
    return getattr(self, _the_name)
  File "/usr/lib/python3.13/unittest/mock.py", line 1168, in __call__
    self._increment_mock_call(*args, **kwargs)
  File "/usr/lib/python3.13/unittest/mock.py", line 1177, in _increment_mock_call
    self.call_count += 1
  File "/usr/lib/python3.13/unittest/mock.py", line 359, in _get
    return getattr(self, _the_name)
  File "/usr/lib/python3.13/unittest/mock.py", line 1168, in __call__
    self._increment_mock_call(*args, **kwargs)
  File "/usr/lib/python3.13/unittest/mock.py", line 1177, in _increment_mock_call
    self.call_count += 1
  File "/usr/lib/python3.13/unittest/mock.py", line 359, in _get
    return getattr(self, _the_name)
  File "/usr/lib/python3.13/unittest/mock.py", line 1168, in __call__
    self._increment_mock_call(*args, **kwargs)
  File "/usr/lib/python3.13/unittest/mock.py", line 1177, in _increment_mock_call
    self.call_count += 1
  File "/usr/lib/python3.13/unittest/mock.py", line 359, in _get
    return getattr(self, _the_name)
  File "/usr/lib/python3.13/unittest/mock.py", line 1168, in __call__
    self._increment_mock_call(*args, **kwargs)
  File "/usr/lib/python3.13/unittest/mock.py", line 1177, in _increment_mock_call
    self.call_count += 1
  File "/usr/lib/python3.13/unittest/mock.py", line 359, in _get
    return getattr(self, _the_name)
  File "/usr/lib/python3.13/unittest/mock.py", line 1168, in __call__
    self._increment_mock_call(*args, **kwargs)
  File "/usr/lib/python3.13/unittest/mock.py", line 1177, in _increment_mock_call
    self.call_count += 1
  File "/usr/lib/python3.13/unittest/mock.py", line 359, in _get
    return getattr(self, _the_name)
  File "/usr/lib/python3.13/unittest/mock.py", line 1168, in __call__
    self._increment_mock_call(*args, **kwargs)
  File "/usr/lib/python3.13/unittest/mock.py", line 1177, in _increment_mock_call
    self.call_count += 1
  File "/usr/lib/python3.13/unittest/mock.py", line 359, in _get
    return getattr(self, _the_name)
  File "/usr/lib/python3.13/unittest/mock.py", line 1168, in __call__
    self._increment_mock_call(*args, **kwargs)
  File "/usr/lib/python3.13/unittest/mock.py", line 1177, in _increment_mock_call
    self.call_count += 1
  File "/usr/lib/python3.13/unittest/mock.py", line 359, in _get
    return getattr(self, _the_name)
  File "/usr/lib/python3.13/unittest/mock.py", line 1168, in __call__
    self._increment_mock_call(*args, **kwargs)
  File "/usr/lib/python3.13/unittest/mock.py", line 1177, in _increment_mock_call
    self.call_count += 1
  File "/usr/lib/python3.13/unittest/mock.py", line 359, in _get
    return getattr(self, _the_name)
  File "/usr/lib/python3.13/unittest/mock.py", line 1168, in __call__
    self._increment_mock_call(*args, **kwargs)
  File "/usr/lib/python3.13/unittest/mock.py", line 1177, in _increment_mock_call
    self.call_count += 1
  File "/usr/lib/python3.13/unittest/mock.py", line 359, in _get
    return getattr(self, _the_name)
  File "/usr/lib/python3.13/unittest/mock.py", line 1168, in __call__
    self._increment_mock_call(*args, **kwargs)
  File "/usr/lib/python3.13/unittest/mock.py", line 1177, in _increment_mock_call
    self.call_count += 1
  File "/usr/lib/python3.13/unittest/mock.py", line 359, in _get
    return getattr(self, _the_name)
  File "/usr/lib/python3.13/unittest/mock.py", line 1168, in __call__
    self._increment_mock_call(*args, **kwargs)
  File "/usr/lib/python3.13/unittest/mock.py", line 1177, in _increment_mock_call
    self.call_count += 1
  File "/usr/lib/python3.13/unittest/mock.py", line 359, in _get
    return getattr(self, _the_name)
  File "/usr/lib/python3.13/unittest/mock.py", line 1168, in __call__
    self._increment_mock_call(*args, **kwargs)
  File "/usr/lib/python3.13/unittest/mock.py", line 1177, in _increment_mock_call
    self.call_count += 1
  File "/usr/lib/python3.13/unittest/mock.py", line 359, in _get
    return getattr(self, _the_name)
  File "/usr/lib/python3.13/unittest/mock.py", line 1168, in __call__
    self._increment_mock_call(*args, **kwargs)
  File "/usr/lib/python3.13/unittest/mock.py", line 1177, in _increment_mock_call
    self.call_count += 1
  File "/usr/lib/python3.13/unittest/mock.py", line 359, in _get
    return getattr(self, _the_name)
  File "/usr/lib/python3.13/unittest/mock.py", line 1168, in __call__
    self._increment_mock_call(*args, **kwargs)
  File "/usr/lib/python3.13/unittest/mock.py", line 1177, in _increment_mock_call
    self.call_count += 1
  File "/usr/lib/python3.13/unittest/mock.py", line 359, in _get
    return getattr(self, _the_name)
  File "/usr/lib/python3.13/unittest/mock.py", line 1168, in __call__
    self._increment_mock_call(*args, **kwargs)
  File "/usr/lib/python3.13/unittest/mock.py", line 1177, in _increment_mock_call
    self.call_count += 1
  File "/usr/lib/python3.13/unittest/mock.py", line 359, in _get
    return getattr(self, _the_name)
  File "/usr/lib/python3.13/unittest/mock.py", line 1168, in __call__
    self._increment_mock_call(*args, **kwargs)
  File "/usr/lib/python3.13/unittest/mock.py", line 1177, in _increment_mock_call
    self.call_count += 1
  File "/usr/lib/python3.13/unittest/mock.py", line 359, in _get
    return getattr(self, _the_name)
  File "/usr/lib/python3.13/unittest/mock.py", line 1168, in __call__
    self._increment_mock_call(*args, **kwargs)
  File "/usr/lib/python3.13/unittest/mock.py", line 1177, in _increment_mock_call
    self.call_count += 1
  File "/usr/lib/python3.13/unittest/mock.py", line 359, in _get
    return getattr(self, _the_name)
  File "/usr/lib/python3.13/unittest/mock.py", line 1168, in __call__
    self._increment_mock_call(*args, **kwargs)
  File "/usr/lib/python3.13/unittest/mock.py", line 1177, in _increment_mock_call
    self.call_count += 1
  File "/usr/lib/python3.13/unittest/mock.py", line 359, in _get
    return getattr(self, _the_name)
  File "/usr/lib/python3.13/unittest/mock.py", line 1168, in __call__
    self._increment_mock_call(*args, **kwargs)
  File "/usr/lib/python3.13/unittest/mock.py", line 1177, in _increment_mock_call
    self.call_count += 1
  File "/usr/lib/python3.13/unittest/mock.py", line 359, in _get
    return getattr(self, _the_name)
  File "/usr/lib/python3.13/unittest/mock.py", line 1168, in __call__
    self._increment_mock_call(*args, **kwargs)
  File "/usr/lib/python3.13/unittest/mock.py", line 1177, in _increment_mock_call
    self.call_count += 1
  File "/usr/lib/python3.13/unittest/mock.py", line 359, in _get
    return getattr(self, _the_name)
  File "/usr/lib/python3.13/unittest/mock.py", line 1168, in __call__
    self._increment_mock_call(*args, **kwargs)
  File "/usr/lib/python3.13/unittest/mock.py", line 1177, in _increment_mock_call
    self.call_count += 1
  File "/usr/lib/python3.13/unittest/mock.py", line 359, in _get
    return getattr(self, _the_name)
  File "/usr/lib/python3.13/unittest/mock.py", line 1168, in __call__
    self._increment_mock_call(*args, **kwargs)
  File "/usr/lib/python3.13/unittest/mock.py", line 1177, in _increment_mock_call
    self.call_count += 1
  File "/usr/lib/python3.13/unittest/mock.py", line 359, in _get
    return getattr(self, _the_name)
  File "/usr/lib/python3.13/unittest/mock.py", line 1168, in __call__
    self._increment_mock_call(*args, **kwargs)
  File "/usr/lib/python3.13/unittest/mock.py", line 1177, in _increment_mock_call
    self.call_count += 1
  File "/usr/lib/python3.13/unittest/mock.py", line 359, in _get
    return getattr(self, _the_name)
  File "/usr/lib/python3.13/unittest/mock.py", line 1168, in __call__
    self._increment_mock_call(*args, **kwargs)
  File "/usr/lib/python3.13/unittest/mock.py", line 1177, in _increment_mock_call
    self.call_count += 1
  File "/usr/lib/python3.13/unittest/mock.py", line 359, in _get
    return getattr(self, _the_name)
  File "/usr/lib/python3.13/unittest/mock.py", line 1168, in __call__
    self._increment_mock_call(*args, **kwargs)
  File "/usr/lib/python3.13/unittest/mock.py", line 1177, in _increment_mock_call
    self.call_count += 1
  File "/usr/lib/python3.13/unittest/mock.py", line 359, in _get
    return getattr(self, _the_name)
  File "/usr/lib/python3.13/unittest/mock.py", line 1168, in __call__
    self._increment_mock_call(*args, **kwargs)
  File "/usr/lib/python3.13/unittest/mock.py", line 1177, in _increment_mock_call
    self.call_count += 1
  File "/usr/lib/python3.13/unittest/mock.py", line 359, in _get
    return getattr(self, _the_name)
  File "/usr/lib/python3.13/unittest/mock.py", line 1168, in __call__
    self._increment_mock_call(*args, **kwargs)
  File "/usr/lib/python3.13/unittest/mock.py", line 1177, in _increment_mock_call
    self.call_count += 1
  File "/usr/lib/python3.13/unittest/mock.py", line 359, in _get
    return getattr(self, _the_name)
  File "/usr/lib/python3.13/unittest/mock.py", line 1168, in __call__
    self._increment_mock_call(*args, **kwargs)
  File "/usr/lib/python3.13/unittest/mock.py", line 1177, in _increment_mock_call
    self.call_count += 1
  File "/usr/lib/python3.13/unittest/mock.py", line 359, in _get
    return getattr(self, _the_name)
  File "/usr/lib/python3.13/unittest/mock.py", line 1168, in __call__
    self._increment_mock_call(*args, **kwargs)
  File "/usr/lib/python3.13/unittest/mock.py", line 1177, in _increment_mock_call
    self.call_count += 1
  File "/usr/lib/python3.13/unittest/mock.py", line 359, in _get
    return getattr(self, _the_name)
  File "/usr/lib/python3.13/unittest/mock.py", line 1168, in __call__
    self._increment_mock_call(*args, **kwargs)
  File "/usr/lib/python3.13/unittest/mock.py", line 1177, in _increment_mock_call
    self.call_count += 1
  File "/usr/lib/python3.13/unittest/mock.py", line 359, in _get
    return getattr(self, _the_name)
  File "/usr/lib/python3.13/unittest/mock.py", line 1168, in __call__
    self._increment_mock_call(*args, **kwargs)
  File "/usr/lib/python3.13/unittest/mock.py", line 1177, in _increment_mock_call
    self.call_count += 1
  File "/usr/lib/python3.13/unittest/mock.py", line 359, in _get
    return getattr(self, _the_name)
  File "/usr/lib/python3.13/unittest/mock.py", line 1168, in __call__
    self._increment_mock_call(*args, **kwargs)
  File "/usr/lib/python3.13/unittest/mock.py", line 1177, in _increment_mock_call
    self.call_count += 1
  File "/usr/lib/python3.13/unittest/mock.py", line 359, in _get
    return getattr(self, _the_name)
  File "/usr/lib/python3.13/unittest/mock.py", line 1168, in __call__
    self._increment_mock_call(*args, **kwargs)
  File "/usr/lib/python3.13/unittest/mock.py", line 1177, in _increment_mock_call
    self.call_count += 1
  File "/usr/lib/python3.13/unittest/mock.py", line 359, in _get
    return getattr(self, _the_name)
  File "/usr/lib/python3.13/unittest/mock.py", line 1168, in __call__
    self._increment_mock_call(*args, **kwargs)
  File "/usr/lib/python3.13/unittest/mock.py", line 1177, in _increment_mock_call
    self.call_count += 1
  File "/usr/lib/python3.13/unittest/mock.py", line 359, in _get
    return getattr(self, _the_name)
  File "/usr/lib/python3.13/unittest/mock.py", line 1168, in __call__
    self._increment_mock_call(*args, **kwargs)
  File "/usr/lib/python3.13/unittest/mock.py", line 1177, in _increment_mock_call
    self.call_count += 1
  File "/usr/lib/python3.13/unittest/mock.py", line 359, in _get
    return getattr(self, _the_name)
  File "/usr/lib/python3.13/unittest/mock.py", line 1168, in __call__
    self._increment_mock_call(*args, **kwargs)
  File "/usr/lib/python3.13/unittest/mock.py", line 1177, in _increment_mock_call
    self.call_count += 1
  File "/usr/lib/python3.13/unittest/mock.py", line 359, in _get
    return getattr(self, _the_name)
  File "/usr/lib/python3.13/unittest/mock.py", line 1168, in __call__
    self._increment_mock_call(*args, **kwargs)
  File "/usr/lib/python3.13/unittest/mock.py", line 1177, in _increment_mock_call
    self.call_count += 1
  File "/usr/lib/python3.13/unittest/mock.py", line 359, in _get
    return getattr(self, _the_name)
  File "/usr/lib/python3.13/unittest/mock.py", line 1168, in __call__
    self._increment_mock_call(*args, **kwargs)
  File "/usr/lib/python3.13/unittest/mock.py", line 1177, in _increment_mock_call
    self.call_count += 1
  File "/usr/lib/python3.13/unittest/mock.py", line 359, in _get
    return getattr(self, _the_name)
  File "/usr/lib/python3.13/unittest/mock.py", line 1168, in __call__
    self._increment_mock_call(*args, **kwargs)
  File "/usr/lib/python3.13/unittest/mock.py", line 1177, in _increment_mock_call
    self.call_count += 1
  File "/usr/lib/python3.13/unittest/mock.py", line 359, in _get
    return getattr(self, _the_name)
  File "/usr/lib/python3.13/unittest/mock.py", line 1168, in __call__
    self._increment_mock_call(*args, **kwargs)
  File "/usr/lib/python3.13/unittest/mock.py", line 1177, in _increment_mock_call
    self.call_count += 1
  File "/usr/lib/python3.13/unittest/mock.py", line 359, in _get
    return getattr(self, _the_name)
  File "/usr/lib/python3.13/unittest/mock.py", line 1168, in __call__
    self._increment_mock_call(*args, **kwargs)
  File "/usr/lib/python3.13/unittest/mock.py", line 1177, in _increment_mock_call
    self.call_count += 1
  File "/usr/lib/python3.13/unittest/mock.py", line 359, in _get
    return getattr(self, _the_name)
  File "/usr/lib/python3.13/unittest/mock.py", line 1168, in __call__
    self._increment_mock_call(*args, **kwargs)
  File "/usr/lib/python3.13/unittest/mock.py", line 1177, in _increment_mock_call
    self.call_count += 1
  File "/usr/lib/python3.13/unittest/mock.py", line 359, in _get
    return getattr(self, _the_name)
  File "/usr/lib/python3.13/unittest/mock.py", line 1168, in __call__
    self._increment_mock_call(*args, **kwargs)
  File "/usr/lib/python3.13/unittest/mock.py", line 1177, in _increment_mock_call
    self.call_count += 1
  File "/usr/lib/python3.13/unittest/mock.py", line 359, in _get
    return getattr(self, _the_name)
  File "/usr/lib/python3.13/unittest/mock.py", line 1168, in __call__
    self._increment_mock_call(*args, **kwargs)
  File "/usr/lib/python3.13/unittest/mock.py", line 1177, in _increment_mock_call
    self.call_count += 1
  File "/usr/lib/python3.13/unittest/mock.py", line 359, in _get
    return getattr(self, _the_name)
  File "/usr/lib/python3.13/unittest/mock.py", line 1168, in __call__
    self._increment_mock_call(*args, **kwargs)
  File "/usr/lib/python3.13/unittest/mock.py", line 1177, in _increment_mock_call
    self.call_count += 1
  File "/usr/lib/python3.13/unittest/mock.py", line 359, in _get
    return getattr(self, _the_name)
  File "/usr/lib/python3.13/unittest/mock.py", line 1168, in __call__
    self._increment_mock_call(*args, **kwargs)
  File "/usr/lib/python3.13/unittest/mock.py", line 1177, in _increment_mock_call
    self.call_count += 1
  File "/usr/lib/python3.13/unittest/mock.py", line 359, in _get
    return getattr(self, _the_name)
  File "/usr/lib/python3.13/unittest/mock.py", line 1168, in __call__
    self._increment_mock_call(*args, **kwargs)
  File "/usr/lib/python3.13/unittest/mock.py", line 1177, in _increment_mock_call
    self.call_count += 1
  File "/usr/lib/python3.13/unittest/mock.py", line 359, in _get
    return getattr(self, _the_name)
  File "/usr/lib/python3.13/unittest/mock.py", line 1168, in __call__
    self._increment_mock_call(*args, **kwargs)
  File "/usr/lib/python3.13/unittest/mock.py", line 1177, in _increment_mock_call
    self.call_count += 1
  File "/usr/lib/python3.13/unittest/mock.py", line 359, in _get
    return getattr(self, _the_name)
  File "/usr/lib/python3.13/unittest/mock.py", line 1168, in __call__
    self._increment_mock_call(*args, **kwargs)
  File "/usr/lib/python3.13/unittest/mock.py", line 1177, in _increment_mock_call
    self.call_count += 1
  File "/usr/lib/python3.13/unittest/mock.py", line 359, in _get
    return getattr(self, _the_name)
  File "/usr/lib/python3.13/unittest/mock.py", line 1168, in __call__
    self._increment_mock_call(*args, **kwargs)
  File "/usr/lib/python3.13/unittest/mock.py", line 1177, in _increment_mock_call
    self.call_count += 1
  File "/usr/lib/python3.13/unittest/mock.py", line 359, in _get
    return getattr(self, _the_name)
  File "/usr/lib/python3.13/unittest/mock.py", line 1168, in __call__
    self._increment_mock_call(*args, **kwargs)
  File "/usr/lib/python3.13/unittest/mock.py", line 1177, in _increment_mock_call
    self.call_count += 1
  File "/usr/lib/python3.13/unittest/mock.py", line 359, in _get
    return getattr(self, _the_name)
  File "/usr/lib/python3.13/unittest/mock.py", line 1168, in __call__
    self._increment_mock_call(*args, **kwargs)
  File "/usr/lib/python3.13/unittest/mock.py", line 1177, in _increment_mock_call
    self.call_count += 1
  File "/usr/lib/python3.13/unittest/mock.py", line 359, in _get
    return getattr(self, _the_name)
  File "/usr/lib/python3.13/unittest/mock.py", line 1168, in __call__
    self._increment_mock_call(*args, **kwargs)
  File "/usr/lib/python3.13/unittest/mock.py", line 1177, in _increment_mock_call
    self.call_count += 1
  File "/usr/lib/python3.13/unittest/mock.py", line 359, in _get
    return getattr(self, _the_name)
  File "/usr/lib/python3.13/unittest/mock.py", line 1168, in __call__
    self._increment_mock_call(*args, **kwargs)
  File "/usr/lib/python3.13/unittest/mock.py", line 1177, in _increment_mock_call
    self.call_count += 1
  File "/usr/lib/python3.13/unittest/mock.py", line 359, in _get
    return getattr(self, _the_name)
  File "/usr/lib/python3.13/unittest/mock.py", line 1168, in __call__
    self._increment_mock_call(*args, **kwargs)
  File "/usr/lib/python3.13/unittest/mock.py", line 1177, in _increment_mock_call
    self.call_count += 1
  File "/usr/lib/python3.13/unittest/mock.py", line 359, in _get
    return getattr(self, _the_name)
  File "/usr/lib/python3.13/unittest/mock.py", line 1168, in __call__
    self._increment_mock_call(*args, **kwargs)
  File "/usr/lib/python3.13/unittest/mock.py", line 1177, in _increment_mock_call
    self.call_count += 1
  File "/usr/lib/python3.13/unittest/mock.py", line 359, in _get
    return getattr(self, _the_name)
  File "/usr/lib/python3.13/unittest/mock.py", line 1168, in __call__
    self._increment_mock_call(*args, **kwargs)
  File "/usr/lib/python3.13/unittest/mock.py", line 1177, in _increment_mock_call
    self.call_count += 1
  File "/usr/lib/python3.13/unittest/mock.py", line 359, in _get
    return getattr(self, _the_name)
  File "/usr/lib/python3.13/unittest/mock.py", line 1168, in __call__
    self._increment_mock_call(*args, **kwargs)
  File "/usr/lib/python3.13/unittest/mock.py", line 1177, in _increment_mock_call
    self.call_count += 1
  File "/usr/lib/python3.13/unittest/mock.py", line 359, in _get
    return getattr(self, _the_name)
  File "/usr/lib/python3.13/unittest/mock.py", line 1168, in __call__
    self._increment_mock_call(*args, **kwargs)
  File "/usr/lib/python3.13/unittest/mock.py", line 1177, in _increment_mock_call
    self.call_count += 1
  File "/usr/lib/python3.13/unittest/mock.py", line 359, in _get
    return getattr(self, _the_name)
  File "/usr/lib/python3.13/unittest/mock.py", line 1168, in __call__
    self._increment_mock_call(*args, **kwargs)
  File "/usr/lib/python3.13/unittest/mock.py", line 1177, in _increment_mock_call
    self.call_count += 1
  File "/usr/lib/python3.13/unittest/mock.py", line 359, in _get
    return getattr(self, _the_name)
  File "/usr/lib/python3.13/unittest/mock.py", line 1168, in __call__
    self._increment_mock_call(*args, **kwargs)
  File "/usr/lib/python3.13/unittest/mock.py", line 1177, in _increment_mock_call
    self.call_count += 1
  File "/usr/lib/python3.13/unittest/mock.py", line 359, in _get
    return getattr(self, _the_name)
  File "/usr/lib/python3.13/unittest/mock.py", line 1168, in __call__
    self._increment_mock_call(*args, **kwargs)
  File "/usr/lib/python3.13/unittest/mock.py", line 1177, in _increment_mock_call
    self.call_count += 1
  File "/usr/lib/python3.13/unittest/mock.py", line 359, in _get
    return getattr(self, _the_name)
  File "/usr/lib/python3.13/unittest/mock.py", line 1168, in __call__
    self._increment_mock_call(*args, **kwargs)
  File "/usr/lib/python3.13/unittest/mock.py", line 1177, in _increment_mock_call
    self.call_count += 1
  File "/usr/lib/python3.13/unittest/mock.py", line 359, in _get
    return getattr(self, _the_name)
  File "/usr/lib/python3.13/unittest/mock.py", line 1168, in __call__
    self._increment_mock_call(*args, **kwargs)
  File "/usr/lib/python3.13/unittest/mock.py", line 1177, in _increment_mock_call
    self.call_count += 1
  File "/usr/lib/python3.13/unittest/mock.py", line 359, in _get
    return getattr(self, _the_name)
  File "/usr/lib/python3.13/unittest/mock.py", line 1168, in __call__
    self._increment_mock_call(*args, **kwargs)
  File "/usr/lib/python3.13/unittest/mock.py", line 1177, in _increment_mock_call
    self.call_count += 1
  File "/usr/lib/python3.13/unittest/mock.py", line 359, in _get
    return getattr(self, _the_name)
  File "/usr/lib/python3.13/unittest/mock.py", line 1168, in __call__
    self._increment_mock_call(*args, **kwargs)
  File "/usr/lib/python3.13/unittest/mock.py", line 1177, in _increment_mock_call
    self.call_count += 1
  File "/usr/lib/python3.13/unittest/mock.py", line 359, in _get
    return getattr(self, _the_name)
  File "/usr/lib/python3.13/unittest/mock.py", line 1168, in __call__
    self._increment_mock_call(*args, **kwargs)
  File "/usr/lib/python3.13/unittest/mock.py", line 1177, in _increment_mock_call
    self.call_count += 1
  File "/usr/lib/python3.13/unittest/mock.py", line 359, in _get
    return getattr(self, _the_name)
  File "/usr/lib/python3.13/unittest/mock.py", line 1168, in __call__
    self._increment_mock_call(*args, **kwargs)
  File "/usr/lib/python3.13/unittest/mock.py", line 1177, in _increment_mock_call
    self.call_count += 1
  File "/usr/lib/python3.13/unittest/mock.py", line 359, in _get
    return getattr(self, _the_name)
  File "/usr/lib/python3.13/unittest/mock.py", line 1168, in __call__
    self._increment_mock_call(*args, **kwargs)
  File "/usr/lib/python3.13/unittest/mock.py", line 1177, in _increment_mock_call
    self.call_count += 1
  File "/usr/lib/python3.13/unittest/mock.py", line 359, in _get
    return getattr(self, _the_name)
  File "/usr/lib/python3.13/unittest/mock.py", line 1168, in __call__
    self._increment_mock_call(*args, **kwargs)
  File "/usr/lib/python3.13/unittest/mock.py", line 1177, in _increment_mock_call
    self.call_count += 1
  File "/usr/lib/python3.13/unittest/mock.py", line 359, in _get
    return getattr(self, _the_name)
  File "/usr/lib/python3.13/unittest/mock.py", line 1168, in __call__
    self._increment_mock_call(*args, **kwargs)
  File "/usr/lib/python3.13/unittest/mock.py", line 1177, in _increment_mock_call
    self.call_count += 1
  File "/usr/lib/python3.13/unittest/mock.py", line 359, in _get
    return getattr(self, _the_name)
  File "/usr/lib/python3.13/unittest/mock.py", line 1168, in __call__
    self._increment_mock_call(*args, **kwargs)
  File "/usr/lib/python3.13/unittest/mock.py", line 1177, in _increment_mock_call
    self.call_count += 1
  File "/usr/lib/python3.13/unittest/mock.py", line 359, in _get
    return getattr(self, _the_name)
  File "/usr/lib/python3.13/unittest/mock.py", line 1168, in __call__
    self._increment_mock_call(*args, **kwargs)
  File "/usr/lib/python3.13/unittest/mock.py", line 1177, in _increment_mock_call
    self.call_count += 1
  File "/usr/lib/python3.13/unittest/mock.py", line 359, in _get
    return getattr(self, _the_name)
  File "/usr/lib/python3.13/unittest/mock.py", line 1168, in __call__
    self._increment_mock_call(*args, **kwargs)
  File "/usr/lib/python3.13/unittest/mock.py", line 1177, in _increment_mock_call
    self.call_count += 1
  File "/usr/lib/python3.13/unittest/mock.py", line 359, in _get
    return getattr(self, _the_name)
  File "/usr/lib/python3.13/unittest/mock.py", line 1168, in __call__
    self._increment_mock_call(*args, **kwargs)
  File "/usr/lib/python3.13/unittest/mock.py", line 1177, in _increment_mock_call
    self.call_count += 1
  File "/usr/lib/python3.13/unittest/mock.py", line 359, in _get
    return getattr(self, _the_name)
  File "/usr/lib/python3.13/unittest/mock.py", line 1168, in __call__
    self._increment_mock_call(*args, **kwargs)
  File "/usr/lib/python3.13/unittest/mock.py", line 1177, in _increment_mock_call
    self.call_count += 1
  File "/usr/lib/python3.13/unittest/mock.py", line 359, in _get
    return getattr(self, _the_name)
  File "/usr/lib/python3.13/unittest/mock.py", line 1168, in __call__
    self._increment_mock_call(*args, **kwargs)
  File "/usr/lib/python3.13/unittest/mock.py", line 1177, in _increment_mock_call
    self.call_count += 1
  File "/usr/lib/python3.13/unittest/mock.py", line 359, in _get
    return getattr(self, _the_name)
  File "/usr/lib/python3.13/unittest/mock.py", line 1168, in __call__
    self._increment_mock_call(*args, **kwargs)
  File "/usr/lib/python3.13/unittest/mock.py", line 1177, in _increment_mock_call
    self.call_count += 1
  File "/usr/lib/python3.13/unittest/mock.py", line 359, in _get
    return getattr(self, _the_name)
  File "/usr/lib/python3.13/unittest/mock.py", line 1168, in __call__
    self._increment_mock_call(*args, **kwargs)
  File "/usr/lib/python3.13/unittest/mock.py", line 1177, in _increment_mock_call
    self.call_count += 1
  File "/usr/lib/python3.13/unittest/mock.py", line 359, in _get
    return getattr(self, _the_name)
  File "/usr/lib/python3.13/unittest/mock.py", line 1168, in __call__
    self._increment_mock_call(*args, **kwargs)
  File "/usr/lib/python3.13/unittest/mock.py", line 1177, in _increment_mock_call
    self.call_count += 1
  File "/usr/lib/python3.13/unittest/mock.py", line 359, in _get
    return getattr(self, _the_name)
  File "/usr/lib/python3.13/unittest/mock.py", line 1168, in __call__
    self._increment_mock_call(*args, **kwargs)
  File "/usr/lib/python3.13/unittest/mock.py", line 1177, in _increment_mock_call
    self.call_count += 1
  File "/usr/lib/python3.13/unittest/mock.py", line 359, in _get
    return getattr(self, _the_name)
  File "/usr/lib/python3.13/unittest/mock.py", line 1168, in __call__
    self._increment_mock_call(*args, **kwargs)
  File "/usr/lib/python3.13/unittest/mock.py", line 1177, in _increment_mock_call
    self.call_count += 1
  File "/usr/lib/python3.13/unittest/mock.py", line 359, in _get
    return getattr(self, _the_name)
  File "/usr/lib/python3.13/unittest/mock.py", line 1168, in __call__
    self._increment_mock_call(*args, **kwargs)
  File "/usr/lib/python3.13/unittest/mock.py", line 1177, in _increment_mock_call
    self.call_count += 1
  File "/usr/lib/python3.13/unittest/mock.py", line 359, in _get
    return getattr(self, _the_name)
  File "/usr/lib/python3.13/unittest/mock.py", line 1168, in __call__
    self._increment_mock_call(*args, **kwargs)
  File "/usr/lib/python3.13/unittest/mock.py", line 1177, in _increment_mock_call
    self.call_count += 1
  File "/usr/lib/python3.13/unittest/mock.py", line 359, in _get
    return getattr(self, _the_name)
  File "/usr/lib/python3.13/unittest/mock.py", line 1168, in __call__
    self._increment_mock_call(*args, **kwargs)
  File "/usr/lib/python3.13/unittest/mock.py", line 1177, in _increment_mock_call
    self.call_count += 1
  File "/usr/lib/python3.13/unittest/mock.py", line 359, in _get
    return getattr(self, _the_name)
  File "/usr/lib/python3.13/unittest/mock.py", line 1168, in __call__
    self._increment_mock_call(*args, **kwargs)
  File "/usr/lib/python3.13/unittest/mock.py", line 1177, in _increment_mock_call
    self.call_count += 1
  File "/usr/lib/python3.13/unittest/mock.py", line 359, in _get
    return getattr(self, _the_name)
  File "/usr/lib/python3.13/unittest/mock.py", line 1168, in __call__
    self._increment_mock_call(*args, **kwargs)
  File "/usr/lib/python3.13/unittest/mock.py", line 1177, in _increment_mock_call
    self.call_count += 1
  File "/usr/lib/python3.13/unittest/mock.py", line 359, in _get
    return getattr(self, _the_name)
  File "/usr/lib/python3.13/unittest/mock.py", line 1168, in __call__
    self._increment_mock_call(*args, **kwargs)
  File "/usr/lib/python3.13/unittest/mock.py", line 1177, in _increment_mock_call
    self.call_count += 1
  File "/usr/lib/python3.13/unittest/mock.py", line 359, in _get
    return getattr(self, _the_name)
  File "/usr/lib/python3.13/unittest/mock.py", line 1168, in __call__
    self._increment_mock_call(*args, **kwargs)
  File "/usr/lib/python3.13/unittest/mock.py", line 1177, in _increment_mock_call
    self.call_count += 1
  File "/usr/lib/python3.13/unittest/mock.py", line 359, in _get
    return getattr(self, _the_name)
  File "/usr/lib/python3.13/unittest/mock.py", line 1168, in __call__
    self._increment_mock_call(*args, **kwargs)
  File "/usr/lib/python3.13/unittest/mock.py", line 1177, in _increment_mock_call
    self.call_count += 1
  File "/usr/lib/python3.13/unittest/mock.py", line 359, in _get
    return getattr(self, _the_name)
  File "/usr/lib/python3.13/unittest/mock.py", line 1168, in __call__
    self._increment_mock_call(*args, **kwargs)
  File "/usr/lib/python3.13/unittest/mock.py", line 1177, in _increment_mock_call
    self.call_count += 1
  File "/usr/lib/python3.13/unittest/mock.py", line 359, in _get
    return getattr(self, _the_name)
  File "/usr/lib/python3.13/unittest/mock.py", line 1168, in __call__
    self._increment_mock_call(*args, **kwargs)
  File "/usr/lib/python3.13/unittest/mock.py", line 1177, in _increment_mock_call
    self.call_count += 1
  File "/usr/lib/python3.13/unittest/mock.py", line 359, in _get
    return getattr(self, _the_name)
  File "/usr/lib/python3.13/unittest/mock.py", line 1168, in __call__
    self._increment_mock_call(*args, **kwargs)
  File "/usr/lib/python3.13/unittest/mock.py", line 1177, in _increment_mock_call
    self.call_count += 1
  File "/usr/lib/python3.13/unittest/mock.py", line 359, in _get
    return getattr(self, _the_name)
  File "/usr/lib/python3.13/unittest/mock.py", line 1168, in __call__
    self._increment_mock_call(*args, **kwargs)
  File "/usr/lib/python3.13/unittest/mock.py", line 1177, in _increment_mock_call
    self.call_count += 1
  File "/usr/lib/python3.13/unittest/mock.py", line 359, in _get
    return getattr(self, _the_name)
  File "/usr/lib/python3.13/unittest/mock.py", line 1168, in __call__
    self._increment_mock_call(*args, **kwargs)
  File "/usr/lib/python3.13/unittest/mock.py", line 1177, in _increment_mock_call
    self.call_count += 1
  File "/usr/lib/python3.13/unittest/mock.py", line 359, in _get
    return getattr(self, _the_name)
  File "/usr/lib/python3.13/unittest/mock.py", line 1168, in __call__
    self._increment_mock_call(*args, **kwargs)
  File "/usr/lib/python3.13/unittest/mock.py", line 1177, in _increment_mock_call
    self.call_count += 1
  File "/usr/lib/python3.13/unittest/mock.py", line 359, in _get
    return getattr(self, _the_name)
  File "/usr/lib/python3.13/unittest/mock.py", line 1168, in __call__
    self._increment_mock_call(*args, **kwargs)
  File "/usr/lib/python3.13/unittest/mock.py", line 1177, in _increment_mock_call
    self.call_count += 1
  File "/usr/lib/python3.13/unittest/mock.py", line 359, in _get
    return getattr(self, _the_name)
  File "/usr/lib/python3.13/unittest/mock.py", line 1168, in __call__
    self._increment_mock_call(*args, **kwargs)
  File "/usr/lib/python3.13/unittest/mock.py", line 1177, in _increment_mock_call
    self.call_count += 1
  File "/usr/lib/python3.13/unittest/mock.py", line 359, in _get
    return getattr(self, _the_name)
  File "/usr/lib/python3.13/unittest/mock.py", line 1168, in __call__
    self._increment_mock_call(*args, **kwargs)
  File "/usr/lib/python3.13/unittest/mock.py", line 1177, in _increment_mock_call
    self.call_count += 1
  File "/usr/lib/python3.13/unittest/mock.py", line 359, in _get
    return getattr(self, _the_name)
  File "/usr/lib/python3.13/unittest/mock.py", line 1168, in __call__
    self._increment_mock_call(*args, **kwargs)
  File "/usr/lib/python3.13/unittest/mock.py", line 1177, in _increment_mock_call
    self.call_count += 1
  File "/usr/lib/python3.13/unittest/mock.py", line 359, in _get
    return getattr(self, _the_name)
  File "/usr/lib/python3.13/unittest/mock.py", line 1168, in __call__
    self._increment_mock_call(*args, **kwargs)
  File "/usr/lib/python3.13/unittest/mock.py", line 1177, in _increment_mock_call
    self.call_count += 1
  File "/usr/lib/python3.13/unittest/mock.py", line 359, in _get
    return getattr(self, _the_name)
  File "/usr/lib/python3.13/unittest/mock.py", line 1168, in __call__
    self._increment_mock_call(*args, **kwargs)
  File "/usr/lib/python3.13/unittest/mock.py", line 1177, in _increment_mock_call
    self.call_count += 1
  File "/usr/lib/python3.13/unittest/mock.py", line 359, in _get
    return getattr(self, _the_name)
  File "/usr/lib/python3.13/unittest/mock.py", line 1168, in __call__
    self._increment_mock_call(*args, **kwargs)
  File "/usr/lib/python3.13/unittest/mock.py", line 1177, in _increment_mock_call
    self.call_count += 1
  File "/usr/lib/python3.13/unittest/mock.py", line 359, in _get
    return getattr(self, _the_name)
  File "/usr/lib/python3.13/unittest/mock.py", line 1168, in __call__
    self._increment_mock_call(*args, **kwargs)
  File "/usr/lib/python3.13/unittest/mock.py", line 1177, in _increment_mock_call
    self.call_count += 1
  File "/usr/lib/python3.13/unittest/mock.py", line 359, in _get
    return getattr(self, _the_name)
  File "/usr/lib/python3.13/unittest/mock.py", line 1168, in __call__
    self._increment_mock_call(*args, **kwargs)
  File "/usr/lib/python3.13/unittest/mock.py", line 1177, in _increment_mock_call
    self.call_count += 1
  File "/usr/lib/python3.13/unittest/mock.py", line 359, in _get
    return getattr(self, _the_name)
  File "/usr/lib/python3.13/unittest/mock.py", line 1168, in __call__
    self._increment_mock_call(*args, **kwargs)
  File "/usr/lib/python3.13/unittest/mock.py", line 1177, in _increment_mock_call
    self.call_count += 1
  File "/usr/lib/python3.13/unittest/mock.py", line 359, in _get
    return getattr(self, _the_name)
  File "/usr/lib/python3.13/unittest/mock.py", line 1168, in __call__
    self._increment_mock_call(*args, **kwargs)
  File "/usr/lib/python3.13/unittest/mock.py", line 1177, in _increment_mock_call
    self.call_count += 1
  File "/usr/lib/python3.13/unittest/mock.py", line 359, in _get
    return getattr(self, _the_name)
  File "/usr/lib/python3.13/unittest/mock.py", line 1168, in __call__
    self._increment_mock_call(*args, **kwargs)
  File "/usr/lib/python3.13/unittest/mock.py", line 1177, in _increment_mock_call
    self.call_count += 1
  File "/usr/lib/python3.13/unittest/mock.py", line 359, in _get
    return getattr(self, _the_name)
  File "/usr/lib/python3.13/unittest/mock.py", line 1168, in __call__
    self._increment_mock_call(*args, **kwargs)
  File "/usr/lib/python3.13/unittest/mock.py", line 1177, in _increment_mock_call
    self.call_count += 1
  File "/usr/lib/python3.13/unittest/mock.py", line 359, in _get
    return getattr(self, _the_name)
  File "/usr/lib/python3.13/unittest/mock.py", line 1168, in __call__
    self._increment_mock_call(*args, **kwargs)
  File "/usr/lib/python3.13/unittest/mock.py", line 1177, in _increment_mock_call
    self.call_count += 1
  File "/usr/lib/python3.13/unittest/mock.py", line 359, in _get
    return getattr(self, _the_name)
  File "/usr/lib/python3.13/unittest/mock.py", line 1168, in __call__
    self._increment_mock_call(*args, **kwargs)
  File "/usr/lib/python3.13/unittest/mock.py", line 1177, in _increment_mock_call
    self.call_count += 1
  File "/usr/lib/python3.13/unittest/mock.py", line 359, in _get
    return getattr(self, _the_name)
  File "/usr/lib/python3.13/unittest/mock.py", line 1168, in __call__
    self._increment_mock_call(*args, **kwargs)
  File "/usr/lib/python3.13/unittest/mock.py", line 1177, in _increment_mock_call
    self.call_count += 1
  File "/usr/lib/python3.13/unittest/mock.py", line 359, in _get
    return getattr(self, _the_name)
  File "/usr/lib/python3.13/unittest/mock.py", line 1168, in __call__
    self._increment_mock_call(*args, **kwargs)
  File "/usr/lib/python3.13/unittest/mock.py", line 1177, in _increment_mock_call
    self.call_count += 1
  File "/usr/lib/python3.13/unittest/mock.py", line 359, in _get
    return getattr(self, _the_name)
  File "/usr/lib/python3.13/unittest/mock.py", line 1168, in __call__
    self._increment_mock_call(*args, **kwargs)
  File "/usr/lib/python3.13/unittest/mock.py", line 1177, in _increment_mock_call
    self.call_count += 1
  File "/usr/lib/python3.13/unittest/mock.py", line 359, in _get
    return getattr(self, _the_name)
  File "/usr/lib/python3.13/unittest/mock.py", line 1168, in __call__
    self._increment_mock_call(*args, **kwargs)
  File "/usr/lib/python3.13/unittest/mock.py", line 1177, in _increment_mock_call
    self.call_count += 1
  File "/usr/lib/python3.13/unittest/mock.py", line 359, in _get
    return getattr(self, _the_name)
  File "/usr/lib/python3.13/unittest/mock.py", line 1168, in __call__
    self._increment_mock_call(*args, **kwargs)
  File "/usr/lib/python3.13/unittest/mock.py", line 1177, in _increment_mock_call
    self.call_count += 1
  File "/usr/lib/python3.13/unittest/mock.py", line 359, in _get
    return getattr(self, _the_name)
  File "/usr/lib/python3.13/unittest/mock.py", line 1168, in __call__
    self._increment_mock_call(*args, **kwargs)
  File "/usr/lib/python3.13/unittest/mock.py", line 1177, in _increment_mock_call
    self.call_count += 1
  File "/usr/lib/python3.13/unittest/mock.py", line 359, in _get
    return getattr(self, _the_name)
  File "/usr/lib/python3.13/unittest/mock.py", line 1168, in __call__
    self._increment_mock_call(*args, **kwargs)
  File "/usr/lib/python3.13/unittest/mock.py", line 1177, in _increment_mock_call
    self.call_count += 1
  File "/usr/lib/python3.13/unittest/mock.py", line 359, in _get
    return getattr(self, _the_name)
  File "/usr/lib/python3.13/unittest/mock.py", line 1168, in __call__
    self._increment_mock_call(*args, **kwargs)
  File "/usr/lib/python3.13/unittest/mock.py", line 1177, in _increment_mock_call
    self.call_count += 1
  File "/usr/lib/python3.13/unittest/mock.py", line 359, in _get
    return getattr(self, _the_name)
  File "/usr/lib/python3.13/unittest/mock.py", line 1168, in __call__
    self._increment_mock_call(*args, **kwargs)
  File "/usr/lib/python3.13/unittest/mock.py", line 1177, in _increment_mock_call
    self.call_count += 1
  File "/usr/lib/python3.13/unittest/mock.py", line 359, in _get
    return getattr(self, _the_name)
  File "/usr/lib/python3.13/unittest/mock.py", line 1168, in __call__
    self._increment_mock_call(*args, **kwargs)
  File "/usr/lib/python3.13/unittest/mock.py", line 1177, in _increment_mock_call
    self.call_count += 1
  File "/usr/lib/python3.13/unittest/mock.py", line 359, in _get
    return getattr(self, _the_name)
  File "/usr/lib/python3.13/unittest/mock.py", line 1168, in __call__
    self._increment_mock_call(*args, **kwargs)
  File "/usr/lib/python3.13/unittest/mock.py", line 1177, in _increment_mock_call
    self.call_count += 1
  File "/usr/lib/python3.13/unittest/mock.py", line 359, in _get
    return getattr(self, _the_name)
  File "/usr/lib/python3.13/unittest/mock.py", line 1168, in __call__
    self._increment_mock_call(*args, **kwargs)
  File "/usr/lib/python3.13/unittest/mock.py", line 1177, in _increment_mock_call
    self.call_count += 1
  File "/usr/lib/python3.13/unittest/mock.py", line 359, in _get
    return getattr(self, _the_name)
  File "/usr/lib/python3.13/unittest/mock.py", line 1168, in __call__
    self._increment_mock_call(*args, **kwargs)
  File "/usr/lib/python3.13/unittest/mock.py", line 1177, in _increment_mock_call
    self.call_count += 1
  File "/usr/lib/python3.13/unittest/mock.py", line 359, in _get
    return getattr(self, _the_name)
  File "/usr/lib/python3.13/unittest/mock.py", line 1168, in __call__
    self._increment_mock_call(*args, **kwargs)
  File "/usr/lib/python3.13/unittest/mock.py", line 1177, in _increment_mock_call
    self.call_count += 1
  File "/usr/lib/python3.13/unittest/mock.py", line 359, in _get
    return getattr(self, _the_name)
  File "/usr/lib/python3.13/unittest/mock.py", line 1168, in __call__
    self._increment_mock_call(*args, **kwargs)
  File "/usr/lib/python3.13/unittest/mock.py", line 1177, in _increment_mock_call
    self.call_count += 1
  File "/usr/lib/python3.13/unittest/mock.py", line 359, in _get
    return getattr(self, _the_name)
  File "/usr/lib/python3.13/unittest/mock.py", line 1168, in __call__
    self._increment_mock_call(*args, **kwargs)
  File "/usr/lib/python3.13/unittest/mock.py", line 1177, in _increment_mock_call
    self.call_count += 1
  File "/usr/lib/python3.13/unittest/mock.py", line 359, in _get
    return getattr(self, _the_name)
  File "/usr/lib/python3.13/unittest/mock.py", line 1168, in __call__
    self._increment_mock_call(*args, **kwargs)
  File "/usr/lib/python3.13/unittest/mock.py", line 1177, in _increment_mock_call
    self.call_count += 1
  File "/usr/lib/python3.13/unittest/mock.py", line 359, in _get
    return getattr(self, _the_name)
  File "/usr/lib/python3.13/unittest/mock.py", line 1168, in __call__
    self._increment_mock_call(*args, **kwargs)
  File "/usr/lib/python3.13/unittest/mock.py", line 1177, in _increment_mock_call
    self.call_count += 1
  File "/usr/lib/python3.13/unittest/mock.py", line 359, in _get
    return getattr(self, _the_name)
  File "/usr/lib/python3.13/unittest/mock.py", line 1168, in __call__
    self._increment_mock_call(*args, **kwargs)
  File "/usr/lib/python3.13/unittest/mock.py", line 1177, in _increment_mock_call
    self.call_count += 1
  File "/usr/lib/python3.13/unittest/mock.py", line 359, in _get
    return getattr(self, _the_name)
  File "/usr/lib/python3.13/unittest/mock.py", line 1168, in __call__
    self._increment_mock_call(*args, **kwargs)
  File "/usr/lib/python3.13/unittest/mock.py", line 1177, in _increment_mock_call
    self.call_count += 1
  File "/usr/lib/python3.13/unittest/mock.py", line 359, in _get
    return getattr(self, _the_name)
  File "/usr/lib/python3.13/unittest/mock.py", line 1168, in __call__
    self._increment_mock_call(*args, **kwargs)
  File "/usr/lib/python3.13/unittest/mock.py", line 1177, in _increment_mock_call
    self.call_count += 1
  File "/usr/lib/python3.13/unittest/mock.py", line 359, in _get
    return getattr(self, _the_name)
  File "/usr/lib/python3.13/unittest/mock.py", line 1168, in __call__
    self._increment_mock_call(*args, **kwargs)
  File "/usr/lib/python3.13/unittest/mock.py", line 1177, in _increment_mock_call
    self.call_count += 1
  File "/usr/lib/python3.13/unittest/mock.py", line 359, in _get
    return getattr(self, _the_name)
  File "/usr/lib/python3.13/unittest/mock.py", line 1168, in __call__
    self._increment_mock_call(*args, **kwargs)
  File "/usr/lib/python3.13/unittest/mock.py", line 1177, in _increment_mock_call
    self.call_count += 1
  File "/usr/lib/python3.13/unittest/mock.py", line 359, in _get
    return getattr(self, _the_name)
  File "/usr/lib/python3.13/unittest/mock.py", line 1168, in __call__
    self._increment_mock_call(*args, **kwargs)
  File "/usr/lib/python3.13/unittest/mock.py", line 1177, in _increment_mock_call
    self.call_count += 1
  File "/usr/lib/python3.13/unittest/mock.py", line 359, in _get
    return getattr(self, _the_name)
  File "/usr/lib/python3.13/unittest/mock.py", line 1168, in __call__
    self._increment_mock_call(*args, **kwargs)
  File "/usr/lib/python3.13/unittest/mock.py", line 1177, in _increment_mock_call
    self.call_count += 1
  File "/usr/lib/python3.13/unittest/mock.py", line 359, in _get
    return getattr(self, _the_name)
  File "/usr/lib/python3.13/unittest/mock.py", line 1168, in __call__
    self._increment_mock_call(*args, **kwargs)
  File "/usr/lib/python3.13/unittest/mock.py", line 1177, in _increment_mock_call
    self.call_count += 1
  File "/usr/lib/python3.13/unittest/mock.py", line 359, in _get
    return getattr(self, _the_name)
  File "/usr/lib/python3.13/unittest/mock.py", line 1168, in __call__
    self._increment_mock_call(*args, **kwargs)
  File "/usr/lib/python3.13/unittest/mock.py", line 1177, in _increment_mock_call
    self.call_count += 1
  File "/usr/lib/python3.13/unittest/mock.py", line 359, in _get
    return getattr(self, _the_name)
  File "/usr/lib/python3.13/unittest/mock.py", line 1168, in __call__
    self._increment_mock_call(*args, **kwargs)
  File "/usr/lib/python3.13/unittest/mock.py", line 1177, in _increment_mock_call
    self.call_count += 1
  File "/usr/lib/python3.13/unittest/mock.py", line 359, in _get
    return getattr(self, _the_name)
  File "/usr/lib/python3.13/unittest/mock.py", line 1168, in __call__
    self._increment_mock_call(*args, **kwargs)
  File "/usr/lib/python3.13/unittest/mock.py", line 1177, in _increment_mock_call
    self.call_count += 1
  File "/usr/lib/python3.13/unittest/mock.py", line 359, in _get
    return getattr(self, _the_name)
  File "/usr/lib/python3.13/unittest/mock.py", line 1168, in __call__
    self._increment_mock_call(*args, **kwargs)
  File "/usr/lib/python3.13/unittest/mock.py", line 1177, in _increment_mock_call
    self.call_count += 1
  File "/usr/lib/python3.13/unittest/mock.py", line 359, in _get
    return getattr(self, _the_name)
  File "/usr/lib/python3.13/unittest/mock.py", line 1168, in __call__
    self._increment_mock_call(*args, **kwargs)
  File "/usr/lib/python3.13/unittest/mock.py", line 1177, in _increment_mock_call
    self.call_count += 1
  File "/usr/lib/python3.13/unittest/mock.py", line 359, in _get
    return getattr(self, _the_name)
  File "/usr/lib/python3.13/unittest/mock.py", line 1168, in __call__
    self._increment_mock_call(*args, **kwargs)
  File "/usr/lib/python3.13/unittest/mock.py", line 1177, in _increment_mock_call
    self.call_count += 1
  File "/usr/lib/python3.13/unittest/mock.py", line 359, in _get
    return getattr(self, _the_name)
  File "/usr/lib/python3.13/unittest/mock.py", line 1168, in __call__
    self._increment_mock_call(*args, **kwargs)
  File "/usr/lib/python3.13/unittest/mock.py", line 1177, in _increment_mock_call
    self.call_count += 1
  File "/usr/lib/python3.13/unittest/mock.py", line 359, in _get
    return getattr(self, _the_name)
  File "/usr/lib/python3.13/unittest/mock.py", line 1168, in __call__
    self._increment_mock_call(*args, **kwargs)
  File "/usr/lib/python3.13/unittest/mock.py", line 1177, in _increment_mock_call
    self.call_count += 1
  File "/usr/lib/python3.13/unittest/mock.py", line 359, in _get
    return getattr(self, _the_name)
  File "/usr/lib/python3.13/unittest/mock.py", line 1168, in __call__
    self._increment_mock_call(*args, **kwargs)
  File "/usr/lib/python3.13/unittest/mock.py", line 1177, in _increment_mock_call
    self.call_count += 1
  File "/usr/lib/python3.13/unittest/mock.py", line 359, in _get
    return getattr(self, _the_name)
  File "/usr/lib/python3.13/unittest/mock.py", line 1168, in __call__
    self._increment_mock_call(*args, **kwargs)
  File "/usr/lib/python3.13/unittest/mock.py", line 1177, in _increment_mock_call
    self.call_count += 1
  File "/usr/lib/python3.13/unittest/mock.py", line 359, in _get
    return getattr(self, _the_name)
  File "/usr/lib/python3.13/unittest/mock.py", line 1168, in __call__
    self._increment_mock_call(*args, **kwargs)
  File "/usr/lib/python3.13/unittest/mock.py", line 1177, in _increment_mock_call
    self.call_count += 1
  File "/usr/lib/python3.13/unittest/mock.py", line 359, in _get
    return getattr(self, _the_name)
  File "/usr/lib/python3.13/unittest/mock.py", line 1168, in __call__
    self._increment_mock_call(*args, **kwargs)
  File "/usr/lib/python3.13/unittest/mock.py", line 1177, in _increment_mock_call
    self.call_count += 1
  File "/usr/lib/python3.13/unittest/mock.py", line 359, in _get
    return getattr(self, _the_name)
  File "/usr/lib/python3.13/unittest/mock.py", line 1168, in __call__
    self._increment_mock_call(*args, **kwargs)
  File "/usr/lib/python3.13/unittest/mock.py", line 1177, in _increment_mock_call
    self.call_count += 1
  File "/usr/lib/python3.13/unittest/mock.py", line 359, in _get
    return getattr(self, _the_name)
  File "/usr/lib/python3.13/unittest/mock.py", line 1168, in __call__
    self._increment_mock_call(*args, **kwargs)
  File "/usr/lib/python3.13/unittest/mock.py", line 1177, in _increment_mock_call
    self.call_count += 1
  File "/usr/lib/python3.13/unittest/mock.py", line 359, in _get
    return getattr(self, _the_name)
  File "/usr/lib/python3.13/unittest/mock.py", line 1168, in __call__
    self._increment_mock_call(*args, **kwargs)
  File "/usr/lib/python3.13/unittest/mock.py", line 1177, in _increment_mock_call
    self.call_count += 1
  File "/usr/lib/python3.13/unittest/mock.py", line 359, in _get
    return getattr(self, _the_name)
  File "/usr/lib/python3.13/unittest/mock.py", line 1168, in __call__
    self._increment_mock_call(*args, **kwargs)
  File "/usr/lib/python3.13/unittest/mock.py", line 1177, in _increment_mock_call
    self.call_count += 1
  File "/usr/lib/python3.13/unittest/mock.py", line 359, in _get
    return getattr(self, _the_name)
  File "/usr/lib/python3.13/unittest/mock.py", line 1168, in __call__
    self._increment_mock_call(*args, **kwargs)
  File "/usr/lib/python3.13/unittest/mock.py", line 1177, in _increment_mock_call
    self.call_count += 1
  File "/usr/lib/python3.13/unittest/mock.py", line 359, in _get
    return getattr(self, _the_name)
  File "/usr/lib/python3.13/unittest/mock.py", line 1168, in __call__
    self._increment_mock_call(*args, **kwargs)
  File "/usr/lib/python3.13/unittest/mock.py", line 1177, in _increment_mock_call
    self.call_count += 1
  File "/usr/lib/python3.13/unittest/mock.py", line 359, in _get
    return getattr(self, _the_name)
  File "/usr/lib/python3.13/unittest/mock.py", line 1168, in __call__
    self._increment_mock_call(*args, **kwargs)
  File "/usr/lib/python3.13/unittest/mock.py", line 1177, in _increment_mock_call
    self.call_count += 1
  File "/usr/lib/python3.13/unittest/mock.py", line 359, in _get
    return getattr(self, _the_name)
  File "/usr/lib/python3.13/unittest/mock.py", line 1168, in __call__
    self._increment_mock_call(*args, **kwargs)
  File "/usr/lib/python3.13/unittest/mock.py", line 1177, in _increment_mock_call
    self.call_count += 1
  File "/usr/lib/python3.13/unittest/mock.py", line 359, in _get
    return getattr(self, _the_name)
  File "/usr/lib/python3.13/unittest/mock.py", line 1168, in __call__
    self._increment_mock_call(*args, **kwargs)
  File "/usr/lib/python3.13/unittest/mock.py", line 1177, in _increment_mock_call
    self.call_count += 1
  File "/usr/lib/python3.13/unittest/mock.py", line 359, in _get
    return getattr(self, _the_name)
  File "/usr/lib/python3.13/unittest/mock.py", line 1168, in __call__
    self._increment_mock_call(*args, **kwargs)
  File "/usr/lib/python3.13/unittest/mock.py", line 1177, in _increment_mock_call
    self.call_count += 1
  File "/usr/lib/python3.13/unittest/mock.py", line 359, in _get
    return getattr(self, _the_name)
  File "/usr/lib/python3.13/unittest/mock.py", line 1168, in __call__
    self._increment_mock_call(*args, **kwargs)
  File "/usr/lib/python3.13/unittest/mock.py", line 1177, in _increment_mock_call
    self.call_count += 1
  File "/usr/lib/python3.13/unittest/mock.py", line 359, in _get
    return getattr(self, _the_name)
  File "/usr/lib/python3.13/unittest/mock.py", line 1168, in __call__
    self._increment_mock_call(*args, **kwargs)
  File "/usr/lib/python3.13/unittest/mock.py", line 1177, in _increment_mock_call
    self.call_count += 1
  File "/usr/lib/python3.13/unittest/mock.py", line 359, in _get
    return getattr(self, _the_name)
  File "/usr/lib/python3.13/unittest/mock.py", line 1168, in __call__
    self._increment_mock_call(*args, **kwargs)
  File "/usr/lib/python3.13/unittest/mock.py", line 1177, in _increment_mock_call
    self.call_count += 1
  File "/usr/lib/python3.13/unittest/mock.py", line 359, in _get
    return getattr(self, _the_name)
  File "/usr/lib/python3.13/unittest/mock.py", line 1168, in __call__
    self._increment_mock_call(*args, **kwargs)
  File "/usr/lib/python3.13/unittest/mock.py", line 1177, in _increment_mock_call
    self.call_count += 1
  File "/usr/lib/python3.13/unittest/mock.py", line 359, in _get
    return getattr(self, _the_name)
  File "/usr/lib/python3.13/unittest/mock.py", line 1168, in __call__
    self._increment_mock_call(*args, **kwargs)
  File "/usr/lib/python3.13/unittest/mock.py", line 1177, in _increment_mock_call
    self.call_count += 1
  File "/usr/lib/python3.13/unittest/mock.py", line 359, in _get
    return getattr(self, _the_name)
  File "/usr/lib/python3.13/unittest/mock.py", line 1168, in __call__
    self._increment_mock_call(*args, **kwargs)
  File "/usr/lib/python3.13/unittest/mock.py", line 1177, in _increment_mock_call
    self.call_count += 1
  File "/usr/lib/python3.13/unittest/mock.py", line 359, in _get
    return getattr(self, _the_name)
  File "/usr/lib/python3.13/unittest/mock.py", line 1168, in __call__
    self._increment_mock_call(*args, **kwargs)
  File "/usr/lib/python3.13/unittest/mock.py", line 1177, in _increment_mock_call
    self.call_count += 1
  File "/usr/lib/python3.13/unittest/mock.py", line 359, in _get
    return getattr(self, _the_name)
  File "/usr/lib/python3.13/unittest/mock.py", line 1168, in __call__
    self._increment_mock_call(*args, **kwargs)
  File "/usr/lib/python3.13/unittest/mock.py", line 1177, in _increment_mock_call
    self.call_count += 1
  File "/usr/lib/python3.13/unittest/mock.py", line 359, in _get
    return getattr(self, _the_name)
  File "/usr/lib/python3.13/unittest/mock.py", line 1168, in __call__
    self._increment_mock_call(*args, **kwargs)
  File "/usr/lib/python3.13/unittest/mock.py", line 1177, in _increment_mock_call
    self.call_count += 1
  File "/usr/lib/python3.13/unittest/mock.py", line 359, in _get
    return getattr(self, _the_name)
  File "/usr/lib/python3.13/unittest/mock.py", line 1168, in __call__
    self._increment_mock_call(*args, **kwargs)
  File "/usr/lib/python3.13/unittest/mock.py", line 1177, in _increment_mock_call
    self.call_count += 1
  File "/usr/lib/python3.13/unittest/mock.py", line 359, in _get
    return getattr(self, _the_name)
  File "/usr/lib/python3.13/unittest/mock.py", line 1168, in __call__
    self._increment_mock_call(*args, **kwargs)
  File "/usr/lib/python3.13/unittest/mock.py", line 1177, in _increment_mock_call
    self.call_count += 1
  File "/usr/lib/python3.13/unittest/mock.py", line 359, in _get
    return getattr(self, _the_name)
  File "/usr/lib/python3.13/unittest/mock.py", line 1168, in __call__
    self._increment_mock_call(*args, **kwargs)
  File "/usr/lib/python3.13/unittest/mock.py", line 1177, in _increment_mock_call
    self.call_count += 1
  File "/usr/lib/python3.13/unittest/mock.py", line 359, in _get
    return getattr(self, _the_name)
  File "/usr/lib/python3.13/unittest/mock.py", line 1168, in __call__
    self._increment_mock_call(*args, **kwargs)
  File "/usr/lib/python3.13/unittest/mock.py", line 1177, in _increment_mock_call
    self.call_count += 1
  File "/usr/lib/python3.13/unittest/mock.py", line 359, in _get
    return getattr(self, _the_name)
  File "/usr/lib/python3.13/unittest/mock.py", line 1168, in __call__
    self._increment_mock_call(*args, **kwargs)
  File "/usr/lib/python3.13/unittest/mock.py", line 1177, in _increment_mock_call
    self.call_count += 1
  File "/usr/lib/python3.13/unittest/mock.py", line 359, in _get
    return getattr(self, _the_name)
  File "/usr/lib/python3.13/unittest/mock.py", line 1168, in __call__
    self._increment_mock_call(*args, **kwargs)
  File "/usr/lib/python3.13/unittest/mock.py", line 1177, in _increment_mock_call
    self.call_count += 1
  File "/usr/lib/python3.13/unittest/mock.py", line 359, in _get
    return getattr(self, _the_name)
  File "/usr/lib/python3.13/unittest/mock.py", line 1168, in __call__
    self._increment_mock_call(*args, **kwargs)
  File "/usr/lib/python3.13/unittest/mock.py", line 1177, in _increment_mock_call
    self.call_count += 1
  File "/usr/lib/python3.13/unittest/mock.py", line 359, in _get
    return getattr(self, _the_name)
  File "/usr/lib/python3.13/unittest/mock.py", line 1168, in __call__
    self._increment_mock_call(*args, **kwargs)
  File "/usr/lib/python3.13/unittest/mock.py", line 1177, in _increment_mock_call
    self.call_count += 1
  File "/usr/lib/python3.13/unittest/mock.py", line 359, in _get
    return getattr(self, _the_name)
  File "/usr/lib/python3.13/unittest/mock.py", line 1168, in __call__
    self._increment_mock_call(*args, **kwargs)
  File "/usr/lib/python3.13/unittest/mock.py", line 1177, in _increment_mock_call
    self.call_count += 1
  File "/usr/lib/python3.13/unittest/mock.py", line 359, in _get
    return getattr(self, _the_name)
  File "/usr/lib/python3.13/unittest/mock.py", line 1168, in __call__
    self._increment_mock_call(*args, **kwargs)
  File "/usr/lib/python3.13/unittest/mock.py", line 1177, in _increment_mock_call
    self.call_count += 1
  File "/usr/lib/python3.13/unittest/mock.py", line 359, in _get
    return getattr(self, _the_name)
  File "/usr/lib/python3.13/unittest/mock.py", line 1168, in __call__
    self._increment_mock_call(*args, **kwargs)
  File "/usr/lib/python3.13/unittest/mock.py", line 1177, in _increment_mock_call
    self.call_count += 1
  File "/usr/lib/python3.13/unittest/mock.py", line 359, in _get
    return getattr(self, _the_name)
  File "/usr/lib/python3.13/unittest/mock.py", line 1168, in __call__
    self._increment_mock_call(*args, **kwargs)
  File "/usr/lib/python3.13/unittest/mock.py", line 1177, in _increment_mock_call
    self.call_count += 1
  File "/usr/lib/python3.13/unittest/mock.py", line 359, in _get
    return getattr(self, _the_name)
  File "/usr/lib/python3.13/unittest/mock.py", line 1168, in __call__
    self._increment_mock_call(*args, **kwargs)
  File "/usr/lib/python3.13/unittest/mock.py", line 1177, in _increment_mock_call
    self.call_count += 1
  File "/usr/lib/python3.13/unittest/mock.py", line 359, in _get
    return getattr(self, _the_name)
  File "/usr/lib/python3.13/unittest/mock.py", line 1168, in __call__
    self._increment_mock_call(*args, **kwargs)
  File "/usr/lib/python3.13/unittest/mock.py", line 1177, in _increment_mock_call
    self.call_count += 1
  File "/usr/lib/python3.13/unittest/mock.py", line 359, in _get
    return getattr(self, _the_name)
  File "/usr/lib/python3.13/unittest/mock.py", line 1168, in __call__
    self._increment_mock_call(*args, **kwargs)
  File "/usr/lib/python3.13/unittest/mock.py", line 1177, in _increment_mock_call
    self.call_count += 1
  File "/usr/lib/python3.13/unittest/mock.py", line 359, in _get
    return getattr(self, _the_name)
  File "/usr/lib/python3.13/unittest/mock.py", line 1168, in __call__
    self._increment_mock_call(*args, **kwargs)
  File "/usr/lib/python3.13/unittest/mock.py", line 1177, in _increment_mock_call
    self.call_count += 1
  File "/usr/lib/python3.13/unittest/mock.py", line 359, in _get
    return getattr(self, _the_name)
  File "/usr/lib/python3.13/unittest/mock.py", line 1168, in __call__
    self._increment_mock_call(*args, **kwargs)
  File "/usr/lib/python3.13/unittest/mock.py", line 1177, in _increment_mock_call
    self.call_count += 1
  File "/usr/lib/python3.13/unittest/mock.py", line 359, in _get
    return getattr(self, _the_name)
  File "/usr/lib/python3.13/unittest/mock.py", line 1168, in __call__
    self._increment_mock_call(*args, **kwargs)
  File "/usr/lib/python3.13/unittest/mock.py", line 1177, in _increment_mock_call
    self.call_count += 1
  File "/usr/lib/python3.13/unittest/mock.py", line 359, in _get
    return getattr(self, _the_name)
  File "/usr/lib/python3.13/unittest/mock.py", line 1168, in __call__
    self._increment_mock_call(*args, **kwargs)
  File "/usr/lib/python3.13/unittest/mock.py", line 1177, in _increment_mock_call
    self.call_count += 1
  File "/usr/lib/python3.13/unittest/mock.py", line 359, in _get
    return getattr(self, _the_name)
  File "/usr/lib/python3.13/unittest/mock.py", line 1168, in __call__
    self._increment_mock_call(*args, **kwargs)
  File "/usr/lib/python3.13/unittest/mock.py", line 1177, in _increment_mock_call
    self.call_count += 1
  File "/usr/lib/python3.13/unittest/mock.py", line 359, in _get
    return getattr(self, _the_name)
  File "/usr/lib/python3.13/unittest/mock.py", line 1168, in __call__
    self._increment_mock_call(*args, **kwargs)
  File "/usr/lib/python3.13/unittest/mock.py", line 1177, in _increment_mock_call
    self.call_count += 1
  File "/usr/lib/python3.13/unittest/mock.py", line 359, in _get
    return getattr(self, _the_name)
  File "/usr/lib/python3.13/unittest/mock.py", line 1168, in __call__
    self._increment_mock_call(*args, **kwargs)
  File "/usr/lib/python3.13/unittest/mock.py", line 1177, in _increment_mock_call
    self.call_count += 1
  File "/usr/lib/python3.13/unittest/mock.py", line 359, in _get
    return getattr(self, _the_name)
  File "/usr/lib/python3.13/unittest/mock.py", line 1168, in __call__
    self._increment_mock_call(*args, **kwargs)
  File "/usr/lib/python3.13/unittest/mock.py", line 1177, in _increment_mock_call
    self.call_count += 1
  File "/usr/lib/python3.13/unittest/mock.py", line 359, in _get
    return getattr(self, _the_name)
  File "/usr/lib/python3.13/unittest/mock.py", line 1168, in __call__
    self._increment_mock_call(*args, **kwargs)
  File "/usr/lib/python3.13/unittest/mock.py", line 1177, in _increment_mock_call
    self.call_count += 1
  File "/usr/lib/python3.13/unittest/mock.py", line 359, in _get
    return getattr(self, _the_name)
  File "/usr/lib/python3.13/unittest/mock.py", line 1168, in __call__
    self._increment_mock_call(*args, **kwargs)
  File "/usr/lib/python3.13/unittest/mock.py", line 1177, in _increment_mock_call
    self.call_count += 1
  File "/usr/lib/python3.13/unittest/mock.py", line 359, in _get
    return getattr(self, _the_name)
  File "/usr/lib/python3.13/unittest/mock.py", line 1168, in __call__
    self._increment_mock_call(*args, **kwargs)
  File "/usr/lib/python3.13/unittest/mock.py", line 1177, in _increment_mock_call
    self.call_count += 1
  File "/usr/lib/python3.13/unittest/mock.py", line 359, in _get
    return getattr(self, _the_name)
  File "/usr/lib/python3.13/unittest/mock.py", line 1168, in __call__
    self._increment_mock_call(*args, **kwargs)
  File "/usr/lib/python3.13/unittest/mock.py", line 1176, in _increment_mock_call
    self.called = True
RecursionError: maximum recursion depth exceeded

During handling of the above exception, another exception occurred:

Traceback (most recent call last):
  File "/home/demute/code/CyberDeltaEngine/.venv/lib/python3.13/site-packages/_pytest/main.py", line 303, in wrap_session
    config.notify_exception(excinfo, config.option)
  File "/home/demute/code/CyberDeltaEngine/.venv/lib/python3.13/site-packages/_pytest/config/__init__.py", line 1166, in notify_exception
    if option and getattr(option, "fulltrace", False):
  File "/usr/lib/python3.13/unittest/mock.py", line 1168, in __call__
    self._increment_mock_call(*args, **kwargs)
  File "/usr/lib/python3.13/unittest/mock.py", line 1177, in _increment_mock_call
    self.call_count += 1
  File "/usr/lib/python3.13/unittest/mock.py", line 359, in _get
    return getattr(self, _the_name)
  File "/usr/lib/python3.13/unittest/mock.py", line 1168, in __call__
    self._increment_mock_call(*args, **kwargs)
  File "/usr/lib/python3.13/unittest/mock.py", line 1177, in _increment_mock_call
    self.call_count += 1
  File "/usr/lib/python3.13/unittest/mock.py", line 359, in _get
    return getattr(self, _the_name)
  File "/usr/lib/python3.13/unittest/mock.py", line 1168, in __call__
    self._increment_mock_call(*args, **kwargs)
  File "/usr/lib/python3.13/unittest/mock.py", line 1177, in _increment_mock_call
    self.call_count += 1
  File "/usr/lib/python3.13/unittest/mock.py", line 359, in _get
    return getattr(self, _the_name)
  File "/usr/lib/python3.13/unittest/mock.py", line 1168, in __call__
    self._increment_mock_call(*args, **kwargs)
  File "/usr/lib/python3.13/unittest/mock.py", line 1177, in _increment_mock_call
    self.call_count += 1
  File "/usr/lib/python3.13/unittest/mock.py", line 359, in _get
    return getattr(self, _the_name)
  File "/usr/lib/python3.13/unittest/mock.py", line 1168, in __call__
    self._increment_mock_call(*args, **kwargs)
  File "/usr/lib/python3.13/unittest/mock.py", line 1177, in _increment_mock_call
    self.call_count += 1
  File "/usr/lib/python3.13/unittest/mock.py", line 359, in _get
    return getattr(self, _the_name)
  File "/usr/lib/python3.13/unittest/mock.py", line 1168, in __call__
    self._increment_mock_call(*args, **kwargs)
  File "/usr/lib/python3.13/unittest/mock.py", line 1177, in _increment_mock_call
    self.call_count += 1
  File "/usr/lib/python3.13/unittest/mock.py", line 359, in _get
    return getattr(self, _the_name)
  File "/usr/lib/python3.13/unittest/mock.py", line 1168, in __call__
    self._increment_mock_call(*args, **kwargs)
  File "/usr/lib/python3.13/unittest/mock.py", line 1177, in _increment_mock_call
    self.call_count += 1
  File "/usr/lib/python3.13/unittest/mock.py", line 359, in _get
    return getattr(self, _the_name)
  File "/usr/lib/python3.13/unittest/mock.py", line 1168, in __call__
    self._increment_mock_call(*args, **kwargs)
  File "/usr/lib/python3.13/unittest/mock.py", line 1177, in _increment_mock_call
    self.call_count += 1
  File "/usr/lib/python3.13/unittest/mock.py", line 359, in _get
    return getattr(self, _the_name)
  File "/usr/lib/python3.13/unittest/mock.py", line 1168, in __call__
    self._increment_mock_call(*args, **kwargs)
  File "/usr/lib/python3.13/unittest/mock.py", line 1177, in _increment_mock_call
    self.call_count += 1
  File "/usr/lib/python3.13/unittest/mock.py", line 359, in _get
    return getattr(self, _the_name)
  File "/usr/lib/python3.13/unittest/mock.py", line 1168, in __call__
    self._increment_mock_call(*args, **kwargs)
  File "/usr/lib/python3.13/unittest/mock.py", line 1177, in _increment_mock_call
    self.call_count += 1
  File "/usr/lib/python3.13/unittest/mock.py", line 359, in _get
    return getattr(self, _the_name)
  File "/usr/lib/python3.13/unittest/mock.py", line 1168, in __call__
    self._increment_mock_call(*args, **kwargs)
  File "/usr/lib/python3.13/unittest/mock.py", line 1177, in _increment_mock_call
    self.call_count += 1
  File "/usr/lib/python3.13/unittest/mock.py", line 359, in _get
    return getattr(self, _the_name)
  File "/usr/lib/python3.13/unittest/mock.py", line 1168, in __call__
    self._increment_mock_call(*args, **kwargs)
  File "/usr/lib/python3.13/unittest/mock.py", line 1177, in _increment_mock_call
    self.call_count += 1
  File "/usr/lib/python3.13/unittest/mock.py", line 359, in _get
    return getattr(self, _the_name)
  File "/usr/lib/python3.13/unittest/mock.py", line 1168, in __call__
    self._increment_mock_call(*args, **kwargs)
  File "/usr/lib/python3.13/unittest/mock.py", line 1177, in _increment_mock_call
    self.call_count += 1
  File "/usr/lib/python3.13/unittest/mock.py", line 359, in _get
    return getattr(self, _the_name)
  File "/usr/lib/python3.13/unittest/mock.py", line 1168, in __call__
    self._increment_mock_call(*args, **kwargs)
  File "/usr/lib/python3.13/unittest/mock.py", line 1177, in _increment_mock_call
    self.call_count += 1
  File "/usr/lib/python3.13/unittest/mock.py", line 359, in _get
    return getattr(self, _the_name)
  File "/usr/lib/python3.13/unittest/mock.py", line 1168, in __call__
    self._increment_mock_call(*args, **kwargs)
  File "/usr/lib/python3.13/unittest/mock.py", line 1177, in _increment_mock_call
    self.call_count += 1
  File "/usr/lib/python3.13/unittest/mock.py", line 359, in _get
    return getattr(self, _the_name)
  File "/usr/lib/python3.13/unittest/mock.py", line 1168, in __call__
    self._increment_mock_call(*args, **kwargs)
  File "/usr/lib/python3.13/unittest/mock.py", line 1177, in _increment_mock_call
    self.call_count += 1
  File "/usr/lib/python3.13/unittest/mock.py", line 359, in _get
    return getattr(self, _the_name)
  File "/usr/lib/python3.13/unittest/mock.py", line 1168, in __call__
    self._increment_mock_call(*args, **kwargs)
  File "/usr/lib/python3.13/unittest/mock.py", line 1177, in _increment_mock_call
    self.call_count += 1
  File "/usr/lib/python3.13/unittest/mock.py", line 359, in _get
    return getattr(self, _the_name)
  File "/usr/lib/python3.13/unittest/mock.py", line 1168, in __call__
    self._increment_mock_call(*args, **kwargs)
  File "/usr/lib/python3.13/unittest/mock.py", line 1177, in _increment_mock_call
    self.call_count += 1
  File "/usr/lib/python3.13/unittest/mock.py", line 359, in _get
    return getattr(self, _the_name)
  File "/usr/lib/python3.13/unittest/mock.py", line 1168, in __call__
    self._increment_mock_call(*args, **kwargs)
  File "/usr/lib/python3.13/unittest/mock.py", line 1177, in _increment_mock_call
    self.call_count += 1
  File "/usr/lib/python3.13/unittest/mock.py", line 359, in _get
    return getattr(self, _the_name)
  File "/usr/lib/python3.13/unittest/mock.py", line 1168, in __call__
    self._increment_mock_call(*args, **kwargs)
  File "/usr/lib/python3.13/unittest/mock.py", line 1177, in _increment_mock_call
    self.call_count += 1
  File "/usr/lib/python3.13/unittest/mock.py", line 359, in _get
    return getattr(self, _the_name)
  File "/usr/lib/python3.13/unittest/mock.py", line 1168, in __call__
    self._increment_mock_call(*args, **kwargs)
  File "/usr/lib/python3.13/unittest/mock.py", line 1177, in _increment_mock_call
    self.call_count += 1
  File "/usr/lib/python3.13/unittest/mock.py", line 359, in _get
    return getattr(self, _the_name)
  File "/usr/lib/python3.13/unittest/mock.py", line 1168, in __call__
    self._increment_mock_call(*args, **kwargs)
  File "/usr/lib/python3.13/unittest/mock.py", line 1177, in _increment_mock_call
    self.call_count += 1
  File "/usr/lib/python3.13/unittest/mock.py", line 359, in _get
    return getattr(self, _the_name)
  File "/usr/lib/python3.13/unittest/mock.py", line 1168, in __call__
    self._increment_mock_call(*args, **kwargs)
  File "/usr/lib/python3.13/unittest/mock.py", line 1177, in _increment_mock_call
    self.call_count += 1
  File "/usr/lib/python3.13/unittest/mock.py", line 359, in _get
    return getattr(self, _the_name)
  File "/usr/lib/python3.13/unittest/mock.py", line 1168, in __call__
    self._increment_mock_call(*args, **kwargs)
  File "/usr/lib/python3.13/unittest/mock.py", line 1177, in _increment_mock_call
    self.call_count += 1
  File "/usr/lib/python3.13/unittest/mock.py", line 359, in _get
    return getattr(self, _the_name)
  File "/usr/lib/python3.13/unittest/mock.py", line 1168, in __call__
    self._increment_mock_call(*args, **kwargs)
  File "/usr/lib/python3.13/unittest/mock.py", line 1177, in _increment_mock_call
    self.call_count += 1
  File "/usr/lib/python3.13/unittest/mock.py", line 359, in _get
    return getattr(self, _the_name)
  File "/usr/lib/python3.13/unittest/mock.py", line 1168, in __call__
    self._increment_mock_call(*args, **kwargs)
  File "/usr/lib/python3.13/unittest/mock.py", line 1177, in _increment_mock_call
    self.call_count += 1
  File "/usr/lib/python3.13/unittest/mock.py", line 359, in _get
    return getattr(self, _the_name)
  File "/usr/lib/python3.13/unittest/mock.py", line 1168, in __call__
    self._increment_mock_call(*args, **kwargs)
  File "/usr/lib/python3.13/unittest/mock.py", line 1177, in _increment_mock_call
    self.call_count += 1
  File "/usr/lib/python3.13/unittest/mock.py", line 359, in _get
    return getattr(self, _the_name)
  File "/usr/lib/python3.13/unittest/mock.py", line 1168, in __call__
    self._increment_mock_call(*args, **kwargs)
  File "/usr/lib/python3.13/unittest/mock.py", line 1177, in _increment_mock_call
    self.call_count += 1
  File "/usr/lib/python3.13/unittest/mock.py", line 359, in _get
    return getattr(self, _the_name)
  File "/usr/lib/python3.13/unittest/mock.py", line 1168, in __call__
    self._increment_mock_call(*args, **kwargs)
  File "/usr/lib/python3.13/unittest/mock.py", line 1177, in _increment_mock_call
    self.call_count += 1
  File "/usr/lib/python3.13/unittest/mock.py", line 359, in _get
    return getattr(self, _the_name)
  File "/usr/lib/python3.13/unittest/mock.py", line 1168, in __call__
    self._increment_mock_call(*args, **kwargs)
  File "/usr/lib/python3.13/unittest/mock.py", line 1177, in _increment_mock_call
    self.call_count += 1
  File "/usr/lib/python3.13/unittest/mock.py", line 359, in _get
    return getattr(self, _the_name)
  File "/usr/lib/python3.13/unittest/mock.py", line 1168, in __call__
    self._increment_mock_call(*args, **kwargs)
  File "/usr/lib/python3.13/unittest/mock.py", line 1177, in _increment_mock_call
    self.call_count += 1
  File "/usr/lib/python3.13/unittest/mock.py", line 359, in _get
    return getattr(self, _the_name)
  File "/usr/lib/python3.13/unittest/mock.py", line 1168, in __call__
    self._increment_mock_call(*args, **kwargs)
  File "/usr/lib/python3.13/unittest/mock.py", line 1177, in _increment_mock_call
    self.call_count += 1
  File "/usr/lib/python3.13/unittest/mock.py", line 359, in _get
    return getattr(self, _the_name)
  File "/usr/lib/python3.13/unittest/mock.py", line 1168, in __call__
    self._increment_mock_call(*args, **kwargs)
  File "/usr/lib/python3.13/unittest/mock.py", line 1177, in _increment_mock_call
    self.call_count += 1
  File "/usr/lib/python3.13/unittest/mock.py", line 359, in _get
    return getattr(self, _the_name)
  File "/usr/lib/python3.13/unittest/mock.py", line 1168, in __call__
    self._increment_mock_call(*args, **kwargs)
  File "/usr/lib/python3.13/unittest/mock.py", line 1177, in _increment_mock_call
    self.call_count += 1
  File "/usr/lib/python3.13/unittest/mock.py", line 359, in _get
    return getattr(self, _the_name)
  File "/usr/lib/python3.13/unittest/mock.py", line 1168, in __call__
    self._increment_mock_call(*args, **kwargs)
  File "/usr/lib/python3.13/unittest/mock.py", line 1177, in _increment_mock_call
    self.call_count += 1
  File "/usr/lib/python3.13/unittest/mock.py", line 359, in _get
    return getattr(self, _the_name)
  File "/usr/lib/python3.13/unittest/mock.py", line 1168, in __call__
    self._increment_mock_call(*args, **kwargs)
  File "/usr/lib/python3.13/unittest/mock.py", line 1177, in _increment_mock_call
    self.call_count += 1
  File "/usr/lib/python3.13/unittest/mock.py", line 359, in _get
    return getattr(self, _the_name)
  File "/usr/lib/python3.13/unittest/mock.py", line 1168, in __call__
    self._increment_mock_call(*args, **kwargs)
  File "/usr/lib/python3.13/unittest/mock.py", line 1177, in _increment_mock_call
    self.call_count += 1
  File "/usr/lib/python3.13/unittest/mock.py", line 359, in _get
    return getattr(self, _the_name)
  File "/usr/lib/python3.13/unittest/mock.py", line 1168, in __call__
    self._increment_mock_call(*args, **kwargs)
  File "/usr/lib/python3.13/unittest/mock.py", line 1177, in _increment_mock_call
    self.call_count += 1
  File "/usr/lib/python3.13/unittest/mock.py", line 359, in _get
    return getattr(self, _the_name)
  File "/usr/lib/python3.13/unittest/mock.py", line 1168, in __call__
    self._increment_mock_call(*args, **kwargs)
  File "/usr/lib/python3.13/unittest/mock.py", line 1177, in _increment_mock_call
    self.call_count += 1
  File "/usr/lib/python3.13/unittest/mock.py", line 359, in _get
    return getattr(self, _the_name)
  File "/usr/lib/python3.13/unittest/mock.py", line 1168, in __call__
    self._increment_mock_call(*args, **kwargs)
  File "/usr/lib/python3.13/unittest/mock.py", line 1177, in _increment_mock_call
    self.call_count += 1
  File "/usr/lib/python3.13/unittest/mock.py", line 359, in _get
    return getattr(self, _the_name)
  File "/usr/lib/python3.13/unittest/mock.py", line 1168, in __call__
    self._increment_mock_call(*args, **kwargs)
  File "/usr/lib/python3.13/unittest/mock.py", line 1177, in _increment_mock_call
    self.call_count += 1
  File "/usr/lib/python3.13/unittest/mock.py", line 359, in _get
    return getattr(self, _the_name)
  File "/usr/lib/python3.13/unittest/mock.py", line 1168, in __call__
    self._increment_mock_call(*args, **kwargs)
  File "/usr/lib/python3.13/unittest/mock.py", line 1177, in _increment_mock_call
    self.call_count += 1
  File "/usr/lib/python3.13/unittest/mock.py", line 359, in _get
    return getattr(self, _the_name)
  File "/usr/lib/python3.13/unittest/mock.py", line 1168, in __call__
    self._increment_mock_call(*args, **kwargs)
  File "/usr/lib/python3.13/unittest/mock.py", line 1177, in _increment_mock_call
    self.call_count += 1
  File "/usr/lib/python3.13/unittest/mock.py", line 359, in _get
    return getattr(self, _the_name)
  File "/usr/lib/python3.13/unittest/mock.py", line 1168, in __call__
    self._increment_mock_call(*args, **kwargs)
  File "/usr/lib/python3.13/unittest/mock.py", line 1177, in _increment_mock_call
    self.call_count += 1
  File "/usr/lib/python3.13/unittest/mock.py", line 359, in _get
    return getattr(self, _the_name)
  File "/usr/lib/python3.13/unittest/mock.py", line 1168, in __call__
    self._increment_mock_call(*args, **kwargs)
  File "/usr/lib/python3.13/unittest/mock.py", line 1177, in _increment_mock_call
    self.call_count += 1
  File "/usr/lib/python3.13/unittest/mock.py", line 359, in _get
    return getattr(self, _the_name)
  File "/usr/lib/python3.13/unittest/mock.py", line 1168, in __call__
    self._increment_mock_call(*args, **kwargs)
  File "/usr/lib/python3.13/unittest/mock.py", line 1177, in _increment_mock_call
    self.call_count += 1
  File "/usr/lib/python3.13/unittest/mock.py", line 359, in _get
    return getattr(self, _the_name)
  File "/usr/lib/python3.13/unittest/mock.py", line 1168, in __call__
    self._increment_mock_call(*args, **kwargs)
  File "/usr/lib/python3.13/unittest/mock.py", line 1177, in _increment_mock_call
    self.call_count += 1
  File "/usr/lib/python3.13/unittest/mock.py", line 359, in _get
    return getattr(self, _the_name)
  File "/usr/lib/python3.13/unittest/mock.py", line 1168, in __call__
    self._increment_mock_call(*args, **kwargs)
  File "/usr/lib/python3.13/unittest/mock.py", line 1177, in _increment_mock_call
    self.call_count += 1
  File "/usr/lib/python3.13/unittest/mock.py", line 359, in _get
    return getattr(self, _the_name)
  File "/usr/lib/python3.13/unittest/mock.py", line 1168, in __call__
    self._increment_mock_call(*args, **kwargs)
  File "/usr/lib/python3.13/unittest/mock.py", line 1177, in _increment_mock_call
    self.call_count += 1
  File "/usr/lib/python3.13/unittest/mock.py", line 359, in _get
    return getattr(self, _the_name)
  File "/usr/lib/python3.13/unittest/mock.py", line 1168, in __call__
    self._increment_mock_call(*args, **kwargs)
  File "/usr/lib/python3.13/unittest/mock.py", line 1177, in _increment_mock_call
    self.call_count += 1
  File "/usr/lib/python3.13/unittest/mock.py", line 359, in _get
    return getattr(self, _the_name)
  File "/usr/lib/python3.13/unittest/mock.py", line 1168, in __call__
    self._increment_mock_call(*args, **kwargs)
  File "/usr/lib/python3.13/unittest/mock.py", line 1177, in _increment_mock_call
    self.call_count += 1
  File "/usr/lib/python3.13/unittest/mock.py", line 359, in _get
    return getattr(self, _the_name)
  File "/usr/lib/python3.13/unittest/mock.py", line 1168, in __call__
    self._increment_mock_call(*args, **kwargs)
  File "/usr/lib/python3.13/unittest/mock.py", line 1177, in _increment_mock_call
    self.call_count += 1
  File "/usr/lib/python3.13/unittest/mock.py", line 359, in _get
    return getattr(self, _the_name)
  File "/usr/lib/python3.13/unittest/mock.py", line 1168, in __call__
    self._increment_mock_call(*args, **kwargs)
  File "/usr/lib/python3.13/unittest/mock.py", line 1177, in _increment_mock_call
    self.call_count += 1
  File "/usr/lib/python3.13/unittest/mock.py", line 359, in _get
    return getattr(self, _the_name)
  File "/usr/lib/python3.13/unittest/mock.py", line 1168, in __call__
    self._increment_mock_call(*args, **kwargs)
  File "/usr/lib/python3.13/unittest/mock.py", line 1177, in _increment_mock_call
    self.call_count += 1
  File "/usr/lib/python3.13/unittest/mock.py", line 359, in _get
    return getattr(self, _the_name)
  File "/usr/lib/python3.13/unittest/mock.py", line 1168, in __call__
    self._increment_mock_call(*args, **kwargs)
  File "/usr/lib/python3.13/unittest/mock.py", line 1177, in _increment_mock_call
    self.call_count += 1
  File "/usr/lib/python3.13/unittest/mock.py", line 359, in _get
    return getattr(self, _the_name)
  File "/usr/lib/python3.13/unittest/mock.py", line 1168, in __call__
    self._increment_mock_call(*args, **kwargs)
  File "/usr/lib/python3.13/unittest/mock.py", line 1177, in _increment_mock_call
    self.call_count += 1
  File "/usr/lib/python3.13/unittest/mock.py", line 359, in _get
    return getattr(self, _the_name)
  File "/usr/lib/python3.13/unittest/mock.py", line 1168, in __call__
    self._increment_mock_call(*args, **kwargs)
  File "/usr/lib/python3.13/unittest/mock.py", line 1177, in _increment_mock_call
    self.call_count += 1
  File "/usr/lib/python3.13/unittest/mock.py", line 359, in _get
    return getattr(self, _the_name)
  File "/usr/lib/python3.13/unittest/mock.py", line 1168, in __call__
    self._increment_mock_call(*args, **kwargs)
  File "/usr/lib/python3.13/unittest/mock.py", line 1177, in _increment_mock_call
    self.call_count += 1
  File "/usr/lib/python3.13/unittest/mock.py", line 359, in _get
    return getattr(self, _the_name)
  File "/usr/lib/python3.13/unittest/mock.py", line 1168, in __call__
    self._increment_mock_call(*args, **kwargs)
  File "/usr/lib/python3.13/unittest/mock.py", line 1177, in _increment_mock_call
    self.call_count += 1
  File "/usr/lib/python3.13/unittest/mock.py", line 359, in _get
    return getattr(self, _the_name)
  File "/usr/lib/python3.13/unittest/mock.py", line 1168, in __call__
    self._increment_mock_call(*args, **kwargs)
  File "/usr/lib/python3.13/unittest/mock.py", line 1177, in _increment_mock_call
    self.call_count += 1
  File "/usr/lib/python3.13/unittest/mock.py", line 359, in _get
    return getattr(self, _the_name)
  File "/usr/lib/python3.13/unittest/mock.py", line 1168, in __call__
    self._increment_mock_call(*args, **kwargs)
  File "/usr/lib/python3.13/unittest/mock.py", line 1177, in _increment_mock_call
    self.call_count += 1
  File "/usr/lib/python3.13/unittest/mock.py", line 359, in _get
    return getattr(self, _the_name)
  File "/usr/lib/python3.13/unittest/mock.py", line 1168, in __call__
    self._increment_mock_call(*args, **kwargs)
  File "/usr/lib/python3.13/unittest/mock.py", line 1177, in _increment_mock_call
    self.call_count += 1
  File "/usr/lib/python3.13/unittest/mock.py", line 359, in _get
    return getattr(self, _the_name)
  File "/usr/lib/python3.13/unittest/mock.py", line 1168, in __call__
    self._increment_mock_call(*args, **kwargs)
  File "/usr/lib/python3.13/unittest/mock.py", line 1177, in _increment_mock_call
    self.call_count += 1
  File "/usr/lib/python3.13/unittest/mock.py", line 359, in _get
    return getattr(self, _the_name)
  File "/usr/lib/python3.13/unittest/mock.py", line 1168, in __call__
    self._increment_mock_call(*args, **kwargs)
  File "/usr/lib/python3.13/unittest/mock.py", line 1177, in _increment_mock_call
    self.call_count += 1
  File "/usr/lib/python3.13/unittest/mock.py", line 359, in _get
    return getattr(self, _the_name)
  File "/usr/lib/python3.13/unittest/mock.py", line 1168, in __call__
    self._increment_mock_call(*args, **kwargs)
  File "/usr/lib/python3.13/unittest/mock.py", line 1177, in _increment_mock_call
    self.call_count += 1
  File "/usr/lib/python3.13/unittest/mock.py", line 359, in _get
    return getattr(self, _the_name)
  File "/usr/lib/python3.13/unittest/mock.py", line 1168, in __call__
    self._increment_mock_call(*args, **kwargs)
  File "/usr/lib/python3.13/unittest/mock.py", line 1177, in _increment_mock_call
    self.call_count += 1
  File "/usr/lib/python3.13/unittest/mock.py", line 359, in _get
    return getattr(self, _the_name)
  File "/usr/lib/python3.13/unittest/mock.py", line 1168, in __call__
    self._increment_mock_call(*args, **kwargs)
  File "/usr/lib/python3.13/unittest/mock.py", line 1177, in _increment_mock_call
    self.call_count += 1
  File "/usr/lib/python3.13/unittest/mock.py", line 359, in _get
    return getattr(self, _the_name)
  File "/usr/lib/python3.13/unittest/mock.py", line 1168, in __call__
    self._increment_mock_call(*args, **kwargs)
  File "/usr/lib/python3.13/unittest/mock.py", line 1177, in _increment_mock_call
    self.call_count += 1
  File "/usr/lib/python3.13/unittest/mock.py", line 359, in _get
    return getattr(self, _the_name)
  File "/usr/lib/python3.13/unittest/mock.py", line 1168, in __call__
    self._increment_mock_call(*args, **kwargs)
  File "/usr/lib/python3.13/unittest/mock.py", line 1177, in _increment_mock_call
    self.call_count += 1
  File "/usr/lib/python3.13/unittest/mock.py", line 359, in _get
    return getattr(self, _the_name)
  File "/usr/lib/python3.13/unittest/mock.py", line 1168, in __call__
    self._increment_mock_call(*args, **kwargs)
  File "/usr/lib/python3.13/unittest/mock.py", line 1177, in _increment_mock_call
    self.call_count += 1
  File "/usr/lib/python3.13/unittest/mock.py", line 359, in _get
    return getattr(self, _the_name)
  File "/usr/lib/python3.13/unittest/mock.py", line 1168, in __call__
    self._increment_mock_call(*args, **kwargs)
  File "/usr/lib/python3.13/unittest/mock.py", line 1177, in _increment_mock_call
    self.call_count += 1
  File "/usr/lib/python3.13/unittest/mock.py", line 359, in _get
    return getattr(self, _the_name)
  File "/usr/lib/python3.13/unittest/mock.py", line 1168, in __call__
    self._increment_mock_call(*args, **kwargs)
  File "/usr/lib/python3.13/unittest/mock.py", line 1177, in _increment_mock_call
    self.call_count += 1
  File "/usr/lib/python3.13/unittest/mock.py", line 359, in _get
    return getattr(self, _the_name)
  File "/usr/lib/python3.13/unittest/mock.py", line 1168, in __call__
    self._increment_mock_call(*args, **kwargs)
  File "/usr/lib/python3.13/unittest/mock.py", line 1177, in _increment_mock_call
    self.call_count += 1
  File "/usr/lib/python3.13/unittest/mock.py", line 359, in _get
    return getattr(self, _the_name)
  File "/usr/lib/python3.13/unittest/mock.py", line 1168, in __call__
    self._increment_mock_call(*args, **kwargs)
  File "/usr/lib/python3.13/unittest/mock.py", line 1177, in _increment_mock_call
    self.call_count += 1
  File "/usr/lib/python3.13/unittest/mock.py", line 359, in _get
    return getattr(self, _the_name)
  File "/usr/lib/python3.13/unittest/mock.py", line 1168, in __call__
    self._increment_mock_call(*args, **kwargs)
  File "/usr/lib/python3.13/unittest/mock.py", line 1177, in _increment_mock_call
    self.call_count += 1
  File "/usr/lib/python3.13/unittest/mock.py", line 359, in _get
    return getattr(self, _the_name)
  File "/usr/lib/python3.13/unittest/mock.py", line 1168, in __call__
    self._increment_mock_call(*args, **kwargs)
  File "/usr/lib/python3.13/unittest/mock.py", line 1177, in _increment_mock_call
    self.call_count += 1
  File "/usr/lib/python3.13/unittest/mock.py", line 359, in _get
    return getattr(self, _the_name)
  File "/usr/lib/python3.13/unittest/mock.py", line 1168, in __call__
    self._increment_mock_call(*args, **kwargs)
  File "/usr/lib/python3.13/unittest/mock.py", line 1177, in _increment_mock_call
    self.call_count += 1
  File "/usr/lib/python3.13/unittest/mock.py", line 359, in _get
    return getattr(self, _the_name)
  File "/usr/lib/python3.13/unittest/mock.py", line 1168, in __call__
    self._increment_mock_call(*args, **kwargs)
  File "/usr/lib/python3.13/unittest/mock.py", line 1177, in _increment_mock_call
    self.call_count += 1
  File "/usr/lib/python3.13/unittest/mock.py", line 359, in _get
    return getattr(self, _the_name)
  File "/usr/lib/python3.13/unittest/mock.py", line 1168, in __call__
    self._increment_mock_call(*args, **kwargs)
  File "/usr/lib/python3.13/unittest/mock.py", line 1177, in _increment_mock_call
    self.call_count += 1
  File "/usr/lib/python3.13/unittest/mock.py", line 359, in _get
    return getattr(self, _the_name)
  File "/usr/lib/python3.13/unittest/mock.py", line 1168, in __call__
    self._increment_mock_call(*args, **kwargs)
  File "/usr/lib/python3.13/unittest/mock.py", line 1177, in _increment_mock_call
    self.call_count += 1
  File "/usr/lib/python3.13/unittest/mock.py", line 359, in _get
    return getattr(self, _the_name)
  File "/usr/lib/python3.13/unittest/mock.py", line 1168, in __call__
    self._increment_mock_call(*args, **kwargs)
  File "/usr/lib/python3.13/unittest/mock.py", line 1177, in _increment_mock_call
    self.call_count += 1
  File "/usr/lib/python3.13/unittest/mock.py", line 359, in _get
    return getattr(self, _the_name)
  File "/usr/lib/python3.13/unittest/mock.py", line 1168, in __call__
    self._increment_mock_call(*args, **kwargs)
  File "/usr/lib/python3.13/unittest/mock.py", line 1177, in _increment_mock_call
    self.call_count += 1
  File "/usr/lib/python3.13/unittest/mock.py", line 359, in _get
    return getattr(self, _the_name)
  File "/usr/lib/python3.13/unittest/mock.py", line 1168, in __call__
    self._increment_mock_call(*args, **kwargs)
  File "/usr/lib/python3.13/unittest/mock.py", line 1177, in _increment_mock_call
    self.call_count += 1
  File "/usr/lib/python3.13/unittest/mock.py", line 359, in _get
    return getattr(self, _the_name)
  File "/usr/lib/python3.13/unittest/mock.py", line 1168, in __call__
    self._increment_mock_call(*args, **kwargs)
  File "/usr/lib/python3.13/unittest/mock.py", line 1177, in _increment_mock_call
    self.call_count += 1
  File "/usr/lib/python3.13/unittest/mock.py", line 359, in _get
    return getattr(self, _the_name)
  File "/usr/lib/python3.13/unittest/mock.py", line 1168, in __call__
    self._increment_mock_call(*args, **kwargs)
  File "/usr/lib/python3.13/unittest/mock.py", line 1177, in _increment_mock_call
    self.call_count += 1
  File "/usr/lib/python3.13/unittest/mock.py", line 359, in _get
    return getattr(self, _the_name)
  File "/usr/lib/python3.13/unittest/mock.py", line 1168, in __call__
    self._increment_mock_call(*args, **kwargs)
  File "/usr/lib/python3.13/unittest/mock.py", line 1177, in _increment_mock_call
    self.call_count += 1
  File "/usr/lib/python3.13/unittest/mock.py", line 359, in _get
    return getattr(self, _the_name)
  File "/usr/lib/python3.13/unittest/mock.py", line 1168, in __call__
    self._increment_mock_call(*args, **kwargs)
  File "/usr/lib/python3.13/unittest/mock.py", line 1177, in _increment_mock_call
    self.call_count += 1
  File "/usr/lib/python3.13/unittest/mock.py", line 359, in _get
    return getattr(self, _the_name)
  File "/usr/lib/python3.13/unittest/mock.py", line 1168, in __call__
    self._increment_mock_call(*args, **kwargs)
  File "/usr/lib/python3.13/unittest/mock.py", line 1177, in _increment_mock_call
    self.call_count += 1
  File "/usr/lib/python3.13/unittest/mock.py", line 359, in _get
    return getattr(self, _the_name)
  File "/usr/lib/python3.13/unittest/mock.py", line 1168, in __call__
    self._increment_mock_call(*args, **kwargs)
  File "/usr/lib/python3.13/unittest/mock.py", line 1177, in _increment_mock_call
    self.call_count += 1
  File "/usr/lib/python3.13/unittest/mock.py", line 359, in _get
    return getattr(self, _the_name)
  File "/usr/lib/python3.13/unittest/mock.py", line 1168, in __call__
    self._increment_mock_call(*args, **kwargs)
  File "/usr/lib/python3.13/unittest/mock.py", line 1177, in _increment_mock_call
    self.call_count += 1
  File "/usr/lib/python3.13/unittest/mock.py", line 359, in _get
    return getattr(self, _the_name)
  File "/usr/lib/python3.13/unittest/mock.py", line 1168, in __call__
    self._increment_mock_call(*args, **kwargs)
  File "/usr/lib/python3.13/unittest/mock.py", line 1177, in _increment_mock_call
    self.call_count += 1
  File "/usr/lib/python3.13/unittest/mock.py", line 359, in _get
    return getattr(self, _the_name)
  File "/usr/lib/python3.13/unittest/mock.py", line 1168, in __call__
    self._increment_mock_call(*args, **kwargs)
  File "/usr/lib/python3.13/unittest/mock.py", line 1177, in _increment_mock_call
    self.call_count += 1
  File "/usr/lib/python3.13/unittest/mock.py", line 359, in _get
    return getattr(self, _the_name)
  File "/usr/lib/python3.13/unittest/mock.py", line 1168, in __call__
    self._increment_mock_call(*args, **kwargs)
  File "/usr/lib/python3.13/unittest/mock.py", line 1177, in _increment_mock_call
    self.call_count += 1
  File "/usr/lib/python3.13/unittest/mock.py", line 359, in _get
    return getattr(self, _the_name)
  File "/usr/lib/python3.13/unittest/mock.py", line 1168, in __call__
    self._increment_mock_call(*args, **kwargs)
  File "/usr/lib/python3.13/unittest/mock.py", line 1177, in _increment_mock_call
    self.call_count += 1
  File "/usr/lib/python3.13/unittest/mock.py", line 359, in _get
    return getattr(self, _the_name)
  File "/usr/lib/python3.13/unittest/mock.py", line 1168, in __call__
    self._increment_mock_call(*args, **kwargs)
  File "/usr/lib/python3.13/unittest/mock.py", line 1177, in _increment_mock_call
    self.call_count += 1
  File "/usr/lib/python3.13/unittest/mock.py", line 359, in _get
    return getattr(self, _the_name)
  File "/usr/lib/python3.13/unittest/mock.py", line 1168, in __call__
    self._increment_mock_call(*args, **kwargs)
  File "/usr/lib/python3.13/unittest/mock.py", line 1177, in _increment_mock_call
    self.call_count += 1
  File "/usr/lib/python3.13/unittest/mock.py", line 359, in _get
    return getattr(self, _the_name)
  File "/usr/lib/python3.13/unittest/mock.py", line 1168, in __call__
    self._increment_mock_call(*args, **kwargs)
  File "/usr/lib/python3.13/unittest/mock.py", line 1177, in _increment_mock_call
    self.call_count += 1
  File "/usr/lib/python3.13/unittest/mock.py", line 359, in _get
    return getattr(self, _the_name)
  File "/usr/lib/python3.13/unittest/mock.py", line 1168, in __call__
    self._increment_mock_call(*args, **kwargs)
  File "/usr/lib/python3.13/unittest/mock.py", line 1177, in _increment_mock_call
    self.call_count += 1
  File "/usr/lib/python3.13/unittest/mock.py", line 359, in _get
    return getattr(self, _the_name)
  File "/usr/lib/python3.13/unittest/mock.py", line 1168, in __call__
    self._increment_mock_call(*args, **kwargs)
  File "/usr/lib/python3.13/unittest/mock.py", line 1177, in _increment_mock_call
    self.call_count += 1
  File "/usr/lib/python3.13/unittest/mock.py", line 359, in _get
    return getattr(self, _the_name)
  File "/usr/lib/python3.13/unittest/mock.py", line 1168, in __call__
    self._increment_mock_call(*args, **kwargs)
  File "/usr/lib/python3.13/unittest/mock.py", line 1177, in _increment_mock_call
    self.call_count += 1
  File "/usr/lib/python3.13/unittest/mock.py", line 359, in _get
    return getattr(self, _the_name)
  File "/usr/lib/python3.13/unittest/mock.py", line 1168, in __call__
    self._increment_mock_call(*args, **kwargs)
  File "/usr/lib/python3.13/unittest/mock.py", line 1177, in _increment_mock_call
    self.call_count += 1
  File "/usr/lib/python3.13/unittest/mock.py", line 359, in _get
    return getattr(self, _the_name)
  File "/usr/lib/python3.13/unittest/mock.py", line 1168, in __call__
    self._increment_mock_call(*args, **kwargs)
  File "/usr/lib/python3.13/unittest/mock.py", line 1177, in _increment_mock_call
    self.call_count += 1
  File "/usr/lib/python3.13/unittest/mock.py", line 359, in _get
    return getattr(self, _the_name)
  File "/usr/lib/python3.13/unittest/mock.py", line 1168, in __call__
    self._increment_mock_call(*args, **kwargs)
  File "/usr/lib/python3.13/unittest/mock.py", line 1177, in _increment_mock_call
    self.call_count += 1
  File "/usr/lib/python3.13/unittest/mock.py", line 359, in _get
    return getattr(self, _the_name)
  File "/usr/lib/python3.13/unittest/mock.py", line 1168, in __call__
    self._increment_mock_call(*args, **kwargs)
  File "/usr/lib/python3.13/unittest/mock.py", line 1177, in _increment_mock_call
    self.call_count += 1
  File "/usr/lib/python3.13/unittest/mock.py", line 359, in _get
    return getattr(self, _the_name)
  File "/usr/lib/python3.13/unittest/mock.py", line 1168, in __call__
    self._increment_mock_call(*args, **kwargs)
  File "/usr/lib/python3.13/unittest/mock.py", line 1177, in _increment_mock_call
    self.call_count += 1
  File "/usr/lib/python3.13/unittest/mock.py", line 359, in _get
    return getattr(self, _the_name)
  File "/usr/lib/python3.13/unittest/mock.py", line 1168, in __call__
    self._increment_mock_call(*args, **kwargs)
  File "/usr/lib/python3.13/unittest/mock.py", line 1177, in _increment_mock_call
    self.call_count += 1
  File "/usr/lib/python3.13/unittest/mock.py", line 359, in _get
    return getattr(self, _the_name)
  File "/usr/lib/python3.13/unittest/mock.py", line 1168, in __call__
    self._increment_mock_call(*args, **kwargs)
  File "/usr/lib/python3.13/unittest/mock.py", line 1177, in _increment_mock_call
    self.call_count += 1
  File "/usr/lib/python3.13/unittest/mock.py", line 359, in _get
    return getattr(self, _the_name)
  File "/usr/lib/python3.13/unittest/mock.py", line 1168, in __call__
    self._increment_mock_call(*args, **kwargs)
  File "/usr/lib/python3.13/unittest/mock.py", line 1177, in _increment_mock_call
    self.call_count += 1
  File "/usr/lib/python3.13/unittest/mock.py", line 359, in _get
    return getattr(self, _the_name)
  File "/usr/lib/python3.13/unittest/mock.py", line 1168, in __call__
    self._increment_mock_call(*args, **kwargs)
  File "/usr/lib/python3.13/unittest/mock.py", line 1177, in _increment_mock_call
    self.call_count += 1
  File "/usr/lib/python3.13/unittest/mock.py", line 359, in _get
    return getattr(self, _the_name)
  File "/usr/lib/python3.13/unittest/mock.py", line 1168, in __call__
    self._increment_mock_call(*args, **kwargs)
  File "/usr/lib/python3.13/unittest/mock.py", line 1177, in _increment_mock_call
    self.call_count += 1
  File "/usr/lib/python3.13/unittest/mock.py", line 359, in _get
    return getattr(self, _the_name)
  File "/usr/lib/python3.13/unittest/mock.py", line 1168, in __call__
    self._increment_mock_call(*args, **kwargs)
  File "/usr/lib/python3.13/unittest/mock.py", line 1177, in _increment_mock_call
    self.call_count += 1
  File "/usr/lib/python3.13/unittest/mock.py", line 359, in _get
    return getattr(self, _the_name)
  File "/usr/lib/python3.13/unittest/mock.py", line 1168, in __call__
    self._increment_mock_call(*args, **kwargs)
  File "/usr/lib/python3.13/unittest/mock.py", line 1177, in _increment_mock_call
    self.call_count += 1
  File "/usr/lib/python3.13/unittest/mock.py", line 359, in _get
    return getattr(self, _the_name)
  File "/usr/lib/python3.13/unittest/mock.py", line 1168, in __call__
    self._increment_mock_call(*args, **kwargs)
  File "/usr/lib/python3.13/unittest/mock.py", line 1177, in _increment_mock_call
    self.call_count += 1
  File "/usr/lib/python3.13/unittest/mock.py", line 359, in _get
    return getattr(self, _the_name)
  File "/usr/lib/python3.13/unittest/mock.py", line 1168, in __call__
    self._increment_mock_call(*args, **kwargs)
  File "/usr/lib/python3.13/unittest/mock.py", line 1177, in _increment_mock_call
    self.call_count += 1
  File "/usr/lib/python3.13/unittest/mock.py", line 359, in _get
    return getattr(self, _the_name)
  File "/usr/lib/python3.13/unittest/mock.py", line 1168, in __call__
    self._increment_mock_call(*args, **kwargs)
  File "/usr/lib/python3.13/unittest/mock.py", line 1177, in _increment_mock_call
    self.call_count += 1
  File "/usr/lib/python3.13/unittest/mock.py", line 359, in _get
    return getattr(self, _the_name)
  File "/usr/lib/python3.13/unittest/mock.py", line 1168, in __call__
    self._increment_mock_call(*args, **kwargs)
  File "/usr/lib/python3.13/unittest/mock.py", line 1177, in _increment_mock_call
    self.call_count += 1
  File "/usr/lib/python3.13/unittest/mock.py", line 359, in _get
    return getattr(self, _the_name)
  File "/usr/lib/python3.13/unittest/mock.py", line 1168, in __call__
    self._increment_mock_call(*args, **kwargs)
  File "/usr/lib/python3.13/unittest/mock.py", line 1177, in _increment_mock_call
    self.call_count += 1
  File "/usr/lib/python3.13/unittest/mock.py", line 359, in _get
    return getattr(self, _the_name)
  File "/usr/lib/python3.13/unittest/mock.py", line 1168, in __call__
    self._increment_mock_call(*args, **kwargs)
  File "/usr/lib/python3.13/unittest/mock.py", line 1177, in _increment_mock_call
    self.call_count += 1
  File "/usr/lib/python3.13/unittest/mock.py", line 359, in _get
    return getattr(self, _the_name)
  File "/usr/lib/python3.13/unittest/mock.py", line 1168, in __call__
    self._increment_mock_call(*args, **kwargs)
  File "/usr/lib/python3.13/unittest/mock.py", line 1177, in _increment_mock_call
    self.call_count += 1
  File "/usr/lib/python3.13/unittest/mock.py", line 359, in _get
    return getattr(self, _the_name)
  File "/usr/lib/python3.13/unittest/mock.py", line 1168, in __call__
    self._increment_mock_call(*args, **kwargs)
  File "/usr/lib/python3.13/unittest/mock.py", line 1177, in _increment_mock_call
    self.call_count += 1
  File "/usr/lib/python3.13/unittest/mock.py", line 359, in _get
    return getattr(self, _the_name)
  File "/usr/lib/python3.13/unittest/mock.py", line 1168, in __call__
    self._increment_mock_call(*args, **kwargs)
  File "/usr/lib/python3.13/unittest/mock.py", line 1177, in _increment_mock_call
    self.call_count += 1
  File "/usr/lib/python3.13/unittest/mock.py", line 359, in _get
    return getattr(self, _the_name)
  File "/usr/lib/python3.13/unittest/mock.py", line 1168, in __call__
    self._increment_mock_call(*args, **kwargs)
  File "/usr/lib/python3.13/unittest/mock.py", line 1177, in _increment_mock_call
    self.call_count += 1
  File "/usr/lib/python3.13/unittest/mock.py", line 359, in _get
    return getattr(self, _the_name)
  File "/usr/lib/python3.13/unittest/mock.py", line 1168, in __call__
    self._increment_mock_call(*args, **kwargs)
  File "/usr/lib/python3.13/unittest/mock.py", line 1177, in _increment_mock_call
    self.call_count += 1
  File "/usr/lib/python3.13/unittest/mock.py", line 359, in _get
    return getattr(self, _the_name)
  File "/usr/lib/python3.13/unittest/mock.py", line 1168, in __call__
    self._increment_mock_call(*args, **kwargs)
  File "/usr/lib/python3.13/unittest/mock.py", line 1177, in _increment_mock_call
    self.call_count += 1
  File "/usr/lib/python3.13/unittest/mock.py", line 359, in _get
    return getattr(self, _the_name)
  File "/usr/lib/python3.13/unittest/mock.py", line 1168, in __call__
    self._increment_mock_call(*args, **kwargs)
  File "/usr/lib/python3.13/unittest/mock.py", line 1177, in _increment_mock_call
    self.call_count += 1
  File "/usr/lib/python3.13/unittest/mock.py", line 359, in _get
    return getattr(self, _the_name)
  File "/usr/lib/python3.13/unittest/mock.py", line 1168, in __call__
    self._increment_mock_call(*args, **kwargs)
  File "/usr/lib/python3.13/unittest/mock.py", line 1177, in _increment_mock_call
    self.call_count += 1
  File "/usr/lib/python3.13/unittest/mock.py", line 359, in _get
    return getattr(self, _the_name)
  File "/usr/lib/python3.13/unittest/mock.py", line 1168, in __call__
    self._increment_mock_call(*args, **kwargs)
  File "/usr/lib/python3.13/unittest/mock.py", line 1177, in _increment_mock_call
    self.call_count += 1
  File "/usr/lib/python3.13/unittest/mock.py", line 359, in _get
    return getattr(self, _the_name)
  File "/usr/lib/python3.13/unittest/mock.py", line 1168, in __call__
    self._increment_mock_call(*args, **kwargs)
  File "/usr/lib/python3.13/unittest/mock.py", line 1177, in _increment_mock_call
    self.call_count += 1
  File "/usr/lib/python3.13/unittest/mock.py", line 359, in _get
    return getattr(self, _the_name)
  File "/usr/lib/python3.13/unittest/mock.py", line 1168, in __call__
    self._increment_mock_call(*args, **kwargs)
  File "/usr/lib/python3.13/unittest/mock.py", line 1177, in _increment_mock_call
    self.call_count += 1
  File "/usr/lib/python3.13/unittest/mock.py", line 359, in _get
    return getattr(self, _the_name)
  File "/usr/lib/python3.13/unittest/mock.py", line 1168, in __call__
    self._increment_mock_call(*args, **kwargs)
  File "/usr/lib/python3.13/unittest/mock.py", line 1177, in _increment_mock_call
    self.call_count += 1
  File "/usr/lib/python3.13/unittest/mock.py", line 359, in _get
    return getattr(self, _the_name)
  File "/usr/lib/python3.13/unittest/mock.py", line 1168, in __call__
    self._increment_mock_call(*args, **kwargs)
  File "/usr/lib/python3.13/unittest/mock.py", line 1177, in _increment_mock_call
    self.call_count += 1
  File "/usr/lib/python3.13/unittest/mock.py", line 359, in _get
    return getattr(self, _the_name)
  File "/usr/lib/python3.13/unittest/mock.py", line 1168, in __call__
    self._increment_mock_call(*args, **kwargs)
  File "/usr/lib/python3.13/unittest/mock.py", line 1177, in _increment_mock_call
    self.call_count += 1
  File "/usr/lib/python3.13/unittest/mock.py", line 359, in _get
    return getattr(self, _the_name)
  File "/usr/lib/python3.13/unittest/mock.py", line 1168, in __call__
    self._increment_mock_call(*args, **kwargs)
  File "/usr/lib/python3.13/unittest/mock.py", line 1177, in _increment_mock_call
    self.call_count += 1
  File "/usr/lib/python3.13/unittest/mock.py", line 359, in _get
    return getattr(self, _the_name)
  File "/usr/lib/python3.13/unittest/mock.py", line 1168, in __call__
    self._increment_mock_call(*args, **kwargs)
  File "/usr/lib/python3.13/unittest/mock.py", line 1177, in _increment_mock_call
    self.call_count += 1
  File "/usr/lib/python3.13/unittest/mock.py", line 359, in _get
    return getattr(self, _the_name)
  File "/usr/lib/python3.13/unittest/mock.py", line 1168, in __call__
    self._increment_mock_call(*args, **kwargs)
  File "/usr/lib/python3.13/unittest/mock.py", line 1177, in _increment_mock_call
    self.call_count += 1
  File "/usr/lib/python3.13/unittest/mock.py", line 359, in _get
    return getattr(self, _the_name)
  File "/usr/lib/python3.13/unittest/mock.py", line 1168, in __call__
    self._increment_mock_call(*args, **kwargs)
  File "/usr/lib/python3.13/unittest/mock.py", line 1177, in _increment_mock_call
    self.call_count += 1
  File "/usr/lib/python3.13/unittest/mock.py", line 359, in _get
    return getattr(self, _the_name)
  File "/usr/lib/python3.13/unittest/mock.py", line 1168, in __call__
    self._increment_mock_call(*args, **kwargs)
  File "/usr/lib/python3.13/unittest/mock.py", line 1177, in _increment_mock_call
    self.call_count += 1
  File "/usr/lib/python3.13/unittest/mock.py", line 359, in _get
    return getattr(self, _the_name)
  File "/usr/lib/python3.13/unittest/mock.py", line 1168, in __call__
    self._increment_mock_call(*args, **kwargs)
  File "/usr/lib/python3.13/unittest/mock.py", line 1177, in _increment_mock_call
    self.call_count += 1
  File "/usr/lib/python3.13/unittest/mock.py", line 359, in _get
    return getattr(self, _the_name)
  File "/usr/lib/python3.13/unittest/mock.py", line 1168, in __call__
    self._increment_mock_call(*args, **kwargs)
  File "/usr/lib/python3.13/unittest/mock.py", line 1177, in _increment_mock_call
    self.call_count += 1
  File "/usr/lib/python3.13/unittest/mock.py", line 359, in _get
    return getattr(self, _the_name)
  File "/usr/lib/python3.13/unittest/mock.py", line 1168, in __call__
    self._increment_mock_call(*args, **kwargs)
  File "/usr/lib/python3.13/unittest/mock.py", line 1177, in _increment_mock_call
    self.call_count += 1
  File "/usr/lib/python3.13/unittest/mock.py", line 359, in _get
    return getattr(self, _the_name)
  File "/usr/lib/python3.13/unittest/mock.py", line 1168, in __call__
    self._increment_mock_call(*args, **kwargs)
  File "/usr/lib/python3.13/unittest/mock.py", line 1177, in _increment_mock_call
    self.call_count += 1
  File "/usr/lib/python3.13/unittest/mock.py", line 359, in _get
    return getattr(self, _the_name)
  File "/usr/lib/python3.13/unittest/mock.py", line 1168, in __call__
    self._increment_mock_call(*args, **kwargs)
  File "/usr/lib/python3.13/unittest/mock.py", line 1177, in _increment_mock_call
    self.call_count += 1
  File "/usr/lib/python3.13/unittest/mock.py", line 359, in _get
    return getattr(self, _the_name)
  File "/usr/lib/python3.13/unittest/mock.py", line 1168, in __call__
    self._increment_mock_call(*args, **kwargs)
  File "/usr/lib/python3.13/unittest/mock.py", line 1177, in _increment_mock_call
    self.call_count += 1
  File "/usr/lib/python3.13/unittest/mock.py", line 359, in _get
    return getattr(self, _the_name)
  File "/usr/lib/python3.13/unittest/mock.py", line 1168, in __call__
    self._increment_mock_call(*args, **kwargs)
  File "/usr/lib/python3.13/unittest/mock.py", line 1177, in _increment_mock_call
    self.call_count += 1
  File "/usr/lib/python3.13/unittest/mock.py", line 359, in _get
    return getattr(self, _the_name)
  File "/usr/lib/python3.13/unittest/mock.py", line 1168, in __call__
    self._increment_mock_call(*args, **kwargs)
  File "/usr/lib/python3.13/unittest/mock.py", line 1177, in _increment_mock_call
    self.call_count += 1
  File "/usr/lib/python3.13/unittest/mock.py", line 359, in _get
    return getattr(self, _the_name)
  File "/usr/lib/python3.13/unittest/mock.py", line 1168, in __call__
    self._increment_mock_call(*args, **kwargs)
  File "/usr/lib/python3.13/unittest/mock.py", line 1177, in _increment_mock_call
    self.call_count += 1
  File "/usr/lib/python3.13/unittest/mock.py", line 359, in _get
    return getattr(self, _the_name)
  File "/usr/lib/python3.13/unittest/mock.py", line 1168, in __call__
    self._increment_mock_call(*args, **kwargs)
  File "/usr/lib/python3.13/unittest/mock.py", line 1177, in _increment_mock_call
    self.call_count += 1
  File "/usr/lib/python3.13/unittest/mock.py", line 359, in _get
    return getattr(self, _the_name)
  File "/usr/lib/python3.13/unittest/mock.py", line 1168, in __call__
    self._increment_mock_call(*args, **kwargs)
  File "/usr/lib/python3.13/unittest/mock.py", line 1177, in _increment_mock_call
    self.call_count += 1
  File "/usr/lib/python3.13/unittest/mock.py", line 359, in _get
    return getattr(self, _the_name)
  File "/usr/lib/python3.13/unittest/mock.py", line 1168, in __call__
    self._increment_mock_call(*args, **kwargs)
  File "/usr/lib/python3.13/unittest/mock.py", line 1177, in _increment_mock_call
    self.call_count += 1
  File "/usr/lib/python3.13/unittest/mock.py", line 359, in _get
    return getattr(self, _the_name)
  File "/usr/lib/python3.13/unittest/mock.py", line 1168, in __call__
    self._increment_mock_call(*args, **kwargs)
  File "/usr/lib/python3.13/unittest/mock.py", line 1177, in _increment_mock_call
    self.call_count += 1
  File "/usr/lib/python3.13/unittest/mock.py", line 359, in _get
    return getattr(self, _the_name)
  File "/usr/lib/python3.13/unittest/mock.py", line 1168, in __call__
    self._increment_mock_call(*args, **kwargs)
  File "/usr/lib/python3.13/unittest/mock.py", line 1177, in _increment_mock_call
    self.call_count += 1
  File "/usr/lib/python3.13/unittest/mock.py", line 359, in _get
    return getattr(self, _the_name)
  File "/usr/lib/python3.13/unittest/mock.py", line 1168, in __call__
    self._increment_mock_call(*args, **kwargs)
  File "/usr/lib/python3.13/unittest/mock.py", line 1177, in _increment_mock_call
    self.call_count += 1
  File "/usr/lib/python3.13/unittest/mock.py", line 359, in _get
    return getattr(self, _the_name)
  File "/usr/lib/python3.13/unittest/mock.py", line 1168, in __call__
    self._increment_mock_call(*args, **kwargs)
  File "/usr/lib/python3.13/unittest/mock.py", line 1177, in _increment_mock_call
    self.call_count += 1
  File "/usr/lib/python3.13/unittest/mock.py", line 359, in _get
    return getattr(self, _the_name)
  File "/usr/lib/python3.13/unittest/mock.py", line 1168, in __call__
    self._increment_mock_call(*args, **kwargs)
  File "/usr/lib/python3.13/unittest/mock.py", line 1177, in _increment_mock_call
    self.call_count += 1
  File "/usr/lib/python3.13/unittest/mock.py", line 359, in _get
    return getattr(self, _the_name)
  File "/usr/lib/python3.13/unittest/mock.py", line 1168, in __call__
    self._increment_mock_call(*args, **kwargs)
  File "/usr/lib/python3.13/unittest/mock.py", line 1177, in _increment_mock_call
    self.call_count += 1
  File "/usr/lib/python3.13/unittest/mock.py", line 359, in _get
    return getattr(self, _the_name)
  File "/usr/lib/python3.13/unittest/mock.py", line 1168, in __call__
    self._increment_mock_call(*args, **kwargs)
  File "/usr/lib/python3.13/unittest/mock.py", line 1177, in _increment_mock_call
    self.call_count += 1
  File "/usr/lib/python3.13/unittest/mock.py", line 359, in _get
    return getattr(self, _the_name)
  File "/usr/lib/python3.13/unittest/mock.py", line 1168, in __call__
    self._increment_mock_call(*args, **kwargs)
  File "/usr/lib/python3.13/unittest/mock.py", line 1177, in _increment_mock_call
    self.call_count += 1
  File "/usr/lib/python3.13/unittest/mock.py", line 359, in _get
    return getattr(self, _the_name)
  File "/usr/lib/python3.13/unittest/mock.py", line 1168, in __call__
    self._increment_mock_call(*args, **kwargs)
  File "/usr/lib/python3.13/unittest/mock.py", line 1177, in _increment_mock_call
    self.call_count += 1
  File "/usr/lib/python3.13/unittest/mock.py", line 359, in _get
    return getattr(self, _the_name)
  File "/usr/lib/python3.13/unittest/mock.py", line 1168, in __call__
    self._increment_mock_call(*args, **kwargs)
  File "/usr/lib/python3.13/unittest/mock.py", line 1177, in _increment_mock_call
    self.call_count += 1
  File "/usr/lib/python3.13/unittest/mock.py", line 359, in _get
    return getattr(self, _the_name)
  File "/usr/lib/python3.13/unittest/mock.py", line 1168, in __call__
    self._increment_mock_call(*args, **kwargs)
  File "/usr/lib/python3.13/unittest/mock.py", line 1177, in _increment_mock_call
    self.call_count += 1
  File "/usr/lib/python3.13/unittest/mock.py", line 359, in _get
    return getattr(self, _the_name)
  File "/usr/lib/python3.13/unittest/mock.py", line 1168, in __call__
    self._increment_mock_call(*args, **kwargs)
  File "/usr/lib/python3.13/unittest/mock.py", line 1177, in _increment_mock_call
    self.call_count += 1
  File "/usr/lib/python3.13/unittest/mock.py", line 359, in _get
    return getattr(self, _the_name)
  File "/usr/lib/python3.13/unittest/mock.py", line 1168, in __call__
    self._increment_mock_call(*args, **kwargs)
  File "/usr/lib/python3.13/unittest/mock.py", line 1177, in _increment_mock_call
    self.call_count += 1
  File "/usr/lib/python3.13/unittest/mock.py", line 359, in _get
    return getattr(self, _the_name)
  File "/usr/lib/python3.13/unittest/mock.py", line 1168, in __call__
    self._increment_mock_call(*args, **kwargs)
  File "/usr/lib/python3.13/unittest/mock.py", line 1177, in _increment_mock_call
    self.call_count += 1
  File "/usr/lib/python3.13/unittest/mock.py", line 359, in _get
    return getattr(self, _the_name)
  File "/usr/lib/python3.13/unittest/mock.py", line 1168, in __call__
    self._increment_mock_call(*args, **kwargs)
  File "/usr/lib/python3.13/unittest/mock.py", line 1177, in _increment_mock_call
    self.call_count += 1
  File "/usr/lib/python3.13/unittest/mock.py", line 359, in _get
    return getattr(self, _the_name)
  File "/usr/lib/python3.13/unittest/mock.py", line 1168, in __call__
    self._increment_mock_call(*args, **kwargs)
  File "/usr/lib/python3.13/unittest/mock.py", line 1177, in _increment_mock_call
    self.call_count += 1
  File "/usr/lib/python3.13/unittest/mock.py", line 359, in _get
    return getattr(self, _the_name)
  File "/usr/lib/python3.13/unittest/mock.py", line 1168, in __call__
    self._increment_mock_call(*args, **kwargs)
  File "/usr/lib/python3.13/unittest/mock.py", line 1177, in _increment_mock_call
    self.call_count += 1
  File "/usr/lib/python3.13/unittest/mock.py", line 359, in _get
    return getattr(self, _the_name)
  File "/usr/lib/python3.13/unittest/mock.py", line 1168, in __call__
    self._increment_mock_call(*args, **kwargs)
  File "/usr/lib/python3.13/unittest/mock.py", line 1177, in _increment_mock_call
    self.call_count += 1
  File "/usr/lib/python3.13/unittest/mock.py", line 359, in _get
    return getattr(self, _the_name)
  File "/usr/lib/python3.13/unittest/mock.py", line 1168, in __call__
    self._increment_mock_call(*args, **kwargs)
  File "/usr/lib/python3.13/unittest/mock.py", line 1177, in _increment_mock_call
    self.call_count += 1
  File "/usr/lib/python3.13/unittest/mock.py", line 359, in _get
    return getattr(self, _the_name)
  File "/usr/lib/python3.13/unittest/mock.py", line 1168, in __call__
    self._increment_mock_call(*args, **kwargs)
  File "/usr/lib/python3.13/unittest/mock.py", line 1177, in _increment_mock_call
    self.call_count += 1
  File "/usr/lib/python3.13/unittest/mock.py", line 359, in _get
    return getattr(self, _the_name)
  File "/usr/lib/python3.13/unittest/mock.py", line 1168, in __call__
    self._increment_mock_call(*args, **kwargs)
  File "/usr/lib/python3.13/unittest/mock.py", line 1177, in _increment_mock_call
    self.call_count += 1
  File "/usr/lib/python3.13/unittest/mock.py", line 359, in _get
    return getattr(self, _the_name)
  File "/usr/lib/python3.13/unittest/mock.py", line 1168, in __call__
    self._increment_mock_call(*args, **kwargs)
  File "/usr/lib/python3.13/unittest/mock.py", line 1177, in _increment_mock_call
    self.call_count += 1
  File "/usr/lib/python3.13/unittest/mock.py", line 359, in _get
    return getattr(self, _the_name)
  File "/usr/lib/python3.13/unittest/mock.py", line 1168, in __call__
    self._increment_mock_call(*args, **kwargs)
  File "/usr/lib/python3.13/unittest/mock.py", line 1177, in _increment_mock_call
    self.call_count += 1
  File "/usr/lib/python3.13/unittest/mock.py", line 359, in _get
    return getattr(self, _the_name)
  File "/usr/lib/python3.13/unittest/mock.py", line 1168, in __call__
    self._increment_mock_call(*args, **kwargs)
  File "/usr/lib/python3.13/unittest/mock.py", line 1177, in _increment_mock_call
    self.call_count += 1
  File "/usr/lib/python3.13/unittest/mock.py", line 359, in _get
    return getattr(self, _the_name)
  File "/usr/lib/python3.13/unittest/mock.py", line 1168, in __call__
    self._increment_mock_call(*args, **kwargs)
  File "/usr/lib/python3.13/unittest/mock.py", line 1177, in _increment_mock_call
    self.call_count += 1
  File "/usr/lib/python3.13/unittest/mock.py", line 359, in _get
    return getattr(self, _the_name)
  File "/usr/lib/python3.13/unittest/mock.py", line 1168, in __call__
    self._increment_mock_call(*args, **kwargs)
  File "/usr/lib/python3.13/unittest/mock.py", line 1177, in _increment_mock_call
    self.call_count += 1
  File "/usr/lib/python3.13/unittest/mock.py", line 359, in _get
    return getattr(self, _the_name)
  File "/usr/lib/python3.13/unittest/mock.py", line 1168, in __call__
    self._increment_mock_call(*args, **kwargs)
  File "/usr/lib/python3.13/unittest/mock.py", line 1177, in _increment_mock_call
    self.call_count += 1
  File "/usr/lib/python3.13/unittest/mock.py", line 359, in _get
    return getattr(self, _the_name)
  File "/usr/lib/python3.13/unittest/mock.py", line 1168, in __call__
    self._increment_mock_call(*args, **kwargs)
  File "/usr/lib/python3.13/unittest/mock.py", line 1177, in _increment_mock_call
    self.call_count += 1
  File "/usr/lib/python3.13/unittest/mock.py", line 359, in _get
    return getattr(self, _the_name)
  File "/usr/lib/python3.13/unittest/mock.py", line 1168, in __call__
    self._increment_mock_call(*args, **kwargs)
  File "/usr/lib/python3.13/unittest/mock.py", line 1177, in _increment_mock_call
    self.call_count += 1
  File "/usr/lib/python3.13/unittest/mock.py", line 359, in _get
    return getattr(self, _the_name)
  File "/usr/lib/python3.13/unittest/mock.py", line 1168, in __call__
    self._increment_mock_call(*args, **kwargs)
  File "/usr/lib/python3.13/unittest/mock.py", line 1177, in _increment_mock_call
    self.call_count += 1
  File "/usr/lib/python3.13/unittest/mock.py", line 359, in _get
    return getattr(self, _the_name)
  File "/usr/lib/python3.13/unittest/mock.py", line 1168, in __call__
    self._increment_mock_call(*args, **kwargs)
  File "/usr/lib/python3.13/unittest/mock.py", line 1177, in _increment_mock_call
    self.call_count += 1
  File "/usr/lib/python3.13/unittest/mock.py", line 359, in _get
    return getattr(self, _the_name)
  File "/usr/lib/python3.13/unittest/mock.py", line 1168, in __call__
    self._increment_mock_call(*args, **kwargs)
  File "/usr/lib/python3.13/unittest/mock.py", line 1177, in _increment_mock_call
    self.call_count += 1
  File "/usr/lib/python3.13/unittest/mock.py", line 359, in _get
    return getattr(self, _the_name)
  File "/usr/lib/python3.13/unittest/mock.py", line 1168, in __call__
    self._increment_mock_call(*args, **kwargs)
  File "/usr/lib/python3.13/unittest/mock.py", line 1177, in _increment_mock_call
    self.call_count += 1
  File "/usr/lib/python3.13/unittest/mock.py", line 359, in _get
    return getattr(self, _the_name)
  File "/usr/lib/python3.13/unittest/mock.py", line 1168, in __call__
    self._increment_mock_call(*args, **kwargs)
  File "/usr/lib/python3.13/unittest/mock.py", line 1177, in _increment_mock_call
    self.call_count += 1
  File "/usr/lib/python3.13/unittest/mock.py", line 359, in _get
    return getattr(self, _the_name)
  File "/usr/lib/python3.13/unittest/mock.py", line 1168, in __call__
    self._increment_mock_call(*args, **kwargs)
  File "/usr/lib/python3.13/unittest/mock.py", line 1177, in _increment_mock_call
    self.call_count += 1
  File "/usr/lib/python3.13/unittest/mock.py", line 359, in _get
    return getattr(self, _the_name)
  File "/usr/lib/python3.13/unittest/mock.py", line 1168, in __call__
    self._increment_mock_call(*args, **kwargs)
  File "/usr/lib/python3.13/unittest/mock.py", line 1177, in _increment_mock_call
    self.call_count += 1
  File "/usr/lib/python3.13/unittest/mock.py", line 359, in _get
    return getattr(self, _the_name)
  File "/usr/lib/python3.13/unittest/mock.py", line 1168, in __call__
    self._increment_mock_call(*args, **kwargs)
  File "/usr/lib/python3.13/unittest/mock.py", line 1177, in _increment_mock_call
    self.call_count += 1
  File "/usr/lib/python3.13/unittest/mock.py", line 359, in _get
    return getattr(self, _the_name)
  File "/usr/lib/python3.13/unittest/mock.py", line 1168, in __call__
    self._increment_mock_call(*args, **kwargs)
  File "/usr/lib/python3.13/unittest/mock.py", line 1177, in _increment_mock_call
    self.call_count += 1
  File "/usr/lib/python3.13/unittest/mock.py", line 359, in _get
    return getattr(self, _the_name)
  File "/usr/lib/python3.13/unittest/mock.py", line 1168, in __call__
    self._increment_mock_call(*args, **kwargs)
  File "/usr/lib/python3.13/unittest/mock.py", line 1177, in _increment_mock_call
    self.call_count += 1
  File "/usr/lib/python3.13/unittest/mock.py", line 359, in _get
    return getattr(self, _the_name)
  File "/usr/lib/python3.13/unittest/mock.py", line 1168, in __call__
    self._increment_mock_call(*args, **kwargs)
  File "/usr/lib/python3.13/unittest/mock.py", line 1177, in _increment_mock_call
    self.call_count += 1
  File "/usr/lib/python3.13/unittest/mock.py", line 359, in _get
    return getattr(self, _the_name)
  File "/usr/lib/python3.13/unittest/mock.py", line 1168, in __call__
    self._increment_mock_call(*args, **kwargs)
  File "/usr/lib/python3.13/unittest/mock.py", line 1177, in _increment_mock_call
    self.call_count += 1
  File "/usr/lib/python3.13/unittest/mock.py", line 359, in _get
    return getattr(self, _the_name)
  File "/usr/lib/python3.13/unittest/mock.py", line 1168, in __call__
    self._increment_mock_call(*args, **kwargs)
  File "/usr/lib/python3.13/unittest/mock.py", line 1177, in _increment_mock_call
    self.call_count += 1
  File "/usr/lib/python3.13/unittest/mock.py", line 359, in _get
    return getattr(self, _the_name)
  File "/usr/lib/python3.13/unittest/mock.py", line 1168, in __call__
    self._increment_mock_call(*args, **kwargs)
  File "/usr/lib/python3.13/unittest/mock.py", line 1177, in _increment_mock_call
    self.call_count += 1
  File "/usr/lib/python3.13/unittest/mock.py", line 359, in _get
    return getattr(self, _the_name)
  File "/usr/lib/python3.13/unittest/mock.py", line 1168, in __call__
    self._increment_mock_call(*args, **kwargs)
  File "/usr/lib/python3.13/unittest/mock.py", line 1177, in _increment_mock_call
    self.call_count += 1
  File "/usr/lib/python3.13/unittest/mock.py", line 359, in _get
    return getattr(self, _the_name)
  File "/usr/lib/python3.13/unittest/mock.py", line 1168, in __call__
    self._increment_mock_call(*args, **kwargs)
  File "/usr/lib/python3.13/unittest/mock.py", line 1177, in _increment_mock_call
    self.call_count += 1
  File "/usr/lib/python3.13/unittest/mock.py", line 359, in _get
    return getattr(self, _the_name)
  File "/usr/lib/python3.13/unittest/mock.py", line 1168, in __call__
    self._increment_mock_call(*args, **kwargs)
  File "/usr/lib/python3.13/unittest/mock.py", line 1177, in _increment_mock_call
    self.call_count += 1
  File "/usr/lib/python3.13/unittest/mock.py", line 359, in _get
    return getattr(self, _the_name)
  File "/usr/lib/python3.13/unittest/mock.py", line 1168, in __call__
    self._increment_mock_call(*args, **kwargs)
  File "/usr/lib/python3.13/unittest/mock.py", line 1177, in _increment_mock_call
    self.call_count += 1
  File "/usr/lib/python3.13/unittest/mock.py", line 359, in _get
    return getattr(self, _the_name)
  File "/usr/lib/python3.13/unittest/mock.py", line 1168, in __call__
    self._increment_mock_call(*args, **kwargs)
  File "/usr/lib/python3.13/unittest/mock.py", line 1177, in _increment_mock_call
    self.call_count += 1
  File "/usr/lib/python3.13/unittest/mock.py", line 359, in _get
    return getattr(self, _the_name)
  File "/usr/lib/python3.13/unittest/mock.py", line 1168, in __call__
    self._increment_mock_call(*args, **kwargs)
  File "/usr/lib/python3.13/unittest/mock.py", line 1177, in _increment_mock_call
    self.call_count += 1
  File "/usr/lib/python3.13/unittest/mock.py", line 359, in _get
    return getattr(self, _the_name)
  File "/usr/lib/python3.13/unittest/mock.py", line 1168, in __call__
    self._increment_mock_call(*args, **kwargs)
  File "/usr/lib/python3.13/unittest/mock.py", line 1177, in _increment_mock_call
    self.call_count += 1
  File "/usr/lib/python3.13/unittest/mock.py", line 359, in _get
    return getattr(self, _the_name)
  File "/usr/lib/python3.13/unittest/mock.py", line 1168, in __call__
    self._increment_mock_call(*args, **kwargs)
  File "/usr/lib/python3.13/unittest/mock.py", line 1177, in _increment_mock_call
    self.call_count += 1
  File "/usr/lib/python3.13/unittest/mock.py", line 359, in _get
    return getattr(self, _the_name)
  File "/usr/lib/python3.13/unittest/mock.py", line 1168, in __call__
    self._increment_mock_call(*args, **kwargs)
  File "/usr/lib/python3.13/unittest/mock.py", line 1177, in _increment_mock_call
    self.call_count += 1
  File "/usr/lib/python3.13/unittest/mock.py", line 359, in _get
    return getattr(self, _the_name)
  File "/usr/lib/python3.13/unittest/mock.py", line 1168, in __call__
    self._increment_mock_call(*args, **kwargs)
  File "/usr/lib/python3.13/unittest/mock.py", line 1177, in _increment_mock_call
    self.call_count += 1
  File "/usr/lib/python3.13/unittest/mock.py", line 359, in _get
    return getattr(self, _the_name)
  File "/usr/lib/python3.13/unittest/mock.py", line 1168, in __call__
    self._increment_mock_call(*args, **kwargs)
  File "/usr/lib/python3.13/unittest/mock.py", line 1177, in _increment_mock_call
    self.call_count += 1
  File "/usr/lib/python3.13/unittest/mock.py", line 359, in _get
    return getattr(self, _the_name)
  File "/usr/lib/python3.13/unittest/mock.py", line 1168, in __call__
    self._increment_mock_call(*args, **kwargs)
  File "/usr/lib/python3.13/unittest/mock.py", line 1177, in _increment_mock_call
    self.call_count += 1
  File "/usr/lib/python3.13/unittest/mock.py", line 359, in _get
    return getattr(self, _the_name)
  File "/usr/lib/python3.13/unittest/mock.py", line 1168, in __call__
    self._increment_mock_call(*args, **kwargs)
  File "/usr/lib/python3.13/unittest/mock.py", line 1177, in _increment_mock_call
    self.call_count += 1
  File "/usr/lib/python3.13/unittest/mock.py", line 359, in _get
    return getattr(self, _the_name)
  File "/usr/lib/python3.13/unittest/mock.py", line 1168, in __call__
    self._increment_mock_call(*args, **kwargs)
  File "/usr/lib/python3.13/unittest/mock.py", line 1177, in _increment_mock_call
    self.call_count += 1
  File "/usr/lib/python3.13/unittest/mock.py", line 359, in _get
    return getattr(self, _the_name)
  File "/usr/lib/python3.13/unittest/mock.py", line 1168, in __call__
    self._increment_mock_call(*args, **kwargs)
  File "/usr/lib/python3.13/unittest/mock.py", line 1177, in _increment_mock_call
    self.call_count += 1
  File "/usr/lib/python3.13/unittest/mock.py", line 359, in _get
    return getattr(self, _the_name)
  File "/usr/lib/python3.13/unittest/mock.py", line 1168, in __call__
    self._increment_mock_call(*args, **kwargs)
  File "/usr/lib/python3.13/unittest/mock.py", line 1177, in _increment_mock_call
    self.call_count += 1
  File "/usr/lib/python3.13/unittest/mock.py", line 359, in _get
    return getattr(self, _the_name)
  File "/usr/lib/python3.13/unittest/mock.py", line 1168, in __call__
    self._increment_mock_call(*args, **kwargs)
  File "/usr/lib/python3.13/unittest/mock.py", line 1177, in _increment_mock_call
    self.call_count += 1
  File "/usr/lib/python3.13/unittest/mock.py", line 359, in _get
    return getattr(self, _the_name)
  File "/usr/lib/python3.13/unittest/mock.py", line 1168, in __call__
    self._increment_mock_call(*args, **kwargs)
  File "/usr/lib/python3.13/unittest/mock.py", line 1177, in _increment_mock_call
    self.call_count += 1
  File "/usr/lib/python3.13/unittest/mock.py", line 359, in _get
    return getattr(self, _the_name)
  File "/usr/lib/python3.13/unittest/mock.py", line 1168, in __call__
    self._increment_mock_call(*args, **kwargs)
  File "/usr/lib/python3.13/unittest/mock.py", line 1177, in _increment_mock_call
    self.call_count += 1
  File "/usr/lib/python3.13/unittest/mock.py", line 359, in _get
    return getattr(self, _the_name)
  File "/usr/lib/python3.13/unittest/mock.py", line 1168, in __call__
    self._increment_mock_call(*args, **kwargs)
  File "/usr/lib/python3.13/unittest/mock.py", line 1177, in _increment_mock_call
    self.call_count += 1
  File "/usr/lib/python3.13/unittest/mock.py", line 359, in _get
    return getattr(self, _the_name)
  File "/usr/lib/python3.13/unittest/mock.py", line 1168, in __call__
    self._increment_mock_call(*args, **kwargs)
  File "/usr/lib/python3.13/unittest/mock.py", line 1177, in _increment_mock_call
    self.call_count += 1
  File "/usr/lib/python3.13/unittest/mock.py", line 359, in _get
    return getattr(self, _the_name)
  File "/usr/lib/python3.13/unittest/mock.py", line 1168, in __call__
    self._increment_mock_call(*args, **kwargs)
  File "/usr/lib/python3.13/unittest/mock.py", line 1177, in _increment_mock_call
    self.call_count += 1
  File "/usr/lib/python3.13/unittest/mock.py", line 359, in _get
    return getattr(self, _the_name)
  File "/usr/lib/python3.13/unittest/mock.py", line 1168, in __call__
    self._increment_mock_call(*args, **kwargs)
  File "/usr/lib/python3.13/unittest/mock.py", line 1177, in _increment_mock_call
    self.call_count += 1
  File "/usr/lib/python3.13/unittest/mock.py", line 359, in _get
    return getattr(self, _the_name)
  File "/usr/lib/python3.13/unittest/mock.py", line 1168, in __call__
    self._increment_mock_call(*args, **kwargs)
  File "/usr/lib/python3.13/unittest/mock.py", line 1177, in _increment_mock_call
    self.call_count += 1
  File "/usr/lib/python3.13/unittest/mock.py", line 359, in _get
    return getattr(self, _the_name)
  File "/usr/lib/python3.13/unittest/mock.py", line 1168, in __call__
    self._increment_mock_call(*args, **kwargs)
  File "/usr/lib/python3.13/unittest/mock.py", line 1177, in _increment_mock_call
    self.call_count += 1
  File "/usr/lib/python3.13/unittest/mock.py", line 359, in _get
    return getattr(self, _the_name)
  File "/usr/lib/python3.13/unittest/mock.py", line 1168, in __call__
    self._increment_mock_call(*args, **kwargs)
  File "/usr/lib/python3.13/unittest/mock.py", line 1177, in _increment_mock_call
    self.call_count += 1
  File "/usr/lib/python3.13/unittest/mock.py", line 359, in _get
    return getattr(self, _the_name)
  File "/usr/lib/python3.13/unittest/mock.py", line 1168, in __call__
    self._increment_mock_call(*args, **kwargs)
  File "/usr/lib/python3.13/unittest/mock.py", line 1177, in _increment_mock_call
    self.call_count += 1
  File "/usr/lib/python3.13/unittest/mock.py", line 359, in _get
    return getattr(self, _the_name)
  File "/usr/lib/python3.13/unittest/mock.py", line 1168, in __call__
    self._increment_mock_call(*args, **kwargs)
  File "/usr/lib/python3.13/unittest/mock.py", line 1177, in _increment_mock_call
    self.call_count += 1
  File "/usr/lib/python3.13/unittest/mock.py", line 359, in _get
    return getattr(self, _the_name)
  File "/usr/lib/python3.13/unittest/mock.py", line 1168, in __call__
    self._increment_mock_call(*args, **kwargs)
  File "/usr/lib/python3.13/unittest/mock.py", line 1177, in _increment_mock_call
    self.call_count += 1
  File "/usr/lib/python3.13/unittest/mock.py", line 359, in _get
    return getattr(self, _the_name)
  File "/usr/lib/python3.13/unittest/mock.py", line 1168, in __call__
    self._increment_mock_call(*args, **kwargs)
  File "/usr/lib/python3.13/unittest/mock.py", line 1177, in _increment_mock_call
    self.call_count += 1
  File "/usr/lib/python3.13/unittest/mock.py", line 359, in _get
    return getattr(self, _the_name)
  File "/usr/lib/python3.13/unittest/mock.py", line 1168, in __call__
    self._increment_mock_call(*args, **kwargs)
  File "/usr/lib/python3.13/unittest/mock.py", line 1177, in _increment_mock_call
    self.call_count += 1
  File "/usr/lib/python3.13/unittest/mock.py", line 359, in _get
    return getattr(self, _the_name)
  File "/usr/lib/python3.13/unittest/mock.py", line 1168, in __call__
    self._increment_mock_call(*args, **kwargs)
  File "/usr/lib/python3.13/unittest/mock.py", line 1177, in _increment_mock_call
    self.call_count += 1
  File "/usr/lib/python3.13/unittest/mock.py", line 359, in _get
    return getattr(self, _the_name)
  File "/usr/lib/python3.13/unittest/mock.py", line 1168, in __call__
    self._increment_mock_call(*args, **kwargs)
  File "/usr/lib/python3.13/unittest/mock.py", line 1177, in _increment_mock_call
    self.call_count += 1
  File "/usr/lib/python3.13/unittest/mock.py", line 359, in _get
    return getattr(self, _the_name)
  File "/usr/lib/python3.13/unittest/mock.py", line 1168, in __call__
    self._increment_mock_call(*args, **kwargs)
  File "/usr/lib/python3.13/unittest/mock.py", line 1177, in _increment_mock_call
    self.call_count += 1
  File "/usr/lib/python3.13/unittest/mock.py", line 359, in _get
    return getattr(self, _the_name)
  File "/usr/lib/python3.13/unittest/mock.py", line 1168, in __call__
    self._increment_mock_call(*args, **kwargs)
  File "/usr/lib/python3.13/unittest/mock.py", line 1177, in _increment_mock_call
    self.call_count += 1
  File "/usr/lib/python3.13/unittest/mock.py", line 359, in _get
    return getattr(self, _the_name)
  File "/usr/lib/python3.13/unittest/mock.py", line 1168, in __call__
    self._increment_mock_call(*args, **kwargs)
  File "/usr/lib/python3.13/unittest/mock.py", line 1177, in _increment_mock_call
    self.call_count += 1
  File "/usr/lib/python3.13/unittest/mock.py", line 359, in _get
    return getattr(self, _the_name)
  File "/usr/lib/python3.13/unittest/mock.py", line 1168, in __call__
    self._increment_mock_call(*args, **kwargs)
  File "/usr/lib/python3.13/unittest/mock.py", line 1177, in _increment_mock_call
    self.call_count += 1
  File "/usr/lib/python3.13/unittest/mock.py", line 359, in _get
    return getattr(self, _the_name)
  File "/usr/lib/python3.13/unittest/mock.py", line 1168, in __call__
    self._increment_mock_call(*args, **kwargs)
  File "/usr/lib/python3.13/unittest/mock.py", line 1177, in _increment_mock_call
    self.call_count += 1
  File "/usr/lib/python3.13/unittest/mock.py", line 359, in _get
    return getattr(self, _the_name)
  File "/usr/lib/python3.13/unittest/mock.py", line 1168, in __call__
    self._increment_mock_call(*args, **kwargs)
  File "/usr/lib/python3.13/unittest/mock.py", line 1177, in _increment_mock_call
    self.call_count += 1
  File "/usr/lib/python3.13/unittest/mock.py", line 359, in _get
    return getattr(self, _the_name)
  File "/usr/lib/python3.13/unittest/mock.py", line 1168, in __call__
    self._increment_mock_call(*args, **kwargs)
  File "/usr/lib/python3.13/unittest/mock.py", line 1177, in _increment_mock_call
    self.call_count += 1
  File "/usr/lib/python3.13/unittest/mock.py", line 359, in _get
    return getattr(self, _the_name)
  File "/usr/lib/python3.13/unittest/mock.py", line 1168, in __call__
    self._increment_mock_call(*args, **kwargs)
  File "/usr/lib/python3.13/unittest/mock.py", line 1177, in _increment_mock_call
    self.call_count += 1
  File "/usr/lib/python3.13/unittest/mock.py", line 359, in _get
    return getattr(self, _the_name)
  File "/usr/lib/python3.13/unittest/mock.py", line 1168, in __call__
    self._increment_mock_call(*args, **kwargs)
  File "/usr/lib/python3.13/unittest/mock.py", line 1177, in _increment_mock_call
    self.call_count += 1
  File "/usr/lib/python3.13/unittest/mock.py", line 359, in _get
    return getattr(self, _the_name)
  File "/usr/lib/python3.13/unittest/mock.py", line 1168, in __call__
    self._increment_mock_call(*args, **kwargs)
  File "/usr/lib/python3.13/unittest/mock.py", line 1177, in _increment_mock_call
    self.call_count += 1
  File "/usr/lib/python3.13/unittest/mock.py", line 359, in _get
    return getattr(self, _the_name)
  File "/usr/lib/python3.13/unittest/mock.py", line 1168, in __call__
    self._increment_mock_call(*args, **kwargs)
  File "/usr/lib/python3.13/unittest/mock.py", line 1177, in _increment_mock_call
    self.call_count += 1
  File "/usr/lib/python3.13/unittest/mock.py", line 359, in _get
    return getattr(self, _the_name)
  File "/usr/lib/python3.13/unittest/mock.py", line 1168, in __call__
    self._increment_mock_call(*args, **kwargs)
  File "/usr/lib/python3.13/unittest/mock.py", line 1177, in _increment_mock_call
    self.call_count += 1
  File "/usr/lib/python3.13/unittest/mock.py", line 359, in _get
    return getattr(self, _the_name)
  File "/usr/lib/python3.13/unittest/mock.py", line 1168, in __call__
    self._increment_mock_call(*args, **kwargs)
  File "/usr/lib/python3.13/unittest/mock.py", line 1177, in _increment_mock_call
    self.call_count += 1
  File "/usr/lib/python3.13/unittest/mock.py", line 359, in _get
    return getattr(self, _the_name)
  File "/usr/lib/python3.13/unittest/mock.py", line 1168, in __call__
    self._increment_mock_call(*args, **kwargs)
  File "/usr/lib/python3.13/unittest/mock.py", line 1177, in _increment_mock_call
    self.call_count += 1
  File "/usr/lib/python3.13/unittest/mock.py", line 359, in _get
    return getattr(self, _the_name)
  File "/usr/lib/python3.13/unittest/mock.py", line 1168, in __call__
    self._increment_mock_call(*args, **kwargs)
  File "/usr/lib/python3.13/unittest/mock.py", line 1177, in _increment_mock_call
    self.call_count += 1
  File "/usr/lib/python3.13/unittest/mock.py", line 359, in _get
    return getattr(self, _the_name)
  File "/usr/lib/python3.13/unittest/mock.py", line 1168, in __call__
    self._increment_mock_call(*args, **kwargs)
  File "/usr/lib/python3.13/unittest/mock.py", line 1177, in _increment_mock_call
    self.call_count += 1
  File "/usr/lib/python3.13/unittest/mock.py", line 359, in _get
    return getattr(self, _the_name)
  File "/usr/lib/python3.13/unittest/mock.py", line 1168, in __call__
    self._increment_mock_call(*args, **kwargs)
  File "/usr/lib/python3.13/unittest/mock.py", line 1177, in _increment_mock_call
    self.call_count += 1
  File "/usr/lib/python3.13/unittest/mock.py", line 359, in _get
    return getattr(self, _the_name)
  File "/usr/lib/python3.13/unittest/mock.py", line 1168, in __call__
    self._increment_mock_call(*args, **kwargs)
  File "/usr/lib/python3.13/unittest/mock.py", line 1177, in _increment_mock_call
    self.call_count += 1
  File "/usr/lib/python3.13/unittest/mock.py", line 359, in _get
    return getattr(self, _the_name)
  File "/usr/lib/python3.13/unittest/mock.py", line 1168, in __call__
    self._increment_mock_call(*args, **kwargs)
  File "/usr/lib/python3.13/unittest/mock.py", line 1177, in _increment_mock_call
    self.call_count += 1
  File "/usr/lib/python3.13/unittest/mock.py", line 359, in _get
    return getattr(self, _the_name)
  File "/usr/lib/python3.13/unittest/mock.py", line 1168, in __call__
    self._increment_mock_call(*args, **kwargs)
  File "/usr/lib/python3.13/unittest/mock.py", line 1177, in _increment_mock_call
    self.call_count += 1
  File "/usr/lib/python3.13/unittest/mock.py", line 359, in _get
    return getattr(self, _the_name)
  File "/usr/lib/python3.13/unittest/mock.py", line 1168, in __call__
    self._increment_mock_call(*args, **kwargs)
  File "/usr/lib/python3.13/unittest/mock.py", line 1177, in _increment_mock_call
    self.call_count += 1
  File "/usr/lib/python3.13/unittest/mock.py", line 359, in _get
    return getattr(self, _the_name)
  File "/usr/lib/python3.13/unittest/mock.py", line 1168, in __call__
    self._increment_mock_call(*args, **kwargs)
  File "/usr/lib/python3.13/unittest/mock.py", line 1177, in _increment_mock_call
    self.call_count += 1
  File "/usr/lib/python3.13/unittest/mock.py", line 359, in _get
    return getattr(self, _the_name)
  File "/usr/lib/python3.13/unittest/mock.py", line 1168, in __call__
    self._increment_mock_call(*args, **kwargs)
  File "/usr/lib/python3.13/unittest/mock.py", line 1177, in _increment_mock_call
    self.call_count += 1
  File "/usr/lib/python3.13/unittest/mock.py", line 359, in _get
    return getattr(self, _the_name)
  File "/usr/lib/python3.13/unittest/mock.py", line 1168, in __call__
    self._increment_mock_call(*args, **kwargs)
  File "/usr/lib/python3.13/unittest/mock.py", line 1177, in _increment_mock_call
    self.call_count += 1
  File "/usr/lib/python3.13/unittest/mock.py", line 359, in _get
    return getattr(self, _the_name)
  File "/usr/lib/python3.13/unittest/mock.py", line 1168, in __call__
    self._increment_mock_call(*args, **kwargs)
  File "/usr/lib/python3.13/unittest/mock.py", line 1177, in _increment_mock_call
    self.call_count += 1
  File "/usr/lib/python3.13/unittest/mock.py", line 359, in _get
    return getattr(self, _the_name)
  File "/usr/lib/python3.13/unittest/mock.py", line 1168, in __call__
    self._increment_mock_call(*args, **kwargs)
  File "/usr/lib/python3.13/unittest/mock.py", line 1177, in _increment_mock_call
    self.call_count += 1
  File "/usr/lib/python3.13/unittest/mock.py", line 359, in _get
    return getattr(self, _the_name)
  File "/usr/lib/python3.13/unittest/mock.py", line 1168, in __call__
    self._increment_mock_call(*args, **kwargs)
  File "/usr/lib/python3.13/unittest/mock.py", line 1177, in _increment_mock_call
    self.call_count += 1
  File "/usr/lib/python3.13/unittest/mock.py", line 359, in _get
    return getattr(self, _the_name)
  File "/usr/lib/python3.13/unittest/mock.py", line 1168, in __call__
    self._increment_mock_call(*args, **kwargs)
  File "/usr/lib/python3.13/unittest/mock.py", line 1177, in _increment_mock_call
    self.call_count += 1
  File "/usr/lib/python3.13/unittest/mock.py", line 359, in _get
    return getattr(self, _the_name)
  File "/usr/lib/python3.13/unittest/mock.py", line 1168, in __call__
    self._increment_mock_call(*args, **kwargs)
  File "/usr/lib/python3.13/unittest/mock.py", line 1177, in _increment_mock_call
    self.call_count += 1
  File "/usr/lib/python3.13/unittest/mock.py", line 359, in _get
    return getattr(self, _the_name)
  File "/usr/lib/python3.13/unittest/mock.py", line 1168, in __call__
    self._increment_mock_call(*args, **kwargs)
  File "/usr/lib/python3.13/unittest/mock.py", line 1177, in _increment_mock_call
    self.call_count += 1
  File "/usr/lib/python3.13/unittest/mock.py", line 359, in _get
    return getattr(self, _the_name)
  File "/usr/lib/python3.13/unittest/mock.py", line 1168, in __call__
    self._increment_mock_call(*args, **kwargs)
  File "/usr/lib/python3.13/unittest/mock.py", line 1177, in _increment_mock_call
    self.call_count += 1
  File "/usr/lib/python3.13/unittest/mock.py", line 359, in _get
    return getattr(self, _the_name)
  File "/usr/lib/python3.13/unittest/mock.py", line 1168, in __call__
    self._increment_mock_call(*args, **kwargs)
  File "/usr/lib/python3.13/unittest/mock.py", line 1177, in _increment_mock_call
    self.call_count += 1
  File "/usr/lib/python3.13/unittest/mock.py", line 359, in _get
    return getattr(self, _the_name)
  File "/usr/lib/python3.13/unittest/mock.py", line 1168, in __call__
    self._increment_mock_call(*args, **kwargs)
  File "/usr/lib/python3.13/unittest/mock.py", line 1177, in _increment_mock_call
    self.call_count += 1
  File "/usr/lib/python3.13/unittest/mock.py", line 359, in _get
    return getattr(self, _the_name)
  File "/usr/lib/python3.13/unittest/mock.py", line 1168, in __call__
    self._increment_mock_call(*args, **kwargs)
  File "/usr/lib/python3.13/unittest/mock.py", line 1177, in _increment_mock_call
    self.call_count += 1
  File "/usr/lib/python3.13/unittest/mock.py", line 359, in _get
    return getattr(self, _the_name)
  File "/usr/lib/python3.13/unittest/mock.py", line 1168, in __call__
    self._increment_mock_call(*args, **kwargs)
  File "/usr/lib/python3.13/unittest/mock.py", line 1177, in _increment_mock_call
    self.call_count += 1
  File "/usr/lib/python3.13/unittest/mock.py", line 359, in _get
    return getattr(self, _the_name)
  File "/usr/lib/python3.13/unittest/mock.py", line 1168, in __call__
    self._increment_mock_call(*args, **kwargs)
  File "/usr/lib/python3.13/unittest/mock.py", line 1177, in _increment_mock_call
    self.call_count += 1
  File "/usr/lib/python3.13/unittest/mock.py", line 359, in _get
    return getattr(self, _the_name)
  File "/usr/lib/python3.13/unittest/mock.py", line 1168, in __call__
    self._increment_mock_call(*args, **kwargs)
  File "/usr/lib/python3.13/unittest/mock.py", line 1177, in _increment_mock_call
    self.call_count += 1
  File "/usr/lib/python3.13/unittest/mock.py", line 359, in _get
    return getattr(self, _the_name)
  File "/usr/lib/python3.13/unittest/mock.py", line 1168, in __call__
    self._increment_mock_call(*args, **kwargs)
  File "/usr/lib/python3.13/unittest/mock.py", line 1177, in _increment_mock_call
    self.call_count += 1
  File "/usr/lib/python3.13/unittest/mock.py", line 359, in _get
    return getattr(self, _the_name)
  File "/usr/lib/python3.13/unittest/mock.py", line 1168, in __call__
    self._increment_mock_call(*args, **kwargs)
  File "/usr/lib/python3.13/unittest/mock.py", line 1177, in _increment_mock_call
    self.call_count += 1
  File "/usr/lib/python3.13/unittest/mock.py", line 359, in _get
    return getattr(self, _the_name)
  File "/usr/lib/python3.13/unittest/mock.py", line 1168, in __call__
    self._increment_mock_call(*args, **kwargs)
  File "/usr/lib/python3.13/unittest/mock.py", line 1177, in _increment_mock_call
    self.call_count += 1
  File "/usr/lib/python3.13/unittest/mock.py", line 359, in _get
    return getattr(self, _the_name)
  File "/usr/lib/python3.13/unittest/mock.py", line 1168, in __call__
    self._increment_mock_call(*args, **kwargs)
  File "/usr/lib/python3.13/unittest/mock.py", line 1177, in _increment_mock_call
    self.call_count += 1
  File "/usr/lib/python3.13/unittest/mock.py", line 359, in _get
    return getattr(self, _the_name)
  File "/usr/lib/python3.13/unittest/mock.py", line 1168, in __call__
    self._increment_mock_call(*args, **kwargs)
  File "/usr/lib/python3.13/unittest/mock.py", line 1177, in _increment_mock_call
    self.call_count += 1
  File "/usr/lib/python3.13/unittest/mock.py", line 359, in _get
    return getattr(self, _the_name)
  File "/usr/lib/python3.13/unittest/mock.py", line 1168, in __call__
    self._increment_mock_call(*args, **kwargs)
  File "/usr/lib/python3.13/unittest/mock.py", line 1177, in _increment_mock_call
    self.call_count += 1
  File "/usr/lib/python3.13/unittest/mock.py", line 359, in _get
    return getattr(self, _the_name)
  File "/usr/lib/python3.13/unittest/mock.py", line 1168, in __call__
    self._increment_mock_call(*args, **kwargs)
  File "/usr/lib/python3.13/unittest/mock.py", line 1177, in _increment_mock_call
    self.call_count += 1
  File "/usr/lib/python3.13/unittest/mock.py", line 359, in _get
    return getattr(self, _the_name)
  File "/usr/lib/python3.13/unittest/mock.py", line 1168, in __call__
    self._increment_mock_call(*args, **kwargs)
  File "/usr/lib/python3.13/unittest/mock.py", line 1177, in _increment_mock_call
    self.call_count += 1
  File "/usr/lib/python3.13/unittest/mock.py", line 359, in _get
    return getattr(self, _the_name)
  File "/usr/lib/python3.13/unittest/mock.py", line 1168, in __call__
    self._increment_mock_call(*args, **kwargs)
  File "/usr/lib/python3.13/unittest/mock.py", line 1177, in _increment_mock_call
    self.call_count += 1
  File "/usr/lib/python3.13/unittest/mock.py", line 359, in _get
    return getattr(self, _the_name)
  File "/usr/lib/python3.13/unittest/mock.py", line 1168, in __call__
    self._increment_mock_call(*args, **kwargs)
  File "/usr/lib/python3.13/unittest/mock.py", line 1177, in _increment_mock_call
    self.call_count += 1
  File "/usr/lib/python3.13/unittest/mock.py", line 359, in _get
    return getattr(self, _the_name)
  File "/usr/lib/python3.13/unittest/mock.py", line 1168, in __call__
    self._increment_mock_call(*args, **kwargs)
  File "/usr/lib/python3.13/unittest/mock.py", line 1177, in _increment_mock_call
    self.call_count += 1
  File "/usr/lib/python3.13/unittest/mock.py", line 359, in _get
    return getattr(self, _the_name)
  File "/usr/lib/python3.13/unittest/mock.py", line 1168, in __call__
    self._increment_mock_call(*args, **kwargs)
  File "/usr/lib/python3.13/unittest/mock.py", line 1177, in _increment_mock_call
    self.call_count += 1
  File "/usr/lib/python3.13/unittest/mock.py", line 359, in _get
    return getattr(self, _the_name)
  File "/usr/lib/python3.13/unittest/mock.py", line 1168, in __call__
    self._increment_mock_call(*args, **kwargs)
  File "/usr/lib/python3.13/unittest/mock.py", line 1177, in _increment_mock_call
    self.call_count += 1
  File "/usr/lib/python3.13/unittest/mock.py", line 359, in _get
    return getattr(self, _the_name)
  File "/usr/lib/python3.13/unittest/mock.py", line 1168, in __call__
    self._increment_mock_call(*args, **kwargs)
  File "/usr/lib/python3.13/unittest/mock.py", line 1177, in _increment_mock_call
    self.call_count += 1
  File "/usr/lib/python3.13/unittest/mock.py", line 359, in _get
    return getattr(self, _the_name)
  File "/usr/lib/python3.13/unittest/mock.py", line 1168, in __call__
    self._increment_mock_call(*args, **kwargs)
  File "/usr/lib/python3.13/unittest/mock.py", line 1177, in _increment_mock_call
    self.call_count += 1
  File "/usr/lib/python3.13/unittest/mock.py", line 359, in _get
    return getattr(self, _the_name)
  File "/usr/lib/python3.13/unittest/mock.py", line 1168, in __call__
    self._increment_mock_call(*args, **kwargs)
  File "/usr/lib/python3.13/unittest/mock.py", line 1177, in _increment_mock_call
    self.call_count += 1
  File "/usr/lib/python3.13/unittest/mock.py", line 359, in _get
    return getattr(self, _the_name)
  File "/usr/lib/python3.13/unittest/mock.py", line 1168, in __call__
    self._increment_mock_call(*args, **kwargs)
  File "/usr/lib/python3.13/unittest/mock.py", line 1177, in _increment_mock_call
    self.call_count += 1
  File "/usr/lib/python3.13/unittest/mock.py", line 359, in _get
    return getattr(self, _the_name)
  File "/usr/lib/python3.13/unittest/mock.py", line 1168, in __call__
    self._increment_mock_call(*args, **kwargs)
  File "/usr/lib/python3.13/unittest/mock.py", line 1177, in _increment_mock_call
    self.call_count += 1
  File "/usr/lib/python3.13/unittest/mock.py", line 359, in _get
    return getattr(self, _the_name)
  File "/usr/lib/python3.13/unittest/mock.py", line 1168, in __call__
    self._increment_mock_call(*args, **kwargs)
  File "/usr/lib/python3.13/unittest/mock.py", line 1177, in _increment_mock_call
    self.call_count += 1
  File "/usr/lib/python3.13/unittest/mock.py", line 359, in _get
    return getattr(self, _the_name)
  File "/usr/lib/python3.13/unittest/mock.py", line 1168, in __call__
    self._increment_mock_call(*args, **kwargs)
  File "/usr/lib/python3.13/unittest/mock.py", line 1177, in _increment_mock_call
    self.call_count += 1
  File "/usr/lib/python3.13/unittest/mock.py", line 359, in _get
    return getattr(self, _the_name)
  File "/usr/lib/python3.13/unittest/mock.py", line 1168, in __call__
    self._increment_mock_call(*args, **kwargs)
  File "/usr/lib/python3.13/unittest/mock.py", line 1177, in _increment_mock_call
    self.call_count += 1
  File "/usr/lib/python3.13/unittest/mock.py", line 359, in _get
    return getattr(self, _the_name)
  File "/usr/lib/python3.13/unittest/mock.py", line 1168, in __call__
    self._increment_mock_call(*args, **kwargs)
  File "/usr/lib/python3.13/unittest/mock.py", line 1177, in _increment_mock_call
    self.call_count += 1
  File "/usr/lib/python3.13/unittest/mock.py", line 359, in _get
    return getattr(self, _the_name)
  File "/usr/lib/python3.13/unittest/mock.py", line 1168, in __call__
    self._increment_mock_call(*args, **kwargs)
  File "/usr/lib/python3.13/unittest/mock.py", line 1177, in _increment_mock_call
    self.call_count += 1
  File "/usr/lib/python3.13/unittest/mock.py", line 359, in _get
    return getattr(self, _the_name)
  File "/usr/lib/python3.13/unittest/mock.py", line 1168, in __call__
    self._increment_mock_call(*args, **kwargs)
  File "/usr/lib/python3.13/unittest/mock.py", line 1177, in _increment_mock_call
    self.call_count += 1
  File "/usr/lib/python3.13/unittest/mock.py", line 359, in _get
    return getattr(self, _the_name)
  File "/usr/lib/python3.13/unittest/mock.py", line 1168, in __call__
    self._increment_mock_call(*args, **kwargs)
  File "/usr/lib/python3.13/unittest/mock.py", line 1177, in _increment_mock_call
    self.call_count += 1
  File "/usr/lib/python3.13/unittest/mock.py", line 359, in _get
    return getattr(self, _the_name)
  File "/usr/lib/python3.13/unittest/mock.py", line 1168, in __call__
    self._increment_mock_call(*args, **kwargs)
  File "/usr/lib/python3.13/unittest/mock.py", line 1177, in _increment_mock_call
    self.call_count += 1
  File "/usr/lib/python3.13/unittest/mock.py", line 359, in _get
    return getattr(self, _the_name)
  File "/usr/lib/python3.13/unittest/mock.py", line 1168, in __call__
    self._increment_mock_call(*args, **kwargs)
  File "/usr/lib/python3.13/unittest/mock.py", line 1177, in _increment_mock_call
    self.call_count += 1
  File "/usr/lib/python3.13/unittest/mock.py", line 359, in _get
    return getattr(self, _the_name)
  File "/usr/lib/python3.13/unittest/mock.py", line 1168, in __call__
    self._increment_mock_call(*args, **kwargs)
  File "/usr/lib/python3.13/unittest/mock.py", line 1177, in _increment_mock_call
    self.call_count += 1
  File "/usr/lib/python3.13/unittest/mock.py", line 359, in _get
    return getattr(self, _the_name)
  File "/usr/lib/python3.13/unittest/mock.py", line 1168, in __call__
    self._increment_mock_call(*args, **kwargs)
  File "/usr/lib/python3.13/unittest/mock.py", line 1177, in _increment_mock_call
    self.call_count += 1
  File "/usr/lib/python3.13/unittest/mock.py", line 359, in _get
    return getattr(self, _the_name)
  File "/usr/lib/python3.13/unittest/mock.py", line 1168, in __call__
    self._increment_mock_call(*args, **kwargs)
  File "/usr/lib/python3.13/unittest/mock.py", line 1177, in _increment_mock_call
    self.call_count += 1
  File "/usr/lib/python3.13/unittest/mock.py", line 359, in _get
    return getattr(self, _the_name)
  File "/usr/lib/python3.13/unittest/mock.py", line 1168, in __call__
    self._increment_mock_call(*args, **kwargs)
  File "/usr/lib/python3.13/unittest/mock.py", line 1177, in _increment_mock_call
    self.call_count += 1
  File "/usr/lib/python3.13/unittest/mock.py", line 359, in _get
    return getattr(self, _the_name)
  File "/usr/lib/python3.13/unittest/mock.py", line 1168, in __call__
    self._increment_mock_call(*args, **kwargs)
  File "/usr/lib/python3.13/unittest/mock.py", line 1177, in _increment_mock_call
    self.call_count += 1
  File "/usr/lib/python3.13/unittest/mock.py", line 359, in _get
    return getattr(self, _the_name)
  File "/usr/lib/python3.13/unittest/mock.py", line 1168, in __call__
    self._increment_mock_call(*args, **kwargs)
  File "/usr/lib/python3.13/unittest/mock.py", line 1177, in _increment_mock_call
    self.call_count += 1
  File "/usr/lib/python3.13/unittest/mock.py", line 359, in _get
    return getattr(self, _the_name)
  File "/usr/lib/python3.13/unittest/mock.py", line 1168, in __call__
    self._increment_mock_call(*args, **kwargs)
  File "/usr/lib/python3.13/unittest/mock.py", line 1177, in _increment_mock_call
    self.call_count += 1
  File "/usr/lib/python3.13/unittest/mock.py", line 359, in _get
    return getattr(self, _the_name)
  File "/usr/lib/python3.13/unittest/mock.py", line 1168, in __call__
    self._increment_mock_call(*args, **kwargs)
  File "/usr/lib/python3.13/unittest/mock.py", line 1177, in _increment_mock_call
    self.call_count += 1
  File "/usr/lib/python3.13/unittest/mock.py", line 359, in _get
    return getattr(self, _the_name)
  File "/usr/lib/python3.13/unittest/mock.py", line 1168, in __call__
    self._increment_mock_call(*args, **kwargs)
  File "/usr/lib/python3.13/unittest/mock.py", line 1177, in _increment_mock_call
    self.call_count += 1
  File "/usr/lib/python3.13/unittest/mock.py", line 359, in _get
    return getattr(self, _the_name)
  File "/usr/lib/python3.13/unittest/mock.py", line 1168, in __call__
    self._increment_mock_call(*args, **kwargs)
  File "/usr/lib/python3.13/unittest/mock.py", line 1177, in _increment_mock_call
    self.call_count += 1
  File "/usr/lib/python3.13/unittest/mock.py", line 359, in _get
    return getattr(self, _the_name)
  File "/usr/lib/python3.13/unittest/mock.py", line 1168, in __call__
    self._increment_mock_call(*args, **kwargs)
  File "/usr/lib/python3.13/unittest/mock.py", line 1177, in _increment_mock_call
    self.call_count += 1
  File "/usr/lib/python3.13/unittest/mock.py", line 359, in _get
    return getattr(self, _the_name)
  File "/usr/lib/python3.13/unittest/mock.py", line 1168, in __call__
    self._increment_mock_call(*args, **kwargs)
  File "/usr/lib/python3.13/unittest/mock.py", line 1177, in _increment_mock_call
    self.call_count += 1
  File "/usr/lib/python3.13/unittest/mock.py", line 359, in _get
    return getattr(self, _the_name)
  File "/usr/lib/python3.13/unittest/mock.py", line 1168, in __call__
    self._increment_mock_call(*args, **kwargs)
  File "/usr/lib/python3.13/unittest/mock.py", line 1177, in _increment_mock_call
    self.call_count += 1
  File "/usr/lib/python3.13/unittest/mock.py", line 359, in _get
    return getattr(self, _the_name)
  File "/usr/lib/python3.13/unittest/mock.py", line 1168, in __call__
    self._increment_mock_call(*args, **kwargs)
  File "/usr/lib/python3.13/unittest/mock.py", line 1177, in _increment_mock_call
    self.call_count += 1
  File "/usr/lib/python3.13/unittest/mock.py", line 359, in _get
    return getattr(self, _the_name)
  File "/usr/lib/python3.13/unittest/mock.py", line 1168, in __call__
    self._increment_mock_call(*args, **kwargs)
  File "/usr/lib/python3.13/unittest/mock.py", line 1177, in _increment_mock_call
    self.call_count += 1
  File "/usr/lib/python3.13/unittest/mock.py", line 359, in _get
    return getattr(self, _the_name)
  File "/usr/lib/python3.13/unittest/mock.py", line 1168, in __call__
    self._increment_mock_call(*args, **kwargs)
  File "/usr/lib/python3.13/unittest/mock.py", line 1177, in _increment_mock_call
    self.call_count += 1
  File "/usr/lib/python3.13/unittest/mock.py", line 359, in _get
    return getattr(self, _the_name)
  File "/usr/lib/python3.13/unittest/mock.py", line 1168, in __call__
    self._increment_mock_call(*args, **kwargs)
  File "/usr/lib/python3.13/unittest/mock.py", line 1177, in _increment_mock_call
    self.call_count += 1
  File "/usr/lib/python3.13/unittest/mock.py", line 359, in _get
    return getattr(self, _the_name)
  File "/usr/lib/python3.13/unittest/mock.py", line 1168, in __call__
    self._increment_mock_call(*args, **kwargs)
  File "/usr/lib/python3.13/unittest/mock.py", line 1177, in _increment_mock_call
    self.call_count += 1
  File "/usr/lib/python3.13/unittest/mock.py", line 359, in _get
    return getattr(self, _the_name)
  File "/usr/lib/python3.13/unittest/mock.py", line 1168, in __call__
    self._increment_mock_call(*args, **kwargs)
  File "/usr/lib/python3.13/unittest/mock.py", line 1177, in _increment_mock_call
    self.call_count += 1
  File "/usr/lib/python3.13/unittest/mock.py", line 359, in _get
    return getattr(self, _the_name)
  File "/usr/lib/python3.13/unittest/mock.py", line 1168, in __call__
    self._increment_mock_call(*args, **kwargs)
  File "/usr/lib/python3.13/unittest/mock.py", line 1177, in _increment_mock_call
    self.call_count += 1
  File "/usr/lib/python3.13/unittest/mock.py", line 359, in _get
    return getattr(self, _the_name)
  File "/usr/lib/python3.13/unittest/mock.py", line 1168, in __call__
    self._increment_mock_call(*args, **kwargs)
  File "/usr/lib/python3.13/unittest/mock.py", line 1177, in _increment_mock_call
    self.call_count += 1
  File "/usr/lib/python3.13/unittest/mock.py", line 359, in _get
    return getattr(self, _the_name)
  File "/usr/lib/python3.13/unittest/mock.py", line 1168, in __call__
    self._increment_mock_call(*args, **kwargs)
  File "/usr/lib/python3.13/unittest/mock.py", line 1177, in _increment_mock_call
    self.call_count += 1
  File "/usr/lib/python3.13/unittest/mock.py", line 359, in _get
    return getattr(self, _the_name)
  File "/usr/lib/python3.13/unittest/mock.py", line 1168, in __call__
    self._increment_mock_call(*args, **kwargs)
  File "/usr/lib/python3.13/unittest/mock.py", line 1177, in _increment_mock_call
    self.call_count += 1
  File "/usr/lib/python3.13/unittest/mock.py", line 359, in _get
    return getattr(self, _the_name)
  File "/usr/lib/python3.13/unittest/mock.py", line 1168, in __call__
    self._increment_mock_call(*args, **kwargs)
  File "/usr/lib/python3.13/unittest/mock.py", line 1177, in _increment_mock_call
    self.call_count += 1
  File "/usr/lib/python3.13/unittest/mock.py", line 359, in _get
    return getattr(self, _the_name)
  File "/usr/lib/python3.13/unittest/mock.py", line 1168, in __call__
    self._increment_mock_call(*args, **kwargs)
  File "/usr/lib/python3.13/unittest/mock.py", line 1177, in _increment_mock_call
    self.call_count += 1
  File "/usr/lib/python3.13/unittest/mock.py", line 359, in _get
    return getattr(self, _the_name)
  File "/usr/lib/python3.13/unittest/mock.py", line 1168, in __call__
    self._increment_mock_call(*args, **kwargs)
  File "/usr/lib/python3.13/unittest/mock.py", line 1177, in _increment_mock_call
    self.call_count += 1
  File "/usr/lib/python3.13/unittest/mock.py", line 359, in _get
    return getattr(self, _the_name)
  File "/usr/lib/python3.13/unittest/mock.py", line 1168, in __call__
    self._increment_mock_call(*args, **kwargs)
  File "/usr/lib/python3.13/unittest/mock.py", line 1177, in _increment_mock_call
    self.call_count += 1
  File "/usr/lib/python3.13/unittest/mock.py", line 359, in _get
    return getattr(self, _the_name)
  File "/usr/lib/python3.13/unittest/mock.py", line 1168, in __call__
    self._increment_mock_call(*args, **kwargs)
  File "/usr/lib/python3.13/unittest/mock.py", line 1177, in _increment_mock_call
    self.call_count += 1
  File "/usr/lib/python3.13/unittest/mock.py", line 359, in _get
    return getattr(self, _the_name)
  File "/usr/lib/python3.13/unittest/mock.py", line 1168, in __call__
    self._increment_mock_call(*args, **kwargs)
  File "/usr/lib/python3.13/unittest/mock.py", line 1177, in _increment_mock_call
    self.call_count += 1
  File "/usr/lib/python3.13/unittest/mock.py", line 359, in _get
    return getattr(self, _the_name)
  File "/usr/lib/python3.13/unittest/mock.py", line 1168, in __call__
    self._increment_mock_call(*args, **kwargs)
  File "/usr/lib/python3.13/unittest/mock.py", line 1177, in _increment_mock_call
    self.call_count += 1
  File "/usr/lib/python3.13/unittest/mock.py", line 359, in _get
    return getattr(self, _the_name)
  File "/usr/lib/python3.13/unittest/mock.py", line 1168, in __call__
    self._increment_mock_call(*args, **kwargs)
  File "/usr/lib/python3.13/unittest/mock.py", line 1177, in _increment_mock_call
    self.call_count += 1
  File "/usr/lib/python3.13/unittest/mock.py", line 359, in _get
    return getattr(self, _the_name)
  File "/usr/lib/python3.13/unittest/mock.py", line 1168, in __call__
    self._increment_mock_call(*args, **kwargs)
  File "/usr/lib/python3.13/unittest/mock.py", line 1177, in _increment_mock_call
    self.call_count += 1
  File "/usr/lib/python3.13/unittest/mock.py", line 359, in _get
    return getattr(self, _the_name)
  File "/usr/lib/python3.13/unittest/mock.py", line 1168, in __call__
    self._increment_mock_call(*args, **kwargs)
  File "/usr/lib/python3.13/unittest/mock.py", line 1177, in _increment_mock_call
    self.call_count += 1
  File "/usr/lib/python3.13/unittest/mock.py", line 359, in _get
    return getattr(self, _the_name)
  File "/usr/lib/python3.13/unittest/mock.py", line 1168, in __call__
    self._increment_mock_call(*args, **kwargs)
  File "/usr/lib/python3.13/unittest/mock.py", line 1177, in _increment_mock_call
    self.call_count += 1
  File "/usr/lib/python3.13/unittest/mock.py", line 359, in _get
    return getattr(self, _the_name)
  File "/usr/lib/python3.13/unittest/mock.py", line 1168, in __call__
    self._increment_mock_call(*args, **kwargs)
  File "/usr/lib/python3.13/unittest/mock.py", line 1177, in _increment_mock_call
    self.call_count += 1
  File "/usr/lib/python3.13/unittest/mock.py", line 359, in _get
    return getattr(self, _the_name)
  File "/usr/lib/python3.13/unittest/mock.py", line 1168, in __call__
    self._increment_mock_call(*args, **kwargs)
  File "/usr/lib/python3.13/unittest/mock.py", line 1177, in _increment_mock_call
    self.call_count += 1
  File "/usr/lib/python3.13/unittest/mock.py", line 359, in _get
    return getattr(self, _the_name)
  File "/usr/lib/python3.13/unittest/mock.py", line 1168, in __call__
    self._increment_mock_call(*args, **kwargs)
  File "/usr/lib/python3.13/unittest/mock.py", line 1177, in _increment_mock_call
    self.call_count += 1
  File "/usr/lib/python3.13/unittest/mock.py", line 359, in _get
    return getattr(self, _the_name)
  File "/usr/lib/python3.13/unittest/mock.py", line 1168, in __call__
    self._increment_mock_call(*args, **kwargs)
  File "/usr/lib/python3.13/unittest/mock.py", line 1177, in _increment_mock_call
    self.call_count += 1
  File "/usr/lib/python3.13/unittest/mock.py", line 359, in _get
    return getattr(self, _the_name)
  File "/usr/lib/python3.13/unittest/mock.py", line 1168, in __call__
    self._increment_mock_call(*args, **kwargs)
  File "/usr/lib/python3.13/unittest/mock.py", line 1177, in _increment_mock_call
    self.call_count += 1
  File "/usr/lib/python3.13/unittest/mock.py", line 359, in _get
    return getattr(self, _the_name)
  File "/usr/lib/python3.13/unittest/mock.py", line 1168, in __call__
    self._increment_mock_call(*args, **kwargs)
  File "/usr/lib/python3.13/unittest/mock.py", line 1177, in _increment_mock_call
    self.call_count += 1
  File "/usr/lib/python3.13/unittest/mock.py", line 359, in _get
    return getattr(self, _the_name)
  File "/usr/lib/python3.13/unittest/mock.py", line 1168, in __call__
    self._increment_mock_call(*args, **kwargs)
  File "/usr/lib/python3.13/unittest/mock.py", line 1177, in _increment_mock_call
    self.call_count += 1
  File "/usr/lib/python3.13/unittest/mock.py", line 359, in _get
    return getattr(self, _the_name)
  File "/usr/lib/python3.13/unittest/mock.py", line 1167, in __call__
    self._mock_check_sig(*args, **kwargs)
RecursionError: maximum recursion depth exceeded

During handling of the above exception, another exception occurred:

Traceback (most recent call last):
  File "/home/demute/code/CyberDeltaEngine/.venv/lib/python3.13/site-packages/_pytest/config/__init__.py", line 175, in main
    ret: ExitCode | int = config.hook.pytest_cmdline_main(config=config)
  File "/home/demute/code/CyberDeltaEngine/.venv/lib/python3.13/site-packages/pluggy/_hooks.py", line 513, in __call__
    return self._hookexec(self.name, self._hookimpls.copy(), kwargs, firstresult)
  File "/home/demute/code/CyberDeltaEngine/.venv/lib/python3.13/site-packages/pluggy/_manager.py", line 120, in _hookexec
    return self._inner_hookexec(hook_name, methods, kwargs, firstresult)
  File "/home/demute/code/CyberDeltaEngine/.venv/lib/python3.13/site-packages/pluggy/_callers.py", line 139, in _multicall
    raise exception.with_traceback(exception.__traceback__)
  File "/home/demute/code/CyberDeltaEngine/.venv/lib/python3.13/site-packages/pluggy/_callers.py", line 103, in _multicall
    res = hook_impl.function(*args)
  File "/home/demute/code/CyberDeltaEngine/.venv/lib/python3.13/site-packages/_pytest/main.py", line 330, in pytest_cmdline_main
    return wrap_session(config, _main)
  File "/home/demute/code/CyberDeltaEngine/.venv/lib/python3.13/site-packages/_pytest/main.py", line 318, in wrap_session
    config.hook.pytest_sessionfinish(
  File "/home/demute/code/CyberDeltaEngine/.venv/lib/python3.13/site-packages/_pytest/config/compat.py", line 50, in __getattr__
    hook: pluggy.HookCaller = getattr(self._hook_relay, key)
  File "/usr/lib/python3.13/unittest/mock.py", line 1168, in __call__
    self._increment_mock_call(*args, **kwargs)
  File "/usr/lib/python3.13/unittest/mock.py", line 1177, in _increment_mock_call
    self.call_count += 1
  File "/usr/lib/python3.13/unittest/mock.py", line 359, in _get
    return getattr(self, _the_name)
  File "/usr/lib/python3.13/unittest/mock.py", line 1168, in __call__
    self._increment_mock_call(*args, **kwargs)
  File "/usr/lib/python3.13/unittest/mock.py", line 1177, in _increment_mock_call
    self.call_count += 1
  File "/usr/lib/python3.13/unittest/mock.py", line 359, in _get
    return getattr(self, _the_name)
  File "/usr/lib/python3.13/unittest/mock.py", line 1168, in __call__
    self._increment_mock_call(*args, **kwargs)
  File "/usr/lib/python3.13/unittest/mock.py", line 1177, in _increment_mock_call
    self.call_count += 1
  File "/usr/lib/python3.13/unittest/mock.py", line 359, in _get
    return getattr(self, _the_name)
  File "/usr/lib/python3.13/unittest/mock.py", line 1168, in __call__
    self._increment_mock_call(*args, **kwargs)
  File "/usr/lib/python3.13/unittest/mock.py", line 1177, in _increment_mock_call
    self.call_count += 1
  File "/usr/lib/python3.13/unittest/mock.py", line 359, in _get
    return getattr(self, _the_name)
  File "/usr/lib/python3.13/unittest/mock.py", line 1168, in __call__
    self._increment_mock_call(*args, **kwargs)
  File "/usr/lib/python3.13/unittest/mock.py", line 1177, in _increment_mock_call
    self.call_count += 1
  File "/usr/lib/python3.13/unittest/mock.py", line 359, in _get
    return getattr(self, _the_name)
  File "/usr/lib/python3.13/unittest/mock.py", line 1168, in __call__
    self._increment_mock_call(*args, **kwargs)
  File "/usr/lib/python3.13/unittest/mock.py", line 1177, in _increment_mock_call
    self.call_count += 1
  File "/usr/lib/python3.13/unittest/mock.py", line 359, in _get
    return getattr(self, _the_name)
  File "/usr/lib/python3.13/unittest/mock.py", line 1168, in __call__
    self._increment_mock_call(*args, **kwargs)
  File "/usr/lib/python3.13/unittest/mock.py", line 1177, in _increment_mock_call
    self.call_count += 1
  File "/usr/lib/python3.13/unittest/mock.py", line 359, in _get
    return getattr(self, _the_name)
  File "/usr/lib/python3.13/unittest/mock.py", line 1168, in __call__
    self._increment_mock_call(*args, **kwargs)
  File "/usr/lib/python3.13/unittest/mock.py", line 1177, in _increment_mock_call
    self.call_count += 1
  File "/usr/lib/python3.13/unittest/mock.py", line 359, in _get
    return getattr(self, _the_name)
  File "/usr/lib/python3.13/unittest/mock.py", line 1168, in __call__
    self._increment_mock_call(*args, **kwargs)
  File "/usr/lib/python3.13/unittest/mock.py", line 1177, in _increment_mock_call
    self.call_count += 1
  File "/usr/lib/python3.13/unittest/mock.py", line 359, in _get
    return getattr(self, _the_name)
  File "/usr/lib/python3.13/unittest/mock.py", line 1168, in __call__
    self._increment_mock_call(*args, **kwargs)
  File "/usr/lib/python3.13/unittest/mock.py", line 1177, in _increment_mock_call
    self.call_count += 1
  File "/usr/lib/python3.13/unittest/mock.py", line 359, in _get
    return getattr(self, _the_name)
  File "/usr/lib/python3.13/unittest/mock.py", line 1168, in __call__
    self._increment_mock_call(*args, **kwargs)
  File "/usr/lib/python3.13/unittest/mock.py", line 1177, in _increment_mock_call
    self.call_count += 1
  File "/usr/lib/python3.13/unittest/mock.py", line 359, in _get
    return getattr(self, _the_name)
  File "/usr/lib/python3.13/unittest/mock.py", line 1168, in __call__
    self._increment_mock_call(*args, **kwargs)
  File "/usr/lib/python3.13/unittest/mock.py", line 1177, in _increment_mock_call
    self.call_count += 1
  File "/usr/lib/python3.13/unittest/mock.py", line 359, in _get
    return getattr(self, _the_name)
  File "/usr/lib/python3.13/unittest/mock.py", line 1168, in __call__
    self._increment_mock_call(*args, **kwargs)
  File "/usr/lib/python3.13/unittest/mock.py", line 1177, in _increment_mock_call
    self.call_count += 1
  File "/usr/lib/python3.13/unittest/mock.py", line 359, in _get
    return getattr(self, _the_name)
  File "/usr/lib/python3.13/unittest/mock.py", line 1168, in __call__
    self._increment_mock_call(*args, **kwargs)
  File "/usr/lib/python3.13/unittest/mock.py", line 1177, in _increment_mock_call
    self.call_count += 1
  File "/usr/lib/python3.13/unittest/mock.py", line 359, in _get
    return getattr(self, _the_name)
  File "/usr/lib/python3.13/unittest/mock.py", line 1168, in __call__
    self._increment_mock_call(*args, **kwargs)
  File "/usr/lib/python3.13/unittest/mock.py", line 1177, in _increment_mock_call
    self.call_count += 1
  File "/usr/lib/python3.13/unittest/mock.py", line 359, in _get
    return getattr(self, _the_name)
  File "/usr/lib/python3.13/unittest/mock.py", line 1168, in __call__
    self._increment_mock_call(*args, **kwargs)
  File "/usr/lib/python3.13/unittest/mock.py", line 1177, in _increment_mock_call
    self.call_count += 1
  File "/usr/lib/python3.13/unittest/mock.py", line 359, in _get
    return getattr(self, _the_name)
  File "/usr/lib/python3.13/unittest/mock.py", line 1168, in __call__
    self._increment_mock_call(*args, **kwargs)
  File "/usr/lib/python3.13/unittest/mock.py", line 1177, in _increment_mock_call
    self.call_count += 1
  File "/usr/lib/python3.13/unittest/mock.py", line 359, in _get
    return getattr(self, _the_name)
  File "/usr/lib/python3.13/unittest/mock.py", line 1168, in __call__
    self._increment_mock_call(*args, **kwargs)
  File "/usr/lib/python3.13/unittest/mock.py", line 1177, in _increment_mock_call
    self.call_count += 1
  File "/usr/lib/python3.13/unittest/mock.py", line 359, in _get
    return getattr(self, _the_name)
  File "/usr/lib/python3.13/unittest/mock.py", line 1168, in __call__
    self._increment_mock_call(*args, **kwargs)
  File "/usr/lib/python3.13/unittest/mock.py", line 1177, in _increment_mock_call
    self.call_count += 1
  File "/usr/lib/python3.13/unittest/mock.py", line 359, in _get
    return getattr(self, _the_name)
  File "/usr/lib/python3.13/unittest/mock.py", line 1168, in __call__
    self._increment_mock_call(*args, **kwargs)
  File "/usr/lib/python3.13/unittest/mock.py", line 1177, in _increment_mock_call
    self.call_count += 1
  File "/usr/lib/python3.13/unittest/mock.py", line 359, in _get
    return getattr(self, _the_name)
  File "/usr/lib/python3.13/unittest/mock.py", line 1168, in __call__
    self._increment_mock_call(*args, **kwargs)
  File "/usr/lib/python3.13/unittest/mock.py", line 1177, in _increment_mock_call
    self.call_count += 1
  File "/usr/lib/python3.13/unittest/mock.py", line 359, in _get
    return getattr(self, _the_name)
  File "/usr/lib/python3.13/unittest/mock.py", line 1168, in __call__
    self._increment_mock_call(*args, **kwargs)
  File "/usr/lib/python3.13/unittest/mock.py", line 1177, in _increment_mock_call
    self.call_count += 1
  File "/usr/lib/python3.13/unittest/mock.py", line 359, in _get
    return getattr(self, _the_name)
  File "/usr/lib/python3.13/unittest/mock.py", line 1168, in __call__
    self._increment_mock_call(*args, **kwargs)
  File "/usr/lib/python3.13/unittest/mock.py", line 1177, in _increment_mock_call
    self.call_count += 1
  File "/usr/lib/python3.13/unittest/mock.py", line 359, in _get
    return getattr(self, _the_name)
  File "/usr/lib/python3.13/unittest/mock.py", line 1168, in __call__
    self._increment_mock_call(*args, **kwargs)
  File "/usr/lib/python3.13/unittest/mock.py", line 1177, in _increment_mock_call
    self.call_count += 1
  File "/usr/lib/python3.13/unittest/mock.py", line 359, in _get
    return getattr(self, _the_name)
  File "/usr/lib/python3.13/unittest/mock.py", line 1168, in __call__
    self._increment_mock_call(*args, **kwargs)
  File "/usr/lib/python3.13/unittest/mock.py", line 1177, in _increment_mock_call
    self.call_count += 1
  File "/usr/lib/python3.13/unittest/mock.py", line 359, in _get
    return getattr(self, _the_name)
  File "/usr/lib/python3.13/unittest/mock.py", line 1168, in __call__
    self._increment_mock_call(*args, **kwargs)
  File "/usr/lib/python3.13/unittest/mock.py", line 1177, in _increment_mock_call
    self.call_count += 1
  File "/usr/lib/python3.13/unittest/mock.py", line 359, in _get
    return getattr(self, _the_name)
  File "/usr/lib/python3.13/unittest/mock.py", line 1168, in __call__
    self._increment_mock_call(*args, **kwargs)
  File "/usr/lib/python3.13/unittest/mock.py", line 1177, in _increment_mock_call
    self.call_count += 1
  File "/usr/lib/python3.13/unittest/mock.py", line 359, in _get
    return getattr(self, _the_name)
  File "/usr/lib/python3.13/unittest/mock.py", line 1168, in __call__
    self._increment_mock_call(*args, **kwargs)
  File "/usr/lib/python3.13/unittest/mock.py", line 1177, in _increment_mock_call
    self.call_count += 1
  File "/usr/lib/python3.13/unittest/mock.py", line 359, in _get
    return getattr(self, _the_name)
  File "/usr/lib/python3.13/unittest/mock.py", line 1168, in __call__
    self._increment_mock_call(*args, **kwargs)
  File "/usr/lib/python3.13/unittest/mock.py", line 1177, in _increment_mock_call
    self.call_count += 1
  File "/usr/lib/python3.13/unittest/mock.py", line 359, in _get
    return getattr(self, _the_name)
  File "/usr/lib/python3.13/unittest/mock.py", line 1168, in __call__
    self._increment_mock_call(*args, **kwargs)
  File "/usr/lib/python3.13/unittest/mock.py", line 1177, in _increment_mock_call
    self.call_count += 1
  File "/usr/lib/python3.13/unittest/mock.py", line 359, in _get
    return getattr(self, _the_name)
  File "/usr/lib/python3.13/unittest/mock.py", line 1168, in __call__
    self._increment_mock_call(*args, **kwargs)
  File "/usr/lib/python3.13/unittest/mock.py", line 1177, in _increment_mock_call
    self.call_count += 1
  File "/usr/lib/python3.13/unittest/mock.py", line 359, in _get
    return getattr(self, _the_name)
  File "/usr/lib/python3.13/unittest/mock.py", line 1168, in __call__
    self._increment_mock_call(*args, **kwargs)
  File "/usr/lib/python3.13/unittest/mock.py", line 1177, in _increment_mock_call
    self.call_count += 1
  File "/usr/lib/python3.13/unittest/mock.py", line 359, in _get
    return getattr(self, _the_name)
  File "/usr/lib/python3.13/unittest/mock.py", line 1168, in __call__
    self._increment_mock_call(*args, **kwargs)
  File "/usr/lib/python3.13/unittest/mock.py", line 1177, in _increment_mock_call
    self.call_count += 1
  File "/usr/lib/python3.13/unittest/mock.py", line 359, in _get
    return getattr(self, _the_name)
  File "/usr/lib/python3.13/unittest/mock.py", line 1168, in __call__
    self._increment_mock_call(*args, **kwargs)
  File "/usr/lib/python3.13/unittest/mock.py", line 1177, in _increment_mock_call
    self.call_count += 1
  File "/usr/lib/python3.13/unittest/mock.py", line 359, in _get
    return getattr(self, _the_name)
  File "/usr/lib/python3.13/unittest/mock.py", line 1168, in __call__
    self._increment_mock_call(*args, **kwargs)
  File "/usr/lib/python3.13/unittest/mock.py", line 1177, in _increment_mock_call
    self.call_count += 1
  File "/usr/lib/python3.13/unittest/mock.py", line 359, in _get
    return getattr(self, _the_name)
  File "/usr/lib/python3.13/unittest/mock.py", line 1168, in __call__
    self._increment_mock_call(*args, **kwargs)
  File "/usr/lib/python3.13/unittest/mock.py", line 1177, in _increment_mock_call
    self.call_count += 1
  File "/usr/lib/python3.13/unittest/mock.py", line 359, in _get
    return getattr(self, _the_name)
  File "/usr/lib/python3.13/unittest/mock.py", line 1168, in __call__
    self._increment_mock_call(*args, **kwargs)
  File "/usr/lib/python3.13/unittest/mock.py", line 1177, in _increment_mock_call
    self.call_count += 1
  File "/usr/lib/python3.13/unittest/mock.py", line 359, in _get
    return getattr(self, _the_name)
  File "/usr/lib/python3.13/unittest/mock.py", line 1168, in __call__
    self._increment_mock_call(*args, **kwargs)
  File "/usr/lib/python3.13/unittest/mock.py", line 1177, in _increment_mock_call
    self.call_count += 1
  File "/usr/lib/python3.13/unittest/mock.py", line 359, in _get
    return getattr(self, _the_name)
  File "/usr/lib/python3.13/unittest/mock.py", line 1168, in __call__
    self._increment_mock_call(*args, **kwargs)
  File "/usr/lib/python3.13/unittest/mock.py", line 1177, in _increment_mock_call
    self.call_count += 1
  File "/usr/lib/python3.13/unittest/mock.py", line 359, in _get
    return getattr(self, _the_name)
  File "/usr/lib/python3.13/unittest/mock.py", line 1168, in __call__
    self._increment_mock_call(*args, **kwargs)
  File "/usr/lib/python3.13/unittest/mock.py", line 1177, in _increment_mock_call
    self.call_count += 1
  File "/usr/lib/python3.13/unittest/mock.py", line 359, in _get
    return getattr(self, _the_name)
  File "/usr/lib/python3.13/unittest/mock.py", line 1168, in __call__
    self._increment_mock_call(*args, **kwargs)
  File "/usr/lib/python3.13/unittest/mock.py", line 1177, in _increment_mock_call
    self.call_count += 1
  File "/usr/lib/python3.13/unittest/mock.py", line 359, in _get
    return getattr(self, _the_name)
  File "/usr/lib/python3.13/unittest/mock.py", line 1168, in __call__
    self._increment_mock_call(*args, **kwargs)
  File "/usr/lib/python3.13/unittest/mock.py", line 1177, in _increment_mock_call
    self.call_count += 1
  File "/usr/lib/python3.13/unittest/mock.py", line 359, in _get
    return getattr(self, _the_name)
  File "/usr/lib/python3.13/unittest/mock.py", line 1168, in __call__
    self._increment_mock_call(*args, **kwargs)
  File "/usr/lib/python3.13/unittest/mock.py", line 1177, in _increment_mock_call
    self.call_count += 1
  File "/usr/lib/python3.13/unittest/mock.py", line 359, in _get
    return getattr(self, _the_name)
  File "/usr/lib/python3.13/unittest/mock.py", line 1168, in __call__
    self._increment_mock_call(*args, **kwargs)
  File "/usr/lib/python3.13/unittest/mock.py", line 1177, in _increment_mock_call
    self.call_count += 1
  File "/usr/lib/python3.13/unittest/mock.py", line 359, in _get
    return getattr(self, _the_name)
  File "/usr/lib/python3.13/unittest/mock.py", line 1168, in __call__
    self._increment_mock_call(*args, **kwargs)
  File "/usr/lib/python3.13/unittest/mock.py", line 1177, in _increment_mock_call
    self.call_count += 1
  File "/usr/lib/python3.13/unittest/mock.py", line 359, in _get
    return getattr(self, _the_name)
  File "/usr/lib/python3.13/unittest/mock.py", line 1168, in __call__
    self._increment_mock_call(*args, **kwargs)
  File "/usr/lib/python3.13/unittest/mock.py", line 1177, in _increment_mock_call
    self.call_count += 1
  File "/usr/lib/python3.13/unittest/mock.py", line 359, in _get
    return getattr(self, _the_name)
  File "/usr/lib/python3.13/unittest/mock.py", line 1168, in __call__
    self._increment_mock_call(*args, **kwargs)
  File "/usr/lib/python3.13/unittest/mock.py", line 1177, in _increment_mock_call
    self.call_count += 1
  File "/usr/lib/python3.13/unittest/mock.py", line 359, in _get
    return getattr(self, _the_name)
  File "/usr/lib/python3.13/unittest/mock.py", line 1168, in __call__
    self._increment_mock_call(*args, **kwargs)
  File "/usr/lib/python3.13/unittest/mock.py", line 1177, in _increment_mock_call
    self.call_count += 1
  File "/usr/lib/python3.13/unittest/mock.py", line 359, in _get
    return getattr(self, _the_name)
  File "/usr/lib/python3.13/unittest/mock.py", line 1168, in __call__
    self._increment_mock_call(*args, **kwargs)
  File "/usr/lib/python3.13/unittest/mock.py", line 1177, in _increment_mock_call
    self.call_count += 1
  File "/usr/lib/python3.13/unittest/mock.py", line 359, in _get
    return getattr(self, _the_name)
  File "/usr/lib/python3.13/unittest/mock.py", line 1168, in __call__
    self._increment_mock_call(*args, **kwargs)
  File "/usr/lib/python3.13/unittest/mock.py", line 1177, in _increment_mock_call
    self.call_count += 1
  File "/usr/lib/python3.13/unittest/mock.py", line 359, in _get
    return getattr(self, _the_name)
  File "/usr/lib/python3.13/unittest/mock.py", line 1168, in __call__
    self._increment_mock_call(*args, **kwargs)
  File "/usr/lib/python3.13/unittest/mock.py", line 1177, in _increment_mock_call
    self.call_count += 1
  File "/usr/lib/python3.13/unittest/mock.py", line 359, in _get
    return getattr(self, _the_name)
  File "/usr/lib/python3.13/unittest/mock.py", line 1168, in __call__
    self._increment_mock_call(*args, **kwargs)
  File "/usr/lib/python3.13/unittest/mock.py", line 1177, in _increment_mock_call
    self.call_count += 1
  File "/usr/lib/python3.13/unittest/mock.py", line 359, in _get
    return getattr(self, _the_name)
  File "/usr/lib/python3.13/unittest/mock.py", line 1168, in __call__
    self._increment_mock_call(*args, **kwargs)
  File "/usr/lib/python3.13/unittest/mock.py", line 1177, in _increment_mock_call
    self.call_count += 1
  File "/usr/lib/python3.13/unittest/mock.py", line 359, in _get
    return getattr(self, _the_name)
  File "/usr/lib/python3.13/unittest/mock.py", line 1168, in __call__
    self._increment_mock_call(*args, **kwargs)
  File "/usr/lib/python3.13/unittest/mock.py", line 1177, in _increment_mock_call
    self.call_count += 1
  File "/usr/lib/python3.13/unittest/mock.py", line 359, in _get
    return getattr(self, _the_name)
  File "/usr/lib/python3.13/unittest/mock.py", line 1168, in __call__
    self._increment_mock_call(*args, **kwargs)
  File "/usr/lib/python3.13/unittest/mock.py", line 1177, in _increment_mock_call
    self.call_count += 1
  File "/usr/lib/python3.13/unittest/mock.py", line 359, in _get
    return getattr(self, _the_name)
  File "/usr/lib/python3.13/unittest/mock.py", line 1168, in __call__
    self._increment_mock_call(*args, **kwargs)
  File "/usr/lib/python3.13/unittest/mock.py", line 1177, in _increment_mock_call
    self.call_count += 1
  File "/usr/lib/python3.13/unittest/mock.py", line 359, in _get
    return getattr(self, _the_name)
  File "/usr/lib/python3.13/unittest/mock.py", line 1168, in __call__
    self._increment_mock_call(*args, **kwargs)
  File "/usr/lib/python3.13/unittest/mock.py", line 1177, in _increment_mock_call
    self.call_count += 1
  File "/usr/lib/python3.13/unittest/mock.py", line 359, in _get
    return getattr(self, _the_name)
  File "/usr/lib/python3.13/unittest/mock.py", line 1168, in __call__
    self._increment_mock_call(*args, **kwargs)
  File "/usr/lib/python3.13/unittest/mock.py", line 1177, in _increment_mock_call
    self.call_count += 1
  File "/usr/lib/python3.13/unittest/mock.py", line 359, in _get
    return getattr(self, _the_name)
  File "/usr/lib/python3.13/unittest/mock.py", line 1168, in __call__
    self._increment_mock_call(*args, **kwargs)
  File "/usr/lib/python3.13/unittest/mock.py", line 1177, in _increment_mock_call
    self.call_count += 1
  File "/usr/lib/python3.13/unittest/mock.py", line 359, in _get
    return getattr(self, _the_name)
  File "/usr/lib/python3.13/unittest/mock.py", line 1168, in __call__
    self._increment_mock_call(*args, **kwargs)
  File "/usr/lib/python3.13/unittest/mock.py", line 1177, in _increment_mock_call
    self.call_count += 1
  File "/usr/lib/python3.13/unittest/mock.py", line 359, in _get
    return getattr(self, _the_name)
  File "/usr/lib/python3.13/unittest/mock.py", line 1168, in __call__
    self._increment_mock_call(*args, **kwargs)
  File "/usr/lib/python3.13/unittest/mock.py", line 1177, in _increment_mock_call
    self.call_count += 1
  File "/usr/lib/python3.13/unittest/mock.py", line 359, in _get
    return getattr(self, _the_name)
  File "/usr/lib/python3.13/unittest/mock.py", line 1168, in __call__
    self._increment_mock_call(*args, **kwargs)
  File "/usr/lib/python3.13/unittest/mock.py", line 1177, in _increment_mock_call
    self.call_count += 1
  File "/usr/lib/python3.13/unittest/mock.py", line 359, in _get
    return getattr(self, _the_name)
  File "/usr/lib/python3.13/unittest/mock.py", line 1168, in __call__
    self._increment_mock_call(*args, **kwargs)
  File "/usr/lib/python3.13/unittest/mock.py", line 1177, in _increment_mock_call
    self.call_count += 1
  File "/usr/lib/python3.13/unittest/mock.py", line 359, in _get
    return getattr(self, _the_name)
  File "/usr/lib/python3.13/unittest/mock.py", line 1168, in __call__
    self._increment_mock_call(*args, **kwargs)
  File "/usr/lib/python3.13/unittest/mock.py", line 1177, in _increment_mock_call
    self.call_count += 1
  File "/usr/lib/python3.13/unittest/mock.py", line 359, in _get
    return getattr(self, _the_name)
  File "/usr/lib/python3.13/unittest/mock.py", line 1168, in __call__
    self._increment_mock_call(*args, **kwargs)
  File "/usr/lib/python3.13/unittest/mock.py", line 1177, in _increment_mock_call
    self.call_count += 1
  File "/usr/lib/python3.13/unittest/mock.py", line 359, in _get
    return getattr(self, _the_name)
  File "/usr/lib/python3.13/unittest/mock.py", line 1168, in __call__
    self._increment_mock_call(*args, **kwargs)
  File "/usr/lib/python3.13/unittest/mock.py", line 1177, in _increment_mock_call
    self.call_count += 1
  File "/usr/lib/python3.13/unittest/mock.py", line 359, in _get
    return getattr(self, _the_name)
  File "/usr/lib/python3.13/unittest/mock.py", line 1168, in __call__
    self._increment_mock_call(*args, **kwargs)
  File "/usr/lib/python3.13/unittest/mock.py", line 1177, in _increment_mock_call
    self.call_count += 1
  File "/usr/lib/python3.13/unittest/mock.py", line 359, in _get
    return getattr(self, _the_name)
  File "/usr/lib/python3.13/unittest/mock.py", line 1168, in __call__
    self._increment_mock_call(*args, **kwargs)
  File "/usr/lib/python3.13/unittest/mock.py", line 1177, in _increment_mock_call
    self.call_count += 1
  File "/usr/lib/python3.13/unittest/mock.py", line 359, in _get
    return getattr(self, _the_name)
  File "/usr/lib/python3.13/unittest/mock.py", line 1168, in __call__
    self._increment_mock_call(*args, **kwargs)
  File "/usr/lib/python3.13/unittest/mock.py", line 1177, in _increment_mock_call
    self.call_count += 1
  File "/usr/lib/python3.13/unittest/mock.py", line 359, in _get
    return getattr(self, _the_name)
  File "/usr/lib/python3.13/unittest/mock.py", line 1168, in __call__
    self._increment_mock_call(*args, **kwargs)
  File "/usr/lib/python3.13/unittest/mock.py", line 1177, in _increment_mock_call
    self.call_count += 1
  File "/usr/lib/python3.13/unittest/mock.py", line 359, in _get
    return getattr(self, _the_name)
  File "/usr/lib/python3.13/unittest/mock.py", line 1168, in __call__
    self._increment_mock_call(*args, **kwargs)
  File "/usr/lib/python3.13/unittest/mock.py", line 1177, in _increment_mock_call
    self.call_count += 1
  File "/usr/lib/python3.13/unittest/mock.py", line 359, in _get
    return getattr(self, _the_name)
  File "/usr/lib/python3.13/unittest/mock.py", line 1168, in __call__
    self._increment_mock_call(*args, **kwargs)
  File "/usr/lib/python3.13/unittest/mock.py", line 1177, in _increment_mock_call
    self.call_count += 1
  File "/usr/lib/python3.13/unittest/mock.py", line 359, in _get
    return getattr(self, _the_name)
  File "/usr/lib/python3.13/unittest/mock.py", line 1168, in __call__
    self._increment_mock_call(*args, **kwargs)
  File "/usr/lib/python3.13/unittest/mock.py", line 1177, in _increment_mock_call
    self.call_count += 1
  File "/usr/lib/python3.13/unittest/mock.py", line 359, in _get
    return getattr(self, _the_name)
  File "/usr/lib/python3.13/unittest/mock.py", line 1168, in __call__
    self._increment_mock_call(*args, **kwargs)
  File "/usr/lib/python3.13/unittest/mock.py", line 1177, in _increment_mock_call
    self.call_count += 1
  File "/usr/lib/python3.13/unittest/mock.py", line 359, in _get
    return getattr(self, _the_name)
  File "/usr/lib/python3.13/unittest/mock.py", line 1168, in __call__
    self._increment_mock_call(*args, **kwargs)
  File "/usr/lib/python3.13/unittest/mock.py", line 1177, in _increment_mock_call
    self.call_count += 1
  File "/usr/lib/python3.13/unittest/mock.py", line 359, in _get
    return getattr(self, _the_name)
  File "/usr/lib/python3.13/unittest/mock.py", line 1168, in __call__
    self._increment_mock_call(*args, **kwargs)
  File "/usr/lib/python3.13/unittest/mock.py", line 1177, in _increment_mock_call
    self.call_count += 1
  File "/usr/lib/python3.13/unittest/mock.py", line 359, in _get
    return getattr(self, _the_name)
  File "/usr/lib/python3.13/unittest/mock.py", line 1168, in __call__
    self._increment_mock_call(*args, **kwargs)
  File "/usr/lib/python3.13/unittest/mock.py", line 1177, in _increment_mock_call
    self.call_count += 1
  File "/usr/lib/python3.13/unittest/mock.py", line 359, in _get
    return getattr(self, _the_name)
  File "/usr/lib/python3.13/unittest/mock.py", line 1168, in __call__
    self._increment_mock_call(*args, **kwargs)
  File "/usr/lib/python3.13/unittest/mock.py", line 1177, in _increment_mock_call
    self.call_count += 1
  File "/usr/lib/python3.13/unittest/mock.py", line 359, in _get
    return getattr(self, _the_name)
  File "/usr/lib/python3.13/unittest/mock.py", line 1168, in __call__
    self._increment_mock_call(*args, **kwargs)
  File "/usr/lib/python3.13/unittest/mock.py", line 1177, in _increment_mock_call
    self.call_count += 1
  File "/usr/lib/python3.13/unittest/mock.py", line 359, in _get
    return getattr(self, _the_name)
  File "/usr/lib/python3.13/unittest/mock.py", line 1168, in __call__
    self._increment_mock_call(*args, **kwargs)
  File "/usr/lib/python3.13/unittest/mock.py", line 1177, in _increment_mock_call
    self.call_count += 1
  File "/usr/lib/python3.13/unittest/mock.py", line 359, in _get
    return getattr(self, _the_name)
  File "/usr/lib/python3.13/unittest/mock.py", line 1168, in __call__
    self._increment_mock_call(*args, **kwargs)
  File "/usr/lib/python3.13/unittest/mock.py", line 1177, in _increment_mock_call
    self.call_count += 1
  File "/usr/lib/python3.13/unittest/mock.py", line 359, in _get
    return getattr(self, _the_name)
  File "/usr/lib/python3.13/unittest/mock.py", line 1168, in __call__
    self._increment_mock_call(*args, **kwargs)
  File "/usr/lib/python3.13/unittest/mock.py", line 1177, in _increment_mock_call
    self.call_count += 1
  File "/usr/lib/python3.13/unittest/mock.py", line 359, in _get
    return getattr(self, _the_name)
  File "/usr/lib/python3.13/unittest/mock.py", line 1168, in __call__
    self._increment_mock_call(*args, **kwargs)
  File "/usr/lib/python3.13/unittest/mock.py", line 1177, in _increment_mock_call
    self.call_count += 1
  File "/usr/lib/python3.13/unittest/mock.py", line 359, in _get
    return getattr(self, _the_name)
  File "/usr/lib/python3.13/unittest/mock.py", line 1168, in __call__
    self._increment_mock_call(*args, **kwargs)
  File "/usr/lib/python3.13/unittest/mock.py", line 1177, in _increment_mock_call
    self.call_count += 1
  File "/usr/lib/python3.13/unittest/mock.py", line 359, in _get
    return getattr(self, _the_name)
  File "/usr/lib/python3.13/unittest/mock.py", line 1168, in __call__
    self._increment_mock_call(*args, **kwargs)
  File "/usr/lib/python3.13/unittest/mock.py", line 1177, in _increment_mock_call
    self.call_count += 1
  File "/usr/lib/python3.13/unittest/mock.py", line 359, in _get
    return getattr(self, _the_name)
  File "/usr/lib/python3.13/unittest/mock.py", line 1168, in __call__
    self._increment_mock_call(*args, **kwargs)
  File "/usr/lib/python3.13/unittest/mock.py", line 1177, in _increment_mock_call
    self.call_count += 1
  File "/usr/lib/python3.13/unittest/mock.py", line 359, in _get
    return getattr(self, _the_name)
  File "/usr/lib/python3.13/unittest/mock.py", line 1168, in __call__
    self._increment_mock_call(*args, **kwargs)
  File "/usr/lib/python3.13/unittest/mock.py", line 1177, in _increment_mock_call
    self.call_count += 1
  File "/usr/lib/python3.13/unittest/mock.py", line 359, in _get
    return getattr(self, _the_name)
  File "/usr/lib/python3.13/unittest/mock.py", line 1168, in __call__
    self._increment_mock_call(*args, **kwargs)
  File "/usr/lib/python3.13/unittest/mock.py", line 1177, in _increment_mock_call
    self.call_count += 1
  File "/usr/lib/python3.13/unittest/mock.py", line 359, in _get
    return getattr(self, _the_name)
  File "/usr/lib/python3.13/unittest/mock.py", line 1168, in __call__
    self._increment_mock_call(*args, **kwargs)
  File "/usr/lib/python3.13/unittest/mock.py", line 1177, in _increment_mock_call
    self.call_count += 1
  File "/usr/lib/python3.13/unittest/mock.py", line 359, in _get
    return getattr(self, _the_name)
  File "/usr/lib/python3.13/unittest/mock.py", line 1168, in __call__
    self._increment_mock_call(*args, **kwargs)
  File "/usr/lib/python3.13/unittest/mock.py", line 1177, in _increment_mock_call
    self.call_count += 1
  File "/usr/lib/python3.13/unittest/mock.py", line 359, in _get
    return getattr(self, _the_name)
  File "/usr/lib/python3.13/unittest/mock.py", line 1168, in __call__
    self._increment_mock_call(*args, **kwargs)
  File "/usr/lib/python3.13/unittest/mock.py", line 1177, in _increment_mock_call
    self.call_count += 1
  File "/usr/lib/python3.13/unittest/mock.py", line 359, in _get
    return getattr(self, _the_name)
  File "/usr/lib/python3.13/unittest/mock.py", line 1168, in __call__
    self._increment_mock_call(*args, **kwargs)
  File "/usr/lib/python3.13/unittest/mock.py", line 1177, in _increment_mock_call
    self.call_count += 1
  File "/usr/lib/python3.13/unittest/mock.py", line 359, in _get
    return getattr(self, _the_name)
  File "/usr/lib/python3.13/unittest/mock.py", line 1168, in __call__
    self._increment_mock_call(*args, **kwargs)
  File "/usr/lib/python3.13/unittest/mock.py", line 1177, in _increment_mock_call
    self.call_count += 1
  File "/usr/lib/python3.13/unittest/mock.py", line 359, in _get
    return getattr(self, _the_name)
  File "/usr/lib/python3.13/unittest/mock.py", line 1168, in __call__
    self._increment_mock_call(*args, **kwargs)
  File "/usr/lib/python3.13/unittest/mock.py", line 1177, in _increment_mock_call
    self.call_count += 1
  File "/usr/lib/python3.13/unittest/mock.py", line 359, in _get
    return getattr(self, _the_name)
  File "/usr/lib/python3.13/unittest/mock.py", line 1168, in __call__
    self._increment_mock_call(*args, **kwargs)
  File "/usr/lib/python3.13/unittest/mock.py", line 1177, in _increment_mock_call
    self.call_count += 1
  File "/usr/lib/python3.13/unittest/mock.py", line 359, in _get
    return getattr(self, _the_name)
  File "/usr/lib/python3.13/unittest/mock.py", line 1168, in __call__
    self._increment_mock_call(*args, **kwargs)
  File "/usr/lib/python3.13/unittest/mock.py", line 1177, in _increment_mock_call
    self.call_count += 1
  File "/usr/lib/python3.13/unittest/mock.py", line 359, in _get
    return getattr(self, _the_name)
  File "/usr/lib/python3.13/unittest/mock.py", line 1168, in __call__
    self._increment_mock_call(*args, **kwargs)
  File "/usr/lib/python3.13/unittest/mock.py", line 1177, in _increment_mock_call
    self.call_count += 1
  File "/usr/lib/python3.13/unittest/mock.py", line 359, in _get
    return getattr(self, _the_name)
  File "/usr/lib/python3.13/unittest/mock.py", line 1168, in __call__
    self._increment_mock_call(*args, **kwargs)
  File "/usr/lib/python3.13/unittest/mock.py", line 1177, in _increment_mock_call
    self.call_count += 1
  File "/usr/lib/python3.13/unittest/mock.py", line 359, in _get
    return getattr(self, _the_name)
  File "/usr/lib/python3.13/unittest/mock.py", line 1168, in __call__
    self._increment_mock_call(*args, **kwargs)
  File "/usr/lib/python3.13/unittest/mock.py", line 1177, in _increment_mock_call
    self.call_count += 1
  File "/usr/lib/python3.13/unittest/mock.py", line 359, in _get
    return getattr(self, _the_name)
  File "/usr/lib/python3.13/unittest/mock.py", line 1168, in __call__
    self._increment_mock_call(*args, **kwargs)
  File "/usr/lib/python3.13/unittest/mock.py", line 1177, in _increment_mock_call
    self.call_count += 1
  File "/usr/lib/python3.13/unittest/mock.py", line 359, in _get
    return getattr(self, _the_name)
  File "/usr/lib/python3.13/unittest/mock.py", line 1168, in __call__
    self._increment_mock_call(*args, **kwargs)
  File "/usr/lib/python3.13/unittest/mock.py", line 1177, in _increment_mock_call
    self.call_count += 1
  File "/usr/lib/python3.13/unittest/mock.py", line 359, in _get
    return getattr(self, _the_name)
  File "/usr/lib/python3.13/unittest/mock.py", line 1168, in __call__
    self._increment_mock_call(*args, **kwargs)
  File "/usr/lib/python3.13/unittest/mock.py", line 1177, in _increment_mock_call
    self.call_count += 1
  File "/usr/lib/python3.13/unittest/mock.py", line 359, in _get
    return getattr(self, _the_name)
  File "/usr/lib/python3.13/unittest/mock.py", line 1168, in __call__
    self._increment_mock_call(*args, **kwargs)
  File "/usr/lib/python3.13/unittest/mock.py", line 1177, in _increment_mock_call
    self.call_count += 1
  File "/usr/lib/python3.13/unittest/mock.py", line 359, in _get
    return getattr(self, _the_name)
  File "/usr/lib/python3.13/unittest/mock.py", line 1168, in __call__
    self._increment_mock_call(*args, **kwargs)
  File "/usr/lib/python3.13/unittest/mock.py", line 1177, in _increment_mock_call
    self.call_count += 1
  File "/usr/lib/python3.13/unittest/mock.py", line 359, in _get
    return getattr(self, _the_name)
  File "/usr/lib/python3.13/unittest/mock.py", line 1168, in __call__
    self._increment_mock_call(*args, **kwargs)
  File "/usr/lib/python3.13/unittest/mock.py", line 1177, in _increment_mock_call
    self.call_count += 1
  File "/usr/lib/python3.13/unittest/mock.py", line 359, in _get
    return getattr(self, _the_name)
  File "/usr/lib/python3.13/unittest/mock.py", line 1168, in __call__
    self._increment_mock_call(*args, **kwargs)
  File "/usr/lib/python3.13/unittest/mock.py", line 1177, in _increment_mock_call
    self.call_count += 1
  File "/usr/lib/python3.13/unittest/mock.py", line 359, in _get
    return getattr(self, _the_name)
  File "/usr/lib/python3.13/unittest/mock.py", line 1168, in __call__
    self._increment_mock_call(*args, **kwargs)
  File "/usr/lib/python3.13/unittest/mock.py", line 1177, in _increment_mock_call
    self.call_count += 1
  File "/usr/lib/python3.13/unittest/mock.py", line 359, in _get
    return getattr(self, _the_name)
  File "/usr/lib/python3.13/unittest/mock.py", line 1168, in __call__
    self._increment_mock_call(*args, **kwargs)
  File "/usr/lib/python3.13/unittest/mock.py", line 1177, in _increment_mock_call
    self.call_count += 1
  File "/usr/lib/python3.13/unittest/mock.py", line 359, in _get
    return getattr(self, _the_name)
  File "/usr/lib/python3.13/unittest/mock.py", line 1168, in __call__
    self._increment_mock_call(*args, **kwargs)
  File "/usr/lib/python3.13/unittest/mock.py", line 1177, in _increment_mock_call
    self.call_count += 1
  File "/usr/lib/python3.13/unittest/mock.py", line 359, in _get
    return getattr(self, _the_name)
  File "/usr/lib/python3.13/unittest/mock.py", line 1168, in __call__
    self._increment_mock_call(*args, **kwargs)
  File "/usr/lib/python3.13/unittest/mock.py", line 1177, in _increment_mock_call
    self.call_count += 1
  File "/usr/lib/python3.13/unittest/mock.py", line 359, in _get
    return getattr(self, _the_name)
  File "/usr/lib/python3.13/unittest/mock.py", line 1168, in __call__
    self._increment_mock_call(*args, **kwargs)
  File "/usr/lib/python3.13/unittest/mock.py", line 1177, in _increment_mock_call
    self.call_count += 1
  File "/usr/lib/python3.13/unittest/mock.py", line 359, in _get
    return getattr(self, _the_name)
  File "/usr/lib/python3.13/unittest/mock.py", line 1168, in __call__
    self._increment_mock_call(*args, **kwargs)
  File "/usr/lib/python3.13/unittest/mock.py", line 1177, in _increment_mock_call
    self.call_count += 1
  File "/usr/lib/python3.13/unittest/mock.py", line 359, in _get
    return getattr(self, _the_name)
  File "/usr/lib/python3.13/unittest/mock.py", line 1168, in __call__
    self._increment_mock_call(*args, **kwargs)
  File "/usr/lib/python3.13/unittest/mock.py", line 1177, in _increment_mock_call
    self.call_count += 1
  File "/usr/lib/python3.13/unittest/mock.py", line 359, in _get
    return getattr(self, _the_name)
  File "/usr/lib/python3.13/unittest/mock.py", line 1168, in __call__
    self._increment_mock_call(*args, **kwargs)
  File "/usr/lib/python3.13/unittest/mock.py", line 1177, in _increment_mock_call
    self.call_count += 1
  File "/usr/lib/python3.13/unittest/mock.py", line 359, in _get
    return getattr(self, _the_name)
  File "/usr/lib/python3.13/unittest/mock.py", line 1168, in __call__
    self._increment_mock_call(*args, **kwargs)
  File "/usr/lib/python3.13/unittest/mock.py", line 1177, in _increment_mock_call
    self.call_count += 1
  File "/usr/lib/python3.13/unittest/mock.py", line 359, in _get
    return getattr(self, _the_name)
  File "/usr/lib/python3.13/unittest/mock.py", line 1168, in __call__
    self._increment_mock_call(*args, **kwargs)
  File "/usr/lib/python3.13/unittest/mock.py", line 1177, in _increment_mock_call
    self.call_count += 1
  File "/usr/lib/python3.13/unittest/mock.py", line 359, in _get
    return getattr(self, _the_name)
  File "/usr/lib/python3.13/unittest/mock.py", line 1168, in __call__
    self._increment_mock_call(*args, **kwargs)
  File "/usr/lib/python3.13/unittest/mock.py", line 1177, in _increment_mock_call
    self.call_count += 1
  File "/usr/lib/python3.13/unittest/mock.py", line 359, in _get
    return getattr(self, _the_name)
  File "/usr/lib/python3.13/unittest/mock.py", line 1168, in __call__
    self._increment_mock_call(*args, **kwargs)
  File "/usr/lib/python3.13/unittest/mock.py", line 1177, in _increment_mock_call
    self.call_count += 1
  File "/usr/lib/python3.13/unittest/mock.py", line 359, in _get
    return getattr(self, _the_name)
  File "/usr/lib/python3.13/unittest/mock.py", line 1168, in __call__
    self._increment_mock_call(*args, **kwargs)
  File "/usr/lib/python3.13/unittest/mock.py", line 1177, in _increment_mock_call
    self.call_count += 1
  File "/usr/lib/python3.13/unittest/mock.py", line 359, in _get
    return getattr(self, _the_name)
  File "/usr/lib/python3.13/unittest/mock.py", line 1168, in __call__
    self._increment_mock_call(*args, **kwargs)
  File "/usr/lib/python3.13/unittest/mock.py", line 1177, in _increment_mock_call
    self.call_count += 1
  File "/usr/lib/python3.13/unittest/mock.py", line 359, in _get
    return getattr(self, _the_name)
  File "/usr/lib/python3.13/unittest/mock.py", line 1168, in __call__
    self._increment_mock_call(*args, **kwargs)
  File "/usr/lib/python3.13/unittest/mock.py", line 1177, in _increment_mock_call
    self.call_count += 1
  File "/usr/lib/python3.13/unittest/mock.py", line 359, in _get
    return getattr(self, _the_name)
  File "/usr/lib/python3.13/unittest/mock.py", line 1168, in __call__
    self._increment_mock_call(*args, **kwargs)
  File "/usr/lib/python3.13/unittest/mock.py", line 1177, in _increment_mock_call
    self.call_count += 1
  File "/usr/lib/python3.13/unittest/mock.py", line 359, in _get
    return getattr(self, _the_name)
  File "/usr/lib/python3.13/unittest/mock.py", line 1168, in __call__
    self._increment_mock_call(*args, **kwargs)
  File "/usr/lib/python3.13/unittest/mock.py", line 1177, in _increment_mock_call
    self.call_count += 1
  File "/usr/lib/python3.13/unittest/mock.py", line 359, in _get
    return getattr(self, _the_name)
  File "/usr/lib/python3.13/unittest/mock.py", line 1168, in __call__
    self._increment_mock_call(*args, **kwargs)
  File "/usr/lib/python3.13/unittest/mock.py", line 1177, in _increment_mock_call
    self.call_count += 1
  File "/usr/lib/python3.13/unittest/mock.py", line 359, in _get
    return getattr(self, _the_name)
  File "/usr/lib/python3.13/unittest/mock.py", line 1168, in __call__
    self._increment_mock_call(*args, **kwargs)
  File "/usr/lib/python3.13/unittest/mock.py", line 1177, in _increment_mock_call
    self.call_count += 1
  File "/usr/lib/python3.13/unittest/mock.py", line 359, in _get
    return getattr(self, _the_name)
  File "/usr/lib/python3.13/unittest/mock.py", line 1168, in __call__
    self._increment_mock_call(*args, **kwargs)
  File "/usr/lib/python3.13/unittest/mock.py", line 1177, in _increment_mock_call
    self.call_count += 1
  File "/usr/lib/python3.13/unittest/mock.py", line 359, in _get
    return getattr(self, _the_name)
  File "/usr/lib/python3.13/unittest/mock.py", line 1168, in __call__
    self._increment_mock_call(*args, **kwargs)
  File "/usr/lib/python3.13/unittest/mock.py", line 1177, in _increment_mock_call
    self.call_count += 1
  File "/usr/lib/python3.13/unittest/mock.py", line 359, in _get
    return getattr(self, _the_name)
  File "/usr/lib/python3.13/unittest/mock.py", line 1168, in __call__
    self._increment_mock_call(*args, **kwargs)
  File "/usr/lib/python3.13/unittest/mock.py", line 1177, in _increment_mock_call
    self.call_count += 1
  File "/usr/lib/python3.13/unittest/mock.py", line 359, in _get
    return getattr(self, _the_name)
  File "/usr/lib/python3.13/unittest/mock.py", line 1168, in __call__
    self._increment_mock_call(*args, **kwargs)
  File "/usr/lib/python3.13/unittest/mock.py", line 1177, in _increment_mock_call
    self.call_count += 1
  File "/usr/lib/python3.13/unittest/mock.py", line 359, in _get
    return getattr(self, _the_name)
  File "/usr/lib/python3.13/unittest/mock.py", line 1168, in __call__
    self._increment_mock_call(*args, **kwargs)
  File "/usr/lib/python3.13/unittest/mock.py", line 1177, in _increment_mock_call
    self.call_count += 1
  File "/usr/lib/python3.13/unittest/mock.py", line 359, in _get
    return getattr(self, _the_name)
  File "/usr/lib/python3.13/unittest/mock.py", line 1168, in __call__
    self._increment_mock_call(*args, **kwargs)
  File "/usr/lib/python3.13/unittest/mock.py", line 1177, in _increment_mock_call
    self.call_count += 1
  File "/usr/lib/python3.13/unittest/mock.py", line 359, in _get
    return getattr(self, _the_name)
  File "/usr/lib/python3.13/unittest/mock.py", line 1168, in __call__
    self._increment_mock_call(*args, **kwargs)
  File "/usr/lib/python3.13/unittest/mock.py", line 1177, in _increment_mock_call
    self.call_count += 1
  File "/usr/lib/python3.13/unittest/mock.py", line 359, in _get
    return getattr(self, _the_name)
  File "/usr/lib/python3.13/unittest/mock.py", line 1168, in __call__
    self._increment_mock_call(*args, **kwargs)
  File "/usr/lib/python3.13/unittest/mock.py", line 1177, in _increment_mock_call
    self.call_count += 1
  File "/usr/lib/python3.13/unittest/mock.py", line 359, in _get
    return getattr(self, _the_name)
  File "/usr/lib/python3.13/unittest/mock.py", line 1168, in __call__
    self._increment_mock_call(*args, **kwargs)
  File "/usr/lib/python3.13/unittest/mock.py", line 1177, in _increment_mock_call
    self.call_count += 1
  File "/usr/lib/python3.13/unittest/mock.py", line 359, in _get
    return getattr(self, _the_name)
  File "/usr/lib/python3.13/unittest/mock.py", line 1168, in __call__
    self._increment_mock_call(*args, **kwargs)
  File "/usr/lib/python3.13/unittest/mock.py", line 1177, in _increment_mock_call
    self.call_count += 1
  File "/usr/lib/python3.13/unittest/mock.py", line 359, in _get
    return getattr(self, _the_name)
  File "/usr/lib/python3.13/unittest/mock.py", line 1168, in __call__
    self._increment_mock_call(*args, **kwargs)
  File "/usr/lib/python3.13/unittest/mock.py", line 1177, in _increment_mock_call
    self.call_count += 1
  File "/usr/lib/python3.13/unittest/mock.py", line 359, in _get
    return getattr(self, _the_name)
  File "/usr/lib/python3.13/unittest/mock.py", line 1168, in __call__
    self._increment_mock_call(*args, **kwargs)
  File "/usr/lib/python3.13/unittest/mock.py", line 1177, in _increment_mock_call
    self.call_count += 1
  File "/usr/lib/python3.13/unittest/mock.py", line 359, in _get
    return getattr(self, _the_name)
  File "/usr/lib/python3.13/unittest/mock.py", line 1168, in __call__
    self._increment_mock_call(*args, **kwargs)
  File "/usr/lib/python3.13/unittest/mock.py", line 1177, in _increment_mock_call
    self.call_count += 1
  File "/usr/lib/python3.13/unittest/mock.py", line 359, in _get
    return getattr(self, _the_name)
  File "/usr/lib/python3.13/unittest/mock.py", line 1168, in __call__
    self._increment_mock_call(*args, **kwargs)
  File "/usr/lib/python3.13/unittest/mock.py", line 1177, in _increment_mock_call
    self.call_count += 1
  File "/usr/lib/python3.13/unittest/mock.py", line 359, in _get
    return getattr(self, _the_name)
  File "/usr/lib/python3.13/unittest/mock.py", line 1168, in __call__
    self._increment_mock_call(*args, **kwargs)
  File "/usr/lib/python3.13/unittest/mock.py", line 1177, in _increment_mock_call
    self.call_count += 1
  File "/usr/lib/python3.13/unittest/mock.py", line 359, in _get
    return getattr(self, _the_name)
  File "/usr/lib/python3.13/unittest/mock.py", line 1168, in __call__
    self._increment_mock_call(*args, **kwargs)
  File "/usr/lib/python3.13/unittest/mock.py", line 1177, in _increment_mock_call
    self.call_count += 1
  File "/usr/lib/python3.13/unittest/mock.py", line 359, in _get
    return getattr(self, _the_name)
  File "/usr/lib/python3.13/unittest/mock.py", line 1168, in __call__
    self._increment_mock_call(*args, **kwargs)
  File "/usr/lib/python3.13/unittest/mock.py", line 1177, in _increment_mock_call
    self.call_count += 1
  File "/usr/lib/python3.13/unittest/mock.py", line 359, in _get
    return getattr(self, _the_name)
  File "/usr/lib/python3.13/unittest/mock.py", line 1168, in __call__
    self._increment_mock_call(*args, **kwargs)
  File "/usr/lib/python3.13/unittest/mock.py", line 1177, in _increment_mock_call
    self.call_count += 1
  File "/usr/lib/python3.13/unittest/mock.py", line 359, in _get
    return getattr(self, _the_name)
  File "/usr/lib/python3.13/unittest/mock.py", line 1168, in __call__
    self._increment_mock_call(*args, **kwargs)
  File "/usr/lib/python3.13/unittest/mock.py", line 1177, in _increment_mock_call
    self.call_count += 1
  File "/usr/lib/python3.13/unittest/mock.py", line 359, in _get
    return getattr(self, _the_name)
  File "/usr/lib/python3.13/unittest/mock.py", line 1168, in __call__
    self._increment_mock_call(*args, **kwargs)
  File "/usr/lib/python3.13/unittest/mock.py", line 1177, in _increment_mock_call
    self.call_count += 1
  File "/usr/lib/python3.13/unittest/mock.py", line 359, in _get
    return getattr(self, _the_name)
  File "/usr/lib/python3.13/unittest/mock.py", line 1168, in __call__
    self._increment_mock_call(*args, **kwargs)
  File "/usr/lib/python3.13/unittest/mock.py", line 1177, in _increment_mock_call
    self.call_count += 1
  File "/usr/lib/python3.13/unittest/mock.py", line 359, in _get
    return getattr(self, _the_name)
  File "/usr/lib/python3.13/unittest/mock.py", line 1168, in __call__
    self._increment_mock_call(*args, **kwargs)
  File "/usr/lib/python3.13/unittest/mock.py", line 1177, in _increment_mock_call
    self.call_count += 1
  File "/usr/lib/python3.13/unittest/mock.py", line 359, in _get
    return getattr(self, _the_name)
  File "/usr/lib/python3.13/unittest/mock.py", line 1168, in __call__
    self._increment_mock_call(*args, **kwargs)
  File "/usr/lib/python3.13/unittest/mock.py", line 1177, in _increment_mock_call
    self.call_count += 1
  File "/usr/lib/python3.13/unittest/mock.py", line 359, in _get
    return getattr(self, _the_name)
  File "/usr/lib/python3.13/unittest/mock.py", line 1168, in __call__
    self._increment_mock_call(*args, **kwargs)
  File "/usr/lib/python3.13/unittest/mock.py", line 1177, in _increment_mock_call
    self.call_count += 1
  File "/usr/lib/python3.13/unittest/mock.py", line 359, in _get
    return getattr(self, _the_name)
  File "/usr/lib/python3.13/unittest/mock.py", line 1168, in __call__
    self._increment_mock_call(*args, **kwargs)
  File "/usr/lib/python3.13/unittest/mock.py", line 1177, in _increment_mock_call
    self.call_count += 1
  File "/usr/lib/python3.13/unittest/mock.py", line 359, in _get
    return getattr(self, _the_name)
  File "/usr/lib/python3.13/unittest/mock.py", line 1168, in __call__
    self._increment_mock_call(*args, **kwargs)
  File "/usr/lib/python3.13/unittest/mock.py", line 1177, in _increment_mock_call
    self.call_count += 1
  File "/usr/lib/python3.13/unittest/mock.py", line 359, in _get
    return getattr(self, _the_name)
  File "/usr/lib/python3.13/unittest/mock.py", line 1168, in __call__
    self._increment_mock_call(*args, **kwargs)
  File "/usr/lib/python3.13/unittest/mock.py", line 1177, in _increment_mock_call
    self.call_count += 1
  File "/usr/lib/python3.13/unittest/mock.py", line 359, in _get
    return getattr(self, _the_name)
  File "/usr/lib/python3.13/unittest/mock.py", line 1168, in __call__
    self._increment_mock_call(*args, **kwargs)
  File "/usr/lib/python3.13/unittest/mock.py", line 1177, in _increment_mock_call
    self.call_count += 1
  File "/usr/lib/python3.13/unittest/mock.py", line 359, in _get
    return getattr(self, _the_name)
  File "/usr/lib/python3.13/unittest/mock.py", line 1168, in __call__
    self._increment_mock_call(*args, **kwargs)
  File "/usr/lib/python3.13/unittest/mock.py", line 1177, in _increment_mock_call
    self.call_count += 1
  File "/usr/lib/python3.13/unittest/mock.py", line 359, in _get
    return getattr(self, _the_name)
  File "/usr/lib/python3.13/unittest/mock.py", line 1168, in __call__
    self._increment_mock_call(*args, **kwargs)
  File "/usr/lib/python3.13/unittest/mock.py", line 1177, in _increment_mock_call
    self.call_count += 1
  File "/usr/lib/python3.13/unittest/mock.py", line 359, in _get
    return getattr(self, _the_name)
  File "/usr/lib/python3.13/unittest/mock.py", line 1168, in __call__
    self._increment_mock_call(*args, **kwargs)
  File "/usr/lib/python3.13/unittest/mock.py", line 1177, in _increment_mock_call
    self.call_count += 1
  File "/usr/lib/python3.13/unittest/mock.py", line 359, in _get
    return getattr(self, _the_name)
  File "/usr/lib/python3.13/unittest/mock.py", line 1168, in __call__
    self._increment_mock_call(*args, **kwargs)
  File "/usr/lib/python3.13/unittest/mock.py", line 1177, in _increment_mock_call
    self.call_count += 1
  File "/usr/lib/python3.13/unittest/mock.py", line 359, in _get
    return getattr(self, _the_name)
  File "/usr/lib/python3.13/unittest/mock.py", line 1168, in __call__
    self._increment_mock_call(*args, **kwargs)
  File "/usr/lib/python3.13/unittest/mock.py", line 1177, in _increment_mock_call
    self.call_count += 1
  File "/usr/lib/python3.13/unittest/mock.py", line 359, in _get
    return getattr(self, _the_name)
  File "/usr/lib/python3.13/unittest/mock.py", line 1168, in __call__
    self._increment_mock_call(*args, **kwargs)
  File "/usr/lib/python3.13/unittest/mock.py", line 1177, in _increment_mock_call
    self.call_count += 1
  File "/usr/lib/python3.13/unittest/mock.py", line 359, in _get
    return getattr(self, _the_name)
  File "/usr/lib/python3.13/unittest/mock.py", line 1168, in __call__
    self._increment_mock_call(*args, **kwargs)
  File "/usr/lib/python3.13/unittest/mock.py", line 1177, in _increment_mock_call
    self.call_count += 1
  File "/usr/lib/python3.13/unittest/mock.py", line 359, in _get
    return getattr(self, _the_name)
  File "/usr/lib/python3.13/unittest/mock.py", line 1168, in __call__
    self._increment_mock_call(*args, **kwargs)
  File "/usr/lib/python3.13/unittest/mock.py", line 1177, in _increment_mock_call
    self.call_count += 1
  File "/usr/lib/python3.13/unittest/mock.py", line 359, in _get
    return getattr(self, _the_name)
  File "/usr/lib/python3.13/unittest/mock.py", line 1168, in __call__
    self._increment_mock_call(*args, **kwargs)
  File "/usr/lib/python3.13/unittest/mock.py", line 1177, in _increment_mock_call
    self.call_count += 1
  File "/usr/lib/python3.13/unittest/mock.py", line 359, in _get
    return getattr(self, _the_name)
  File "/usr/lib/python3.13/unittest/mock.py", line 1168, in __call__
    self._increment_mock_call(*args, **kwargs)
  File "/usr/lib/python3.13/unittest/mock.py", line 1177, in _increment_mock_call
    self.call_count += 1
  File "/usr/lib/python3.13/unittest/mock.py", line 359, in _get
    return getattr(self, _the_name)
  File "/usr/lib/python3.13/unittest/mock.py", line 1168, in __call__
    self._increment_mock_call(*args, **kwargs)
  File "/usr/lib/python3.13/unittest/mock.py", line 1177, in _increment_mock_call
    self.call_count += 1
  File "/usr/lib/python3.13/unittest/mock.py", line 359, in _get
    return getattr(self, _the_name)
  File "/usr/lib/python3.13/unittest/mock.py", line 1168, in __call__
    self._increment_mock_call(*args, **kwargs)
  File "/usr/lib/python3.13/unittest/mock.py", line 1177, in _increment_mock_call
    self.call_count += 1
  File "/usr/lib/python3.13/unittest/mock.py", line 359, in _get
    return getattr(self, _the_name)
  File "/usr/lib/python3.13/unittest/mock.py", line 1168, in __call__
    self._increment_mock_call(*args, **kwargs)
  File "/usr/lib/python3.13/unittest/mock.py", line 1177, in _increment_mock_call
    self.call_count += 1
  File "/usr/lib/python3.13/unittest/mock.py", line 359, in _get
    return getattr(self, _the_name)
  File "/usr/lib/python3.13/unittest/mock.py", line 1168, in __call__
    self._increment_mock_call(*args, **kwargs)
  File "/usr/lib/python3.13/unittest/mock.py", line 1177, in _increment_mock_call
    self.call_count += 1
  File "/usr/lib/python3.13/unittest/mock.py", line 359, in _get
    return getattr(self, _the_name)
  File "/usr/lib/python3.13/unittest/mock.py", line 1168, in __call__
    self._increment_mock_call(*args, **kwargs)
  File "/usr/lib/python3.13/unittest/mock.py", line 1177, in _increment_mock_call
    self.call_count += 1
  File "/usr/lib/python3.13/unittest/mock.py", line 359, in _get
    return getattr(self, _the_name)
  File "/usr/lib/python3.13/unittest/mock.py", line 1168, in __call__
    self._increment_mock_call(*args, **kwargs)
  File "/usr/lib/python3.13/unittest/mock.py", line 1177, in _increment_mock_call
    self.call_count += 1
  File "/usr/lib/python3.13/unittest/mock.py", line 359, in _get
    return getattr(self, _the_name)
  File "/usr/lib/python3.13/unittest/mock.py", line 1168, in __call__
    self._increment_mock_call(*args, **kwargs)
  File "/usr/lib/python3.13/unittest/mock.py", line 1177, in _increment_mock_call
    self.call_count += 1
  File "/usr/lib/python3.13/unittest/mock.py", line 359, in _get
    return getattr(self, _the_name)
  File "/usr/lib/python3.13/unittest/mock.py", line 1168, in __call__
    self._increment_mock_call(*args, **kwargs)
  File "/usr/lib/python3.13/unittest/mock.py", line 1177, in _increment_mock_call
    self.call_count += 1
  File "/usr/lib/python3.13/unittest/mock.py", line 359, in _get
    return getattr(self, _the_name)
  File "/usr/lib/python3.13/unittest/mock.py", line 1168, in __call__
    self._increment_mock_call(*args, **kwargs)
  File "/usr/lib/python3.13/unittest/mock.py", line 1177, in _increment_mock_call
    self.call_count += 1
  File "/usr/lib/python3.13/unittest/mock.py", line 359, in _get
    return getattr(self, _the_name)
  File "/usr/lib/python3.13/unittest/mock.py", line 1168, in __call__
    self._increment_mock_call(*args, **kwargs)
  File "/usr/lib/python3.13/unittest/mock.py", line 1177, in _increment_mock_call
    self.call_count += 1
  File "/usr/lib/python3.13/unittest/mock.py", line 359, in _get
    return getattr(self, _the_name)
  File "/usr/lib/python3.13/unittest/mock.py", line 1168, in __call__
    self._increment_mock_call(*args, **kwargs)
  File "/usr/lib/python3.13/unittest/mock.py", line 1177, in _increment_mock_call
    self.call_count += 1
  File "/usr/lib/python3.13/unittest/mock.py", line 359, in _get
    return getattr(self, _the_name)
  File "/usr/lib/python3.13/unittest/mock.py", line 1168, in __call__
    self._increment_mock_call(*args, **kwargs)
  File "/usr/lib/python3.13/unittest/mock.py", line 1177, in _increment_mock_call
    self.call_count += 1
  File "/usr/lib/python3.13/unittest/mock.py", line 359, in _get
    return getattr(self, _the_name)
  File "/usr/lib/python3.13/unittest/mock.py", line 1168, in __call__
    self._increment_mock_call(*args, **kwargs)
  File "/usr/lib/python3.13/unittest/mock.py", line 1177, in _increment_mock_call
    self.call_count += 1
  File "/usr/lib/python3.13/unittest/mock.py", line 359, in _get
    return getattr(self, _the_name)
  File "/usr/lib/python3.13/unittest/mock.py", line 1168, in __call__
    self._increment_mock_call(*args, **kwargs)
  File "/usr/lib/python3.13/unittest/mock.py", line 1177, in _increment_mock_call
    self.call_count += 1
  File "/usr/lib/python3.13/unittest/mock.py", line 359, in _get
    return getattr(self, _the_name)
  File "/usr/lib/python3.13/unittest/mock.py", line 1168, in __call__
    self._increment_mock_call(*args, **kwargs)
  File "/usr/lib/python3.13/unittest/mock.py", line 1177, in _increment_mock_call
    self.call_count += 1
  File "/usr/lib/python3.13/unittest/mock.py", line 359, in _get
    return getattr(self, _the_name)
  File "/usr/lib/python3.13/unittest/mock.py", line 1168, in __call__
    self._increment_mock_call(*args, **kwargs)
  File "/usr/lib/python3.13/unittest/mock.py", line 1177, in _increment_mock_call
    self.call_count += 1
  File "/usr/lib/python3.13/unittest/mock.py", line 359, in _get
    return getattr(self, _the_name)
  File "/usr/lib/python3.13/unittest/mock.py", line 1168, in __call__
    self._increment_mock_call(*args, **kwargs)
  File "/usr/lib/python3.13/unittest/mock.py", line 1177, in _increment_mock_call
    self.call_count += 1
  File "/usr/lib/python3.13/unittest/mock.py", line 359, in _get
    return getattr(self, _the_name)
  File "/usr/lib/python3.13/unittest/mock.py", line 1168, in __call__
    self._increment_mock_call(*args, **kwargs)
  File "/usr/lib/python3.13/unittest/mock.py", line 1177, in _increment_mock_call
    self.call_count += 1
  File "/usr/lib/python3.13/unittest/mock.py", line 359, in _get
    return getattr(self, _the_name)
  File "/usr/lib/python3.13/unittest/mock.py", line 1168, in __call__
    self._increment_mock_call(*args, **kwargs)
  File "/usr/lib/python3.13/unittest/mock.py", line 1177, in _increment_mock_call
    self.call_count += 1
  File "/usr/lib/python3.13/unittest/mock.py", line 359, in _get
    return getattr(self, _the_name)
  File "/usr/lib/python3.13/unittest/mock.py", line 1168, in __call__
    self._increment_mock_call(*args, **kwargs)
  File "/usr/lib/python3.13/unittest/mock.py", line 1177, in _increment_mock_call
    self.call_count += 1
  File "/usr/lib/python3.13/unittest/mock.py", line 359, in _get
    return getattr(self, _the_name)
  File "/usr/lib/python3.13/unittest/mock.py", line 1168, in __call__
    self._increment_mock_call(*args, **kwargs)
  File "/usr/lib/python3.13/unittest/mock.py", line 1177, in _increment_mock_call
    self.call_count += 1
  File "/usr/lib/python3.13/unittest/mock.py", line 359, in _get
    return getattr(self, _the_name)
  File "/usr/lib/python3.13/unittest/mock.py", line 1168, in __call__
    self._increment_mock_call(*args, **kwargs)
  File "/usr/lib/python3.13/unittest/mock.py", line 1177, in _increment_mock_call
    self.call_count += 1
  File "/usr/lib/python3.13/unittest/mock.py", line 359, in _get
    return getattr(self, _the_name)
  File "/usr/lib/python3.13/unittest/mock.py", line 1168, in __call__
    self._increment_mock_call(*args, **kwargs)
  File "/usr/lib/python3.13/unittest/mock.py", line 1177, in _increment_mock_call
    self.call_count += 1
  File "/usr/lib/python3.13/unittest/mock.py", line 359, in _get
    return getattr(self, _the_name)
  File "/usr/lib/python3.13/unittest/mock.py", line 1168, in __call__
    self._increment_mock_call(*args, **kwargs)
  File "/usr/lib/python3.13/unittest/mock.py", line 1177, in _increment_mock_call
    self.call_count += 1
  File "/usr/lib/python3.13/unittest/mock.py", line 359, in _get
    return getattr(self, _the_name)
  File "/usr/lib/python3.13/unittest/mock.py", line 1168, in __call__
    self._increment_mock_call(*args, **kwargs)
  File "/usr/lib/python3.13/unittest/mock.py", line 1177, in _increment_mock_call
    self.call_count += 1
  File "/usr/lib/python3.13/unittest/mock.py", line 359, in _get
    return getattr(self, _the_name)
  File "/usr/lib/python3.13/unittest/mock.py", line 1168, in __call__
    self._increment_mock_call(*args, **kwargs)
  File "/usr/lib/python3.13/unittest/mock.py", line 1177, in _increment_mock_call
    self.call_count += 1
  File "/usr/lib/python3.13/unittest/mock.py", line 359, in _get
    return getattr(self, _the_name)
  File "/usr/lib/python3.13/unittest/mock.py", line 1168, in __call__
    self._increment_mock_call(*args, **kwargs)
  File "/usr/lib/python3.13/unittest/mock.py", line 1177, in _increment_mock_call
    self.call_count += 1
  File "/usr/lib/python3.13/unittest/mock.py", line 359, in _get
    return getattr(self, _the_name)
  File "/usr/lib/python3.13/unittest/mock.py", line 1168, in __call__
    self._increment_mock_call(*args, **kwargs)
  File "/usr/lib/python3.13/unittest/mock.py", line 1177, in _increment_mock_call
    self.call_count += 1
  File "/usr/lib/python3.13/unittest/mock.py", line 359, in _get
    return getattr(self, _the_name)
  File "/usr/lib/python3.13/unittest/mock.py", line 1168, in __call__
    self._increment_mock_call(*args, **kwargs)
  File "/usr/lib/python3.13/unittest/mock.py", line 1177, in _increment_mock_call
    self.call_count += 1
  File "/usr/lib/python3.13/unittest/mock.py", line 359, in _get
    return getattr(self, _the_name)
  File "/usr/lib/python3.13/unittest/mock.py", line 1168, in __call__
    self._increment_mock_call(*args, **kwargs)
  File "/usr/lib/python3.13/unittest/mock.py", line 1177, in _increment_mock_call
    self.call_count += 1
  File "/usr/lib/python3.13/unittest/mock.py", line 359, in _get
    return getattr(self, _the_name)
  File "/usr/lib/python3.13/unittest/mock.py", line 1168, in __call__
    self._increment_mock_call(*args, **kwargs)
  File "/usr/lib/python3.13/unittest/mock.py", line 1177, in _increment_mock_call
    self.call_count += 1
  File "/usr/lib/python3.13/unittest/mock.py", line 359, in _get
    return getattr(self, _the_name)
  File "/usr/lib/python3.13/unittest/mock.py", line 1168, in __call__
    self._increment_mock_call(*args, **kwargs)
  File "/usr/lib/python3.13/unittest/mock.py", line 1177, in _increment_mock_call
    self.call_count += 1
  File "/usr/lib/python3.13/unittest/mock.py", line 359, in _get
    return getattr(self, _the_name)
  File "/usr/lib/python3.13/unittest/mock.py", line 1168, in __call__
    self._increment_mock_call(*args, **kwargs)
  File "/usr/lib/python3.13/unittest/mock.py", line 1177, in _increment_mock_call
    self.call_count += 1
  File "/usr/lib/python3.13/unittest/mock.py", line 359, in _get
    return getattr(self, _the_name)
  File "/usr/lib/python3.13/unittest/mock.py", line 1168, in __call__
    self._increment_mock_call(*args, **kwargs)
  File "/usr/lib/python3.13/unittest/mock.py", line 1177, in _increment_mock_call
    self.call_count += 1
  File "/usr/lib/python3.13/unittest/mock.py", line 359, in _get
    return getattr(self, _the_name)
  File "/usr/lib/python3.13/unittest/mock.py", line 1168, in __call__
    self._increment_mock_call(*args, **kwargs)
  File "/usr/lib/python3.13/unittest/mock.py", line 1177, in _increment_mock_call
    self.call_count += 1
  File "/usr/lib/python3.13/unittest/mock.py", line 359, in _get
    return getattr(self, _the_name)
  File "/usr/lib/python3.13/unittest/mock.py", line 1168, in __call__
    self._increment_mock_call(*args, **kwargs)
  File "/usr/lib/python3.13/unittest/mock.py", line 1177, in _increment_mock_call
    self.call_count += 1
  File "/usr/lib/python3.13/unittest/mock.py", line 359, in _get
    return getattr(self, _the_name)
  File "/usr/lib/python3.13/unittest/mock.py", line 1168, in __call__
    self._increment_mock_call(*args, **kwargs)
  File "/usr/lib/python3.13/unittest/mock.py", line 1177, in _increment_mock_call
    self.call_count += 1
  File "/usr/lib/python3.13/unittest/mock.py", line 359, in _get
    return getattr(self, _the_name)
  File "/usr/lib/python3.13/unittest/mock.py", line 1168, in __call__
    self._increment_mock_call(*args, **kwargs)
  File "/usr/lib/python3.13/unittest/mock.py", line 1177, in _increment_mock_call
    self.call_count += 1
  File "/usr/lib/python3.13/unittest/mock.py", line 359, in _get
    return getattr(self, _the_name)
  File "/usr/lib/python3.13/unittest/mock.py", line 1168, in __call__
    self._increment_mock_call(*args, **kwargs)
  File "/usr/lib/python3.13/unittest/mock.py", line 1177, in _increment_mock_call
    self.call_count += 1
  File "/usr/lib/python3.13/unittest/mock.py", line 359, in _get
    return getattr(self, _the_name)
  File "/usr/lib/python3.13/unittest/mock.py", line 1168, in __call__
    self._increment_mock_call(*args, **kwargs)
  File "/usr/lib/python3.13/unittest/mock.py", line 1177, in _increment_mock_call
    self.call_count += 1
  File "/usr/lib/python3.13/unittest/mock.py", line 359, in _get
    return getattr(self, _the_name)
  File "/usr/lib/python3.13/unittest/mock.py", line 1168, in __call__
    self._increment_mock_call(*args, **kwargs)
  File "/usr/lib/python3.13/unittest/mock.py", line 1177, in _increment_mock_call
    self.call_count += 1
  File "/usr/lib/python3.13/unittest/mock.py", line 359, in _get
    return getattr(self, _the_name)
  File "/usr/lib/python3.13/unittest/mock.py", line 1168, in __call__
    self._increment_mock_call(*args, **kwargs)
  File "/usr/lib/python3.13/unittest/mock.py", line 1177, in _increment_mock_call
    self.call_count += 1
  File "/usr/lib/python3.13/unittest/mock.py", line 359, in _get
    return getattr(self, _the_name)
  File "/usr/lib/python3.13/unittest/mock.py", line 1168, in __call__
    self._increment_mock_call(*args, **kwargs)
  File "/usr/lib/python3.13/unittest/mock.py", line 1177, in _increment_mock_call
    self.call_count += 1
  File "/usr/lib/python3.13/unittest/mock.py", line 359, in _get
    return getattr(self, _the_name)
  File "/usr/lib/python3.13/unittest/mock.py", line 1168, in __call__
    self._increment_mock_call(*args, **kwargs)
  File "/usr/lib/python3.13/unittest/mock.py", line 1177, in _increment_mock_call
    self.call_count += 1
  File "/usr/lib/python3.13/unittest/mock.py", line 359, in _get
    return getattr(self, _the_name)
  File "/usr/lib/python3.13/unittest/mock.py", line 1168, in __call__
    self._increment_mock_call(*args, **kwargs)
  File "/usr/lib/python3.13/unittest/mock.py", line 1177, in _increment_mock_call
    self.call_count += 1
  File "/usr/lib/python3.13/unittest/mock.py", line 359, in _get
    return getattr(self, _the_name)
  File "/usr/lib/python3.13/unittest/mock.py", line 1168, in __call__
    self._increment_mock_call(*args, **kwargs)
  File "/usr/lib/python3.13/unittest/mock.py", line 1177, in _increment_mock_call
    self.call_count += 1
  File "/usr/lib/python3.13/unittest/mock.py", line 359, in _get
    return getattr(self, _the_name)
  File "/usr/lib/python3.13/unittest/mock.py", line 1168, in __call__
    self._increment_mock_call(*args, **kwargs)
  File "/usr/lib/python3.13/unittest/mock.py", line 1177, in _increment_mock_call
    self.call_count += 1
  File "/usr/lib/python3.13/unittest/mock.py", line 359, in _get
    return getattr(self, _the_name)
  File "/usr/lib/python3.13/unittest/mock.py", line 1168, in __call__
    self._increment_mock_call(*args, **kwargs)
  File "/usr/lib/python3.13/unittest/mock.py", line 1177, in _increment_mock_call
    self.call_count += 1
  File "/usr/lib/python3.13/unittest/mock.py", line 359, in _get
    return getattr(self, _the_name)
  File "/usr/lib/python3.13/unittest/mock.py", line 1168, in __call__
    self._increment_mock_call(*args, **kwargs)
  File "/usr/lib/python3.13/unittest/mock.py", line 1177, in _increment_mock_call
    self.call_count += 1
  File "/usr/lib/python3.13/unittest/mock.py", line 359, in _get
    return getattr(self, _the_name)
  File "/usr/lib/python3.13/unittest/mock.py", line 1168, in __call__
    self._increment_mock_call(*args, **kwargs)
  File "/usr/lib/python3.13/unittest/mock.py", line 1177, in _increment_mock_call
    self.call_count += 1
  File "/usr/lib/python3.13/unittest/mock.py", line 359, in _get
    return getattr(self, _the_name)
  File "/usr/lib/python3.13/unittest/mock.py", line 1168, in __call__
    self._increment_mock_call(*args, **kwargs)
  File "/usr/lib/python3.13/unittest/mock.py", line 1177, in _increment_mock_call
    self.call_count += 1
  File "/usr/lib/python3.13/unittest/mock.py", line 359, in _get
    return getattr(self, _the_name)
  File "/usr/lib/python3.13/unittest/mock.py", line 1168, in __call__
    self._increment_mock_call(*args, **kwargs)
  File "/usr/lib/python3.13/unittest/mock.py", line 1177, in _increment_mock_call
    self.call_count += 1
  File "/usr/lib/python3.13/unittest/mock.py", line 359, in _get
    return getattr(self, _the_name)
  File "/usr/lib/python3.13/unittest/mock.py", line 1168, in __call__
    self._increment_mock_call(*args, **kwargs)
  File "/usr/lib/python3.13/unittest/mock.py", line 1177, in _increment_mock_call
    self.call_count += 1
  File "/usr/lib/python3.13/unittest/mock.py", line 359, in _get
    return getattr(self, _the_name)
  File "/usr/lib/python3.13/unittest/mock.py", line 1168, in __call__
    self._increment_mock_call(*args, **kwargs)
  File "/usr/lib/python3.13/unittest/mock.py", line 1177, in _increment_mock_call
    self.call_count += 1
  File "/usr/lib/python3.13/unittest/mock.py", line 359, in _get
    return getattr(self, _the_name)
  File "/usr/lib/python3.13/unittest/mock.py", line 1168, in __call__
    self._increment_mock_call(*args, **kwargs)
  File "/usr/lib/python3.13/unittest/mock.py", line 1177, in _increment_mock_call
    self.call_count += 1
  File "/usr/lib/python3.13/unittest/mock.py", line 359, in _get
    return getattr(self, _the_name)
  File "/usr/lib/python3.13/unittest/mock.py", line 1168, in __call__
    self._increment_mock_call(*args, **kwargs)
  File "/usr/lib/python3.13/unittest/mock.py", line 1177, in _increment_mock_call
    self.call_count += 1
  File "/usr/lib/python3.13/unittest/mock.py", line 359, in _get
    return getattr(self, _the_name)
  File "/usr/lib/python3.13/unittest/mock.py", line 1168, in __call__
    self._increment_mock_call(*args, **kwargs)
  File "/usr/lib/python3.13/unittest/mock.py", line 1177, in _increment_mock_call
    self.call_count += 1
  File "/usr/lib/python3.13/unittest/mock.py", line 359, in _get
    return getattr(self, _the_name)
  File "/usr/lib/python3.13/unittest/mock.py", line 1168, in __call__
    self._increment_mock_call(*args, **kwargs)
  File "/usr/lib/python3.13/unittest/mock.py", line 1177, in _increment_mock_call
    self.call_count += 1
  File "/usr/lib/python3.13/unittest/mock.py", line 359, in _get
    return getattr(self, _the_name)
  File "/usr/lib/python3.13/unittest/mock.py", line 1168, in __call__
    self._increment_mock_call(*args, **kwargs)
  File "/usr/lib/python3.13/unittest/mock.py", line 1177, in _increment_mock_call
    self.call_count += 1
  File "/usr/lib/python3.13/unittest/mock.py", line 359, in _get
    return getattr(self, _the_name)
  File "/usr/lib/python3.13/unittest/mock.py", line 1168, in __call__
    self._increment_mock_call(*args, **kwargs)
  File "/usr/lib/python3.13/unittest/mock.py", line 1177, in _increment_mock_call
    self.call_count += 1
  File "/usr/lib/python3.13/unittest/mock.py", line 359, in _get
    return getattr(self, _the_name)
  File "/usr/lib/python3.13/unittest/mock.py", line 1168, in __call__
    self._increment_mock_call(*args, **kwargs)
  File "/usr/lib/python3.13/unittest/mock.py", line 1177, in _increment_mock_call
    self.call_count += 1
  File "/usr/lib/python3.13/unittest/mock.py", line 359, in _get
    return getattr(self, _the_name)
  File "/usr/lib/python3.13/unittest/mock.py", line 1168, in __call__
    self._increment_mock_call(*args, **kwargs)
  File "/usr/lib/python3.13/unittest/mock.py", line 1177, in _increment_mock_call
    self.call_count += 1
  File "/usr/lib/python3.13/unittest/mock.py", line 359, in _get
    return getattr(self, _the_name)
  File "/usr/lib/python3.13/unittest/mock.py", line 1168, in __call__
    self._increment_mock_call(*args, **kwargs)
  File "/usr/lib/python3.13/unittest/mock.py", line 1177, in _increment_mock_call
    self.call_count += 1
  File "/usr/lib/python3.13/unittest/mock.py", line 359, in _get
    return getattr(self, _the_name)
  File "/usr/lib/python3.13/unittest/mock.py", line 1168, in __call__
    self._increment_mock_call(*args, **kwargs)
  File "/usr/lib/python3.13/unittest/mock.py", line 1177, in _increment_mock_call
    self.call_count += 1
  File "/usr/lib/python3.13/unittest/mock.py", line 359, in _get
    return getattr(self, _the_name)
  File "/usr/lib/python3.13/unittest/mock.py", line 1168, in __call__
    self._increment_mock_call(*args, **kwargs)
  File "/usr/lib/python3.13/unittest/mock.py", line 1177, in _increment_mock_call
    self.call_count += 1
  File "/usr/lib/python3.13/unittest/mock.py", line 359, in _get
    return getattr(self, _the_name)
  File "/usr/lib/python3.13/unittest/mock.py", line 1168, in __call__
    self._increment_mock_call(*args, **kwargs)
  File "/usr/lib/python3.13/unittest/mock.py", line 1177, in _increment_mock_call
    self.call_count += 1
  File "/usr/lib/python3.13/unittest/mock.py", line 359, in _get
    return getattr(self, _the_name)
  File "/usr/lib/python3.13/unittest/mock.py", line 1168, in __call__
    self._increment_mock_call(*args, **kwargs)
  File "/usr/lib/python3.13/unittest/mock.py", line 1177, in _increment_mock_call
    self.call_count += 1
  File "/usr/lib/python3.13/unittest/mock.py", line 359, in _get
    return getattr(self, _the_name)
  File "/usr/lib/python3.13/unittest/mock.py", line 1168, in __call__
    self._increment_mock_call(*args, **kwargs)
  File "/usr/lib/python3.13/unittest/mock.py", line 1177, in _increment_mock_call
    self.call_count += 1
  File "/usr/lib/python3.13/unittest/mock.py", line 359, in _get
    return getattr(self, _the_name)
  File "/usr/lib/python3.13/unittest/mock.py", line 1168, in __call__
    self._increment_mock_call(*args, **kwargs)
  File "/usr/lib/python3.13/unittest/mock.py", line 1177, in _increment_mock_call
    self.call_count += 1
  File "/usr/lib/python3.13/unittest/mock.py", line 359, in _get
    return getattr(self, _the_name)
  File "/usr/lib/python3.13/unittest/mock.py", line 1168, in __call__
    self._increment_mock_call(*args, **kwargs)
  File "/usr/lib/python3.13/unittest/mock.py", line 1177, in _increment_mock_call
    self.call_count += 1
  File "/usr/lib/python3.13/unittest/mock.py", line 359, in _get
    return getattr(self, _the_name)
  File "/usr/lib/python3.13/unittest/mock.py", line 1168, in __call__
    self._increment_mock_call(*args, **kwargs)
  File "/usr/lib/python3.13/unittest/mock.py", line 1177, in _increment_mock_call
    self.call_count += 1
  File "/usr/lib/python3.13/unittest/mock.py", line 359, in _get
    return getattr(self, _the_name)
  File "/usr/lib/python3.13/unittest/mock.py", line 1168, in __call__
    self._increment_mock_call(*args, **kwargs)
  File "/usr/lib/python3.13/unittest/mock.py", line 1177, in _increment_mock_call
    self.call_count += 1
  File "/usr/lib/python3.13/unittest/mock.py", line 359, in _get
    return getattr(self, _the_name)
  File "/usr/lib/python3.13/unittest/mock.py", line 1168, in __call__
    self._increment_mock_call(*args, **kwargs)
  File "/usr/lib/python3.13/unittest/mock.py", line 1177, in _increment_mock_call
    self.call_count += 1
  File "/usr/lib/python3.13/unittest/mock.py", line 359, in _get
    return getattr(self, _the_name)
  File "/usr/lib/python3.13/unittest/mock.py", line 1168, in __call__
    self._increment_mock_call(*args, **kwargs)
  File "/usr/lib/python3.13/unittest/mock.py", line 1177, in _increment_mock_call
    self.call_count += 1
  File "/usr/lib/python3.13/unittest/mock.py", line 359, in _get
    return getattr(self, _the_name)
  File "/usr/lib/python3.13/unittest/mock.py", line 1168, in __call__
    self._increment_mock_call(*args, **kwargs)
  File "/usr/lib/python3.13/unittest/mock.py", line 1177, in _increment_mock_call
    self.call_count += 1
  File "/usr/lib/python3.13/unittest/mock.py", line 359, in _get
    return getattr(self, _the_name)
  File "/usr/lib/python3.13/unittest/mock.py", line 1168, in __call__
    self._increment_mock_call(*args, **kwargs)
  File "/usr/lib/python3.13/unittest/mock.py", line 1177, in _increment_mock_call
    self.call_count += 1
  File "/usr/lib/python3.13/unittest/mock.py", line 359, in _get
    return getattr(self, _the_name)
  File "/usr/lib/python3.13/unittest/mock.py", line 1168, in __call__
    self._increment_mock_call(*args, **kwargs)
  File "/usr/lib/python3.13/unittest/mock.py", line 1177, in _increment_mock_call
    self.call_count += 1
  File "/usr/lib/python3.13/unittest/mock.py", line 359, in _get
    return getattr(self, _the_name)
  File "/usr/lib/python3.13/unittest/mock.py", line 1168, in __call__
    self._increment_mock_call(*args, **kwargs)
  File "/usr/lib/python3.13/unittest/mock.py", line 1177, in _increment_mock_call
    self.call_count += 1
  File "/usr/lib/python3.13/unittest/mock.py", line 359, in _get
    return getattr(self, _the_name)
  File "/usr/lib/python3.13/unittest/mock.py", line 1168, in __call__
    self._increment_mock_call(*args, **kwargs)
  File "/usr/lib/python3.13/unittest/mock.py", line 1177, in _increment_mock_call
    self.call_count += 1
  File "/usr/lib/python3.13/unittest/mock.py", line 359, in _get
    return getattr(self, _the_name)
  File "/usr/lib/python3.13/unittest/mock.py", line 1168, in __call__
    self._increment_mock_call(*args, **kwargs)
  File "/usr/lib/python3.13/unittest/mock.py", line 1177, in _increment_mock_call
    self.call_count += 1
  File "/usr/lib/python3.13/unittest/mock.py", line 359, in _get
    return getattr(self, _the_name)
  File "/usr/lib/python3.13/unittest/mock.py", line 1168, in __call__
    self._increment_mock_call(*args, **kwargs)
  File "/usr/lib/python3.13/unittest/mock.py", line 1177, in _increment_mock_call
    self.call_count += 1
  File "/usr/lib/python3.13/unittest/mock.py", line 359, in _get
    return getattr(self, _the_name)
  File "/usr/lib/python3.13/unittest/mock.py", line 1168, in __call__
    self._increment_mock_call(*args, **kwargs)
  File "/usr/lib/python3.13/unittest/mock.py", line 1177, in _increment_mock_call
    self.call_count += 1
  File "/usr/lib/python3.13/unittest/mock.py", line 359, in _get
    return getattr(self, _the_name)
  File "/usr/lib/python3.13/unittest/mock.py", line 1168, in __call__
    self._increment_mock_call(*args, **kwargs)
  File "/usr/lib/python3.13/unittest/mock.py", line 1177, in _increment_mock_call
    self.call_count += 1
  File "/usr/lib/python3.13/unittest/mock.py", line 359, in _get
    return getattr(self, _the_name)
  File "/usr/lib/python3.13/unittest/mock.py", line 1168, in __call__
    self._increment_mock_call(*args, **kwargs)
  File "/usr/lib/python3.13/unittest/mock.py", line 1177, in _increment_mock_call
    self.call_count += 1
  File "/usr/lib/python3.13/unittest/mock.py", line 359, in _get
    return getattr(self, _the_name)
  File "/usr/lib/python3.13/unittest/mock.py", line 1168, in __call__
    self._increment_mock_call(*args, **kwargs)
  File "/usr/lib/python3.13/unittest/mock.py", line 1177, in _increment_mock_call
    self.call_count += 1
  File "/usr/lib/python3.13/unittest/mock.py", line 359, in _get
    return getattr(self, _the_name)
  File "/usr/lib/python3.13/unittest/mock.py", line 1168, in __call__
    self._increment_mock_call(*args, **kwargs)
  File "/usr/lib/python3.13/unittest/mock.py", line 1177, in _increment_mock_call
    self.call_count += 1
  File "/usr/lib/python3.13/unittest/mock.py", line 359, in _get
    return getattr(self, _the_name)
  File "/usr/lib/python3.13/unittest/mock.py", line 1168, in __call__
    self._increment_mock_call(*args, **kwargs)
  File "/usr/lib/python3.13/unittest/mock.py", line 1177, in _increment_mock_call
    self.call_count += 1
  File "/usr/lib/python3.13/unittest/mock.py", line 359, in _get
    return getattr(self, _the_name)
  File "/usr/lib/python3.13/unittest/mock.py", line 1168, in __call__
    self._increment_mock_call(*args, **kwargs)
  File "/usr/lib/python3.13/unittest/mock.py", line 1177, in _increment_mock_call
    self.call_count += 1
  File "/usr/lib/python3.13/unittest/mock.py", line 359, in _get
    return getattr(self, _the_name)
  File "/usr/lib/python3.13/unittest/mock.py", line 1168, in __call__
    self._increment_mock_call(*args, **kwargs)
  File "/usr/lib/python3.13/unittest/mock.py", line 1177, in _increment_mock_call
    self.call_count += 1
  File "/usr/lib/python3.13/unittest/mock.py", line 359, in _get
    return getattr(self, _the_name)
  File "/usr/lib/python3.13/unittest/mock.py", line 1168, in __call__
    self._increment_mock_call(*args, **kwargs)
  File "/usr/lib/python3.13/unittest/mock.py", line 1177, in _increment_mock_call
    self.call_count += 1
  File "/usr/lib/python3.13/unittest/mock.py", line 359, in _get
    return getattr(self, _the_name)
  File "/usr/lib/python3.13/unittest/mock.py", line 1168, in __call__
    self._increment_mock_call(*args, **kwargs)
  File "/usr/lib/python3.13/unittest/mock.py", line 1177, in _increment_mock_call
    self.call_count += 1
  File "/usr/lib/python3.13/unittest/mock.py", line 359, in _get
    return getattr(self, _the_name)
  File "/usr/lib/python3.13/unittest/mock.py", line 1168, in __call__
    self._increment_mock_call(*args, **kwargs)
  File "/usr/lib/python3.13/unittest/mock.py", line 1177, in _increment_mock_call
    self.call_count += 1
  File "/usr/lib/python3.13/unittest/mock.py", line 359, in _get
    return getattr(self, _the_name)
  File "/usr/lib/python3.13/unittest/mock.py", line 1168, in __call__
    self._increment_mock_call(*args, **kwargs)
  File "/usr/lib/python3.13/unittest/mock.py", line 1177, in _increment_mock_call
    self.call_count += 1
  File "/usr/lib/python3.13/unittest/mock.py", line 359, in _get
    return getattr(self, _the_name)
  File "/usr/lib/python3.13/unittest/mock.py", line 1168, in __call__
    self._increment_mock_call(*args, **kwargs)
  File "/usr/lib/python3.13/unittest/mock.py", line 1177, in _increment_mock_call
    self.call_count += 1
  File "/usr/lib/python3.13/unittest/mock.py", line 359, in _get
    return getattr(self, _the_name)
  File "/usr/lib/python3.13/unittest/mock.py", line 1168, in __call__
    self._increment_mock_call(*args, **kwargs)
  File "/usr/lib/python3.13/unittest/mock.py", line 1177, in _increment_mock_call
    self.call_count += 1
  File "/usr/lib/python3.13/unittest/mock.py", line 359, in _get
    return getattr(self, _the_name)
  File "/usr/lib/python3.13/unittest/mock.py", line 1168, in __call__
    self._increment_mock_call(*args, **kwargs)
  File "/usr/lib/python3.13/unittest/mock.py", line 1177, in _increment_mock_call
    self.call_count += 1
  File "/usr/lib/python3.13/unittest/mock.py", line 359, in _get
    return getattr(self, _the_name)
  File "/usr/lib/python3.13/unittest/mock.py", line 1168, in __call__
    self._increment_mock_call(*args, **kwargs)
  File "/usr/lib/python3.13/unittest/mock.py", line 1177, in _increment_mock_call
    self.call_count += 1
  File "/usr/lib/python3.13/unittest/mock.py", line 359, in _get
    return getattr(self, _the_name)
  File "/usr/lib/python3.13/unittest/mock.py", line 1168, in __call__
    self._increment_mock_call(*args, **kwargs)
  File "/usr/lib/python3.13/unittest/mock.py", line 1177, in _increment_mock_call
    self.call_count += 1
  File "/usr/lib/python3.13/unittest/mock.py", line 359, in _get
    return getattr(self, _the_name)
  File "/usr/lib/python3.13/unittest/mock.py", line 1168, in __call__
    self._increment_mock_call(*args, **kwargs)
  File "/usr/lib/python3.13/unittest/mock.py", line 1177, in _increment_mock_call
    self.call_count += 1
  File "/usr/lib/python3.13/unittest/mock.py", line 359, in _get
    return getattr(self, _the_name)
  File "/usr/lib/python3.13/unittest/mock.py", line 1168, in __call__
    self._increment_mock_call(*args, **kwargs)
  File "/usr/lib/python3.13/unittest/mock.py", line 1177, in _increment_mock_call
    self.call_count += 1
  File "/usr/lib/python3.13/unittest/mock.py", line 359, in _get
    return getattr(self, _the_name)
  File "/usr/lib/python3.13/unittest/mock.py", line 1168, in __call__
    self._increment_mock_call(*args, **kwargs)
  File "/usr/lib/python3.13/unittest/mock.py", line 1177, in _increment_mock_call
    self.call_count += 1
  File "/usr/lib/python3.13/unittest/mock.py", line 359, in _get
    return getattr(self, _the_name)
  File "/usr/lib/python3.13/unittest/mock.py", line 1168, in __call__
    self._increment_mock_call(*args, **kwargs)
  File "/usr/lib/python3.13/unittest/mock.py", line 1177, in _increment_mock_call
    self.call_count += 1
  File "/usr/lib/python3.13/unittest/mock.py", line 359, in _get
    return getattr(self, _the_name)
  File "/usr/lib/python3.13/unittest/mock.py", line 1168, in __call__
    self._increment_mock_call(*args, **kwargs)
  File "/usr/lib/python3.13/unittest/mock.py", line 1177, in _increment_mock_call
    self.call_count += 1
  File "/usr/lib/python3.13/unittest/mock.py", line 359, in _get
    return getattr(self, _the_name)
  File "/usr/lib/python3.13/unittest/mock.py", line 1168, in __call__
    self._increment_mock_call(*args, **kwargs)
  File "/usr/lib/python3.13/unittest/mock.py", line 1177, in _increment_mock_call
    self.call_count += 1
  File "/usr/lib/python3.13/unittest/mock.py", line 359, in _get
    return getattr(self, _the_name)
  File "/usr/lib/python3.13/unittest/mock.py", line 1168, in __call__
    self._increment_mock_call(*args, **kwargs)
  File "/usr/lib/python3.13/unittest/mock.py", line 1177, in _increment_mock_call
    self.call_count += 1
  File "/usr/lib/python3.13/unittest/mock.py", line 359, in _get
    return getattr(self, _the_name)
  File "/usr/lib/python3.13/unittest/mock.py", line 1168, in __call__
    self._increment_mock_call(*args, **kwargs)
  File "/usr/lib/python3.13/unittest/mock.py", line 1177, in _increment_mock_call
    self.call_count += 1
  File "/usr/lib/python3.13/unittest/mock.py", line 359, in _get
    return getattr(self, _the_name)
  File "/usr/lib/python3.13/unittest/mock.py", line 1168, in __call__
    self._increment_mock_call(*args, **kwargs)
  File "/usr/lib/python3.13/unittest/mock.py", line 1177, in _increment_mock_call
    self.call_count += 1
  File "/usr/lib/python3.13/unittest/mock.py", line 359, in _get
    return getattr(self, _the_name)
  File "/usr/lib/python3.13/unittest/mock.py", line 1168, in __call__
    self._increment_mock_call(*args, **kwargs)
  File "/usr/lib/python3.13/unittest/mock.py", line 1177, in _increment_mock_call
    self.call_count += 1
  File "/usr/lib/python3.13/unittest/mock.py", line 359, in _get
    return getattr(self, _the_name)
  File "/usr/lib/python3.13/unittest/mock.py", line 1168, in __call__
    self._increment_mock_call(*args, **kwargs)
  File "/usr/lib/python3.13/unittest/mock.py", line 1177, in _increment_mock_call
    self.call_count += 1
  File "/usr/lib/python3.13/unittest/mock.py", line 359, in _get
    return getattr(self, _the_name)
  File "/usr/lib/python3.13/unittest/mock.py", line 1168, in __call__
    self._increment_mock_call(*args, **kwargs)
  File "/usr/lib/python3.13/unittest/mock.py", line 1177, in _increment_mock_call
    self.call_count += 1
  File "/usr/lib/python3.13/unittest/mock.py", line 359, in _get
    return getattr(self, _the_name)
  File "/usr/lib/python3.13/unittest/mock.py", line 1168, in __call__
    self._increment_mock_call(*args, **kwargs)
  File "/usr/lib/python3.13/unittest/mock.py", line 1177, in _increment_mock_call
    self.call_count += 1
  File "/usr/lib/python3.13/unittest/mock.py", line 359, in _get
    return getattr(self, _the_name)
  File "/usr/lib/python3.13/unittest/mock.py", line 1168, in __call__
    self._increment_mock_call(*args, **kwargs)
  File "/usr/lib/python3.13/unittest/mock.py", line 1177, in _increment_mock_call
    self.call_count += 1
  File "/usr/lib/python3.13/unittest/mock.py", line 359, in _get
    return getattr(self, _the_name)
  File "/usr/lib/python3.13/unittest/mock.py", line 1168, in __call__
    self._increment_mock_call(*args, **kwargs)
  File "/usr/lib/python3.13/unittest/mock.py", line 1177, in _increment_mock_call
    self.call_count += 1
  File "/usr/lib/python3.13/unittest/mock.py", line 359, in _get
    return getattr(self, _the_name)
  File "/usr/lib/python3.13/unittest/mock.py", line 1168, in __call__
    self._increment_mock_call(*args, **kwargs)
  File "/usr/lib/python3.13/unittest/mock.py", line 1177, in _increment_mock_call
    self.call_count += 1
  File "/usr/lib/python3.13/unittest/mock.py", line 359, in _get
    return getattr(self, _the_name)
  File "/usr/lib/python3.13/unittest/mock.py", line 1168, in __call__
    self._increment_mock_call(*args, **kwargs)
  File "/usr/lib/python3.13/unittest/mock.py", line 1177, in _increment_mock_call
    self.call_count += 1
  File "/usr/lib/python3.13/unittest/mock.py", line 359, in _get
    return getattr(self, _the_name)
  File "/usr/lib/python3.13/unittest/mock.py", line 1168, in __call__
    self._increment_mock_call(*args, **kwargs)
  File "/usr/lib/python3.13/unittest/mock.py", line 1177, in _increment_mock_call
    self.call_count += 1
  File "/usr/lib/python3.13/unittest/mock.py", line 359, in _get
    return getattr(self, _the_name)
  File "/usr/lib/python3.13/unittest/mock.py", line 1168, in __call__
    self._increment_mock_call(*args, **kwargs)
  File "/usr/lib/python3.13/unittest/mock.py", line 1177, in _increment_mock_call
    self.call_count += 1
  File "/usr/lib/python3.13/unittest/mock.py", line 359, in _get
    return getattr(self, _the_name)
  File "/usr/lib/python3.13/unittest/mock.py", line 1168, in __call__
    self._increment_mock_call(*args, **kwargs)
  File "/usr/lib/python3.13/unittest/mock.py", line 1177, in _increment_mock_call
    self.call_count += 1
  File "/usr/lib/python3.13/unittest/mock.py", line 359, in _get
    return getattr(self, _the_name)
  File "/usr/lib/python3.13/unittest/mock.py", line 1168, in __call__
    self._increment_mock_call(*args, **kwargs)
  File "/usr/lib/python3.13/unittest/mock.py", line 1177, in _increment_mock_call
    self.call_count += 1
  File "/usr/lib/python3.13/unittest/mock.py", line 359, in _get
    return getattr(self, _the_name)
  File "/usr/lib/python3.13/unittest/mock.py", line 1168, in __call__
    self._increment_mock_call(*args, **kwargs)
  File "/usr/lib/python3.13/unittest/mock.py", line 1177, in _increment_mock_call
    self.call_count += 1
  File "/usr/lib/python3.13/unittest/mock.py", line 359, in _get
    return getattr(self, _the_name)
  File "/usr/lib/python3.13/unittest/mock.py", line 1168, in __call__
    self._increment_mock_call(*args, **kwargs)
  File "/usr/lib/python3.13/unittest/mock.py", line 1177, in _increment_mock_call
    self.call_count += 1
  File "/usr/lib/python3.13/unittest/mock.py", line 359, in _get
    return getattr(self, _the_name)
  File "/usr/lib/python3.13/unittest/mock.py", line 1168, in __call__
    self._increment_mock_call(*args, **kwargs)
  File "/usr/lib/python3.13/unittest/mock.py", line 1177, in _increment_mock_call
    self.call_count += 1
  File "/usr/lib/python3.13/unittest/mock.py", line 359, in _get
    return getattr(self, _the_name)
  File "/usr/lib/python3.13/unittest/mock.py", line 1168, in __call__
    self._increment_mock_call(*args, **kwargs)
  File "/usr/lib/python3.13/unittest/mock.py", line 1177, in _increment_mock_call
    self.call_count += 1
  File "/usr/lib/python3.13/unittest/mock.py", line 359, in _get
    return getattr(self, _the_name)
  File "/usr/lib/python3.13/unittest/mock.py", line 1168, in __call__
    self._increment_mock_call(*args, **kwargs)
  File "/usr/lib/python3.13/unittest/mock.py", line 1177, in _increment_mock_call
    self.call_count += 1
  File "/usr/lib/python3.13/unittest/mock.py", line 359, in _get
    return getattr(self, _the_name)
  File "/usr/lib/python3.13/unittest/mock.py", line 1168, in __call__
    self._increment_mock_call(*args, **kwargs)
  File "/usr/lib/python3.13/unittest/mock.py", line 1177, in _increment_mock_call
    self.call_count += 1
  File "/usr/lib/python3.13/unittest/mock.py", line 359, in _get
    return getattr(self, _the_name)
  File "/usr/lib/python3.13/unittest/mock.py", line 1168, in __call__
    self._increment_mock_call(*args, **kwargs)
  File "/usr/lib/python3.13/unittest/mock.py", line 1177, in _increment_mock_call
    self.call_count += 1
  File "/usr/lib/python3.13/unittest/mock.py", line 359, in _get
    return getattr(self, _the_name)
  File "/usr/lib/python3.13/unittest/mock.py", line 1168, in __call__
    self._increment_mock_call(*args, **kwargs)
  File "/usr/lib/python3.13/unittest/mock.py", line 1177, in _increment_mock_call
    self.call_count += 1
  File "/usr/lib/python3.13/unittest/mock.py", line 359, in _get
    return getattr(self, _the_name)
  File "/usr/lib/python3.13/unittest/mock.py", line 1168, in __call__
    self._increment_mock_call(*args, **kwargs)
  File "/usr/lib/python3.13/unittest/mock.py", line 1177, in _increment_mock_call
    self.call_count += 1
  File "/usr/lib/python3.13/unittest/mock.py", line 359, in _get
    return getattr(self, _the_name)
  File "/usr/lib/python3.13/unittest/mock.py", line 1168, in __call__
    self._increment_mock_call(*args, **kwargs)
  File "/usr/lib/python3.13/unittest/mock.py", line 1177, in _increment_mock_call
    self.call_count += 1
  File "/usr/lib/python3.13/unittest/mock.py", line 359, in _get
    return getattr(self, _the_name)
  File "/usr/lib/python3.13/unittest/mock.py", line 1168, in __call__
    self._increment_mock_call(*args, **kwargs)
  File "/usr/lib/python3.13/unittest/mock.py", line 1177, in _increment_mock_call
    self.call_count += 1
  File "/usr/lib/python3.13/unittest/mock.py", line 359, in _get
    return getattr(self, _the_name)
  File "/usr/lib/python3.13/unittest/mock.py", line 1168, in __call__
    self._increment_mock_call(*args, **kwargs)
  File "/usr/lib/python3.13/unittest/mock.py", line 1177, in _increment_mock_call
    self.call_count += 1
  File "/usr/lib/python3.13/unittest/mock.py", line 359, in _get
    return getattr(self, _the_name)
  File "/usr/lib/python3.13/unittest/mock.py", line 1168, in __call__
    self._increment_mock_call(*args, **kwargs)
  File "/usr/lib/python3.13/unittest/mock.py", line 1177, in _increment_mock_call
    self.call_count += 1
  File "/usr/lib/python3.13/unittest/mock.py", line 359, in _get
    return getattr(self, _the_name)
  File "/usr/lib/python3.13/unittest/mock.py", line 1168, in __call__
    self._increment_mock_call(*args, **kwargs)
  File "/usr/lib/python3.13/unittest/mock.py", line 1177, in _increment_mock_call
    self.call_count += 1
  File "/usr/lib/python3.13/unittest/mock.py", line 359, in _get
    return getattr(self, _the_name)
  File "/usr/lib/python3.13/unittest/mock.py", line 1168, in __call__
    self._increment_mock_call(*args, **kwargs)
  File "/usr/lib/python3.13/unittest/mock.py", line 1177, in _increment_mock_call
    self.call_count += 1
  File "/usr/lib/python3.13/unittest/mock.py", line 359, in _get
    return getattr(self, _the_name)
  File "/usr/lib/python3.13/unittest/mock.py", line 1168, in __call__
    self._increment_mock_call(*args, **kwargs)
  File "/usr/lib/python3.13/unittest/mock.py", line 1177, in _increment_mock_call
    self.call_count += 1
  File "/usr/lib/python3.13/unittest/mock.py", line 359, in _get
    return getattr(self, _the_name)
  File "/usr/lib/python3.13/unittest/mock.py", line 1168, in __call__
    self._increment_mock_call(*args, **kwargs)
  File "/usr/lib/python3.13/unittest/mock.py", line 1177, in _increment_mock_call
    self.call_count += 1
  File "/usr/lib/python3.13/unittest/mock.py", line 359, in _get
    return getattr(self, _the_name)
  File "/usr/lib/python3.13/unittest/mock.py", line 1168, in __call__
    self._increment_mock_call(*args, **kwargs)
  File "/usr/lib/python3.13/unittest/mock.py", line 1177, in _increment_mock_call
    self.call_count += 1
  File "/usr/lib/python3.13/unittest/mock.py", line 359, in _get
    return getattr(self, _the_name)
  File "/usr/lib/python3.13/unittest/mock.py", line 1168, in __call__
    self._increment_mock_call(*args, **kwargs)
  File "/usr/lib/python3.13/unittest/mock.py", line 1177, in _increment_mock_call
    self.call_count += 1
  File "/usr/lib/python3.13/unittest/mock.py", line 359, in _get
    return getattr(self, _the_name)
  File "/usr/lib/python3.13/unittest/mock.py", line 1168, in __call__
    self._increment_mock_call(*args, **kwargs)
  File "/usr/lib/python3.13/unittest/mock.py", line 1177, in _increment_mock_call
    self.call_count += 1
  File "/usr/lib/python3.13/unittest/mock.py", line 359, in _get
    return getattr(self, _the_name)
  File "/usr/lib/python3.13/unittest/mock.py", line 1168, in __call__
    self._increment_mock_call(*args, **kwargs)
  File "/usr/lib/python3.13/unittest/mock.py", line 1177, in _increment_mock_call
    self.call_count += 1
  File "/usr/lib/python3.13/unittest/mock.py", line 359, in _get
    return getattr(self, _the_name)
  File "/usr/lib/python3.13/unittest/mock.py", line 1168, in __call__
    self._increment_mock_call(*args, **kwargs)
  File "/usr/lib/python3.13/unittest/mock.py", line 1177, in _increment_mock_call
    self.call_count += 1
  File "/usr/lib/python3.13/unittest/mock.py", line 359, in _get
    return getattr(self, _the_name)
  File "/usr/lib/python3.13/unittest/mock.py", line 1168, in __call__
    self._increment_mock_call(*args, **kwargs)
  File "/usr/lib/python3.13/unittest/mock.py", line 1177, in _increment_mock_call
    self.call_count += 1
  File "/usr/lib/python3.13/unittest/mock.py", line 359, in _get
    return getattr(self, _the_name)
  File "/usr/lib/python3.13/unittest/mock.py", line 1168, in __call__
    self._increment_mock_call(*args, **kwargs)
  File "/usr/lib/python3.13/unittest/mock.py", line 1177, in _increment_mock_call
    self.call_count += 1
  File "/usr/lib/python3.13/unittest/mock.py", line 359, in _get
    return getattr(self, _the_name)
  File "/usr/lib/python3.13/unittest/mock.py", line 1168, in __call__
    self._increment_mock_call(*args, **kwargs)
  File "/usr/lib/python3.13/unittest/mock.py", line 1177, in _increment_mock_call
    self.call_count += 1
  File "/usr/lib/python3.13/unittest/mock.py", line 359, in _get
    return getattr(self, _the_name)
  File "/usr/lib/python3.13/unittest/mock.py", line 1168, in __call__
    self._increment_mock_call(*args, **kwargs)
  File "/usr/lib/python3.13/unittest/mock.py", line 1177, in _increment_mock_call
    self.call_count += 1
  File "/usr/lib/python3.13/unittest/mock.py", line 359, in _get
    return getattr(self, _the_name)
  File "/usr/lib/python3.13/unittest/mock.py", line 1168, in __call__
    self._increment_mock_call(*args, **kwargs)
  File "/usr/lib/python3.13/unittest/mock.py", line 1177, in _increment_mock_call
    self.call_count += 1
  File "/usr/lib/python3.13/unittest/mock.py", line 359, in _get
    return getattr(self, _the_name)
  File "/usr/lib/python3.13/unittest/mock.py", line 1168, in __call__
    self._increment_mock_call(*args, **kwargs)
  File "/usr/lib/python3.13/unittest/mock.py", line 1177, in _increment_mock_call
    self.call_count += 1
  File "/usr/lib/python3.13/unittest/mock.py", line 359, in _get
    return getattr(self, _the_name)
  File "/usr/lib/python3.13/unittest/mock.py", line 1168, in __call__
    self._increment_mock_call(*args, **kwargs)
  File "/usr/lib/python3.13/unittest/mock.py", line 1177, in _increment_mock_call
    self.call_count += 1
  File "/usr/lib/python3.13/unittest/mock.py", line 359, in _get
    return getattr(self, _the_name)
  File "/usr/lib/python3.13/unittest/mock.py", line 1168, in __call__
    self._increment_mock_call(*args, **kwargs)
  File "/usr/lib/python3.13/unittest/mock.py", line 1177, in _increment_mock_call
    self.call_count += 1
  File "/usr/lib/python3.13/unittest/mock.py", line 359, in _get
    return getattr(self, _the_name)
  File "/usr/lib/python3.13/unittest/mock.py", line 1168, in __call__
    self._increment_mock_call(*args, **kwargs)
  File "/usr/lib/python3.13/unittest/mock.py", line 1177, in _increment_mock_call
    self.call_count += 1
  File "/usr/lib/python3.13/unittest/mock.py", line 359, in _get
    return getattr(self, _the_name)
  File "/usr/lib/python3.13/unittest/mock.py", line 1168, in __call__
    self._increment_mock_call(*args, **kwargs)
  File "/usr/lib/python3.13/unittest/mock.py", line 1177, in _increment_mock_call
    self.call_count += 1
  File "/usr/lib/python3.13/unittest/mock.py", line 359, in _get
    return getattr(self, _the_name)
  File "/usr/lib/python3.13/unittest/mock.py", line 1168, in __call__
    self._increment_mock_call(*args, **kwargs)
  File "/usr/lib/python3.13/unittest/mock.py", line 1177, in _increment_mock_call
    self.call_count += 1
  File "/usr/lib/python3.13/unittest/mock.py", line 359, in _get
    return getattr(self, _the_name)
  File "/usr/lib/python3.13/unittest/mock.py", line 1168, in __call__
    self._increment_mock_call(*args, **kwargs)
  File "/usr/lib/python3.13/unittest/mock.py", line 1177, in _increment_mock_call
    self.call_count += 1
  File "/usr/lib/python3.13/unittest/mock.py", line 359, in _get
    return getattr(self, _the_name)
  File "/usr/lib/python3.13/unittest/mock.py", line 1168, in __call__
    self._increment_mock_call(*args, **kwargs)
  File "/usr/lib/python3.13/unittest/mock.py", line 1177, in _increment_mock_call
    self.call_count += 1
  File "/usr/lib/python3.13/unittest/mock.py", line 359, in _get
    return getattr(self, _the_name)
  File "/usr/lib/python3.13/unittest/mock.py", line 1168, in __call__
    self._increment_mock_call(*args, **kwargs)
  File "/usr/lib/python3.13/unittest/mock.py", line 1177, in _increment_mock_call
    self.call_count += 1
  File "/usr/lib/python3.13/unittest/mock.py", line 359, in _get
    return getattr(self, _the_name)
  File "/usr/lib/python3.13/unittest/mock.py", line 1168, in __call__
    self._increment_mock_call(*args, **kwargs)
  File "/usr/lib/python3.13/unittest/mock.py", line 1177, in _increment_mock_call
    self.call_count += 1
  File "/usr/lib/python3.13/unittest/mock.py", line 359, in _get
    return getattr(self, _the_name)
  File "/usr/lib/python3.13/unittest/mock.py", line 1168, in __call__
    self._increment_mock_call(*args, **kwargs)
  File "/usr/lib/python3.13/unittest/mock.py", line 1177, in _increment_mock_call
    self.call_count += 1
  File "/usr/lib/python3.13/unittest/mock.py", line 359, in _get
    return getattr(self, _the_name)
  File "/usr/lib/python3.13/unittest/mock.py", line 1168, in __call__
    self._increment_mock_call(*args, **kwargs)
  File "/usr/lib/python3.13/unittest/mock.py", line 1177, in _increment_mock_call
    self.call_count += 1
  File "/usr/lib/python3.13/unittest/mock.py", line 359, in _get
    return getattr(self, _the_name)
  File "/usr/lib/python3.13/unittest/mock.py", line 1168, in __call__
    self._increment_mock_call(*args, **kwargs)
  File "/usr/lib/python3.13/unittest/mock.py", line 1177, in _increment_mock_call
    self.call_count += 1
  File "/usr/lib/python3.13/unittest/mock.py", line 359, in _get
    return getattr(self, _the_name)
  File "/usr/lib/python3.13/unittest/mock.py", line 1168, in __call__
    self._increment_mock_call(*args, **kwargs)
  File "/usr/lib/python3.13/unittest/mock.py", line 1177, in _increment_mock_call
    self.call_count += 1
  File "/usr/lib/python3.13/unittest/mock.py", line 359, in _get
    return getattr(self, _the_name)
  File "/usr/lib/python3.13/unittest/mock.py", line 1168, in __call__
    self._increment_mock_call(*args, **kwargs)
  File "/usr/lib/python3.13/unittest/mock.py", line 1177, in _increment_mock_call
    self.call_count += 1
  File "/usr/lib/python3.13/unittest/mock.py", line 359, in _get
    return getattr(self, _the_name)
  File "/usr/lib/python3.13/unittest/mock.py", line 1168, in __call__
    self._increment_mock_call(*args, **kwargs)
  File "/usr/lib/python3.13/unittest/mock.py", line 1177, in _increment_mock_call
    self.call_count += 1
  File "/usr/lib/python3.13/unittest/mock.py", line 359, in _get
    return getattr(self, _the_name)
  File "/usr/lib/python3.13/unittest/mock.py", line 1168, in __call__
    self._increment_mock_call(*args, **kwargs)
  File "/usr/lib/python3.13/unittest/mock.py", line 1177, in _increment_mock_call
    self.call_count += 1
  File "/usr/lib/python3.13/unittest/mock.py", line 359, in _get
    return getattr(self, _the_name)
  File "/usr/lib/python3.13/unittest/mock.py", line 1168, in __call__
    self._increment_mock_call(*args, **kwargs)
  File "/usr/lib/python3.13/unittest/mock.py", line 1177, in _increment_mock_call
    self.call_count += 1
  File "/usr/lib/python3.13/unittest/mock.py", line 359, in _get
    return getattr(self, _the_name)
  File "/usr/lib/python3.13/unittest/mock.py", line 1168, in __call__
    self._increment_mock_call(*args, **kwargs)
  File "/usr/lib/python3.13/unittest/mock.py", line 1177, in _increment_mock_call
    self.call_count += 1
  File "/usr/lib/python3.13/unittest/mock.py", line 359, in _get
    return getattr(self, _the_name)
  File "/usr/lib/python3.13/unittest/mock.py", line 1168, in __call__
    self._increment_mock_call(*args, **kwargs)
  File "/usr/lib/python3.13/unittest/mock.py", line 1177, in _increment_mock_call
    self.call_count += 1
  File "/usr/lib/python3.13/unittest/mock.py", line 359, in _get
    return getattr(self, _the_name)
  File "/usr/lib/python3.13/unittest/mock.py", line 1168, in __call__
    self._increment_mock_call(*args, **kwargs)
  File "/usr/lib/python3.13/unittest/mock.py", line 1177, in _increment_mock_call
    self.call_count += 1
  File "/usr/lib/python3.13/unittest/mock.py", line 359, in _get
    return getattr(self, _the_name)
  File "/usr/lib/python3.13/unittest/mock.py", line 1167, in __call__
    self._mock_check_sig(*args, **kwargs)
RecursionError: maximum recursion depth exceeded

During handling of the above exception, another exception occurred:

Traceback (most recent call last):
  File "/home/demute/code/CyberDeltaEngine/.venv/bin/pytest", line 10, in <module>
    sys.exit(console_main())
  File "/home/demute/code/CyberDeltaEngine/.venv/lib/python3.13/site-packages/_pytest/config/__init__.py", line 201, in console_main
    code = main()
  File "/home/demute/code/CyberDeltaEngine/.venv/lib/python3.13/site-packages/_pytest/config/__init__.py", line 181, in main
    config._ensure_unconfigure()
  File "/home/demute/code/CyberDeltaEngine/.venv/lib/python3.13/site-packages/_pytest/config/__init__.py", line 1123, in _ensure_unconfigure
    self.hook.pytest_unconfigure(config=self)
  File "/home/demute/code/CyberDeltaEngine/.venv/lib/python3.13/site-packages/_pytest/config/compat.py", line 50, in __getattr__
    hook: pluggy.HookCaller = getattr(self._hook_relay, key)
  File "/usr/lib/python3.13/unittest/mock.py", line 1168, in __call__
    self._increment_mock_call(*args, **kwargs)
  File "/usr/lib/python3.13/unittest/mock.py", line 1177, in _increment_mock_call
    self.call_count += 1
  File "/usr/lib/python3.13/unittest/mock.py", line 359, in _get
    return getattr(self, _the_name)
  File "/usr/lib/python3.13/unittest/mock.py", line 1168, in __call__
    self._increment_mock_call(*args, **kwargs)
  File "/usr/lib/python3.13/unittest/mock.py", line 1177, in _increment_mock_call
    self.call_count += 1
  File "/usr/lib/python3.13/unittest/mock.py", line 359, in _get
    return getattr(self, _the_name)
  File "/usr/lib/python3.13/unittest/mock.py", line 1168, in __call__
    self._increment_mock_call(*args, **kwargs)
  File "/usr/lib/python3.13/unittest/mock.py", line 1177, in _increment_mock_call
    self.call_count += 1
  File "/usr/lib/python3.13/unittest/mock.py", line 359, in _get
    return getattr(self, _the_name)
  File "/usr/lib/python3.13/unittest/mock.py", line 1168, in __call__
    self._increment_mock_call(*args, **kwargs)
  File "/usr/lib/python3.13/unittest/mock.py", line 1177, in _increment_mock_call
    self.call_count += 1
  File "/usr/lib/python3.13/unittest/mock.py", line 359, in _get
    return getattr(self, _the_name)
  File "/usr/lib/python3.13/unittest/mock.py", line 1168, in __call__
    self._increment_mock_call(*args, **kwargs)
  File "/usr/lib/python3.13/unittest/mock.py", line 1177, in _increment_mock_call
    self.call_count += 1
  File "/usr/lib/python3.13/unittest/mock.py", line 359, in _get
    return getattr(self, _the_name)
  File "/usr/lib/python3.13/unittest/mock.py", line 1168, in __call__
    self._increment_mock_call(*args, **kwargs)
  File "/usr/lib/python3.13/unittest/mock.py", line 1177, in _increment_mock_call
    self.call_count += 1
  File "/usr/lib/python3.13/unittest/mock.py", line 359, in _get
    return getattr(self, _the_name)
  File "/usr/lib/python3.13/unittest/mock.py", line 1168, in __call__
    self._increment_mock_call(*args, **kwargs)
  File "/usr/lib/python3.13/unittest/mock.py", line 1177, in _increment_mock_call
    self.call_count += 1
  File "/usr/lib/python3.13/unittest/mock.py", line 359, in _get
    return getattr(self, _the_name)
  File "/usr/lib/python3.13/unittest/mock.py", line 1168, in __call__
    self._increment_mock_call(*args, **kwargs)
  File "/usr/lib/python3.13/unittest/mock.py", line 1177, in _increment_mock_call
    self.call_count += 1
  File "/usr/lib/python3.13/unittest/mock.py", line 359, in _get
    return getattr(self, _the_name)
  File "/usr/lib/python3.13/unittest/mock.py", line 1168, in __call__
    self._increment_mock_call(*args, **kwargs)
  File "/usr/lib/python3.13/unittest/mock.py", line 1177, in _increment_mock_call
    self.call_count += 1
  File "/usr/lib/python3.13/unittest/mock.py", line 359, in _get
    return getattr(self, _the_name)
  File "/usr/lib/python3.13/unittest/mock.py", line 1168, in __call__
    self._increment_mock_call(*args, **kwargs)
  File "/usr/lib/python3.13/unittest/mock.py", line 1177, in _increment_mock_call
    self.call_count += 1
  File "/usr/lib/python3.13/unittest/mock.py", line 359, in _get
    return getattr(self, _the_name)
  File "/usr/lib/python3.13/unittest/mock.py", line 1168, in __call__
    self._increment_mock_call(*args, **kwargs)
  File "/usr/lib/python3.13/unittest/mock.py", line 1177, in _increment_mock_call
    self.call_count += 1
  File "/usr/lib/python3.13/unittest/mock.py", line 359, in _get
    return getattr(self, _the_name)
  File "/usr/lib/python3.13/unittest/mock.py", line 1168, in __call__
    self._increment_mock_call(*args, **kwargs)
  File "/usr/lib/python3.13/unittest/mock.py", line 1177, in _increment_mock_call
    self.call_count += 1
  File "/usr/lib/python3.13/unittest/mock.py", line 359, in _get
    return getattr(self, _the_name)
  File "/usr/lib/python3.13/unittest/mock.py", line 1168, in __call__
    self._increment_mock_call(*args, **kwargs)
  File "/usr/lib/python3.13/unittest/mock.py", line 1177, in _increment_mock_call
    self.call_count += 1
  File "/usr/lib/python3.13/unittest/mock.py", line 359, in _get
    return getattr(self, _the_name)
  File "/usr/lib/python3.13/unittest/mock.py", line 1168, in __call__
    self._increment_mock_call(*args, **kwargs)
  File "/usr/lib/python3.13/unittest/mock.py", line 1177, in _increment_mock_call
    self.call_count += 1
  File "/usr/lib/python3.13/unittest/mock.py", line 359, in _get
    return getattr(self, _the_name)
  File "/usr/lib/python3.13/unittest/mock.py", line 1168, in __call__
    self._increment_mock_call(*args, **kwargs)
  File "/usr/lib/python3.13/unittest/mock.py", line 1177, in _increment_mock_call
    self.call_count += 1
  File "/usr/lib/python3.13/unittest/mock.py", line 359, in _get
    return getattr(self, _the_name)
  File "/usr/lib/python3.13/unittest/mock.py", line 1168, in __call__
    self._increment_mock_call(*args, **kwargs)
  File "/usr/lib/python3.13/unittest/mock.py", line 1177, in _increment_mock_call
    self.call_count += 1
  File "/usr/lib/python3.13/unittest/mock.py", line 359, in _get
    return getattr(self, _the_name)
  File "/usr/lib/python3.13/unittest/mock.py", line 1168, in __call__
    self._increment_mock_call(*args, **kwargs)
  File "/usr/lib/python3.13/unittest/mock.py", line 1177, in _increment_mock_call
    self.call_count += 1
  File "/usr/lib/python3.13/unittest/mock.py", line 359, in _get
    return getattr(self, _the_name)
  File "/usr/lib/python3.13/unittest/mock.py", line 1168, in __call__
    self._increment_mock_call(*args, **kwargs)
  File "/usr/lib/python3.13/unittest/mock.py", line 1177, in _increment_mock_call
    self.call_count += 1
  File "/usr/lib/python3.13/unittest/mock.py", line 359, in _get
    return getattr(self, _the_name)
  File "/usr/lib/python3.13/unittest/mock.py", line 1168, in __call__
    self._increment_mock_call(*args, **kwargs)
  File "/usr/lib/python3.13/unittest/mock.py", line 1177, in _increment_mock_call
    self.call_count += 1
  File "/usr/lib/python3.13/unittest/mock.py", line 359, in _get
    return getattr(self, _the_name)
  File "/usr/lib/python3.13/unittest/mock.py", line 1168, in __call__
    self._increment_mock_call(*args, **kwargs)
  File "/usr/lib/python3.13/unittest/mock.py", line 1177, in _increment_mock_call
    self.call_count += 1
  File "/usr/lib/python3.13/unittest/mock.py", line 359, in _get
    return getattr(self, _the_name)
  File "/usr/lib/python3.13/unittest/mock.py", line 1168, in __call__
    self._increment_mock_call(*args, **kwargs)
  File "/usr/lib/python3.13/unittest/mock.py", line 1177, in _increment_mock_call
    self.call_count += 1
  File "/usr/lib/python3.13/unittest/mock.py", line 359, in _get
    return getattr(self, _the_name)
  File "/usr/lib/python3.13/unittest/mock.py", line 1168, in __call__
    self._increment_mock_call(*args, **kwargs)
  File "/usr/lib/python3.13/unittest/mock.py", line 1177, in _increment_mock_call
    self.call_count += 1
  File "/usr/lib/python3.13/unittest/mock.py", line 359, in _get
    return getattr(self, _the_name)
  File "/usr/lib/python3.13/unittest/mock.py", line 1168, in __call__
    self._increment_mock_call(*args, **kwargs)
  File "/usr/lib/python3.13/unittest/mock.py", line 1177, in _increment_mock_call
    self.call_count += 1
  File "/usr/lib/python3.13/unittest/mock.py", line 359, in _get
    return getattr(self, _the_name)
  File "/usr/lib/python3.13/unittest/mock.py", line 1168, in __call__
    self._increment_mock_call(*args, **kwargs)
  File "/usr/lib/python3.13/unittest/mock.py", line 1177, in _increment_mock_call
    self.call_count += 1
  File "/usr/lib/python3.13/unittest/mock.py", line 359, in _get
    return getattr(self, _the_name)
  File "/usr/lib/python3.13/unittest/mock.py", line 1168, in __call__
    self._increment_mock_call(*args, **kwargs)
  File "/usr/lib/python3.13/unittest/mock.py", line 1177, in _increment_mock_call
    self.call_count += 1
  File "/usr/lib/python3.13/unittest/mock.py", line 359, in _get
    return getattr(self, _the_name)
  File "/usr/lib/python3.13/unittest/mock.py", line 1168, in __call__
    self._increment_mock_call(*args, **kwargs)
  File "/usr/lib/python3.13/unittest/mock.py", line 1177, in _increment_mock_call
    self.call_count += 1
  File "/usr/lib/python3.13/unittest/mock.py", line 359, in _get
    return getattr(self, _the_name)
  File "/usr/lib/python3.13/unittest/mock.py", line 1168, in __call__
    self._increment_mock_call(*args, **kwargs)
  File "/usr/lib/python3.13/unittest/mock.py", line 1177, in _increment_mock_call
    self.call_count += 1
  File "/usr/lib/python3.13/unittest/mock.py", line 359, in _get
    return getattr(self, _the_name)
  File "/usr/lib/python3.13/unittest/mock.py", line 1168, in __call__
    self._increment_mock_call(*args, **kwargs)
  File "/usr/lib/python3.13/unittest/mock.py", line 1177, in _increment_mock_call
    self.call_count += 1
  File "/usr/lib/python3.13/unittest/mock.py", line 359, in _get
    return getattr(self, _the_name)
  File "/usr/lib/python3.13/unittest/mock.py", line 1168, in __call__
    self._increment_mock_call(*args, **kwargs)
  File "/usr/lib/python3.13/unittest/mock.py", line 1177, in _increment_mock_call
    self.call_count += 1
  File "/usr/lib/python3.13/unittest/mock.py", line 359, in _get
    return getattr(self, _the_name)
  File "/usr/lib/python3.13/unittest/mock.py", line 1168, in __call__
    self._increment_mock_call(*args, **kwargs)
  File "/usr/lib/python3.13/unittest/mock.py", line 1177, in _increment_mock_call
    self.call_count += 1
  File "/usr/lib/python3.13/unittest/mock.py", line 359, in _get
    return getattr(self, _the_name)
  File "/usr/lib/python3.13/unittest/mock.py", line 1168, in __call__
    self._increment_mock_call(*args, **kwargs)
  File "/usr/lib/python3.13/unittest/mock.py", line 1177, in _increment_mock_call
    self.call_count += 1
  File "/usr/lib/python3.13/unittest/mock.py", line 359, in _get
    return getattr(self, _the_name)
  File "/usr/lib/python3.13/unittest/mock.py", line 1168, in __call__
    self._increment_mock_call(*args, **kwargs)
  File "/usr/lib/python3.13/unittest/mock.py", line 1177, in _increment_mock_call
    self.call_count += 1
  File "/usr/lib/python3.13/unittest/mock.py", line 359, in _get
    return getattr(self, _the_name)
  File "/usr/lib/python3.13/unittest/mock.py", line 1168, in __call__
    self._increment_mock_call(*args, **kwargs)
  File "/usr/lib/python3.13/unittest/mock.py", line 1177, in _increment_mock_call
    self.call_count += 1
  File "/usr/lib/python3.13/unittest/mock.py", line 359, in _get
    return getattr(self, _the_name)
  File "/usr/lib/python3.13/unittest/mock.py", line 1168, in __call__
    self._increment_mock_call(*args, **kwargs)
  File "/usr/lib/python3.13/unittest/mock.py", line 1177, in _increment_mock_call
    self.call_count += 1
  File "/usr/lib/python3.13/unittest/mock.py", line 359, in _get
    return getattr(self, _the_name)
  File "/usr/lib/python3.13/unittest/mock.py", line 1168, in __call__
    self._increment_mock_call(*args, **kwargs)
  File "/usr/lib/python3.13/unittest/mock.py", line 1177, in _increment_mock_call
    self.call_count += 1
  File "/usr/lib/python3.13/unittest/mock.py", line 359, in _get
    return getattr(self, _the_name)
  File "/usr/lib/python3.13/unittest/mock.py", line 1168, in __call__
    self._increment_mock_call(*args, **kwargs)
  File "/usr/lib/python3.13/unittest/mock.py", line 1177, in _increment_mock_call
    self.call_count += 1
  File "/usr/lib/python3.13/unittest/mock.py", line 359, in _get
    return getattr(self, _the_name)
  File "/usr/lib/python3.13/unittest/mock.py", line 1168, in __call__
    self._increment_mock_call(*args, **kwargs)
  File "/usr/lib/python3.13/unittest/mock.py", line 1177, in _increment_mock_call
    self.call_count += 1
  File "/usr/lib/python3.13/unittest/mock.py", line 359, in _get
    return getattr(self, _the_name)
  File "/usr/lib/python3.13/unittest/mock.py", line 1168, in __call__
    self._increment_mock_call(*args, **kwargs)
  File "/usr/lib/python3.13/unittest/mock.py", line 1177, in _increment_mock_call
    self.call_count += 1
  File "/usr/lib/python3.13/unittest/mock.py", line 359, in _get
    return getattr(self, _the_name)
  File "/usr/lib/python3.13/unittest/mock.py", line 1168, in __call__
    self._increment_mock_call(*args, **kwargs)
  File "/usr/lib/python3.13/unittest/mock.py", line 1177, in _increment_mock_call
    self.call_count += 1
  File "/usr/lib/python3.13/unittest/mock.py", line 359, in _get
    return getattr(self, _the_name)
  File "/usr/lib/python3.13/unittest/mock.py", line 1168, in __call__
    self._increment_mock_call(*args, **kwargs)
  File "/usr/lib/python3.13/unittest/mock.py", line 1177, in _increment_mock_call
    self.call_count += 1
  File "/usr/lib/python3.13/unittest/mock.py", line 359, in _get
    return getattr(self, _the_name)
  File "/usr/lib/python3.13/unittest/mock.py", line 1168, in __call__
    self._increment_mock_call(*args, **kwargs)
  File "/usr/lib/python3.13/unittest/mock.py", line 1177, in _increment_mock_call
    self.call_count += 1
  File "/usr/lib/python3.13/unittest/mock.py", line 359, in _get
    return getattr(self, _the_name)
  File "/usr/lib/python3.13/unittest/mock.py", line 1168, in __call__
    self._increment_mock_call(*args, **kwargs)
  File "/usr/lib/python3.13/unittest/mock.py", line 1177, in _increment_mock_call
    self.call_count += 1
  File "/usr/lib/python3.13/unittest/mock.py", line 359, in _get
    return getattr(self, _the_name)
  File "/usr/lib/python3.13/unittest/mock.py", line 1168, in __call__
    self._increment_mock_call(*args, **kwargs)
  File "/usr/lib/python3.13/unittest/mock.py", line 1177, in _increment_mock_call
    self.call_count += 1
  File "/usr/lib/python3.13/unittest/mock.py", line 359, in _get
    return getattr(self, _the_name)
  File "/usr/lib/python3.13/unittest/mock.py", line 1168, in __call__
    self._increment_mock_call(*args, **kwargs)
  File "/usr/lib/python3.13/unittest/mock.py", line 1177, in _increment_mock_call
    self.call_count += 1
  File "/usr/lib/python3.13/unittest/mock.py", line 359, in _get
    return getattr(self, _the_name)
  File "/usr/lib/python3.13/unittest/mock.py", line 1168, in __call__
    self._increment_mock_call(*args, **kwargs)
  File "/usr/lib/python3.13/unittest/mock.py", line 1177, in _increment_mock_call
    self.call_count += 1
  File "/usr/lib/python3.13/unittest/mock.py", line 359, in _get
    return getattr(self, _the_name)
  File "/usr/lib/python3.13/unittest/mock.py", line 1168, in __call__
    self._increment_mock_call(*args, **kwargs)
  File "/usr/lib/python3.13/unittest/mock.py", line 1177, in _increment_mock_call
    self.call_count += 1
  File "/usr/lib/python3.13/unittest/mock.py", line 359, in _get
    return getattr(self, _the_name)
  File "/usr/lib/python3.13/unittest/mock.py", line 1168, in __call__
    self._increment_mock_call(*args, **kwargs)
  File "/usr/lib/python3.13/unittest/mock.py", line 1177, in _increment_mock_call
    self.call_count += 1
  File "/usr/lib/python3.13/unittest/mock.py", line 359, in _get
    return getattr(self, _the_name)
  File "/usr/lib/python3.13/unittest/mock.py", line 1168, in __call__
    self._increment_mock_call(*args, **kwargs)
  File "/usr/lib/python3.13/unittest/mock.py", line 1177, in _increment_mock_call
    self.call_count += 1
  File "/usr/lib/python3.13/unittest/mock.py", line 359, in _get
    return getattr(self, _the_name)
  File "/usr/lib/python3.13/unittest/mock.py", line 1168, in __call__
    self._increment_mock_call(*args, **kwargs)
  File "/usr/lib/python3.13/unittest/mock.py", line 1177, in _increment_mock_call
    self.call_count += 1
  File "/usr/lib/python3.13/unittest/mock.py", line 359, in _get
    return getattr(self, _the_name)
  File "/usr/lib/python3.13/unittest/mock.py", line 1168, in __call__
    self._increment_mock_call(*args, **kwargs)
  File "/usr/lib/python3.13/unittest/mock.py", line 1177, in _increment_mock_call
    self.call_count += 1
  File "/usr/lib/python3.13/unittest/mock.py", line 359, in _get
    return getattr(self, _the_name)
  File "/usr/lib/python3.13/unittest/mock.py", line 1168, in __call__
    self._increment_mock_call(*args, **kwargs)
  File "/usr/lib/python3.13/unittest/mock.py", line 1177, in _increment_mock_call
    self.call_count += 1
  File "/usr/lib/python3.13/unittest/mock.py", line 359, in _get
    return getattr(self, _the_name)
  File "/usr/lib/python3.13/unittest/mock.py", line 1168, in __call__
    self._increment_mock_call(*args, **kwargs)
  File "/usr/lib/python3.13/unittest/mock.py", line 1177, in _increment_mock_call
    self.call_count += 1
  File "/usr/lib/python3.13/unittest/mock.py", line 359, in _get
    return getattr(self, _the_name)
  File "/usr/lib/python3.13/unittest/mock.py", line 1168, in __call__
    self._increment_mock_call(*args, **kwargs)
  File "/usr/lib/python3.13/unittest/mock.py", line 1177, in _increment_mock_call
    self.call_count += 1
  File "/usr/lib/python3.13/unittest/mock.py", line 359, in _get
    return getattr(self, _the_name)
  File "/usr/lib/python3.13/unittest/mock.py", line 1168, in __call__
    self._increment_mock_call(*args, **kwargs)
  File "/usr/lib/python3.13/unittest/mock.py", line 1177, in _increment_mock_call
    self.call_count += 1
  File "/usr/lib/python3.13/unittest/mock.py", line 359, in _get
    return getattr(self, _the_name)
  File "/usr/lib/python3.13/unittest/mock.py", line 1168, in __call__
    self._increment_mock_call(*args, **kwargs)
  File "/usr/lib/python3.13/unittest/mock.py", line 1177, in _increment_mock_call
    self.call_count += 1
  File "/usr/lib/python3.13/unittest/mock.py", line 359, in _get
    return getattr(self, _the_name)
  File "/usr/lib/python3.13/unittest/mock.py", line 1168, in __call__
    self._increment_mock_call(*args, **kwargs)
  File "/usr/lib/python3.13/unittest/mock.py", line 1177, in _increment_mock_call
    self.call_count += 1
  File "/usr/lib/python3.13/unittest/mock.py", line 359, in _get
    return getattr(self, _the_name)
  File "/usr/lib/python3.13/unittest/mock.py", line 1168, in __call__
    self._increment_mock_call(*args, **kwargs)
  File "/usr/lib/python3.13/unittest/mock.py", line 1177, in _increment_mock_call
    self.call_count += 1
  File "/usr/lib/python3.13/unittest/mock.py", line 359, in _get
    return getattr(self, _the_name)
  File "/usr/lib/python3.13/unittest/mock.py", line 1168, in __call__
    self._increment_mock_call(*args, **kwargs)
  File "/usr/lib/python3.13/unittest/mock.py", line 1177, in _increment_mock_call
    self.call_count += 1
  File "/usr/lib/python3.13/unittest/mock.py", line 359, in _get
    return getattr(self, _the_name)
  File "/usr/lib/python3.13/unittest/mock.py", line 1168, in __call__
    self._increment_mock_call(*args, **kwargs)
  File "/usr/lib/python3.13/unittest/mock.py", line 1177, in _increment_mock_call
    self.call_count += 1
  File "/usr/lib/python3.13/unittest/mock.py", line 359, in _get
    return getattr(self, _the_name)
  File "/usr/lib/python3.13/unittest/mock.py", line 1168, in __call__
    self._increment_mock_call(*args, **kwargs)
  File "/usr/lib/python3.13/unittest/mock.py", line 1177, in _increment_mock_call
    self.call_count += 1
  File "/usr/lib/python3.13/unittest/mock.py", line 359, in _get
    return getattr(self, _the_name)
  File "/usr/lib/python3.13/unittest/mock.py", line 1168, in __call__
    self._increment_mock_call(*args, **kwargs)
  File "/usr/lib/python3.13/unittest/mock.py", line 1177, in _increment_mock_call
    self.call_count += 1
  File "/usr/lib/python3.13/unittest/mock.py", line 359, in _get
    return getattr(self, _the_name)
  File "/usr/lib/python3.13/unittest/mock.py", line 1168, in __call__
    self._increment_mock_call(*args, **kwargs)
  File "/usr/lib/python3.13/unittest/mock.py", line 1177, in _increment_mock_call
    self.call_count += 1
  File "/usr/lib/python3.13/unittest/mock.py", line 359, in _get
    return getattr(self, _the_name)
  File "/usr/lib/python3.13/unittest/mock.py", line 1168, in __call__
    self._increment_mock_call(*args, **kwargs)
  File "/usr/lib/python3.13/unittest/mock.py", line 1177, in _increment_mock_call
    self.call_count += 1
  File "/usr/lib/python3.13/unittest/mock.py", line 359, in _get
    return getattr(self, _the_name)
  File "/usr/lib/python3.13/unittest/mock.py", line 1168, in __call__
    self._increment_mock_call(*args, **kwargs)
  File "/usr/lib/python3.13/unittest/mock.py", line 1177, in _increment_mock_call
    self.call_count += 1
  File "/usr/lib/python3.13/unittest/mock.py", line 359, in _get
    return getattr(self, _the_name)
  File "/usr/lib/python3.13/unittest/mock.py", line 1168, in __call__
    self._increment_mock_call(*args, **kwargs)
  File "/usr/lib/python3.13/unittest/mock.py", line 1177, in _increment_mock_call
    self.call_count += 1
  File "/usr/lib/python3.13/unittest/mock.py", line 359, in _get
    return getattr(self, _the_name)
  File "/usr/lib/python3.13/unittest/mock.py", line 1168, in __call__
    self._increment_mock_call(*args, **kwargs)
  File "/usr/lib/python3.13/unittest/mock.py", line 1177, in _increment_mock_call
    self.call_count += 1
  File "/usr/lib/python3.13/unittest/mock.py", line 359, in _get
    return getattr(self, _the_name)
  File "/usr/lib/python3.13/unittest/mock.py", line 1168, in __call__
    self._increment_mock_call(*args, **kwargs)
  File "/usr/lib/python3.13/unittest/mock.py", line 1177, in _increment_mock_call
    self.call_count += 1
  File "/usr/lib/python3.13/unittest/mock.py", line 359, in _get
    return getattr(self, _the_name)
  File "/usr/lib/python3.13/unittest/mock.py", line 1168, in __call__
    self._increment_mock_call(*args, **kwargs)
  File "/usr/lib/python3.13/unittest/mock.py", line 1177, in _increment_mock_call
    self.call_count += 1
  File "/usr/lib/python3.13/unittest/mock.py", line 359, in _get
    return getattr(self, _the_name)
  File "/usr/lib/python3.13/unittest/mock.py", line 1168, in __call__
    self._increment_mock_call(*args, **kwargs)
  File "/usr/lib/python3.13/unittest/mock.py", line 1177, in _increment_mock_call
    self.call_count += 1
  File "/usr/lib/python3.13/unittest/mock.py", line 359, in _get
    return getattr(self, _the_name)
  File "/usr/lib/python3.13/unittest/mock.py", line 1168, in __call__
    self._increment_mock_call(*args, **kwargs)
  File "/usr/lib/python3.13/unittest/mock.py", line 1177, in _increment_mock_call
    self.call_count += 1
  File "/usr/lib/python3.13/unittest/mock.py", line 359, in _get
    return getattr(self, _the_name)
  File "/usr/lib/python3.13/unittest/mock.py", line 1168, in __call__
    self._increment_mock_call(*args, **kwargs)
  File "/usr/lib/python3.13/unittest/mock.py", line 1177, in _increment_mock_call
    self.call_count += 1
  File "/usr/lib/python3.13/unittest/mock.py", line 359, in _get
    return getattr(self, _the_name)
  File "/usr/lib/python3.13/unittest/mock.py", line 1168, in __call__
    self._increment_mock_call(*args, **kwargs)
  File "/usr/lib/python3.13/unittest/mock.py", line 1177, in _increment_mock_call
    self.call_count += 1
  File "/usr/lib/python3.13/unittest/mock.py", line 359, in _get
    return getattr(self, _the_name)
  File "/usr/lib/python3.13/unittest/mock.py", line 1168, in __call__
    self._increment_mock_call(*args, **kwargs)
  File "/usr/lib/python3.13/unittest/mock.py", line 1177, in _increment_mock_call
    self.call_count += 1
  File "/usr/lib/python3.13/unittest/mock.py", line 359, in _get
    return getattr(self, _the_name)
  File "/usr/lib/python3.13/unittest/mock.py", line 1168, in __call__
    self._increment_mock_call(*args, **kwargs)
  File "/usr/lib/python3.13/unittest/mock.py", line 1177, in _increment_mock_call
    self.call_count += 1
  File "/usr/lib/python3.13/unittest/mock.py", line 359, in _get
    return getattr(self, _the_name)
  File "/usr/lib/python3.13/unittest/mock.py", line 1168, in __call__
    self._increment_mock_call(*args, **kwargs)
  File "/usr/lib/python3.13/unittest/mock.py", line 1177, in _increment_mock_call
    self.call_count += 1
  File "/usr/lib/python3.13/unittest/mock.py", line 359, in _get
    return getattr(self, _the_name)
  File "/usr/lib/python3.13/unittest/mock.py", line 1168, in __call__
    self._increment_mock_call(*args, **kwargs)
  File "/usr/lib/python3.13/unittest/mock.py", line 1177, in _increment_mock_call
    self.call_count += 1
  File "/usr/lib/python3.13/unittest/mock.py", line 359, in _get
    return getattr(self, _the_name)
  File "/usr/lib/python3.13/unittest/mock.py", line 1168, in __call__
    self._increment_mock_call(*args, **kwargs)
  File "/usr/lib/python3.13/unittest/mock.py", line 1177, in _increment_mock_call
    self.call_count += 1
  File "/usr/lib/python3.13/unittest/mock.py", line 359, in _get
    return getattr(self, _the_name)
  File "/usr/lib/python3.13/unittest/mock.py", line 1168, in __call__
    self._increment_mock_call(*args, **kwargs)
  File "/usr/lib/python3.13/unittest/mock.py", line 1177, in _increment_mock_call
    self.call_count += 1
  File "/usr/lib/python3.13/unittest/mock.py", line 359, in _get
    return getattr(self, _the_name)
  File "/usr/lib/python3.13/unittest/mock.py", line 1168, in __call__
    self._increment_mock_call(*args, **kwargs)
  File "/usr/lib/python3.13/unittest/mock.py", line 1177, in _increment_mock_call
    self.call_count += 1
  File "/usr/lib/python3.13/unittest/mock.py", line 359, in _get
    return getattr(self, _the_name)
  File "/usr/lib/python3.13/unittest/mock.py", line 1168, in __call__
    self._increment_mock_call(*args, **kwargs)
  File "/usr/lib/python3.13/unittest/mock.py", line 1177, in _increment_mock_call
    self.call_count += 1
  File "/usr/lib/python3.13/unittest/mock.py", line 359, in _get
    return getattr(self, _the_name)
  File "/usr/lib/python3.13/unittest/mock.py", line 1168, in __call__
    self._increment_mock_call(*args, **kwargs)
  File "/usr/lib/python3.13/unittest/mock.py", line 1177, in _increment_mock_call
    self.call_count += 1
  File "/usr/lib/python3.13/unittest/mock.py", line 359, in _get
    return getattr(self, _the_name)
  File "/usr/lib/python3.13/unittest/mock.py", line 1168, in __call__
    self._increment_mock_call(*args, **kwargs)
  File "/usr/lib/python3.13/unittest/mock.py", line 1177, in _increment_mock_call
    self.call_count += 1
  File "/usr/lib/python3.13/unittest/mock.py", line 359, in _get
    return getattr(self, _the_name)
  File "/usr/lib/python3.13/unittest/mock.py", line 1168, in __call__
    self._increment_mock_call(*args, **kwargs)
  File "/usr/lib/python3.13/unittest/mock.py", line 1177, in _increment_mock_call
    self.call_count += 1
  File "/usr/lib/python3.13/unittest/mock.py", line 359, in _get
    return getattr(self, _the_name)
  File "/usr/lib/python3.13/unittest/mock.py", line 1168, in __call__
    self._increment_mock_call(*args, **kwargs)
  File "/usr/lib/python3.13/unittest/mock.py", line 1177, in _increment_mock_call
    self.call_count += 1
  File "/usr/lib/python3.13/unittest/mock.py", line 359, in _get
    return getattr(self, _the_name)
  File "/usr/lib/python3.13/unittest/mock.py", line 1168, in __call__
    self._increment_mock_call(*args, **kwargs)
  File "/usr/lib/python3.13/unittest/mock.py", line 1177, in _increment_mock_call
    self.call_count += 1
  File "/usr/lib/python3.13/unittest/mock.py", line 359, in _get
    return getattr(self, _the_name)
  File "/usr/lib/python3.13/unittest/mock.py", line 1168, in __call__
    self._increment_mock_call(*args, **kwargs)
  File "/usr/lib/python3.13/unittest/mock.py", line 1177, in _increment_mock_call
    self.call_count += 1
  File "/usr/lib/python3.13/unittest/mock.py", line 359, in _get
    return getattr(self, _the_name)
  File "/usr/lib/python3.13/unittest/mock.py", line 1168, in __call__
    self._increment_mock_call(*args, **kwargs)
  File "/usr/lib/python3.13/unittest/mock.py", line 1177, in _increment_mock_call
    self.call_count += 1
  File "/usr/lib/python3.13/unittest/mock.py", line 359, in _get
    return getattr(self, _the_name)
  File "/usr/lib/python3.13/unittest/mock.py", line 1168, in __call__
    self._increment_mock_call(*args, **kwargs)
  File "/usr/lib/python3.13/unittest/mock.py", line 1177, in _increment_mock_call
    self.call_count += 1
  File "/usr/lib/python3.13/unittest/mock.py", line 359, in _get
    return getattr(self, _the_name)
  File "/usr/lib/python3.13/unittest/mock.py", line 1168, in __call__
    self._increment_mock_call(*args, **kwargs)
  File "/usr/lib/python3.13/unittest/mock.py", line 1177, in _increment_mock_call
    self.call_count += 1
  File "/usr/lib/python3.13/unittest/mock.py", line 359, in _get
    return getattr(self, _the_name)
  File "/usr/lib/python3.13/unittest/mock.py", line 1168, in __call__
    self._increment_mock_call(*args, **kwargs)
  File "/usr/lib/python3.13/unittest/mock.py", line 1177, in _increment_mock_call
    self.call_count += 1
  File "/usr/lib/python3.13/unittest/mock.py", line 359, in _get
    return getattr(self, _the_name)
  File "/usr/lib/python3.13/unittest/mock.py", line 1168, in __call__
    self._increment_mock_call(*args, **kwargs)
  File "/usr/lib/python3.13/unittest/mock.py", line 1177, in _increment_mock_call
    self.call_count += 1
  File "/usr/lib/python3.13/unittest/mock.py", line 359, in _get
    return getattr(self, _the_name)
  File "/usr/lib/python3.13/unittest/mock.py", line 1168, in __call__
    self._increment_mock_call(*args, **kwargs)
  File "/usr/lib/python3.13/unittest/mock.py", line 1177, in _increment_mock_call
    self.call_count += 1
  File "/usr/lib/python3.13/unittest/mock.py", line 359, in _get
    return getattr(self, _the_name)
  File "/usr/lib/python3.13/unittest/mock.py", line 1168, in __call__
    self._increment_mock_call(*args, **kwargs)
  File "/usr/lib/python3.13/unittest/mock.py", line 1177, in _increment_mock_call
    self.call_count += 1
  File "/usr/lib/python3.13/unittest/mock.py", line 359, in _get
    return getattr(self, _the_name)
  File "/usr/lib/python3.13/unittest/mock.py", line 1168, in __call__
    self._increment_mock_call(*args, **kwargs)
  File "/usr/lib/python3.13/unittest/mock.py", line 1177, in _increment_mock_call
    self.call_count += 1
  File "/usr/lib/python3.13/unittest/mock.py", line 359, in _get
    return getattr(self, _the_name)
  File "/usr/lib/python3.13/unittest/mock.py", line 1168, in __call__
    self._increment_mock_call(*args, **kwargs)
  File "/usr/lib/python3.13/unittest/mock.py", line 1177, in _increment_mock_call
    self.call_count += 1
  File "/usr/lib/python3.13/unittest/mock.py", line 359, in _get
    return getattr(self, _the_name)
  File "/usr/lib/python3.13/unittest/mock.py", line 1168, in __call__
    self._increment_mock_call(*args, **kwargs)
  File "/usr/lib/python3.13/unittest/mock.py", line 1177, in _increment_mock_call
    self.call_count += 1
  File "/usr/lib/python3.13/unittest/mock.py", line 359, in _get
    return getattr(self, _the_name)
  File "/usr/lib/python3.13/unittest/mock.py", line 1168, in __call__
    self._increment_mock_call(*args, **kwargs)
  File "/usr/lib/python3.13/unittest/mock.py", line 1177, in _increment_mock_call
    self.call_count += 1
  File "/usr/lib/python3.13/unittest/mock.py", line 359, in _get
    return getattr(self, _the_name)
  File "/usr/lib/python3.13/unittest/mock.py", line 1168, in __call__
    self._increment_mock_call(*args, **kwargs)
  File "/usr/lib/python3.13/unittest/mock.py", line 1177, in _increment_mock_call
    self.call_count += 1
  File "/usr/lib/python3.13/unittest/mock.py", line 359, in _get
    return getattr(self, _the_name)
  File "/usr/lib/python3.13/unittest/mock.py", line 1168, in __call__
    self._increment_mock_call(*args, **kwargs)
  File "/usr/lib/python3.13/unittest/mock.py", line 1177, in _increment_mock_call
    self.call_count += 1
  File "/usr/lib/python3.13/unittest/mock.py", line 359, in _get
    return getattr(self, _the_name)
  File "/usr/lib/python3.13/unittest/mock.py", line 1168, in __call__
    self._increment_mock_call(*args, **kwargs)
  File "/usr/lib/python3.13/unittest/mock.py", line 1177, in _increment_mock_call
    self.call_count += 1
  File "/usr/lib/python3.13/unittest/mock.py", line 359, in _get
    return getattr(self, _the_name)
  File "/usr/lib/python3.13/unittest/mock.py", line 1168, in __call__
    self._increment_mock_call(*args, **kwargs)
  File "/usr/lib/python3.13/unittest/mock.py", line 1177, in _increment_mock_call
    self.call_count += 1
  File "/usr/lib/python3.13/unittest/mock.py", line 359, in _get
    return getattr(self, _the_name)
  File "/usr/lib/python3.13/unittest/mock.py", line 1168, in __call__
    self._increment_mock_call(*args, **kwargs)
  File "/usr/lib/python3.13/unittest/mock.py", line 1177, in _increment_mock_call
    self.call_count += 1
  File "/usr/lib/python3.13/unittest/mock.py", line 359, in _get
    return getattr(self, _the_name)
  File "/usr/lib/python3.13/unittest/mock.py", line 1168, in __call__
    self._increment_mock_call(*args, **kwargs)
  File "/usr/lib/python3.13/unittest/mock.py", line 1177, in _increment_mock_call
    self.call_count += 1
  File "/usr/lib/python3.13/unittest/mock.py", line 359, in _get
    return getattr(self, _the_name)
  File "/usr/lib/python3.13/unittest/mock.py", line 1168, in __call__
    self._increment_mock_call(*args, **kwargs)
  File "/usr/lib/python3.13/unittest/mock.py", line 1177, in _increment_mock_call
    self.call_count += 1
  File "/usr/lib/python3.13/unittest/mock.py", line 359, in _get
    return getattr(self, _the_name)
  File "/usr/lib/python3.13/unittest/mock.py", line 1168, in __call__
    self._increment_mock_call(*args, **kwargs)
  File "/usr/lib/python3.13/unittest/mock.py", line 1177, in _increment_mock_call
    self.call_count += 1
  File "/usr/lib/python3.13/unittest/mock.py", line 359, in _get
    return getattr(self, _the_name)
  File "/usr/lib/python3.13/unittest/mock.py", line 1168, in __call__
    self._increment_mock_call(*args, **kwargs)
  File "/usr/lib/python3.13/unittest/mock.py", line 1177, in _increment_mock_call
    self.call_count += 1
  File "/usr/lib/python3.13/unittest/mock.py", line 359, in _get
    return getattr(self, _the_name)
  File "/usr/lib/python3.13/unittest/mock.py", line 1168, in __call__
    self._increment_mock_call(*args, **kwargs)
  File "/usr/lib/python3.13/unittest/mock.py", line 1177, in _increment_mock_call
    self.call_count += 1
  File "/usr/lib/python3.13/unittest/mock.py", line 359, in _get
    return getattr(self, _the_name)
  File "/usr/lib/python3.13/unittest/mock.py", line 1168, in __call__
    self._increment_mock_call(*args, **kwargs)
  File "/usr/lib/python3.13/unittest/mock.py", line 1177, in _increment_mock_call
    self.call_count += 1
  File "/usr/lib/python3.13/unittest/mock.py", line 359, in _get
    return getattr(self, _the_name)
  File "/usr/lib/python3.13/unittest/mock.py", line 1168, in __call__
    self._increment_mock_call(*args, **kwargs)
  File "/usr/lib/python3.13/unittest/mock.py", line 1177, in _increment_mock_call
    self.call_count += 1
  File "/usr/lib/python3.13/unittest/mock.py", line 359, in _get
    return getattr(self, _the_name)
  File "/usr/lib/python3.13/unittest/mock.py", line 1168, in __call__
    self._increment_mock_call(*args, **kwargs)
  File "/usr/lib/python3.13/unittest/mock.py", line 1177, in _increment_mock_call
    self.call_count += 1
  File "/usr/lib/python3.13/unittest/mock.py", line 359, in _get
    return getattr(self, _the_name)
  File "/usr/lib/python3.13/unittest/mock.py", line 1168, in __call__
    self._increment_mock_call(*args, **kwargs)
  File "/usr/lib/python3.13/unittest/mock.py", line 1177, in _increment_mock_call
    self.call_count += 1
  File "/usr/lib/python3.13/unittest/mock.py", line 359, in _get
    return getattr(self, _the_name)
  File "/usr/lib/python3.13/unittest/mock.py", line 1168, in __call__
    self._increment_mock_call(*args, **kwargs)
  File "/usr/lib/python3.13/unittest/mock.py", line 1177, in _increment_mock_call
    self.call_count += 1
  File "/usr/lib/python3.13/unittest/mock.py", line 359, in _get
    return getattr(self, _the_name)
  File "/usr/lib/python3.13/unittest/mock.py", line 1168, in __call__
    self._increment_mock_call(*args, **kwargs)
  File "/usr/lib/python3.13/unittest/mock.py", line 1177, in _increment_mock_call
    self.call_count += 1
  File "/usr/lib/python3.13/unittest/mock.py", line 359, in _get
    return getattr(self, _the_name)
  File "/usr/lib/python3.13/unittest/mock.py", line 1168, in __call__
    self._increment_mock_call(*args, **kwargs)
  File "/usr/lib/python3.13/unittest/mock.py", line 1177, in _increment_mock_call
    self.call_count += 1
  File "/usr/lib/python3.13/unittest/mock.py", line 359, in _get
    return getattr(self, _the_name)
  File "/usr/lib/python3.13/unittest/mock.py", line 1168, in __call__
    self._increment_mock_call(*args, **kwargs)
  File "/usr/lib/python3.13/unittest/mock.py", line 1177, in _increment_mock_call
    self.call_count += 1
  File "/usr/lib/python3.13/unittest/mock.py", line 359, in _get
    return getattr(self, _the_name)
  File "/usr/lib/python3.13/unittest/mock.py", line 1168, in __call__
    self._increment_mock_call(*args, **kwargs)
  File "/usr/lib/python3.13/unittest/mock.py", line 1177, in _increment_mock_call
    self.call_count += 1
  File "/usr/lib/python3.13/unittest/mock.py", line 359, in _get
    return getattr(self, _the_name)
  File "/usr/lib/python3.13/unittest/mock.py", line 1168, in __call__
    self._increment_mock_call(*args, **kwargs)
  File "/usr/lib/python3.13/unittest/mock.py", line 1177, in _increment_mock_call
    self.call_count += 1
  File "/usr/lib/python3.13/unittest/mock.py", line 359, in _get
    return getattr(self, _the_name)
  File "/usr/lib/python3.13/unittest/mock.py", line 1168, in __call__
    self._increment_mock_call(*args, **kwargs)
  File "/usr/lib/python3.13/unittest/mock.py", line 1177, in _increment_mock_call
    self.call_count += 1
  File "/usr/lib/python3.13/unittest/mock.py", line 359, in _get
    return getattr(self, _the_name)
  File "/usr/lib/python3.13/unittest/mock.py", line 1168, in __call__
    self._increment_mock_call(*args, **kwargs)
  File "/usr/lib/python3.13/unittest/mock.py", line 1177, in _increment_mock_call
    self.call_count += 1
  File "/usr/lib/python3.13/unittest/mock.py", line 359, in _get
    return getattr(self, _the_name)
  File "/usr/lib/python3.13/unittest/mock.py", line 1168, in __call__
    self._increment_mock_call(*args, **kwargs)
  File "/usr/lib/python3.13/unittest/mock.py", line 1177, in _increment_mock_call
    self.call_count += 1
  File "/usr/lib/python3.13/unittest/mock.py", line 359, in _get
    return getattr(self, _the_name)
  File "/usr/lib/python3.13/unittest/mock.py", line 1168, in __call__
    self._increment_mock_call(*args, **kwargs)
  File "/usr/lib/python3.13/unittest/mock.py", line 1177, in _increment_mock_call
    self.call_count += 1
  File "/usr/lib/python3.13/unittest/mock.py", line 359, in _get
    return getattr(self, _the_name)
  File "/usr/lib/python3.13/unittest/mock.py", line 1168, in __call__
    self._increment_mock_call(*args, **kwargs)
  File "/usr/lib/python3.13/unittest/mock.py", line 1177, in _increment_mock_call
    self.call_count += 1
  File "/usr/lib/python3.13/unittest/mock.py", line 359, in _get
    return getattr(self, _the_name)
  File "/usr/lib/python3.13/unittest/mock.py", line 1168, in __call__
    self._increment_mock_call(*args, **kwargs)
  File "/usr/lib/python3.13/unittest/mock.py", line 1177, in _increment_mock_call
    self.call_count += 1
  File "/usr/lib/python3.13/unittest/mock.py", line 359, in _get
    return getattr(self, _the_name)
  File "/usr/lib/python3.13/unittest/mock.py", line 1168, in __call__
    self._increment_mock_call(*args, **kwargs)
  File "/usr/lib/python3.13/unittest/mock.py", line 1177, in _increment_mock_call
    self.call_count += 1
  File "/usr/lib/python3.13/unittest/mock.py", line 359, in _get
    return getattr(self, _the_name)
  File "/usr/lib/python3.13/unittest/mock.py", line 1168, in __call__
    self._increment_mock_call(*args, **kwargs)
  File "/usr/lib/python3.13/unittest/mock.py", line 1177, in _increment_mock_call
    self.call_count += 1
  File "/usr/lib/python3.13/unittest/mock.py", line 359, in _get
    return getattr(self, _the_name)
  File "/usr/lib/python3.13/unittest/mock.py", line 1168, in __call__
    self._increment_mock_call(*args, **kwargs)
  File "/usr/lib/python3.13/unittest/mock.py", line 1177, in _increment_mock_call
    self.call_count += 1
  File "/usr/lib/python3.13/unittest/mock.py", line 359, in _get
    return getattr(self, _the_name)
  File "/usr/lib/python3.13/unittest/mock.py", line 1168, in __call__
    self._increment_mock_call(*args, **kwargs)
  File "/usr/lib/python3.13/unittest/mock.py", line 1177, in _increment_mock_call
    self.call_count += 1
  File "/usr/lib/python3.13/unittest/mock.py", line 359, in _get
    return getattr(self, _the_name)
  File "/usr/lib/python3.13/unittest/mock.py", line 1168, in __call__
    self._increment_mock_call(*args, **kwargs)
  File "/usr/lib/python3.13/unittest/mock.py", line 1177, in _increment_mock_call
    self.call_count += 1
  File "/usr/lib/python3.13/unittest/mock.py", line 359, in _get
    return getattr(self, _the_name)
  File "/usr/lib/python3.13/unittest/mock.py", line 1168, in __call__
    self._increment_mock_call(*args, **kwargs)
  File "/usr/lib/python3.13/unittest/mock.py", line 1177, in _increment_mock_call
    self.call_count += 1
  File "/usr/lib/python3.13/unittest/mock.py", line 359, in _get
    return getattr(self, _the_name)
  File "/usr/lib/python3.13/unittest/mock.py", line 1168, in __call__
    self._increment_mock_call(*args, **kwargs)
  File "/usr/lib/python3.13/unittest/mock.py", line 1177, in _increment_mock_call
    self.call_count += 1
  File "/usr/lib/python3.13/unittest/mock.py", line 359, in _get
    return getattr(self, _the_name)
  File "/usr/lib/python3.13/unittest/mock.py", line 1168, in __call__
    self._increment_mock_call(*args, **kwargs)
  File "/usr/lib/python3.13/unittest/mock.py", line 1177, in _increment_mock_call
    self.call_count += 1
  File "/usr/lib/python3.13/unittest/mock.py", line 359, in _get
    return getattr(self, _the_name)
  File "/usr/lib/python3.13/unittest/mock.py", line 1168, in __call__
    self._increment_mock_call(*args, **kwargs)
  File "/usr/lib/python3.13/unittest/mock.py", line 1177, in _increment_mock_call
    self.call_count += 1
  File "/usr/lib/python3.13/unittest/mock.py", line 359, in _get
    return getattr(self, _the_name)
  File "/usr/lib/python3.13/unittest/mock.py", line 1168, in __call__
    self._increment_mock_call(*args, **kwargs)
  File "/usr/lib/python3.13/unittest/mock.py", line 1177, in _increment_mock_call
    self.call_count += 1
  File "/usr/lib/python3.13/unittest/mock.py", line 359, in _get
    return getattr(self, _the_name)
  File "/usr/lib/python3.13/unittest/mock.py", line 1168, in __call__
    self._increment_mock_call(*args, **kwargs)
  File "/usr/lib/python3.13/unittest/mock.py", line 1177, in _increment_mock_call
    self.call_count += 1
  File "/usr/lib/python3.13/unittest/mock.py", line 359, in _get
    return getattr(self, _the_name)
  File "/usr/lib/python3.13/unittest/mock.py", line 1168, in __call__
    self._increment_mock_call(*args, **kwargs)
  File "/usr/lib/python3.13/unittest/mock.py", line 1177, in _increment_mock_call
    self.call_count += 1
  File "/usr/lib/python3.13/unittest/mock.py", line 359, in _get
    return getattr(self, _the_name)
  File "/usr/lib/python3.13/unittest/mock.py", line 1168, in __call__
    self._increment_mock_call(*args, **kwargs)
  File "/usr/lib/python3.13/unittest/mock.py", line 1177, in _increment_mock_call
    self.call_count += 1
  File "/usr/lib/python3.13/unittest/mock.py", line 359, in _get
    return getattr(self, _the_name)
  File "/usr/lib/python3.13/unittest/mock.py", line 1168, in __call__
    self._increment_mock_call(*args, **kwargs)
  File "/usr/lib/python3.13/unittest/mock.py", line 1177, in _increment_mock_call
    self.call_count += 1
  File "/usr/lib/python3.13/unittest/mock.py", line 359, in _get
    return getattr(self, _the_name)
  File "/usr/lib/python3.13/unittest/mock.py", line 1168, in __call__
    self._increment_mock_call(*args, **kwargs)
  File "/usr/lib/python3.13/unittest/mock.py", line 1177, in _increment_mock_call
    self.call_count += 1
  File "/usr/lib/python3.13/unittest/mock.py", line 359, in _get
    return getattr(self, _the_name)
  File "/usr/lib/python3.13/unittest/mock.py", line 1168, in __call__
    self._increment_mock_call(*args, **kwargs)
  File "/usr/lib/python3.13/unittest/mock.py", line 1177, in _increment_mock_call
    self.call_count += 1
  File "/usr/lib/python3.13/unittest/mock.py", line 359, in _get
    return getattr(self, _the_name)
  File "/usr/lib/python3.13/unittest/mock.py", line 1168, in __call__
    self._increment_mock_call(*args, **kwargs)
  File "/usr/lib/python3.13/unittest/mock.py", line 1177, in _increment_mock_call
    self.call_count += 1
  File "/usr/lib/python3.13/unittest/mock.py", line 359, in _get
    return getattr(self, _the_name)
  File "/usr/lib/python3.13/unittest/mock.py", line 1168, in __call__
    self._increment_mock_call(*args, **kwargs)
  File "/usr/lib/python3.13/unittest/mock.py", line 1177, in _increment_mock_call
    self.call_count += 1
  File "/usr/lib/python3.13/unittest/mock.py", line 359, in _get
    return getattr(self, _the_name)
  File "/usr/lib/python3.13/unittest/mock.py", line 1168, in __call__
    self._increment_mock_call(*args, **kwargs)
  File "/usr/lib/python3.13/unittest/mock.py", line 1177, in _increment_mock_call
    self.call_count += 1
  File "/usr/lib/python3.13/unittest/mock.py", line 359, in _get
    return getattr(self, _the_name)
  File "/usr/lib/python3.13/unittest/mock.py", line 1168, in __call__
    self._increment_mock_call(*args, **kwargs)
  File "/usr/lib/python3.13/unittest/mock.py", line 1177, in _increment_mock_call
    self.call_count += 1
  File "/usr/lib/python3.13/unittest/mock.py", line 359, in _get
    return getattr(self, _the_name)
  File "/usr/lib/python3.13/unittest/mock.py", line 1168, in __call__
    self._increment_mock_call(*args, **kwargs)
  File "/usr/lib/python3.13/unittest/mock.py", line 1177, in _increment_mock_call
    self.call_count += 1
  File "/usr/lib/python3.13/unittest/mock.py", line 359, in _get
    return getattr(self, _the_name)
  File "/usr/lib/python3.13/unittest/mock.py", line 1168, in __call__
    self._increment_mock_call(*args, **kwargs)
  File "/usr/lib/python3.13/unittest/mock.py", line 1177, in _increment_mock_call
    self.call_count += 1
  File "/usr/lib/python3.13/unittest/mock.py", line 359, in _get
    return getattr(self, _the_name)
  File "/usr/lib/python3.13/unittest/mock.py", line 1168, in __call__
    self._increment_mock_call(*args, **kwargs)
  File "/usr/lib/python3.13/unittest/mock.py", line 1177, in _increment_mock_call
    self.call_count += 1
  File "/usr/lib/python3.13/unittest/mock.py", line 359, in _get
    return getattr(self, _the_name)
  File "/usr/lib/python3.13/unittest/mock.py", line 1168, in __call__
    self._increment_mock_call(*args, **kwargs)
  File "/usr/lib/python3.13/unittest/mock.py", line 1177, in _increment_mock_call
    self.call_count += 1
  File "/usr/lib/python3.13/unittest/mock.py", line 359, in _get
    return getattr(self, _the_name)
  File "/usr/lib/python3.13/unittest/mock.py", line 1168, in __call__
    self._increment_mock_call(*args, **kwargs)
  File "/usr/lib/python3.13/unittest/mock.py", line 1177, in _increment_mock_call
    self.call_count += 1
  File "/usr/lib/python3.13/unittest/mock.py", line 359, in _get
    return getattr(self, _the_name)
  File "/usr/lib/python3.13/unittest/mock.py", line 1168, in __call__
    self._increment_mock_call(*args, **kwargs)
  File "/usr/lib/python3.13/unittest/mock.py", line 1177, in _increment_mock_call
    self.call_count += 1
  File "/usr/lib/python3.13/unittest/mock.py", line 359, in _get
    return getattr(self, _the_name)
  File "/usr/lib/python3.13/unittest/mock.py", line 1168, in __call__
    self._increment_mock_call(*args, **kwargs)
  File "/usr/lib/python3.13/unittest/mock.py", line 1177, in _increment_mock_call
    self.call_count += 1
  File "/usr/lib/python3.13/unittest/mock.py", line 359, in _get
    return getattr(self, _the_name)
  File "/usr/lib/python3.13/unittest/mock.py", line 1168, in __call__
    self._increment_mock_call(*args, **kwargs)
  File "/usr/lib/python3.13/unittest/mock.py", line 1177, in _increment_mock_call
    self.call_count += 1
  File "/usr/lib/python3.13/unittest/mock.py", line 359, in _get
    return getattr(self, _the_name)
  File "/usr/lib/python3.13/unittest/mock.py", line 1168, in __call__
    self._increment_mock_call(*args, **kwargs)
  File "/usr/lib/python3.13/unittest/mock.py", line 1177, in _increment_mock_call
    self.call_count += 1
  File "/usr/lib/python3.13/unittest/mock.py", line 359, in _get
    return getattr(self, _the_name)
  File "/usr/lib/python3.13/unittest/mock.py", line 1168, in __call__
    self._increment_mock_call(*args, **kwargs)
  File "/usr/lib/python3.13/unittest/mock.py", line 1177, in _increment_mock_call
    self.call_count += 1
  File "/usr/lib/python3.13/unittest/mock.py", line 359, in _get
    return getattr(self, _the_name)
  File "/usr/lib/python3.13/unittest/mock.py", line 1168, in __call__
    self._increment_mock_call(*args, **kwargs)
  File "/usr/lib/python3.13/unittest/mock.py", line 1177, in _increment_mock_call
    self.call_count += 1
  File "/usr/lib/python3.13/unittest/mock.py", line 359, in _get
    return getattr(self, _the_name)
  File "/usr/lib/python3.13/unittest/mock.py", line 1168, in __call__
    self._increment_mock_call(*args, **kwargs)
  File "/usr/lib/python3.13/unittest/mock.py", line 1177, in _increment_mock_call
    self.call_count += 1
  File "/usr/lib/python3.13/unittest/mock.py", line 359, in _get
    return getattr(self, _the_name)
  File "/usr/lib/python3.13/unittest/mock.py", line 1168, in __call__
    self._increment_mock_call(*args, **kwargs)
  File "/usr/lib/python3.13/unittest/mock.py", line 1177, in _increment_mock_call
    self.call_count += 1
  File "/usr/lib/python3.13/unittest/mock.py", line 359, in _get
    return getattr(self, _the_name)
  File "/usr/lib/python3.13/unittest/mock.py", line 1168, in __call__
    self._increment_mock_call(*args, **kwargs)
  File "/usr/lib/python3.13/unittest/mock.py", line 1177, in _increment_mock_call
    self.call_count += 1
  File "/usr/lib/python3.13/unittest/mock.py", line 359, in _get
    return getattr(self, _the_name)
  File "/usr/lib/python3.13/unittest/mock.py", line 1168, in __call__
    self._increment_mock_call(*args, **kwargs)
  File "/usr/lib/python3.13/unittest/mock.py", line 1177, in _increment_mock_call
    self.call_count += 1
  File "/usr/lib/python3.13/unittest/mock.py", line 359, in _get
    return getattr(self, _the_name)
  File "/usr/lib/python3.13/unittest/mock.py", line 1168, in __call__
    self._increment_mock_call(*args, **kwargs)
  File "/usr/lib/python3.13/unittest/mock.py", line 1177, in _increment_mock_call
    self.call_count += 1
  File "/usr/lib/python3.13/unittest/mock.py", line 359, in _get
    return getattr(self, _the_name)
  File "/usr/lib/python3.13/unittest/mock.py", line 1168, in __call__
    self._increment_mock_call(*args, **kwargs)
  File "/usr/lib/python3.13/unittest/mock.py", line 1177, in _increment_mock_call
    self.call_count += 1
  File "/usr/lib/python3.13/unittest/mock.py", line 359, in _get
    return getattr(self, _the_name)
  File "/usr/lib/python3.13/unittest/mock.py", line 1168, in __call__
    self._increment_mock_call(*args, **kwargs)
  File "/usr/lib/python3.13/unittest/mock.py", line 1177, in _increment_mock_call
    self.call_count += 1
  File "/usr/lib/python3.13/unittest/mock.py", line 359, in _get
    return getattr(self, _the_name)
  File "/usr/lib/python3.13/unittest/mock.py", line 1168, in __call__
    self._increment_mock_call(*args, **kwargs)
  File "/usr/lib/python3.13/unittest/mock.py", line 1177, in _increment_mock_call
    self.call_count += 1
  File "/usr/lib/python3.13/unittest/mock.py", line 359, in _get
    return getattr(self, _the_name)
  File "/usr/lib/python3.13/unittest/mock.py", line 1168, in __call__
    self._increment_mock_call(*args, **kwargs)
  File "/usr/lib/python3.13/unittest/mock.py", line 1177, in _increment_mock_call
    self.call_count += 1
  File "/usr/lib/python3.13/unittest/mock.py", line 359, in _get
    return getattr(self, _the_name)
  File "/usr/lib/python3.13/unittest/mock.py", line 1168, in __call__
    self._increment_mock_call(*args, **kwargs)
  File "/usr/lib/python3.13/unittest/mock.py", line 1177, in _increment_mock_call
    self.call_count += 1
  File "/usr/lib/python3.13/unittest/mock.py", line 359, in _get
    return getattr(self, _the_name)
  File "/usr/lib/python3.13/unittest/mock.py", line 1168, in __call__
    self._increment_mock_call(*args, **kwargs)
  File "/usr/lib/python3.13/unittest/mock.py", line 1177, in _increment_mock_call
    self.call_count += 1
  File "/usr/lib/python3.13/unittest/mock.py", line 359, in _get
    return getattr(self, _the_name)
  File "/usr/lib/python3.13/unittest/mock.py", line 1168, in __call__
    self._increment_mock_call(*args, **kwargs)
  File "/usr/lib/python3.13/unittest/mock.py", line 1177, in _increment_mock_call
    self.call_count += 1
  File "/usr/lib/python3.13/unittest/mock.py", line 359, in _get
    return getattr(self, _the_name)
  File "/usr/lib/python3.13/unittest/mock.py", line 1168, in __call__
    self._increment_mock_call(*args, **kwargs)
  File "/usr/lib/python3.13/unittest/mock.py", line 1177, in _increment_mock_call
    self.call_count += 1
  File "/usr/lib/python3.13/unittest/mock.py", line 359, in _get
    return getattr(self, _the_name)
  File "/usr/lib/python3.13/unittest/mock.py", line 1168, in __call__
    self._increment_mock_call(*args, **kwargs)
  File "/usr/lib/python3.13/unittest/mock.py", line 1177, in _increment_mock_call
    self.call_count += 1
  File "/usr/lib/python3.13/unittest/mock.py", line 359, in _get
    return getattr(self, _the_name)
  File "/usr/lib/python3.13/unittest/mock.py", line 1168, in __call__
    self._increment_mock_call(*args, **kwargs)
  File "/usr/lib/python3.13/unittest/mock.py", line 1177, in _increment_mock_call
    self.call_count += 1
  File "/usr/lib/python3.13/unittest/mock.py", line 359, in _get
    return getattr(self, _the_name)
  File "/usr/lib/python3.13/unittest/mock.py", line 1168, in __call__
    self._increment_mock_call(*args, **kwargs)
  File "/usr/lib/python3.13/unittest/mock.py", line 1177, in _increment_mock_call
    self.call_count += 1
  File "/usr/lib/python3.13/unittest/mock.py", line 359, in _get
    return getattr(self, _the_name)
  File "/usr/lib/python3.13/unittest/mock.py", line 1168, in __call__
    self._increment_mock_call(*args, **kwargs)
  File "/usr/lib/python3.13/unittest/mock.py", line 1177, in _increment_mock_call
    self.call_count += 1
  File "/usr/lib/python3.13/unittest/mock.py", line 359, in _get
    return getattr(self, _the_name)
  File "/usr/lib/python3.13/unittest/mock.py", line 1168, in __call__
    self._increment_mock_call(*args, **kwargs)
  File "/usr/lib/python3.13/unittest/mock.py", line 1177, in _increment_mock_call
    self.call_count += 1
  File "/usr/lib/python3.13/unittest/mock.py", line 359, in _get
    return getattr(self, _the_name)
  File "/usr/lib/python3.13/unittest/mock.py", line 1168, in __call__
    self._increment_mock_call(*args, **kwargs)
  File "/usr/lib/python3.13/unittest/mock.py", line 1177, in _increment_mock_call
    self.call_count += 1
  File "/usr/lib/python3.13/unittest/mock.py", line 359, in _get
    return getattr(self, _the_name)
  File "/usr/lib/python3.13/unittest/mock.py", line 1168, in __call__
    self._increment_mock_call(*args, **kwargs)
  File "/usr/lib/python3.13/unittest/mock.py", line 1177, in _increment_mock_call
    self.call_count += 1
  File "/usr/lib/python3.13/unittest/mock.py", line 359, in _get
    return getattr(self, _the_name)
  File "/usr/lib/python3.13/unittest/mock.py", line 1168, in __call__
    self._increment_mock_call(*args, **kwargs)
  File "/usr/lib/python3.13/unittest/mock.py", line 1177, in _increment_mock_call
    self.call_count += 1
  File "/usr/lib/python3.13/unittest/mock.py", line 359, in _get
    return getattr(self, _the_name)
  File "/usr/lib/python3.13/unittest/mock.py", line 1168, in __call__
    self._increment_mock_call(*args, **kwargs)
  File "/usr/lib/python3.13/unittest/mock.py", line 1177, in _increment_mock_call
    self.call_count += 1
  File "/usr/lib/python3.13/unittest/mock.py", line 359, in _get
    return getattr(self, _the_name)
  File "/usr/lib/python3.13/unittest/mock.py", line 1168, in __call__
    self._increment_mock_call(*args, **kwargs)
  File "/usr/lib/python3.13/unittest/mock.py", line 1177, in _increment_mock_call
    self.call_count += 1
  File "/usr/lib/python3.13/unittest/mock.py", line 359, in _get
    return getattr(self, _the_name)
  File "/usr/lib/python3.13/unittest/mock.py", line 1168, in __call__
    self._increment_mock_call(*args, **kwargs)
  File "/usr/lib/python3.13/unittest/mock.py", line 1177, in _increment_mock_call
    self.call_count += 1
  File "/usr/lib/python3.13/unittest/mock.py", line 359, in _get
    return getattr(self, _the_name)
  File "/usr/lib/python3.13/unittest/mock.py", line 1168, in __call__
    self._increment_mock_call(*args, **kwargs)
  File "/usr/lib/python3.13/unittest/mock.py", line 1177, in _increment_mock_call
    self.call_count += 1
  File "/usr/lib/python3.13/unittest/mock.py", line 359, in _get
    return getattr(self, _the_name)
  File "/usr/lib/python3.13/unittest/mock.py", line 1168, in __call__
    self._increment_mock_call(*args, **kwargs)
  File "/usr/lib/python3.13/unittest/mock.py", line 1177, in _increment_mock_call
    self.call_count += 1
  File "/usr/lib/python3.13/unittest/mock.py", line 359, in _get
    return getattr(self, _the_name)
  File "/usr/lib/python3.13/unittest/mock.py", line 1168, in __call__
    self._increment_mock_call(*args, **kwargs)
  File "/usr/lib/python3.13/unittest/mock.py", line 1177, in _increment_mock_call
    self.call_count += 1
  File "/usr/lib/python3.13/unittest/mock.py", line 359, in _get
    return getattr(self, _the_name)
  File "/usr/lib/python3.13/unittest/mock.py", line 1168, in __call__
    self._increment_mock_call(*args, **kwargs)
  File "/usr/lib/python3.13/unittest/mock.py", line 1177, in _increment_mock_call
    self.call_count += 1
  File "/usr/lib/python3.13/unittest/mock.py", line 359, in _get
    return getattr(self, _the_name)
  File "/usr/lib/python3.13/unittest/mock.py", line 1168, in __call__
    self._increment_mock_call(*args, **kwargs)
  File "/usr/lib/python3.13/unittest/mock.py", line 1177, in _increment_mock_call
    self.call_count += 1
  File "/usr/lib/python3.13/unittest/mock.py", line 359, in _get
    return getattr(self, _the_name)
  File "/usr/lib/python3.13/unittest/mock.py", line 1168, in __call__
    self._increment_mock_call(*args, **kwargs)
  File "/usr/lib/python3.13/unittest/mock.py", line 1177, in _increment_mock_call
    self.call_count += 1
  File "/usr/lib/python3.13/unittest/mock.py", line 359, in _get
    return getattr(self, _the_name)
  File "/usr/lib/python3.13/unittest/mock.py", line 1168, in __call__
    self._increment_mock_call(*args, **kwargs)
  File "/usr/lib/python3.13/unittest/mock.py", line 1177, in _increment_mock_call
    self.call_count += 1
  File "/usr/lib/python3.13/unittest/mock.py", line 359, in _get
    return getattr(self, _the_name)
  File "/usr/lib/python3.13/unittest/mock.py", line 1168, in __call__
    self._increment_mock_call(*args, **kwargs)
  File "/usr/lib/python3.13/unittest/mock.py", line 1177, in _increment_mock_call
    self.call_count += 1
  File "/usr/lib/python3.13/unittest/mock.py", line 359, in _get
    return getattr(self, _the_name)
  File "/usr/lib/python3.13/unittest/mock.py", line 1168, in __call__
    self._increment_mock_call(*args, **kwargs)
  File "/usr/lib/python3.13/unittest/mock.py", line 1177, in _increment_mock_call
    self.call_count += 1
  File "/usr/lib/python3.13/unittest/mock.py", line 359, in _get
    return getattr(self, _the_name)
  File "/usr/lib/python3.13/unittest/mock.py", line 1168, in __call__
    self._increment_mock_call(*args, **kwargs)
  File "/usr/lib/python3.13/unittest/mock.py", line 1177, in _increment_mock_call
    self.call_count += 1
  File "/usr/lib/python3.13/unittest/mock.py", line 359, in _get
    return getattr(self, _the_name)
  File "/usr/lib/python3.13/unittest/mock.py", line 1168, in __call__
    self._increment_mock_call(*args, **kwargs)
  File "/usr/lib/python3.13/unittest/mock.py", line 1177, in _increment_mock_call
    self.call_count += 1
  File "/usr/lib/python3.13/unittest/mock.py", line 359, in _get
    return getattr(self, _the_name)
  File "/usr/lib/python3.13/unittest/mock.py", line 1168, in __call__
    self._increment_mock_call(*args, **kwargs)
  File "/usr/lib/python3.13/unittest/mock.py", line 1177, in _increment_mock_call
    self.call_count += 1
  File "/usr/lib/python3.13/unittest/mock.py", line 359, in _get
    return getattr(self, _the_name)
  File "/usr/lib/python3.13/unittest/mock.py", line 1168, in __call__
    self._increment_mock_call(*args, **kwargs)
  File "/usr/lib/python3.13/unittest/mock.py", line 1177, in _increment_mock_call
    self.call_count += 1
  File "/usr/lib/python3.13/unittest/mock.py", line 359, in _get
    return getattr(self, _the_name)
  File "/usr/lib/python3.13/unittest/mock.py", line 1168, in __call__
    self._increment_mock_call(*args, **kwargs)
  File "/usr/lib/python3.13/unittest/mock.py", line 1177, in _increment_mock_call
    self.call_count += 1
  File "/usr/lib/python3.13/unittest/mock.py", line 359, in _get
    return getattr(self, _the_name)
  File "/usr/lib/python3.13/unittest/mock.py", line 1168, in __call__
    self._increment_mock_call(*args, **kwargs)
  File "/usr/lib/python3.13/unittest/mock.py", line 1177, in _increment_mock_call
    self.call_count += 1
  File "/usr/lib/python3.13/unittest/mock.py", line 359, in _get
    return getattr(self, _the_name)
  File "/usr/lib/python3.13/unittest/mock.py", line 1168, in __call__
    self._increment_mock_call(*args, **kwargs)
  File "/usr/lib/python3.13/unittest/mock.py", line 1177, in _increment_mock_call
    self.call_count += 1
  File "/usr/lib/python3.13/unittest/mock.py", line 359, in _get
    return getattr(self, _the_name)
  File "/usr/lib/python3.13/unittest/mock.py", line 1168, in __call__
    self._increment_mock_call(*args, **kwargs)
  File "/usr/lib/python3.13/unittest/mock.py", line 1177, in _increment_mock_call
    self.call_count += 1
  File "/usr/lib/python3.13/unittest/mock.py", line 359, in _get
    return getattr(self, _the_name)
  File "/usr/lib/python3.13/unittest/mock.py", line 1168, in __call__
    self._increment_mock_call(*args, **kwargs)
  File "/usr/lib/python3.13/unittest/mock.py", line 1177, in _increment_mock_call
    self.call_count += 1
  File "/usr/lib/python3.13/unittest/mock.py", line 359, in _get
    return getattr(self, _the_name)
  File "/usr/lib/python3.13/unittest/mock.py", line 1168, in __call__
    self._increment_mock_call(*args, **kwargs)
  File "/usr/lib/python3.13/unittest/mock.py", line 1177, in _increment_mock_call
    self.call_count += 1
  File "/usr/lib/python3.13/unittest/mock.py", line 359, in _get
    return getattr(self, _the_name)
  File "/usr/lib/python3.13/unittest/mock.py", line 1168, in __call__
    self._increment_mock_call(*args, **kwargs)
  File "/usr/lib/python3.13/unittest/mock.py", line 1177, in _increment_mock_call
    self.call_count += 1
  File "/usr/lib/python3.13/unittest/mock.py", line 359, in _get
    return getattr(self, _the_name)
  File "/usr/lib/python3.13/unittest/mock.py", line 1168, in __call__
    self._increment_mock_call(*args, **kwargs)
  File "/usr/lib/python3.13/unittest/mock.py", line 1177, in _increment_mock_call
    self.call_count += 1
  File "/usr/lib/python3.13/unittest/mock.py", line 359, in _get
    return getattr(self, _the_name)
  File "/usr/lib/python3.13/unittest/mock.py", line 1168, in __call__
    self._increment_mock_call(*args, **kwargs)
  File "/usr/lib/python3.13/unittest/mock.py", line 1177, in _increment_mock_call
    self.call_count += 1
  File "/usr/lib/python3.13/unittest/mock.py", line 359, in _get
    return getattr(self, _the_name)
  File "/usr/lib/python3.13/unittest/mock.py", line 1168, in __call__
    self._increment_mock_call(*args, **kwargs)
  File "/usr/lib/python3.13/unittest/mock.py", line 1177, in _increment_mock_call
    self.call_count += 1
  File "/usr/lib/python3.13/unittest/mock.py", line 359, in _get
    return getattr(self, _the_name)
  File "/usr/lib/python3.13/unittest/mock.py", line 1168, in __call__
    self._increment_mock_call(*args, **kwargs)
  File "/usr/lib/python3.13/unittest/mock.py", line 1177, in _increment_mock_call
    self.call_count += 1
  File "/usr/lib/python3.13/unittest/mock.py", line 359, in _get
    return getattr(self, _the_name)
  File "/usr/lib/python3.13/unittest/mock.py", line 1168, in __call__
    self._increment_mock_call(*args, **kwargs)
  File "/usr/lib/python3.13/unittest/mock.py", line 1177, in _increment_mock_call
    self.call_count += 1
  File "/usr/lib/python3.13/unittest/mock.py", line 359, in _get
    return getattr(self, _the_name)
  File "/usr/lib/python3.13/unittest/mock.py", line 1168, in __call__
    self._increment_mock_call(*args, **kwargs)
  File "/usr/lib/python3.13/unittest/mock.py", line 1177, in _increment_mock_call
    self.call_count += 1
  File "/usr/lib/python3.13/unittest/mock.py", line 359, in _get
    return getattr(self, _the_name)
  File "/usr/lib/python3.13/unittest/mock.py", line 1168, in __call__
    self._increment_mock_call(*args, **kwargs)
  File "/usr/lib/python3.13/unittest/mock.py", line 1177, in _increment_mock_call
    self.call_count += 1
  File "/usr/lib/python3.13/unittest/mock.py", line 359, in _get
    return getattr(self, _the_name)
  File "/usr/lib/python3.13/unittest/mock.py", line 1168, in __call__
    self._increment_mock_call(*args, **kwargs)
  File "/usr/lib/python3.13/unittest/mock.py", line 1177, in _increment_mock_call
    self.call_count += 1
  File "/usr/lib/python3.13/unittest/mock.py", line 359, in _get
    return getattr(self, _the_name)
  File "/usr/lib/python3.13/unittest/mock.py", line 1168, in __call__
    self._increment_mock_call(*args, **kwargs)
  File "/usr/lib/python3.13/unittest/mock.py", line 1177, in _increment_mock_call
    self.call_count += 1
  File "/usr/lib/python3.13/unittest/mock.py", line 359, in _get
    return getattr(self, _the_name)
  File "/usr/lib/python3.13/unittest/mock.py", line 1168, in __call__
    self._increment_mock_call(*args, **kwargs)
  File "/usr/lib/python3.13/unittest/mock.py", line 1177, in _increment_mock_call
    self.call_count += 1
  File "/usr/lib/python3.13/unittest/mock.py", line 359, in _get
    return getattr(self, _the_name)
  File "/usr/lib/python3.13/unittest/mock.py", line 1168, in __call__
    self._increment_mock_call(*args, **kwargs)
  File "/usr/lib/python3.13/unittest/mock.py", line 1177, in _increment_mock_call
    self.call_count += 1
  File "/usr/lib/python3.13/unittest/mock.py", line 359, in _get
    return getattr(self, _the_name)
  File "/usr/lib/python3.13/unittest/mock.py", line 1168, in __call__
    self._increment_mock_call(*args, **kwargs)
  File "/usr/lib/python3.13/unittest/mock.py", line 1177, in _increment_mock_call
    self.call_count += 1
  File "/usr/lib/python3.13/unittest/mock.py", line 359, in _get
    return getattr(self, _the_name)
  File "/usr/lib/python3.13/unittest/mock.py", line 1168, in __call__
    self._increment_mock_call(*args, **kwargs)
  File "/usr/lib/python3.13/unittest/mock.py", line 1177, in _increment_mock_call
    self.call_count += 1
  File "/usr/lib/python3.13/unittest/mock.py", line 359, in _get
    return getattr(self, _the_name)
  File "/usr/lib/python3.13/unittest/mock.py", line 1168, in __call__
    self._increment_mock_call(*args, **kwargs)
  File "/usr/lib/python3.13/unittest/mock.py", line 1177, in _increment_mock_call
    self.call_count += 1
  File "/usr/lib/python3.13/unittest/mock.py", line 359, in _get
    return getattr(self, _the_name)
  File "/usr/lib/python3.13/unittest/mock.py", line 1168, in __call__
    self._increment_mock_call(*args, **kwargs)
  File "/usr/lib/python3.13/unittest/mock.py", line 1177, in _increment_mock_call
    self.call_count += 1
  File "/usr/lib/python3.13/unittest/mock.py", line 359, in _get
    return getattr(self, _the_name)
  File "/usr/lib/python3.13/unittest/mock.py", line 1168, in __call__
    self._increment_mock_call(*args, **kwargs)
  File "/usr/lib/python3.13/unittest/mock.py", line 1177, in _increment_mock_call
    self.call_count += 1
  File "/usr/lib/python3.13/unittest/mock.py", line 359, in _get
    return getattr(self, _the_name)
  File "/usr/lib/python3.13/unittest/mock.py", line 1168, in __call__
    self._increment_mock_call(*args, **kwargs)
  File "/usr/lib/python3.13/unittest/mock.py", line 1177, in _increment_mock_call
    self.call_count += 1
  File "/usr/lib/python3.13/unittest/mock.py", line 359, in _get
    return getattr(self, _the_name)
  File "/usr/lib/python3.13/unittest/mock.py", line 1168, in __call__
    self._increment_mock_call(*args, **kwargs)
  File "/usr/lib/python3.13/unittest/mock.py", line 1177, in _increment_mock_call
    self.call_count += 1
  File "/usr/lib/python3.13/unittest/mock.py", line 359, in _get
    return getattr(self, _the_name)
  File "/usr/lib/python3.13/unittest/mock.py", line 1168, in __call__
    self._increment_mock_call(*args, **kwargs)
  File "/usr/lib/python3.13/unittest/mock.py", line 1177, in _increment_mock_call
    self.call_count += 1
  File "/usr/lib/python3.13/unittest/mock.py", line 359, in _get
    return getattr(self, _the_name)
  File "/usr/lib/python3.13/unittest/mock.py", line 1168, in __call__
    self._increment_mock_call(*args, **kwargs)
  File "/usr/lib/python3.13/unittest/mock.py", line 1177, in _increment_mock_call
    self.call_count += 1
  File "/usr/lib/python3.13/unittest/mock.py", line 359, in _get
    return getattr(self, _the_name)
  File "/usr/lib/python3.13/unittest/mock.py", line 1168, in __call__
    self._increment_mock_call(*args, **kwargs)
  File "/usr/lib/python3.13/unittest/mock.py", line 1177, in _increment_mock_call
    self.call_count += 1
  File "/usr/lib/python3.13/unittest/mock.py", line 359, in _get
    return getattr(self, _the_name)
  File "/usr/lib/python3.13/unittest/mock.py", line 1168, in __call__
    self._increment_mock_call(*args, **kwargs)
  File "/usr/lib/python3.13/unittest/mock.py", line 1177, in _increment_mock_call
    self.call_count += 1
  File "/usr/lib/python3.13/unittest/mock.py", line 359, in _get
    return getattr(self, _the_name)
  File "/usr/lib/python3.13/unittest/mock.py", line 1168, in __call__
    self._increment_mock_call(*args, **kwargs)
  File "/usr/lib/python3.13/unittest/mock.py", line 1177, in _increment_mock_call
    self.call_count += 1
  File "/usr/lib/python3.13/unittest/mock.py", line 359, in _get
    return getattr(self, _the_name)
  File "/usr/lib/python3.13/unittest/mock.py", line 1168, in __call__
    self._increment_mock_call(*args, **kwargs)
  File "/usr/lib/python3.13/unittest/mock.py", line 1177, in _increment_mock_call
    self.call_count += 1
  File "/usr/lib/python3.13/unittest/mock.py", line 359, in _get
    return getattr(self, _the_name)
  File "/usr/lib/python3.13/unittest/mock.py", line 1168, in __call__
    self._increment_mock_call(*args, **kwargs)
  File "/usr/lib/python3.13/unittest/mock.py", line 1177, in _increment_mock_call
    self.call_count += 1
  File "/usr/lib/python3.13/unittest/mock.py", line 359, in _get
    return getattr(self, _the_name)
  File "/usr/lib/python3.13/unittest/mock.py", line 1168, in __call__
    self._increment_mock_call(*args, **kwargs)
  File "/usr/lib/python3.13/unittest/mock.py", line 1177, in _increment_mock_call
    self.call_count += 1
  File "/usr/lib/python3.13/unittest/mock.py", line 359, in _get
    return getattr(self, _the_name)
  File "/usr/lib/python3.13/unittest/mock.py", line 1168, in __call__
    self._increment_mock_call(*args, **kwargs)
  File "/usr/lib/python3.13/unittest/mock.py", line 1177, in _increment_mock_call
    self.call_count += 1
  File "/usr/lib/python3.13/unittest/mock.py", line 359, in _get
    return getattr(self, _the_name)
  File "/usr/lib/python3.13/unittest/mock.py", line 1168, in __call__
    self._increment_mock_call(*args, **kwargs)
  File "/usr/lib/python3.13/unittest/mock.py", line 1177, in _increment_mock_call
    self.call_count += 1
  File "/usr/lib/python3.13/unittest/mock.py", line 359, in _get
    return getattr(self, _the_name)
  File "/usr/lib/python3.13/unittest/mock.py", line 1168, in __call__
    self._increment_mock_call(*args, **kwargs)
  File "/usr/lib/python3.13/unittest/mock.py", line 1177, in _increment_mock_call
    self.call_count += 1
  File "/usr/lib/python3.13/unittest/mock.py", line 359, in _get
    return getattr(self, _the_name)
  File "/usr/lib/python3.13/unittest/mock.py", line 1168, in __call__
    self._increment_mock_call(*args, **kwargs)
  File "/usr/lib/python3.13/unittest/mock.py", line 1177, in _increment_mock_call
    self.call_count += 1
  File "/usr/lib/python3.13/unittest/mock.py", line 359, in _get
    return getattr(self, _the_name)
  File "/usr/lib/python3.13/unittest/mock.py", line 1168, in __call__
    self._increment_mock_call(*args, **kwargs)
  File "/usr/lib/python3.13/unittest/mock.py", line 1177, in _increment_mock_call
    self.call_count += 1
  File "/usr/lib/python3.13/unittest/mock.py", line 359, in _get
    return getattr(self, _the_name)
  File "/usr/lib/python3.13/unittest/mock.py", line 1168, in __call__
    self._increment_mock_call(*args, **kwargs)
  File "/usr/lib/python3.13/unittest/mock.py", line 1177, in _increment_mock_call
    self.call_count += 1
  File "/usr/lib/python3.13/unittest/mock.py", line 359, in _get
    return getattr(self, _the_name)
  File "/usr/lib/python3.13/unittest/mock.py", line 1168, in __call__
    self._increment_mock_call(*args, **kwargs)
  File "/usr/lib/python3.13/unittest/mock.py", line 1177, in _increment_mock_call
    self.call_count += 1
  File "/usr/lib/python3.13/unittest/mock.py", line 359, in _get
    return getattr(self, _the_name)
  File "/usr/lib/python3.13/unittest/mock.py", line 1168, in __call__
    self._increment_mock_call(*args, **kwargs)
  File "/usr/lib/python3.13/unittest/mock.py", line 1177, in _increment_mock_call
    self.call_count += 1
  File "/usr/lib/python3.13/unittest/mock.py", line 359, in _get
    return getattr(self, _the_name)
  File "/usr/lib/python3.13/unittest/mock.py", line 1168, in __call__
    self._increment_mock_call(*args, **kwargs)
  File "/usr/lib/python3.13/unittest/mock.py", line 1177, in _increment_mock_call
    self.call_count += 1
  File "/usr/lib/python3.13/unittest/mock.py", line 359, in _get
    return getattr(self, _the_name)
  File "/usr/lib/python3.13/unittest/mock.py", line 1168, in __call__
    self._increment_mock_call(*args, **kwargs)
  File "/usr/lib/python3.13/unittest/mock.py", line 1177, in _increment_mock_call
    self.call_count += 1
  File "/usr/lib/python3.13/unittest/mock.py", line 359, in _get
    return getattr(self, _the_name)
  File "/usr/lib/python3.13/unittest/mock.py", line 1168, in __call__
    self._increment_mock_call(*args, **kwargs)
  File "/usr/lib/python3.13/unittest/mock.py", line 1177, in _increment_mock_call
    self.call_count += 1
  File "/usr/lib/python3.13/unittest/mock.py", line 359, in _get
    return getattr(self, _the_name)
  File "/usr/lib/python3.13/unittest/mock.py", line 1168, in __call__
    self._increment_mock_call(*args, **kwargs)
  File "/usr/lib/python3.13/unittest/mock.py", line 1177, in _increment_mock_call
    self.call_count += 1
  File "/usr/lib/python3.13/unittest/mock.py", line 359, in _get
    return getattr(self, _the_name)
  File "/usr/lib/python3.13/unittest/mock.py", line 1168, in __call__
    self._increment_mock_call(*args, **kwargs)
  File "/usr/lib/python3.13/unittest/mock.py", line 1177, in _increment_mock_call
    self.call_count += 1
  File "/usr/lib/python3.13/unittest/mock.py", line 359, in _get
    return getattr(self, _the_name)
  File "/usr/lib/python3.13/unittest/mock.py", line 1168, in __call__
    self._increment_mock_call(*args, **kwargs)
  File "/usr/lib/python3.13/unittest/mock.py", line 1177, in _increment_mock_call
    self.call_count += 1
  File "/usr/lib/python3.13/unittest/mock.py", line 359, in _get
    return getattr(self, _the_name)
  File "/usr/lib/python3.13/unittest/mock.py", line 1168, in __call__
    self._increment_mock_call(*args, **kwargs)
  File "/usr/lib/python3.13/unittest/mock.py", line 1177, in _increment_mock_call
    self.call_count += 1
  File "/usr/lib/python3.13/unittest/mock.py", line 359, in _get
    return getattr(self, _the_name)
  File "/usr/lib/python3.13/unittest/mock.py", line 1168, in __call__
    self._increment_mock_call(*args, **kwargs)
  File "/usr/lib/python3.13/unittest/mock.py", line 1177, in _increment_mock_call
    self.call_count += 1
  File "/usr/lib/python3.13/unittest/mock.py", line 359, in _get
    return getattr(self, _the_name)
  File "/usr/lib/python3.13/unittest/mock.py", line 1168, in __call__
    self._increment_mock_call(*args, **kwargs)
  File "/usr/lib/python3.13/unittest/mock.py", line 1177, in _increment_mock_call
    self.call_count += 1
  File "/usr/lib/python3.13/unittest/mock.py", line 359, in _get
    return getattr(self, _the_name)
  File "/usr/lib/python3.13/unittest/mock.py", line 1168, in __call__
    self._increment_mock_call(*args, **kwargs)
  File "/usr/lib/python3.13/unittest/mock.py", line 1177, in _increment_mock_call
    self.call_count += 1
  File "/usr/lib/python3.13/unittest/mock.py", line 359, in _get
    return getattr(self, _the_name)
  File "/usr/lib/python3.13/unittest/mock.py", line 1168, in __call__
    self._increment_mock_call(*args, **kwargs)
  File "/usr/lib/python3.13/unittest/mock.py", line 1177, in _increment_mock_call
    self.call_count += 1
  File "/usr/lib/python3.13/unittest/mock.py", line 359, in _get
    return getattr(self, _the_name)
  File "/usr/lib/python3.13/unittest/mock.py", line 1168, in __call__
    self._increment_mock_call(*args, **kwargs)
  File "/usr/lib/python3.13/unittest/mock.py", line 1177, in _increment_mock_call
    self.call_count += 1
  File "/usr/lib/python3.13/unittest/mock.py", line 359, in _get
    return getattr(self, _the_name)
  File "/usr/lib/python3.13/unittest/mock.py", line 1168, in __call__
    self._increment_mock_call(*args, **kwargs)
  File "/usr/lib/python3.13/unittest/mock.py", line 1177, in _increment_mock_call
    self.call_count += 1
  File "/usr/lib/python3.13/unittest/mock.py", line 359, in _get
    return getattr(self, _the_name)
  File "/usr/lib/python3.13/unittest/mock.py", line 1168, in __call__
    self._increment_mock_call(*args, **kwargs)
  File "/usr/lib/python3.13/unittest/mock.py", line 1177, in _increment_mock_call
    self.call_count += 1
  File "/usr/lib/python3.13/unittest/mock.py", line 359, in _get
    return getattr(self, _the_name)
  File "/usr/lib/python3.13/unittest/mock.py", line 1168, in __call__
    self._increment_mock_call(*args, **kwargs)
  File "/usr/lib/python3.13/unittest/mock.py", line 1177, in _increment_mock_call
    self.call_count += 1
  File "/usr/lib/python3.13/unittest/mock.py", line 359, in _get
    return getattr(self, _the_name)
  File "/usr/lib/python3.13/unittest/mock.py", line 1168, in __call__
    self._increment_mock_call(*args, **kwargs)
  File "/usr/lib/python3.13/unittest/mock.py", line 1177, in _increment_mock_call
    self.call_count += 1
  File "/usr/lib/python3.13/unittest/mock.py", line 359, in _get
    return getattr(self, _the_name)
  File "/usr/lib/python3.13/unittest/mock.py", line 1168, in __call__
    self._increment_mock_call(*args, **kwargs)
  File "/usr/lib/python3.13/unittest/mock.py", line 1177, in _increment_mock_call
    self.call_count += 1
  File "/usr/lib/python3.13/unittest/mock.py", line 359, in _get
    return getattr(self, _the_name)
  File "/usr/lib/python3.13/unittest/mock.py", line 1168, in __call__
    self._increment_mock_call(*args, **kwargs)
  File "/usr/lib/python3.13/unittest/mock.py", line 1177, in _increment_mock_call
    self.call_count += 1
  File "/usr/lib/python3.13/unittest/mock.py", line 359, in _get
    return getattr(self, _the_name)
  File "/usr/lib/python3.13/unittest/mock.py", line 1168, in __call__
    self._increment_mock_call(*args, **kwargs)
  File "/usr/lib/python3.13/unittest/mock.py", line 1177, in _increment_mock_call
    self.call_count += 1
  File "/usr/lib/python3.13/unittest/mock.py", line 359, in _get
    return getattr(self, _the_name)
  File "/usr/lib/python3.13/unittest/mock.py", line 1168, in __call__
    self._increment_mock_call(*args, **kwargs)
  File "/usr/lib/python3.13/unittest/mock.py", line 1177, in _increment_mock_call
    self.call_count += 1
  File "/usr/lib/python3.13/unittest/mock.py", line 359, in _get
    return getattr(self, _the_name)
  File "/usr/lib/python3.13/unittest/mock.py", line 1168, in __call__
    self._increment_mock_call(*args, **kwargs)
  File "/usr/lib/python3.13/unittest/mock.py", line 1177, in _increment_mock_call
    self.call_count += 1
  File "/usr/lib/python3.13/unittest/mock.py", line 359, in _get
    return getattr(self, _the_name)
  File "/usr/lib/python3.13/unittest/mock.py", line 1168, in __call__
    self._increment_mock_call(*args, **kwargs)
  File "/usr/lib/python3.13/unittest/mock.py", line 1177, in _increment_mock_call
    self.call_count += 1
  File "/usr/lib/python3.13/unittest/mock.py", line 359, in _get
    return getattr(self, _the_name)
  File "/usr/lib/python3.13/unittest/mock.py", line 1168, in __call__
    self._increment_mock_call(*args, **kwargs)
  File "/usr/lib/python3.13/unittest/mock.py", line 1177, in _increment_mock_call
    self.call_count += 1
  File "/usr/lib/python3.13/unittest/mock.py", line 359, in _get
    return getattr(self, _the_name)
  File "/usr/lib/python3.13/unittest/mock.py", line 1168, in __call__
    self._increment_mock_call(*args, **kwargs)
  File "/usr/lib/python3.13/unittest/mock.py", line 1177, in _increment_mock_call
    self.call_count += 1
  File "/usr/lib/python3.13/unittest/mock.py", line 359, in _get
    return getattr(self, _the_name)
  File "/usr/lib/python3.13/unittest/mock.py", line 1168, in __call__
    self._increment_mock_call(*args, **kwargs)
  File "/usr/lib/python3.13/unittest/mock.py", line 1177, in _increment_mock_call
    self.call_count += 1
  File "/usr/lib/python3.13/unittest/mock.py", line 359, in _get
    return getattr(self, _the_name)
  File "/usr/lib/python3.13/unittest/mock.py", line 1168, in __call__
    self._increment_mock_call(*args, **kwargs)
  File "/usr/lib/python3.13/unittest/mock.py", line 1177, in _increment_mock_call
    self.call_count += 1
  File "/usr/lib/python3.13/unittest/mock.py", line 359, in _get
    return getattr(self, _the_name)
  File "/usr/lib/python3.13/unittest/mock.py", line 1168, in __call__
    self._increment_mock_call(*args, **kwargs)
  File "/usr/lib/python3.13/unittest/mock.py", line 1177, in _increment_mock_call
    self.call_count += 1
  File "/usr/lib/python3.13/unittest/mock.py", line 359, in _get
    return getattr(self, _the_name)
  File "/usr/lib/python3.13/unittest/mock.py", line 1168, in __call__
    self._increment_mock_call(*args, **kwargs)
  File "/usr/lib/python3.13/unittest/mock.py", line 1177, in _increment_mock_call
    self.call_count += 1
  File "/usr/lib/python3.13/unittest/mock.py", line 359, in _get
    return getattr(self, _the_name)
  File "/usr/lib/python3.13/unittest/mock.py", line 1168, in __call__
    self._increment_mock_call(*args, **kwargs)
  File "/usr/lib/python3.13/unittest/mock.py", line 1177, in _increment_mock_call
    self.call_count += 1
  File "/usr/lib/python3.13/unittest/mock.py", line 359, in _get
    return getattr(self, _the_name)
  File "/usr/lib/python3.13/unittest/mock.py", line 1168, in __call__
    self._increment_mock_call(*args, **kwargs)
  File "/usr/lib/python3.13/unittest/mock.py", line 1177, in _increment_mock_call
    self.call_count += 1
  File "/usr/lib/python3.13/unittest/mock.py", line 359, in _get
    return getattr(self, _the_name)
  File "/usr/lib/python3.13/unittest/mock.py", line 1168, in __call__
    self._increment_mock_call(*args, **kwargs)
  File "/usr/lib/python3.13/unittest/mock.py", line 1177, in _increment_mock_call
    self.call_count += 1
  File "/usr/lib/python3.13/unittest/mock.py", line 359, in _get
    return getattr(self, _the_name)
  File "/usr/lib/python3.13/unittest/mock.py", line 1168, in __call__
    self._increment_mock_call(*args, **kwargs)
  File "/usr/lib/python3.13/unittest/mock.py", line 1177, in _increment_mock_call
    self.call_count += 1
  File "/usr/lib/python3.13/unittest/mock.py", line 359, in _get
    return getattr(self, _the_name)
  File "/usr/lib/python3.13/unittest/mock.py", line 1168, in __call__
    self._increment_mock_call(*args, **kwargs)
  File "/usr/lib/python3.13/unittest/mock.py", line 1177, in _increment_mock_call
    self.call_count += 1
  File "/usr/lib/python3.13/unittest/mock.py", line 359, in _get
    return getattr(self, _the_name)
  File "/usr/lib/python3.13/unittest/mock.py", line 1168, in __call__
    self._increment_mock_call(*args, **kwargs)
  File "/usr/lib/python3.13/unittest/mock.py", line 1177, in _increment_mock_call
    self.call_count += 1
  File "/usr/lib/python3.13/unittest/mock.py", line 359, in _get
    return getattr(self, _the_name)
  File "/usr/lib/python3.13/unittest/mock.py", line 1168, in __call__
    self._increment_mock_call(*args, **kwargs)
  File "/usr/lib/python3.13/unittest/mock.py", line 1177, in _increment_mock_call
    self.call_count += 1
  File "/usr/lib/python3.13/unittest/mock.py", line 359, in _get
    return getattr(self, _the_name)
  File "/usr/lib/python3.13/unittest/mock.py", line 1168, in __call__
    self._increment_mock_call(*args, **kwargs)
  File "/usr/lib/python3.13/unittest/mock.py", line 1177, in _increment_mock_call
    self.call_count += 1
  File "/usr/lib/python3.13/unittest/mock.py", line 359, in _get
    return getattr(self, _the_name)
  File "/usr/lib/python3.13/unittest/mock.py", line 1168, in __call__
    self._increment_mock_call(*args, **kwargs)
  File "/usr/lib/python3.13/unittest/mock.py", line 1177, in _increment_mock_call
    self.call_count += 1
  File "/usr/lib/python3.13/unittest/mock.py", line 359, in _get
    return getattr(self, _the_name)
  File "/usr/lib/python3.13/unittest/mock.py", line 1168, in __call__
    self._increment_mock_call(*args, **kwargs)
  File "/usr/lib/python3.13/unittest/mock.py", line 1177, in _increment_mock_call
    self.call_count += 1
  File "/usr/lib/python3.13/unittest/mock.py", line 359, in _get
    return getattr(self, _the_name)
  File "/usr/lib/python3.13/unittest/mock.py", line 1168, in __call__
    self._increment_mock_call(*args, **kwargs)
  File "/usr/lib/python3.13/unittest/mock.py", line 1177, in _increment_mock_call
    self.call_count += 1
  File "/usr/lib/python3.13/unittest/mock.py", line 359, in _get
    return getattr(self, _the_name)
  File "/usr/lib/python3.13/unittest/mock.py", line 1168, in __call__
    self._increment_mock_call(*args, **kwargs)
  File "/usr/lib/python3.13/unittest/mock.py", line 1177, in _increment_mock_call
    self.call_count += 1
  File "/usr/lib/python3.13/unittest/mock.py", line 359, in _get
    return getattr(self, _the_name)
  File "/usr/lib/python3.13/unittest/mock.py", line 1168, in __call__
    self._increment_mock_call(*args, **kwargs)
  File "/usr/lib/python3.13/unittest/mock.py", line 1177, in _increment_mock_call
    self.call_count += 1
  File "/usr/lib/python3.13/unittest/mock.py", line 359, in _get
    return getattr(self, _the_name)
  File "/usr/lib/python3.13/unittest/mock.py", line 1168, in __call__
    self._increment_mock_call(*args, **kwargs)
  File "/usr/lib/python3.13/unittest/mock.py", line 1177, in _increment_mock_call
    self.call_count += 1
  File "/usr/lib/python3.13/unittest/mock.py", line 359, in _get
    return getattr(self, _the_name)
  File "/usr/lib/python3.13/unittest/mock.py", line 1168, in __call__
    self._increment_mock_call(*args, **kwargs)
  File "/usr/lib/python3.13/unittest/mock.py", line 1177, in _increment_mock_call
    self.call_count += 1
  File "/usr/lib/python3.13/unittest/mock.py", line 359, in _get
    return getattr(self, _the_name)
  File "/usr/lib/python3.13/unittest/mock.py", line 1168, in __call__
    self._increment_mock_call(*args, **kwargs)
  File "/usr/lib/python3.13/unittest/mock.py", line 1177, in _increment_mock_call
    self.call_count += 1
  File "/usr/lib/python3.13/unittest/mock.py", line 359, in _get
    return getattr(self, _the_name)
  File "/usr/lib/python3.13/unittest/mock.py", line 1168, in __call__
    self._increment_mock_call(*args, **kwargs)
  File "/usr/lib/python3.13/unittest/mock.py", line 1177, in _increment_mock_call
    self.call_count += 1
  File "/usr/lib/python3.13/unittest/mock.py", line 359, in _get
    return getattr(self, _the_name)
  File "/usr/lib/python3.13/unittest/mock.py", line 1168, in __call__
    self._increment_mock_call(*args, **kwargs)
  File "/usr/lib/python3.13/unittest/mock.py", line 1177, in _increment_mock_call
    self.call_count += 1
  File "/usr/lib/python3.13/unittest/mock.py", line 359, in _get
    return getattr(self, _the_name)
  File "/usr/lib/python3.13/unittest/mock.py", line 1168, in __call__
    self._increment_mock_call(*args, **kwargs)
  File "/usr/lib/python3.13/unittest/mock.py", line 1177, in _increment_mock_call
    self.call_count += 1
  File "/usr/lib/python3.13/unittest/mock.py", line 359, in _get
    return getattr(self, _the_name)
  File "/usr/lib/python3.13/unittest/mock.py", line 1168, in __call__
    self._increment_mock_call(*args, **kwargs)
  File "/usr/lib/python3.13/unittest/mock.py", line 1177, in _increment_mock_call
    self.call_count += 1
  File "/usr/lib/python3.13/unittest/mock.py", line 359, in _get
    return getattr(self, _the_name)
  File "/usr/lib/python3.13/unittest/mock.py", line 1168, in __call__
    self._increment_mock_call(*args, **kwargs)
  File "/usr/lib/python3.13/unittest/mock.py", line 1177, in _increment_mock_call
    self.call_count += 1
  File "/usr/lib/python3.13/unittest/mock.py", line 359, in _get
    return getattr(self, _the_name)
  File "/usr/lib/python3.13/unittest/mock.py", line 1168, in __call__
    self._increment_mock_call(*args, **kwargs)
  File "/usr/lib/python3.13/unittest/mock.py", line 1177, in _increment_mock_call
    self.call_count += 1
  File "/usr/lib/python3.13/unittest/mock.py", line 359, in _get
    return getattr(self, _the_name)
  File "/usr/lib/python3.13/unittest/mock.py", line 1168, in __call__
    self._increment_mock_call(*args, **kwargs)
  File "/usr/lib/python3.13/unittest/mock.py", line 1177, in _increment_mock_call
    self.call_count += 1
  File "/usr/lib/python3.13/unittest/mock.py", line 359, in _get
    return getattr(self, _the_name)
  File "/usr/lib/python3.13/unittest/mock.py", line 1168, in __call__
    self._increment_mock_call(*args, **kwargs)
  File "/usr/lib/python3.13/unittest/mock.py", line 1177, in _increment_mock_call
    self.call_count += 1
  File "/usr/lib/python3.13/unittest/mock.py", line 359, in _get
    return getattr(self, _the_name)
  File "/usr/lib/python3.13/unittest/mock.py", line 1168, in __call__
    self._increment_mock_call(*args, **kwargs)
  File "/usr/lib/python3.13/unittest/mock.py", line 1177, in _increment_mock_call
    self.call_count += 1
  File "/usr/lib/python3.13/unittest/mock.py", line 359, in _get
    return getattr(self, _the_name)
  File "/usr/lib/python3.13/unittest/mock.py", line 1168, in __call__
    self._increment_mock_call(*args, **kwargs)
  File "/usr/lib/python3.13/unittest/mock.py", line 1177, in _increment_mock_call
    self.call_count += 1
  File "/usr/lib/python3.13/unittest/mock.py", line 359, in _get
    return getattr(self, _the_name)
  File "/usr/lib/python3.13/unittest/mock.py", line 1168, in __call__
    self._increment_mock_call(*args, **kwargs)
  File "/usr/lib/python3.13/unittest/mock.py", line 1177, in _increment_mock_call
    self.call_count += 1
  File "/usr/lib/python3.13/unittest/mock.py", line 359, in _get
    return getattr(self, _the_name)
  File "/usr/lib/python3.13/unittest/mock.py", line 1168, in __call__
    self._increment_mock_call(*args, **kwargs)
  File "/usr/lib/python3.13/unittest/mock.py", line 1177, in _increment_mock_call
    self.call_count += 1
  File "/usr/lib/python3.13/unittest/mock.py", line 359, in _get
    return getattr(self, _the_name)
  File "/usr/lib/python3.13/unittest/mock.py", line 1168, in __call__
    self._increment_mock_call(*args, **kwargs)
  File "/usr/lib/python3.13/unittest/mock.py", line 1177, in _increment_mock_call
    self.call_count += 1
  File "/usr/lib/python3.13/unittest/mock.py", line 359, in _get
    return getattr(self, _the_name)
  File "/usr/lib/python3.13/unittest/mock.py", line 1168, in __call__
    self._increment_mock_call(*args, **kwargs)
  File "/usr/lib/python3.13/unittest/mock.py", line 1177, in _increment_mock_call
    self.call_count += 1
  File "/usr/lib/python3.13/unittest/mock.py", line 359, in _get
    return getattr(self, _the_name)
  File "/usr/lib/python3.13/unittest/mock.py", line 1168, in __call__
    self._increment_mock_call(*args, **kwargs)
  File "/usr/lib/python3.13/unittest/mock.py", line 1177, in _increment_mock_call
    self.call_count += 1
  File "/usr/lib/python3.13/unittest/mock.py", line 359, in _get
    return getattr(self, _the_name)
  File "/usr/lib/python3.13/unittest/mock.py", line 1168, in __call__
    self._increment_mock_call(*args, **kwargs)
  File "/usr/lib/python3.13/unittest/mock.py", line 1177, in _increment_mock_call
    self.call_count += 1
  File "/usr/lib/python3.13/unittest/mock.py", line 359, in _get
    return getattr(self, _the_name)
  File "/usr/lib/python3.13/unittest/mock.py", line 1168, in __call__
    self._increment_mock_call(*args, **kwargs)
  File "/usr/lib/python3.13/unittest/mock.py", line 1177, in _increment_mock_call
    self.call_count += 1
  File "/usr/lib/python3.13/unittest/mock.py", line 359, in _get
    return getattr(self, _the_name)
  File "/usr/lib/python3.13/unittest/mock.py", line 1168, in __call__
    self._increment_mock_call(*args, **kwargs)
  File "/usr/lib/python3.13/unittest/mock.py", line 1177, in _increment_mock_call
    self.call_count += 1
  File "/usr/lib/python3.13/unittest/mock.py", line 359, in _get
    return getattr(self, _the_name)
  File "/usr/lib/python3.13/unittest/mock.py", line 1168, in __call__
    self._increment_mock_call(*args, **kwargs)
  File "/usr/lib/python3.13/unittest/mock.py", line 1177, in _increment_mock_call
    self.call_count += 1
  File "/usr/lib/python3.13/unittest/mock.py", line 359, in _get
    return getattr(self, _the_name)
  File "/usr/lib/python3.13/unittest/mock.py", line 1168, in __call__
    self._increment_mock_call(*args, **kwargs)
  File "/usr/lib/python3.13/unittest/mock.py", line 1177, in _increment_mock_call
    self.call_count += 1
  File "/usr/lib/python3.13/unittest/mock.py", line 359, in _get
    return getattr(self, _the_name)
  File "/usr/lib/python3.13/unittest/mock.py", line 1168, in __call__
    self._increment_mock_call(*args, **kwargs)
  File "/usr/lib/python3.13/unittest/mock.py", line 1177, in _increment_mock_call
    self.call_count += 1
  File "/usr/lib/python3.13/unittest/mock.py", line 359, in _get
    return getattr(self, _the_name)
  File "/usr/lib/python3.13/unittest/mock.py", line 1168, in __call__
    self._increment_mock_call(*args, **kwargs)
  File "/usr/lib/python3.13/unittest/mock.py", line 1177, in _increment_mock_call
    self.call_count += 1
  File "/usr/lib/python3.13/unittest/mock.py", line 359, in _get
    return getattr(self, _the_name)
  File "/usr/lib/python3.13/unittest/mock.py", line 1168, in __call__
    self._increment_mock_call(*args, **kwargs)
  File "/usr/lib/python3.13/unittest/mock.py", line 1177, in _increment_mock_call
    self.call_count += 1
  File "/usr/lib/python3.13/unittest/mock.py", line 359, in _get
    return getattr(self, _the_name)
  File "/usr/lib/python3.13/unittest/mock.py", line 1168, in __call__
    self._increment_mock_call(*args, **kwargs)
  File "/usr/lib/python3.13/unittest/mock.py", line 1177, in _increment_mock_call
    self.call_count += 1
  File "/usr/lib/python3.13/unittest/mock.py", line 359, in _get
    return getattr(self, _the_name)
  File "/usr/lib/python3.13/unittest/mock.py", line 1168, in __call__
    self._increment_mock_call(*args, **kwargs)
  File "/usr/lib/python3.13/unittest/mock.py", line 1177, in _increment_mock_call
    self.call_count += 1
  File "/usr/lib/python3.13/unittest/mock.py", line 359, in _get
    return getattr(self, _the_name)
  File "/usr/lib/python3.13/unittest/mock.py", line 1168, in __call__
    self._increment_mock_call(*args, **kwargs)
  File "/usr/lib/python3.13/unittest/mock.py", line 1177, in _increment_mock_call
    self.call_count += 1
  File "/usr/lib/python3.13/unittest/mock.py", line 359, in _get
    return getattr(self, _the_name)
  File "/usr/lib/python3.13/unittest/mock.py", line 1168, in __call__
    self._increment_mock_call(*args, **kwargs)
  File "/usr/lib/python3.13/unittest/mock.py", line 1177, in _increment_mock_call
    self.call_count += 1
  File "/usr/lib/python3.13/unittest/mock.py", line 359, in _get
    return getattr(self, _the_name)
  File "/usr/lib/python3.13/unittest/mock.py", line 1168, in __call__
    self._increment_mock_call(*args, **kwargs)
  File "/usr/lib/python3.13/unittest/mock.py", line 1177, in _increment_mock_call
    self.call_count += 1
  File "/usr/lib/python3.13/unittest/mock.py", line 359, in _get
    return getattr(self, _the_name)
  File "/usr/lib/python3.13/unittest/mock.py", line 1168, in __call__
    self._increment_mock_call(*args, **kwargs)
  File "/usr/lib/python3.13/unittest/mock.py", line 1177, in _increment_mock_call
    self.call_count += 1
  File "/usr/lib/python3.13/unittest/mock.py", line 359, in _get
    return getattr(self, _the_name)
  File "/usr/lib/python3.13/unittest/mock.py", line 1168, in __call__
    self._increment_mock_call(*args, **kwargs)
  File "/usr/lib/python3.13/unittest/mock.py", line 1177, in _increment_mock_call
    self.call_count += 1
  File "/usr/lib/python3.13/unittest/mock.py", line 359, in _get
    return getattr(self, _the_name)
  File "/usr/lib/python3.13/unittest/mock.py", line 1168, in __call__
    self._increment_mock_call(*args, **kwargs)
  File "/usr/lib/python3.13/unittest/mock.py", line 1177, in _increment_mock_call
    self.call_count += 1
  File "/usr/lib/python3.13/unittest/mock.py", line 359, in _get
    return getattr(self, _the_name)
  File "/usr/lib/python3.13/unittest/mock.py", line 1168, in __call__
    self._increment_mock_call(*args, **kwargs)
  File "/usr/lib/python3.13/unittest/mock.py", line 1177, in _increment_mock_call
    self.call_count += 1
  File "/usr/lib/python3.13/unittest/mock.py", line 359, in _get
    return getattr(self, _the_name)
  File "/usr/lib/python3.13/unittest/mock.py", line 1168, in __call__
    self._increment_mock_call(*args, **kwargs)
  File "/usr/lib/python3.13/unittest/mock.py", line 1177, in _increment_mock_call
    self.call_count += 1
  File "/usr/lib/python3.13/unittest/mock.py", line 359, in _get
    return getattr(self, _the_name)
  File "/usr/lib/python3.13/unittest/mock.py", line 1168, in __call__
    self._increment_mock_call(*args, **kwargs)
  File "/usr/lib/python3.13/unittest/mock.py", line 1177, in _increment_mock_call
    self.call_count += 1
  File "/usr/lib/python3.13/unittest/mock.py", line 359, in _get
    return getattr(self, _the_name)
  File "/usr/lib/python3.13/unittest/mock.py", line 1168, in __call__
    self._increment_mock_call(*args, **kwargs)
  File "/usr/lib/python3.13/unittest/mock.py", line 1177, in _increment_mock_call
    self.call_count += 1
  File "/usr/lib/python3.13/unittest/mock.py", line 359, in _get
    return getattr(self, _the_name)
  File "/usr/lib/python3.13/unittest/mock.py", line 1168, in __call__
    self._increment_mock_call(*args, **kwargs)
  File "/usr/lib/python3.13/unittest/mock.py", line 1177, in _increment_mock_call
    self.call_count += 1
  File "/usr/lib/python3.13/unittest/mock.py", line 359, in _get
    return getattr(self, _the_name)
  File "/usr/lib/python3.13/unittest/mock.py", line 1168, in __call__
    self._increment_mock_call(*args, **kwargs)
  File "/usr/lib/python3.13/unittest/mock.py", line 1177, in _increment_mock_call
    self.call_count += 1
  File "/usr/lib/python3.13/unittest/mock.py", line 359, in _get
    return getattr(self, _the_name)
  File "/usr/lib/python3.13/unittest/mock.py", line 1168, in __call__
    self._increment_mock_call(*args, **kwargs)
  File "/usr/lib/python3.13/unittest/mock.py", line 1177, in _increment_mock_call
    self.call_count += 1
  File "/usr/lib/python3.13/unittest/mock.py", line 359, in _get
    return getattr(self, _the_name)
  File "/usr/lib/python3.13/unittest/mock.py", line 1168, in __call__
    self._increment_mock_call(*args, **kwargs)
  File "/usr/lib/python3.13/unittest/mock.py", line 1177, in _increment_mock_call
    self.call_count += 1
  File "/usr/lib/python3.13/unittest/mock.py", line 359, in _get
    return getattr(self, _the_name)
  File "/usr/lib/python3.13/unittest/mock.py", line 1168, in __call__
    self._increment_mock_call(*args, **kwargs)
  File "/usr/lib/python3.13/unittest/mock.py", line 1177, in _increment_mock_call
    self.call_count += 1
  File "/usr/lib/python3.13/unittest/mock.py", line 359, in _get
    return getattr(self, _the_name)
  File "/usr/lib/python3.13/unittest/mock.py", line 1168, in __call__
    self._increment_mock_call(*args, **kwargs)
  File "/usr/lib/python3.13/unittest/mock.py", line 1177, in _increment_mock_call
    self.call_count += 1
  File "/usr/lib/python3.13/unittest/mock.py", line 359, in _get
    return getattr(self, _the_name)
  File "/usr/lib/python3.13/unittest/mock.py", line 1168, in __call__
    self._increment_mock_call(*args, **kwargs)
  File "/usr/lib/python3.13/unittest/mock.py", line 1177, in _increment_mock_call
    self.call_count += 1
  File "/usr/lib/python3.13/unittest/mock.py", line 359, in _get
    return getattr(self, _the_name)
  File "/usr/lib/python3.13/unittest/mock.py", line 1168, in __call__
    self._increment_mock_call(*args, **kwargs)
  File "/usr/lib/python3.13/unittest/mock.py", line 1177, in _increment_mock_call
    self.call_count += 1
  File "/usr/lib/python3.13/unittest/mock.py", line 359, in _get
    return getattr(self, _the_name)
  File "/usr/lib/python3.13/unittest/mock.py", line 1168, in __call__
    self._increment_mock_call(*args, **kwargs)
  File "/usr/lib/python3.13/unittest/mock.py", line 1177, in _increment_mock_call
    self.call_count += 1
  File "/usr/lib/python3.13/unittest/mock.py", line 359, in _get
    return getattr(self, _the_name)
  File "/usr/lib/python3.13/unittest/mock.py", line 1168, in __call__
    self._increment_mock_call(*args, **kwargs)
  File "/usr/lib/python3.13/unittest/mock.py", line 1177, in _increment_mock_call
    self.call_count += 1
  File "/usr/lib/python3.13/unittest/mock.py", line 359, in _get
    return getattr(self, _the_name)
  File "/usr/lib/python3.13/unittest/mock.py", line 1168, in __call__
    self._increment_mock_call(*args, **kwargs)
  File "/usr/lib/python3.13/unittest/mock.py", line 1177, in _increment_mock_call
    self.call_count += 1
  File "/usr/lib/python3.13/unittest/mock.py", line 359, in _get
    return getattr(self, _the_name)
  File "/usr/lib/python3.13/unittest/mock.py", line 1168, in __call__
    self._increment_mock_call(*args, **kwargs)
  File "/usr/lib/python3.13/unittest/mock.py", line 1177, in _increment_mock_call
    self.call_count += 1
  File "/usr/lib/python3.13/unittest/mock.py", line 359, in _get
    return getattr(self, _the_name)
  File "/usr/lib/python3.13/unittest/mock.py", line 1168, in __call__
    self._increment_mock_call(*args, **kwargs)
  File "/usr/lib/python3.13/unittest/mock.py", line 1177, in _increment_mock_call
    self.call_count += 1
  File "/usr/lib/python3.13/unittest/mock.py", line 359, in _get
    return getattr(self, _the_name)
  File "/usr/lib/python3.13/unittest/mock.py", line 1168, in __call__
    self._increment_mock_call(*args, **kwargs)
  File "/usr/lib/python3.13/unittest/mock.py", line 1177, in _increment_mock_call
    self.call_count += 1
  File "/usr/lib/python3.13/unittest/mock.py", line 359, in _get
    return getattr(self, _the_name)
  File "/usr/lib/python3.13/unittest/mock.py", line 1168, in __call__
    self._increment_mock_call(*args, **kwargs)
  File "/usr/lib/python3.13/unittest/mock.py", line 1177, in _increment_mock_call
    self.call_count += 1
  File "/usr/lib/python3.13/unittest/mock.py", line 359, in _get
    return getattr(self, _the_name)
  File "/usr/lib/python3.13/unittest/mock.py", line 1168, in __call__
    self._increment_mock_call(*args, **kwargs)
  File "/usr/lib/python3.13/unittest/mock.py", line 1177, in _increment_mock_call
    self.call_count += 1
  File "/usr/lib/python3.13/unittest/mock.py", line 359, in _get
    return getattr(self, _the_name)
  File "/usr/lib/python3.13/unittest/mock.py", line 1168, in __call__
    self._increment_mock_call(*args, **kwargs)
  File "/usr/lib/python3.13/unittest/mock.py", line 1177, in _increment_mock_call
    self.call_count += 1
  File "/usr/lib/python3.13/unittest/mock.py", line 359, in _get
    return getattr(self, _the_name)
  File "/usr/lib/python3.13/unittest/mock.py", line 1168, in __call__
    self._increment_mock_call(*args, **kwargs)
  File "/usr/lib/python3.13/unittest/mock.py", line 1177, in _increment_mock_call
    self.call_count += 1
  File "/usr/lib/python3.13/unittest/mock.py", line 359, in _get
    return getattr(self, _the_name)
  File "/usr/lib/python3.13/unittest/mock.py", line 1168, in __call__
    self._increment_mock_call(*args, **kwargs)
  File "/usr/lib/python3.13/unittest/mock.py", line 1177, in _increment_mock_call
    self.call_count += 1
  File "/usr/lib/python3.13/unittest/mock.py", line 359, in _get
    return getattr(self, _the_name)
  File "/usr/lib/python3.13/unittest/mock.py", line 1168, in __call__
    self._increment_mock_call(*args, **kwargs)
  File "/usr/lib/python3.13/unittest/mock.py", line 1177, in _increment_mock_call
    self.call_count += 1
  File "/usr/lib/python3.13/unittest/mock.py", line 359, in _get
    return getattr(self, _the_name)
  File "/usr/lib/python3.13/unittest/mock.py", line 1168, in __call__
    self._increment_mock_call(*args, **kwargs)
  File "/usr/lib/python3.13/unittest/mock.py", line 1176, in _increment_mock_call
    self.called = True
RecursionError: maximum recursion depth exceeded
Exception ignored in atexit callback <function shutdown at 0x77109080ce00>:
Traceback (most recent call last):
  File "/usr/lib/python3.13/logging/__init__.py", line 2242, in shutdown
    if getattr(h, 'flushOnClose', True):
  File "/usr/lib/python3.13/unittest/mock.py", line 1168, in __call__
    self._increment_mock_call(*args, **kwargs)
  File "/usr/lib/python3.13/unittest/mock.py", line 1177, in _increment_mock_call
    self.call_count += 1
  File "/usr/lib/python3.13/unittest/mock.py", line 359, in _get
    return getattr(self, _the_name)
  File "/usr/lib/python3.13/unittest/mock.py", line 1168, in __call__
    self._increment_mock_call(*args, **kwargs)
  File "/usr/lib/python3.13/unittest/mock.py", line 1177, in _increment_mock_call
    self.call_count += 1
  File "/usr/lib/python3.13/unittest/mock.py", line 359, in _get
    return getattr(self, _the_name)
  File "/usr/lib/python3.13/unittest/mock.py", line 1168, in __call__
    self._increment_mock_call(*args, **kwargs)
  File "/usr/lib/python3.13/unittest/mock.py", line 1177, in _increment_mock_call
    self.call_count += 1
  File "/usr/lib/python3.13/unittest/mock.py", line 359, in _get
    return getattr(self, _the_name)
  File "/usr/lib/python3.13/unittest/mock.py", line 1168, in __call__
    self._increment_mock_call(*args, **kwargs)
  File "/usr/lib/python3.13/unittest/mock.py", line 1177, in _increment_mock_call
    self.call_count += 1
  File "/usr/lib/python3.13/unittest/mock.py", line 359, in _get
    return getattr(self, _the_name)
  File "/usr/lib/python3.13/unittest/mock.py", line 1168, in __call__
    self._increment_mock_call(*args, **kwargs)
  File "/usr/lib/python3.13/unittest/mock.py", line 1177, in _increment_mock_call
    self.call_count += 1
  File "/usr/lib/python3.13/unittest/mock.py", line 359, in _get
    return getattr(self, _the_name)
  File "/usr/lib/python3.13/unittest/mock.py", line 1168, in __call__
    self._increment_mock_call(*args, **kwargs)
  File "/usr/lib/python3.13/unittest/mock.py", line 1177, in _increment_mock_call
    self.call_count += 1
  File "/usr/lib/python3.13/unittest/mock.py", line 359, in _get
    return getattr(self, _the_name)
  File "/usr/lib/python3.13/unittest/mock.py", line 1168, in __call__
    self._increment_mock_call(*args, **kwargs)
  File "/usr/lib/python3.13/unittest/mock.py", line 1177, in _increment_mock_call
    self.call_count += 1
  File "/usr/lib/python3.13/unittest/mock.py", line 359, in _get
    return getattr(self, _the_name)
  File "/usr/lib/python3.13/unittest/mock.py", line 1168, in __call__
    self._increment_mock_call(*args, **kwargs)
  File "/usr/lib/python3.13/unittest/mock.py", line 1177, in _increment_mock_call
    self.call_count += 1
  File "/usr/lib/python3.13/unittest/mock.py", line 359, in _get
    return getattr(self, _the_name)
  File "/usr/lib/python3.13/unittest/mock.py", line 1168, in __call__
    self._increment_mock_call(*args, **kwargs)
  File "/usr/lib/python3.13/unittest/mock.py", line 1177, in _increment_mock_call
    self.call_count += 1
  File "/usr/lib/python3.13/unittest/mock.py", line 359, in _get
    return getattr(self, _the_name)
  File "/usr/lib/python3.13/unittest/mock.py", line 1168, in __call__
    self._increment_mock_call(*args, **kwargs)
  File "/usr/lib/python3.13/unittest/mock.py", line 1177, in _increment_mock_call
    self.call_count += 1
  File "/usr/lib/python3.13/unittest/mock.py", line 359, in _get
    return getattr(self, _the_name)
  File "/usr/lib/python3.13/unittest/mock.py", line 1168, in __call__
    self._increment_mock_call(*args, **kwargs)
  File "/usr/lib/python3.13/unittest/mock.py", line 1177, in _increment_mock_call
    self.call_count += 1
  File "/usr/lib/python3.13/unittest/mock.py", line 359, in _get
    return getattr(self, _the_name)
  File "/usr/lib/python3.13/unittest/mock.py", line 1168, in __call__
    self._increment_mock_call(*args, **kwargs)
  File "/usr/lib/python3.13/unittest/mock.py", line 1177, in _increment_mock_call
    self.call_count += 1
  File "/usr/lib/python3.13/unittest/mock.py", line 359, in _get
    return getattr(self, _the_name)
  File "/usr/lib/python3.13/unittest/mock.py", line 1168, in __call__
    self._increment_mock_call(*args, **kwargs)
  File "/usr/lib/python3.13/unittest/mock.py", line 1177, in _increment_mock_call
    self.call_count += 1
  File "/usr/lib/python3.13/unittest/mock.py", line 359, in _get
    return getattr(self, _the_name)
  File "/usr/lib/python3.13/unittest/mock.py", line 1168, in __call__
    self._increment_mock_call(*args, **kwargs)
  File "/usr/lib/python3.13/unittest/mock.py", line 1177, in _increment_mock_call
    self.call_count += 1
  File "/usr/lib/python3.13/unittest/mock.py", line 359, in _get
    return getattr(self, _the_name)
  File "/usr/lib/python3.13/unittest/mock.py", line 1168, in __call__
    self._increment_mock_call(*args, **kwargs)
  File "/usr/lib/python3.13/unittest/mock.py", line 1177, in _increment_mock_call
    self.call_count += 1
  File "/usr/lib/python3.13/unittest/mock.py", line 359, in _get
    return getattr(self, _the_name)
  File "/usr/lib/python3.13/unittest/mock.py", line 1168, in __call__
    self._increment_mock_call(*args, **kwargs)
  File "/usr/lib/python3.13/unittest/mock.py", line 1177, in _increment_mock_call
    self.call_count += 1
  File "/usr/lib/python3.13/unittest/mock.py", line 359, in _get
    return getattr(self, _the_name)
  File "/usr/lib/python3.13/unittest/mock.py", line 1168, in __call__
    self._increment_mock_call(*args, **kwargs)
  File "/usr/lib/python3.13/unittest/mock.py", line 1177, in _increment_mock_call
    self.call_count += 1
  File "/usr/lib/python3.13/unittest/mock.py", line 359, in _get
    return getattr(self, _the_name)
  File "/usr/lib/python3.13/unittest/mock.py", line 1168, in __call__
    self._increment_mock_call(*args, **kwargs)
  File "/usr/lib/python3.13/unittest/mock.py", line 1177, in _increment_mock_call
    self.call_count += 1
  File "/usr/lib/python3.13/unittest/mock.py", line 359, in _get
    return getattr(self, _the_name)
  File "/usr/lib/python3.13/unittest/mock.py", line 1168, in __call__
    self._increment_mock_call(*args, **kwargs)
  File "/usr/lib/python3.13/unittest/mock.py", line 1177, in _increment_mock_call
    self.call_count += 1
  File "/usr/lib/python3.13/unittest/mock.py", line 359, in _get
    return getattr(self, _the_name)
  File "/usr/lib/python3.13/unittest/mock.py", line 1168, in __call__
    self._increment_mock_call(*args, **kwargs)
  File "/usr/lib/python3.13/unittest/mock.py", line 1177, in _increment_mock_call
    self.call_count += 1
  File "/usr/lib/python3.13/unittest/mock.py", line 359, in _get
    return getattr(self, _the_name)
  File "/usr/lib/python3.13/unittest/mock.py", line 1168, in __call__
    self._increment_mock_call(*args, **kwargs)
  File "/usr/lib/python3.13/unittest/mock.py", line 1177, in _increment_mock_call
    self.call_count += 1
  File "/usr/lib/python3.13/unittest/mock.py", line 359, in _get
    return getattr(self, _the_name)
  File "/usr/lib/python3.13/unittest/mock.py", line 1168, in __call__
    self._increment_mock_call(*args, **kwargs)
  File "/usr/lib/python3.13/unittest/mock.py", line 1177, in _increment_mock_call
    self.call_count += 1
  File "/usr/lib/python3.13/unittest/mock.py", line 359, in _get
    return getattr(self, _the_name)
  File "/usr/lib/python3.13/unittest/mock.py", line 1168, in __call__
    self._increment_mock_call(*args, **kwargs)
  File "/usr/lib/python3.13/unittest/mock.py", line 1177, in _increment_mock_call
    self.call_count += 1
  File "/usr/lib/python3.13/unittest/mock.py", line 359, in _get
    return getattr(self, _the_name)
  File "/usr/lib/python3.13/unittest/mock.py", line 1168, in __call__
    self._increment_mock_call(*args, **kwargs)
  File "/usr/lib/python3.13/unittest/mock.py", line 1177, in _increment_mock_call
    self.call_count += 1
  File "/usr/lib/python3.13/unittest/mock.py", line 359, in _get
    return getattr(self, _the_name)
  File "/usr/lib/python3.13/unittest/mock.py", line 1168, in __call__
    self._increment_mock_call(*args, **kwargs)
  File "/usr/lib/python3.13/unittest/mock.py", line 1177, in _increment_mock_call
    self.call_count += 1
  File "/usr/lib/python3.13/unittest/mock.py", line 359, in _get
    return getattr(self, _the_name)
  File "/usr/lib/python3.13/unittest/mock.py", line 1168, in __call__
    self._increment_mock_call(*args, **kwargs)
  File "/usr/lib/python3.13/unittest/mock.py", line 1177, in _increment_mock_call
    self.call_count += 1
  File "/usr/lib/python3.13/unittest/mock.py", line 359, in _get
    return getattr(self, _the_name)
  File "/usr/lib/python3.13/unittest/mock.py", line 1168, in __call__
    self._increment_mock_call(*args, **kwargs)
  File "/usr/lib/python3.13/unittest/mock.py", line 1177, in _increment_mock_call
    self.call_count += 1
  File "/usr/lib/python3.13/unittest/mock.py", line 359, in _get
    return getattr(self, _the_name)
  File "/usr/lib/python3.13/unittest/mock.py", line 1168, in __call__
    self._increment_mock_call(*args, **kwargs)
  File "/usr/lib/python3.13/unittest/mock.py", line 1177, in _increment_mock_call
    self.call_count += 1
  File "/usr/lib/python3.13/unittest/mock.py", line 359, in _get
    return getattr(self, _the_name)
  File "/usr/lib/python3.13/unittest/mock.py", line 1168, in __call__
    self._increment_mock_call(*args, **kwargs)
  File "/usr/lib/python3.13/unittest/mock.py", line 1177, in _increment_mock_call
    self.call_count += 1
  File "/usr/lib/python3.13/unittest/mock.py", line 359, in _get
    return getattr(self, _the_name)
  File "/usr/lib/python3.13/unittest/mock.py", line 1168, in __call__
    self._increment_mock_call(*args, **kwargs)
  File "/usr/lib/python3.13/unittest/mock.py", line 1177, in _increment_mock_call
    self.call_count += 1
  File "/usr/lib/python3.13/unittest/mock.py", line 359, in _get
    return getattr(self, _the_name)
  File "/usr/lib/python3.13/unittest/mock.py", line 1168, in __call__
    self._increment_mock_call(*args, **kwargs)
  File "/usr/lib/python3.13/unittest/mock.py", line 1177, in _increment_mock_call
    self.call_count += 1
  File "/usr/lib/python3.13/unittest/mock.py", line 359, in _get
    return getattr(self, _the_name)
  File "/usr/lib/python3.13/unittest/mock.py", line 1168, in __call__
    self._increment_mock_call(*args, **kwargs)
  File "/usr/lib/python3.13/unittest/mock.py", line 1177, in _increment_mock_call
    self.call_count += 1
  File "/usr/lib/python3.13/unittest/mock.py", line 359, in _get
    return getattr(self, _the_name)
  File "/usr/lib/python3.13/unittest/mock.py", line 1168, in __call__
    self._increment_mock_call(*args, **kwargs)
  File "/usr/lib/python3.13/unittest/mock.py", line 1177, in _increment_mock_call
    self.call_count += 1
  File "/usr/lib/python3.13/unittest/mock.py", line 359, in _get
    return getattr(self, _the_name)
  File "/usr/lib/python3.13/unittest/mock.py", line 1168, in __call__
    self._increment_mock_call(*args, **kwargs)
  File "/usr/lib/python3.13/unittest/mock.py", line 1177, in _increment_mock_call
    self.call_count += 1
  File "/usr/lib/python3.13/unittest/mock.py", line 359, in _get
    return getattr(self, _the_name)
  File "/usr/lib/python3.13/unittest/mock.py", line 1168, in __call__
    self._increment_mock_call(*args, **kwargs)
  File "/usr/lib/python3.13/unittest/mock.py", line 1177, in _increment_mock_call
    self.call_count += 1
  File "/usr/lib/python3.13/unittest/mock.py", line 359, in _get
    return getattr(self, _the_name)
  File "/usr/lib/python3.13/unittest/mock.py", line 1168, in __call__
    self._increment_mock_call(*args, **kwargs)
  File "/usr/lib/python3.13/unittest/mock.py", line 1177, in _increment_mock_call
    self.call_count += 1
  File "/usr/lib/python3.13/unittest/mock.py", line 359, in _get
    return getattr(self, _the_name)
  File "/usr/lib/python3.13/unittest/mock.py", line 1168, in __call__
    self._increment_mock_call(*args, **kwargs)
  File "/usr/lib/python3.13/unittest/mock.py", line 1177, in _increment_mock_call
    self.call_count += 1
  File "/usr/lib/python3.13/unittest/mock.py", line 359, in _get
    return getattr(self, _the_name)
  File "/usr/lib/python3.13/unittest/mock.py", line 1168, in __call__
    self._increment_mock_call(*args, **kwargs)
  File "/usr/lib/python3.13/unittest/mock.py", line 1177, in _increment_mock_call
    self.call_count += 1
  File "/usr/lib/python3.13/unittest/mock.py", line 359, in _get
    return getattr(self, _the_name)
  File "/usr/lib/python3.13/unittest/mock.py", line 1168, in __call__
    self._increment_mock_call(*args, **kwargs)
  File "/usr/lib/python3.13/unittest/mock.py", line 1177, in _increment_mock_call
    self.call_count += 1
  File "/usr/lib/python3.13/unittest/mock.py", line 359, in _get
    return getattr(self, _the_name)
  File "/usr/lib/python3.13/unittest/mock.py", line 1168, in __call__
    self._increment_mock_call(*args, **kwargs)
  File "/usr/lib/python3.13/unittest/mock.py", line 1177, in _increment_mock_call
    self.call_count += 1
  File "/usr/lib/python3.13/unittest/mock.py", line 359, in _get
    return getattr(self, _the_name)
  File "/usr/lib/python3.13/unittest/mock.py", line 1168, in __call__
    self._increment_mock_call(*args, **kwargs)
  File "/usr/lib/python3.13/unittest/mock.py", line 1177, in _increment_mock_call
    self.call_count += 1
  File "/usr/lib/python3.13/unittest/mock.py", line 359, in _get
    return getattr(self, _the_name)
  File "/usr/lib/python3.13/unittest/mock.py", line 1168, in __call__
    self._increment_mock_call(*args, **kwargs)
  File "/usr/lib/python3.13/unittest/mock.py", line 1177, in _increment_mock_call
    self.call_count += 1
  File "/usr/lib/python3.13/unittest/mock.py", line 359, in _get
    return getattr(self, _the_name)
  File "/usr/lib/python3.13/unittest/mock.py", line 1168, in __call__
    self._increment_mock_call(*args, **kwargs)
  File "/usr/lib/python3.13/unittest/mock.py", line 1177, in _increment_mock_call
    self.call_count += 1
  File "/usr/lib/python3.13/unittest/mock.py", line 359, in _get
    return getattr(self, _the_name)
  File "/usr/lib/python3.13/unittest/mock.py", line 1168, in __call__
    self._increment_mock_call(*args, **kwargs)
  File "/usr/lib/python3.13/unittest/mock.py", line 1177, in _increment_mock_call
    self.call_count += 1
  File "/usr/lib/python3.13/unittest/mock.py", line 359, in _get
    return getattr(self, _the_name)
  File "/usr/lib/python3.13/unittest/mock.py", line 1168, in __call__
    self._increment_mock_call(*args, **kwargs)
  File "/usr/lib/python3.13/unittest/mock.py", line 1177, in _increment_mock_call
    self.call_count += 1
  File "/usr/lib/python3.13/unittest/mock.py", line 359, in _get
    return getattr(self, _the_name)
  File "/usr/lib/python3.13/unittest/mock.py", line 1168, in __call__
    self._increment_mock_call(*args, **kwargs)
  File "/usr/lib/python3.13/unittest/mock.py", line 1177, in _increment_mock_call
    self.call_count += 1
  File "/usr/lib/python3.13/unittest/mock.py", line 359, in _get
    return getattr(self, _the_name)
  File "/usr/lib/python3.13/unittest/mock.py", line 1168, in __call__
    self._increment_mock_call(*args, **kwargs)
  File "/usr/lib/python3.13/unittest/mock.py", line 1177, in _increment_mock_call
    self.call_count += 1
  File "/usr/lib/python3.13/unittest/mock.py", line 359, in _get
    return getattr(self, _the_name)
  File "/usr/lib/python3.13/unittest/mock.py", line 1168, in __call__
    self._increment_mock_call(*args, **kwargs)
  File "/usr/lib/python3.13/unittest/mock.py", line 1177, in _increment_mock_call
    self.call_count += 1
  File "/usr/lib/python3.13/unittest/mock.py", line 359, in _get
    return getattr(self, _the_name)
  File "/usr/lib/python3.13/unittest/mock.py", line 1168, in __call__
    self._increment_mock_call(*args, **kwargs)
  File "/usr/lib/python3.13/unittest/mock.py", line 1177, in _increment_mock_call
    self.call_count += 1
  File "/usr/lib/python3.13/unittest/mock.py", line 359, in _get
    return getattr(self, _the_name)
  File "/usr/lib/python3.13/unittest/mock.py", line 1168, in __call__
    self._increment_mock_call(*args, **kwargs)
  File "/usr/lib/python3.13/unittest/mock.py", line 1177, in _increment_mock_call
    self.call_count += 1
  File "/usr/lib/python3.13/unittest/mock.py", line 359, in _get
    return getattr(self, _the_name)
  File "/usr/lib/python3.13/unittest/mock.py", line 1168, in __call__
    self._increment_mock_call(*args, **kwargs)
  File "/usr/lib/python3.13/unittest/mock.py", line 1177, in _increment_mock_call
    self.call_count += 1
  File "/usr/lib/python3.13/unittest/mock.py", line 359, in _get
    return getattr(self, _the_name)
  File "/usr/lib/python3.13/unittest/mock.py", line 1168, in __call__
    self._increment_mock_call(*args, **kwargs)
  File "/usr/lib/python3.13/unittest/mock.py", line 1177, in _increment_mock_call
    self.call_count += 1
  File "/usr/lib/python3.13/unittest/mock.py", line 359, in _get
    return getattr(self, _the_name)
  File "/usr/lib/python3.13/unittest/mock.py", line 1168, in __call__
    self._increment_mock_call(*args, **kwargs)
  File "/usr/lib/python3.13/unittest/mock.py", line 1177, in _increment_mock_call
    self.call_count += 1
  File "/usr/lib/python3.13/unittest/mock.py", line 359, in _get
    return getattr(self, _the_name)
  File "/usr/lib/python3.13/unittest/mock.py", line 1168, in __call__
    self._increment_mock_call(*args, **kwargs)
  File "/usr/lib/python3.13/unittest/mock.py", line 1177, in _increment_mock_call
    self.call_count += 1
  File "/usr/lib/python3.13/unittest/mock.py", line 359, in _get
    return getattr(self, _the_name)
  File "/usr/lib/python3.13/unittest/mock.py", line 1168, in __call__
    self._increment_mock_call(*args, **kwargs)
  File "/usr/lib/python3.13/unittest/mock.py", line 1177, in _increment_mock_call
    self.call_count += 1
  File "/usr/lib/python3.13/unittest/mock.py", line 359, in _get
    return getattr(self, _the_name)
  File "/usr/lib/python3.13/unittest/mock.py", line 1168, in __call__
    self._increment_mock_call(*args, **kwargs)
  File "/usr/lib/python3.13/unittest/mock.py", line 1177, in _increment_mock_call
    self.call_count += 1
  File "/usr/lib/python3.13/unittest/mock.py", line 359, in _get
    return getattr(self, _the_name)
  File "/usr/lib/python3.13/unittest/mock.py", line 1168, in __call__
    self._increment_mock_call(*args, **kwargs)
  File "/usr/lib/python3.13/unittest/mock.py", line 1177, in _increment_mock_call
    self.call_count += 1
  File "/usr/lib/python3.13/unittest/mock.py", line 359, in _get
    return getattr(self, _the_name)
  File "/usr/lib/python3.13/unittest/mock.py", line 1168, in __call__
    self._increment_mock_call(*args, **kwargs)
  File "/usr/lib/python3.13/unittest/mock.py", line 1177, in _increment_mock_call
    self.call_count += 1
  File "/usr/lib/python3.13/unittest/mock.py", line 359, in _get
    return getattr(self, _the_name)
  File "/usr/lib/python3.13/unittest/mock.py", line 1168, in __call__
    self._increment_mock_call(*args, **kwargs)
  File "/usr/lib/python3.13/unittest/mock.py", line 1177, in _increment_mock_call
    self.call_count += 1
  File "/usr/lib/python3.13/unittest/mock.py", line 359, in _get
    return getattr(self, _the_name)
  File "/usr/lib/python3.13/unittest/mock.py", line 1168, in __call__
    self._increment_mock_call(*args, **kwargs)
  File "/usr/lib/python3.13/unittest/mock.py", line 1177, in _increment_mock_call
    self.call_count += 1
  File "/usr/lib/python3.13/unittest/mock.py", line 359, in _get
    return getattr(self, _the_name)
  File "/usr/lib/python3.13/unittest/mock.py", line 1168, in __call__
    self._increment_mock_call(*args, **kwargs)
  File "/usr/lib/python3.13/unittest/mock.py", line 1177, in _increment_mock_call
    self.call_count += 1
  File "/usr/lib/python3.13/unittest/mock.py", line 359, in _get
    return getattr(self, _the_name)
  File "/usr/lib/python3.13/unittest/mock.py", line 1168, in __call__
    self._increment_mock_call(*args, **kwargs)
  File "/usr/lib/python3.13/unittest/mock.py", line 1177, in _increment_mock_call
    self.call_count += 1
  File "/usr/lib/python3.13/unittest/mock.py", line 359, in _get
    return getattr(self, _the_name)
  File "/usr/lib/python3.13/unittest/mock.py", line 1168, in __call__
    self._increment_mock_call(*args, **kwargs)
  File "/usr/lib/python3.13/unittest/mock.py", line 1177, in _increment_mock_call
    self.call_count += 1
  File "/usr/lib/python3.13/unittest/mock.py", line 359, in _get
    return getattr(self, _the_name)
  File "/usr/lib/python3.13/unittest/mock.py", line 1168, in __call__
    self._increment_mock_call(*args, **kwargs)
  File "/usr/lib/python3.13/unittest/mock.py", line 1177, in _increment_mock_call
    self.call_count += 1
  File "/usr/lib/python3.13/unittest/mock.py", line 359, in _get
    return getattr(self, _the_name)
  File "/usr/lib/python3.13/unittest/mock.py", line 1168, in __call__
    self._increment_mock_call(*args, **kwargs)
  File "/usr/lib/python3.13/unittest/mock.py", line 1177, in _increment_mock_call
    self.call_count += 1
  File "/usr/lib/python3.13/unittest/mock.py", line 359, in _get
    return getattr(self, _the_name)
  File "/usr/lib/python3.13/unittest/mock.py", line 1168, in __call__
    self._increment_mock_call(*args, **kwargs)
  File "/usr/lib/python3.13/unittest/mock.py", line 1177, in _increment_mock_call
    self.call_count += 1
  File "/usr/lib/python3.13/unittest/mock.py", line 359, in _get
    return getattr(self, _the_name)
  File "/usr/lib/python3.13/unittest/mock.py", line 1168, in __call__
    self._increment_mock_call(*args, **kwargs)
  File "/usr/lib/python3.13/unittest/mock.py", line 1177, in _increment_mock_call
    self.call_count += 1
  File "/usr/lib/python3.13/unittest/mock.py", line 359, in _get
    return getattr(self, _the_name)
  File "/usr/lib/python3.13/unittest/mock.py", line 1168, in __call__
    self._increment_mock_call(*args, **kwargs)
  File "/usr/lib/python3.13/unittest/mock.py", line 1177, in _increment_mock_call
    self.call_count += 1
  File "/usr/lib/python3.13/unittest/mock.py", line 359, in _get
    return getattr(self, _the_name)
  File "/usr/lib/python3.13/unittest/mock.py", line 1168, in __call__
    self._increment_mock_call(*args, **kwargs)
  File "/usr/lib/python3.13/unittest/mock.py", line 1177, in _increment_mock_call
    self.call_count += 1
  File "/usr/lib/python3.13/unittest/mock.py", line 359, in _get
    return getattr(self, _the_name)
  File "/usr/lib/python3.13/unittest/mock.py", line 1168, in __call__
    self._increment_mock_call(*args, **kwargs)
  File "/usr/lib/python3.13/unittest/mock.py", line 1177, in _increment_mock_call
    self.call_count += 1
  File "/usr/lib/python3.13/unittest/mock.py", line 359, in _get
    return getattr(self, _the_name)
  File "/usr/lib/python3.13/unittest/mock.py", line 1168, in __call__
    self._increment_mock_call(*args, **kwargs)
  File "/usr/lib/python3.13/unittest/mock.py", line 1177, in _increment_mock_call
    self.call_count += 1
  File "/usr/lib/python3.13/unittest/mock.py", line 359, in _get
    return getattr(self, _the_name)
  File "/usr/lib/python3.13/unittest/mock.py", line 1168, in __call__
    self._increment_mock_call(*args, **kwargs)
  File "/usr/lib/python3.13/unittest/mock.py", line 1177, in _increment_mock_call
    self.call_count += 1
  File "/usr/lib/python3.13/unittest/mock.py", line 359, in _get
    return getattr(self, _the_name)
  File "/usr/lib/python3.13/unittest/mock.py", line 1168, in __call__
    self._increment_mock_call(*args, **kwargs)
  File "/usr/lib/python3.13/unittest/mock.py", line 1177, in _increment_mock_call
    self.call_count += 1
  File "/usr/lib/python3.13/unittest/mock.py", line 359, in _get
    return getattr(self, _the_name)
  File "/usr/lib/python3.13/unittest/mock.py", line 1168, in __call__
    self._increment_mock_call(*args, **kwargs)
  File "/usr/lib/python3.13/unittest/mock.py", line 1177, in _increment_mock_call
    self.call_count += 1
  File "/usr/lib/python3.13/unittest/mock.py", line 359, in _get
    return getattr(self, _the_name)
  File "/usr/lib/python3.13/unittest/mock.py", line 1168, in __call__
    self._increment_mock_call(*args, **kwargs)
  File "/usr/lib/python3.13/unittest/mock.py", line 1177, in _increment_mock_call
    self.call_count += 1
  File "/usr/lib/python3.13/unittest/mock.py", line 359, in _get
    return getattr(self, _the_name)
  File "/usr/lib/python3.13/unittest/mock.py", line 1168, in __call__
    self._increment_mock_call(*args, **kwargs)
  File "/usr/lib/python3.13/unittest/mock.py", line 1177, in _increment_mock_call
    self.call_count += 1
  File "/usr/lib/python3.13/unittest/mock.py", line 359, in _get
    return getattr(self, _the_name)
  File "/usr/lib/python3.13/unittest/mock.py", line 1168, in __call__
    self._increment_mock_call(*args, **kwargs)
  File "/usr/lib/python3.13/unittest/mock.py", line 1177, in _increment_mock_call
    self.call_count += 1
  File "/usr/lib/python3.13/unittest/mock.py", line 359, in _get
    return getattr(self, _the_name)
  File "/usr/lib/python3.13/unittest/mock.py", line 1168, in __call__
    self._increment_mock_call(*args, **kwargs)
  File "/usr/lib/python3.13/unittest/mock.py", line 1177, in _increment_mock_call
    self.call_count += 1
  File "/usr/lib/python3.13/unittest/mock.py", line 359, in _get
    return getattr(self, _the_name)
  File "/usr/lib/python3.13/unittest/mock.py", line 1168, in __call__
    self._increment_mock_call(*args, **kwargs)
  File "/usr/lib/python3.13/unittest/mock.py", line 1177, in _increment_mock_call
    self.call_count += 1
  File "/usr/lib/python3.13/unittest/mock.py", line 359, in _get
    return getattr(self, _the_name)
  File "/usr/lib/python3.13/unittest/mock.py", line 1168, in __call__
    self._increment_mock_call(*args, **kwargs)
  File "/usr/lib/python3.13/unittest/mock.py", line 1177, in _increment_mock_call
    self.call_count += 1
  File "/usr/lib/python3.13/unittest/mock.py", line 359, in _get
    return getattr(self, _the_name)
  File "/usr/lib/python3.13/unittest/mock.py", line 1168, in __call__
    self._increment_mock_call(*args, **kwargs)
  File "/usr/lib/python3.13/unittest/mock.py", line 1177, in _increment_mock_call
    self.call_count += 1
  File "/usr/lib/python3.13/unittest/mock.py", line 359, in _get
    return getattr(self, _the_name)
  File "/usr/lib/python3.13/unittest/mock.py", line 1168, in __call__
    self._increment_mock_call(*args, **kwargs)
  File "/usr/lib/python3.13/unittest/mock.py", line 1177, in _increment_mock_call
    self.call_count += 1
  File "/usr/lib/python3.13/unittest/mock.py", line 359, in _get
    return getattr(self, _the_name)
  File "/usr/lib/python3.13/unittest/mock.py", line 1168, in __call__
    self._increment_mock_call(*args, **kwargs)
  File "/usr/lib/python3.13/unittest/mock.py", line 1177, in _increment_mock_call
    self.call_count += 1
  File "/usr/lib/python3.13/unittest/mock.py", line 359, in _get
    return getattr(self, _the_name)
  File "/usr/lib/python3.13/unittest/mock.py", line 1168, in __call__
    self._increment_mock_call(*args, **kwargs)
  File "/usr/lib/python3.13/unittest/mock.py", line 1177, in _increment_mock_call
    self.call_count += 1
  File "/usr/lib/python3.13/unittest/mock.py", line 359, in _get
    return getattr(self, _the_name)
  File "/usr/lib/python3.13/unittest/mock.py", line 1168, in __call__
    self._increment_mock_call(*args, **kwargs)
  File "/usr/lib/python3.13/unittest/mock.py", line 1177, in _increment_mock_call
    self.call_count += 1
  File "/usr/lib/python3.13/unittest/mock.py", line 359, in _get
    return getattr(self, _the_name)
  File "/usr/lib/python3.13/unittest/mock.py", line 1168, in __call__
    self._increment_mock_call(*args, **kwargs)
  File "/usr/lib/python3.13/unittest/mock.py", line 1177, in _increment_mock_call
    self.call_count += 1
  File "/usr/lib/python3.13/unittest/mock.py", line 359, in _get
    return getattr(self, _the_name)
  File "/usr/lib/python3.13/unittest/mock.py", line 1168, in __call__
    self._increment_mock_call(*args, **kwargs)
  File "/usr/lib/python3.13/unittest/mock.py", line 1177, in _increment_mock_call
    self.call_count += 1
  File "/usr/lib/python3.13/unittest/mock.py", line 359, in _get
    return getattr(self, _the_name)
  File "/usr/lib/python3.13/unittest/mock.py", line 1168, in __call__
    self._increment_mock_call(*args, **kwargs)
  File "/usr/lib/python3.13/unittest/mock.py", line 1177, in _increment_mock_call
    self.call_count += 1
  File "/usr/lib/python3.13/unittest/mock.py", line 359, in _get
    return getattr(self, _the_name)
  File "/usr/lib/python3.13/unittest/mock.py", line 1168, in __call__
    self._increment_mock_call(*args, **kwargs)
  File "/usr/lib/python3.13/unittest/mock.py", line 1177, in _increment_mock_call
    self.call_count += 1
  File "/usr/lib/python3.13/unittest/mock.py", line 359, in _get
    return getattr(self, _the_name)
  File "/usr/lib/python3.13/unittest/mock.py", line 1168, in __call__
    self._increment_mock_call(*args, **kwargs)
  File "/usr/lib/python3.13/unittest/mock.py", line 1177, in _increment_mock_call
    self.call_count += 1
  File "/usr/lib/python3.13/unittest/mock.py", line 359, in _get
    return getattr(self, _the_name)
  File "/usr/lib/python3.13/unittest/mock.py", line 1168, in __call__
    self._increment_mock_call(*args, **kwargs)
  File "/usr/lib/python3.13/unittest/mock.py", line 1177, in _increment_mock_call
    self.call_count += 1
  File "/usr/lib/python3.13/unittest/mock.py", line 359, in _get
    return getattr(self, _the_name)
  File "/usr/lib/python3.13/unittest/mock.py", line 1168, in __call__
    self._increment_mock_call(*args, **kwargs)
  File "/usr/lib/python3.13/unittest/mock.py", line 1177, in _increment_mock_call
    self.call_count += 1
  File "/usr/lib/python3.13/unittest/mock.py", line 359, in _get
    return getattr(self, _the_name)
  File "/usr/lib/python3.13/unittest/mock.py", line 1168, in __call__
    self._increment_mock_call(*args, **kwargs)
  File "/usr/lib/python3.13/unittest/mock.py", line 1177, in _increment_mock_call
    self.call_count += 1
  File "/usr/lib/python3.13/unittest/mock.py", line 359, in _get
    return getattr(self, _the_name)
  File "/usr/lib/python3.13/unittest/mock.py", line 1168, in __call__
    self._increment_mock_call(*args, **kwargs)
  File "/usr/lib/python3.13/unittest/mock.py", line 1177, in _increment_mock_call
    self.call_count += 1
  File "/usr/lib/python3.13/unittest/mock.py", line 359, in _get
    return getattr(self, _the_name)
  File "/usr/lib/python3.13/unittest/mock.py", line 1168, in __call__
    self._increment_mock_call(*args, **kwargs)
  File "/usr/lib/python3.13/unittest/mock.py", line 1177, in _increment_mock_call
    self.call_count += 1
  File "/usr/lib/python3.13/unittest/mock.py", line 359, in _get
    return getattr(self, _the_name)
  File "/usr/lib/python3.13/unittest/mock.py", line 1168, in __call__
    self._increment_mock_call(*args, **kwargs)
  File "/usr/lib/python3.13/unittest/mock.py", line 1177, in _increment_mock_call
    self.call_count += 1
  File "/usr/lib/python3.13/unittest/mock.py", line 359, in _get
    return getattr(self, _the_name)
  File "/usr/lib/python3.13/unittest/mock.py", line 1168, in __call__
    self._increment_mock_call(*args, **kwargs)
  File "/usr/lib/python3.13/unittest/mock.py", line 1177, in _increment_mock_call
    self.call_count += 1
  File "/usr/lib/python3.13/unittest/mock.py", line 359, in _get
    return getattr(self, _the_name)
  File "/usr/lib/python3.13/unittest/mock.py", line 1168, in __call__
    self._increment_mock_call(*args, **kwargs)
  File "/usr/lib/python3.13/unittest/mock.py", line 1177, in _increment_mock_call
    self.call_count += 1
  File "/usr/lib/python3.13/unittest/mock.py", line 359, in _get
    return getattr(self, _the_name)
  File "/usr/lib/python3.13/unittest/mock.py", line 1168, in __call__
    self._increment_mock_call(*args, **kwargs)
  File "/usr/lib/python3.13/unittest/mock.py", line 1177, in _increment_mock_call
    self.call_count += 1
  File "/usr/lib/python3.13/unittest/mock.py", line 359, in _get
    return getattr(self, _the_name)
  File "/usr/lib/python3.13/unittest/mock.py", line 1168, in __call__
    self._increment_mock_call(*args, **kwargs)
  File "/usr/lib/python3.13/unittest/mock.py", line 1177, in _increment_mock_call
    self.call_count += 1
  File "/usr/lib/python3.13/unittest/mock.py", line 359, in _get
    return getattr(self, _the_name)
  File "/usr/lib/python3.13/unittest/mock.py", line 1168, in __call__
    self._increment_mock_call(*args, **kwargs)
  File "/usr/lib/python3.13/unittest/mock.py", line 1177, in _increment_mock_call
    self.call_count += 1
  File "/usr/lib/python3.13/unittest/mock.py", line 359, in _get
    return getattr(self, _the_name)
  File "/usr/lib/python3.13/unittest/mock.py", line 1168, in __call__
    self._increment_mock_call(*args, **kwargs)
  File "/usr/lib/python3.13/unittest/mock.py", line 1177, in _increment_mock_call
    self.call_count += 1
  File "/usr/lib/python3.13/unittest/mock.py", line 359, in _get
    return getattr(self, _the_name)
  File "/usr/lib/python3.13/unittest/mock.py", line 1168, in __call__
    self._increment_mock_call(*args, **kwargs)
  File "/usr/lib/python3.13/unittest/mock.py", line 1177, in _increment_mock_call
    self.call_count += 1
  File "/usr/lib/python3.13/unittest/mock.py", line 359, in _get
    return getattr(self, _the_name)
  File "/usr/lib/python3.13/unittest/mock.py", line 1168, in __call__
    self._increment_mock_call(*args, **kwargs)
  File "/usr/lib/python3.13/unittest/mock.py", line 1177, in _increment_mock_call
    self.call_count += 1
  File "/usr/lib/python3.13/unittest/mock.py", line 359, in _get
    return getattr(self, _the_name)
  File "/usr/lib/python3.13/unittest/mock.py", line 1168, in __call__
    self._increment_mock_call(*args, **kwargs)
  File "/usr/lib/python3.13/unittest/mock.py", line 1177, in _increment_mock_call
    self.call_count += 1
  File "/usr/lib/python3.13/unittest/mock.py", line 359, in _get
    return getattr(self, _the_name)
  File "/usr/lib/python3.13/unittest/mock.py", line 1168, in __call__
    self._increment_mock_call(*args, **kwargs)
  File "/usr/lib/python3.13/unittest/mock.py", line 1177, in _increment_mock_call
    self.call_count += 1
  File "/usr/lib/python3.13/unittest/mock.py", line 359, in _get
    return getattr(self, _the_name)
  File "/usr/lib/python3.13/unittest/mock.py", line 1168, in __call__
    self._increment_mock_call(*args, **kwargs)
  File "/usr/lib/python3.13/unittest/mock.py", line 1177, in _increment_mock_call
    self.call_count += 1
  File "/usr/lib/python3.13/unittest/mock.py", line 359, in _get
    return getattr(self, _the_name)
  File "/usr/lib/python3.13/unittest/mock.py", line 1168, in __call__
    self._increment_mock_call(*args, **kwargs)
  File "/usr/lib/python3.13/unittest/mock.py", line 1177, in _increment_mock_call
    self.call_count += 1
  File "/usr/lib/python3.13/unittest/mock.py", line 359, in _get
    return getattr(self, _the_name)
  File "/usr/lib/python3.13/unittest/mock.py", line 1168, in __call__
    self._increment_mock_call(*args, **kwargs)
  File "/usr/lib/python3.13/unittest/mock.py", line 1177, in _increment_mock_call
    self.call_count += 1
  File "/usr/lib/python3.13/unittest/mock.py", line 359, in _get
    return getattr(self, _the_name)
  File "/usr/lib/python3.13/unittest/mock.py", line 1168, in __call__
    self._increment_mock_call(*args, **kwargs)
  File "/usr/lib/python3.13/unittest/mock.py", line 1177, in _increment_mock_call
    self.call_count += 1
  File "/usr/lib/python3.13/unittest/mock.py", line 359, in _get
    return getattr(self, _the_name)
  File "/usr/lib/python3.13/unittest/mock.py", line 1168, in __call__
    self._increment_mock_call(*args, **kwargs)
  File "/usr/lib/python3.13/unittest/mock.py", line 1177, in _increment_mock_call
    self.call_count += 1
  File "/usr/lib/python3.13/unittest/mock.py", line 359, in _get
    return getattr(self, _the_name)
  File "/usr/lib/python3.13/unittest/mock.py", line 1168, in __call__
    self._increment_mock_call(*args, **kwargs)
  File "/usr/lib/python3.13/unittest/mock.py", line 1177, in _increment_mock_call
    self.call_count += 1
  File "/usr/lib/python3.13/unittest/mock.py", line 359, in _get
    return getattr(self, _the_name)
  File "/usr/lib/python3.13/unittest/mock.py", line 1168, in __call__
    self._increment_mock_call(*args, **kwargs)
  File "/usr/lib/python3.13/unittest/mock.py", line 1177, in _increment_mock_call
    self.call_count += 1
  File "/usr/lib/python3.13/unittest/mock.py", line 359, in _get
    return getattr(self, _the_name)
  File "/usr/lib/python3.13/unittest/mock.py", line 1168, in __call__
    self._increment_mock_call(*args, **kwargs)
  File "/usr/lib/python3.13/unittest/mock.py", line 1177, in _increment_mock_call
    self.call_count += 1
  File "/usr/lib/python3.13/unittest/mock.py", line 359, in _get
    return getattr(self, _the_name)
  File "/usr/lib/python3.13/unittest/mock.py", line 1168, in __call__
    self._increment_mock_call(*args, **kwargs)
  File "/usr/lib/python3.13/unittest/mock.py", line 1177, in _increment_mock_call
    self.call_count += 1
  File "/usr/lib/python3.13/unittest/mock.py", line 359, in _get
    return getattr(self, _the_name)
  File "/usr/lib/python3.13/unittest/mock.py", line 1168, in __call__
    self._increment_mock_call(*args, **kwargs)
  File "/usr/lib/python3.13/unittest/mock.py", line 1177, in _increment_mock_call
    self.call_count += 1
  File "/usr/lib/python3.13/unittest/mock.py", line 359, in _get
    return getattr(self, _the_name)
  File "/usr/lib/python3.13/unittest/mock.py", line 1168, in __call__
    self._increment_mock_call(*args, **kwargs)
  File "/usr/lib/python3.13/unittest/mock.py", line 1177, in _increment_mock_call
    self.call_count += 1
  File "/usr/lib/python3.13/unittest/mock.py", line 359, in _get
    return getattr(self, _the_name)
  File "/usr/lib/python3.13/unittest/mock.py", line 1168, in __call__
    self._increment_mock_call(*args, **kwargs)
  File "/usr/lib/python3.13/unittest/mock.py", line 1177, in _increment_mock_call
    self.call_count += 1
  File "/usr/lib/python3.13/unittest/mock.py", line 359, in _get
    return getattr(self, _the_name)
  File "/usr/lib/python3.13/unittest/mock.py", line 1168, in __call__
    self._increment_mock_call(*args, **kwargs)
  File "/usr/lib/python3.13/unittest/mock.py", line 1177, in _increment_mock_call
    self.call_count += 1
  File "/usr/lib/python3.13/unittest/mock.py", line 359, in _get
    return getattr(self, _the_name)
  File "/usr/lib/python3.13/unittest/mock.py", line 1168, in __call__
    self._increment_mock_call(*args, **kwargs)
  File "/usr/lib/python3.13/unittest/mock.py", line 1177, in _increment_mock_call
    self.call_count += 1
  File "/usr/lib/python3.13/unittest/mock.py", line 359, in _get
    return getattr(self, _the_name)
  File "/usr/lib/python3.13/unittest/mock.py", line 1168, in __call__
    self._increment_mock_call(*args, **kwargs)
  File "/usr/lib/python3.13/unittest/mock.py", line 1177, in _increment_mock_call
    self.call_count += 1
  File "/usr/lib/python3.13/unittest/mock.py", line 359, in _get
    return getattr(self, _the_name)
  File "/usr/lib/python3.13/unittest/mock.py", line 1168, in __call__
    self._increment_mock_call(*args, **kwargs)
  File "/usr/lib/python3.13/unittest/mock.py", line 1177, in _increment_mock_call
    self.call_count += 1
  File "/usr/lib/python3.13/unittest/mock.py", line 359, in _get
    return getattr(self, _the_name)
  File "/usr/lib/python3.13/unittest/mock.py", line 1168, in __call__
    self._increment_mock_call(*args, **kwargs)
  File "/usr/lib/python3.13/unittest/mock.py", line 1177, in _increment_mock_call
    self.call_count += 1
  File "/usr/lib/python3.13/unittest/mock.py", line 359, in _get
    return getattr(self, _the_name)
  File "/usr/lib/python3.13/unittest/mock.py", line 1168, in __call__
    self._increment_mock_call(*args, **kwargs)
  File "/usr/lib/python3.13/unittest/mock.py", line 1177, in _increment_mock_call
    self.call_count += 1
  File "/usr/lib/python3.13/unittest/mock.py", line 359, in _get
    return getattr(self, _the_name)
  File "/usr/lib/python3.13/unittest/mock.py", line 1168, in __call__
    self._increment_mock_call(*args, **kwargs)
  File "/usr/lib/python3.13/unittest/mock.py", line 1177, in _increment_mock_call
    self.call_count += 1
  File "/usr/lib/python3.13/unittest/mock.py", line 359, in _get
    return getattr(self, _the_name)
  File "/usr/lib/python3.13/unittest/mock.py", line 1168, in __call__
    self._increment_mock_call(*args, **kwargs)
  File "/usr/lib/python3.13/unittest/mock.py", line 1177, in _increment_mock_call
    self.call_count += 1
  File "/usr/lib/python3.13/unittest/mock.py", line 359, in _get
    return getattr(self, _the_name)
  File "/usr/lib/python3.13/unittest/mock.py", line 1168, in __call__
    self._increment_mock_call(*args, **kwargs)
  File "/usr/lib/python3.13/unittest/mock.py", line 1177, in _increment_mock_call
    self.call_count += 1
  File "/usr/lib/python3.13/unittest/mock.py", line 359, in _get
    return getattr(self, _the_name)
  File "/usr/lib/python3.13/unittest/mock.py", line 1168, in __call__
    self._increment_mock_call(*args, **kwargs)
  File "/usr/lib/python3.13/unittest/mock.py", line 1177, in _increment_mock_call
    self.call_count += 1
  File "/usr/lib/python3.13/unittest/mock.py", line 359, in _get
    return getattr(self, _the_name)
  File "/usr/lib/python3.13/unittest/mock.py", line 1168, in __call__
    self._increment_mock_call(*args, **kwargs)
  File "/usr/lib/python3.13/unittest/mock.py", line 1177, in _increment_mock_call
    self.call_count += 1
  File "/usr/lib/python3.13/unittest/mock.py", line 359, in _get
    return getattr(self, _the_name)
  File "/usr/lib/python3.13/unittest/mock.py", line 1168, in __call__
    self._increment_mock_call(*args, **kwargs)
  File "/usr/lib/python3.13/unittest/mock.py", line 1177, in _increment_mock_call
    self.call_count += 1
  File "/usr/lib/python3.13/unittest/mock.py", line 359, in _get
    return getattr(self, _the_name)
  File "/usr/lib/python3.13/unittest/mock.py", line 1168, in __call__
    self._increment_mock_call(*args, **kwargs)
  File "/usr/lib/python3.13/unittest/mock.py", line 1177, in _increment_mock_call
    self.call_count += 1
  File "/usr/lib/python3.13/unittest/mock.py", line 359, in _get
    return getattr(self, _the_name)
  File "/usr/lib/python3.13/unittest/mock.py", line 1168, in __call__
    self._increment_mock_call(*args, **kwargs)
  File "/usr/lib/python3.13/unittest/mock.py", line 1177, in _increment_mock_call
    self.call_count += 1
  File "/usr/lib/python3.13/unittest/mock.py", line 359, in _get
    return getattr(self, _the_name)
  File "/usr/lib/python3.13/unittest/mock.py", line 1168, in __call__
    self._increment_mock_call(*args, **kwargs)
  File "/usr/lib/python3.13/unittest/mock.py", line 1177, in _increment_mock_call
    self.call_count += 1
  File "/usr/lib/python3.13/unittest/mock.py", line 359, in _get
    return getattr(self, _the_name)
  File "/usr/lib/python3.13/unittest/mock.py", line 1168, in __call__
    self._increment_mock_call(*args, **kwargs)
  File "/usr/lib/python3.13/unittest/mock.py", line 1177, in _increment_mock_call
    self.call_count += 1
  File "/usr/lib/python3.13/unittest/mock.py", line 359, in _get
    return getattr(self, _the_name)
  File "/usr/lib/python3.13/unittest/mock.py", line 1168, in __call__
    self._increment_mock_call(*args, **kwargs)
  File "/usr/lib/python3.13/unittest/mock.py", line 1177, in _increment_mock_call
    self.call_count += 1
  File "/usr/lib/python3.13/unittest/mock.py", line 359, in _get
    return getattr(self, _the_name)
  File "/usr/lib/python3.13/unittest/mock.py", line 1168, in __call__
    self._increment_mock_call(*args, **kwargs)
  File "/usr/lib/python3.13/unittest/mock.py", line 1177, in _increment_mock_call
    self.call_count += 1
  File "/usr/lib/python3.13/unittest/mock.py", line 359, in _get
    return getattr(self, _the_name)
  File "/usr/lib/python3.13/unittest/mock.py", line 1168, in __call__
    self._increment_mock_call(*args, **kwargs)
  File "/usr/lib/python3.13/unittest/mock.py", line 1177, in _increment_mock_call
    self.call_count += 1
  File "/usr/lib/python3.13/unittest/mock.py", line 359, in _get
    return getattr(self, _the_name)
  File "/usr/lib/python3.13/unittest/mock.py", line 1168, in __call__
    self._increment_mock_call(*args, **kwargs)
  File "/usr/lib/python3.13/unittest/mock.py", line 1177, in _increment_mock_call
    self.call_count += 1
  File "/usr/lib/python3.13/unittest/mock.py", line 359, in _get
    return getattr(self, _the_name)
  File "/usr/lib/python3.13/unittest/mock.py", line 1168, in __call__
    self._increment_mock_call(*args, **kwargs)
  File "/usr/lib/python3.13/unittest/mock.py", line 1177, in _increment_mock_call
    self.call_count += 1
  File "/usr/lib/python3.13/unittest/mock.py", line 359, in _get
    return getattr(self, _the_name)
  File "/usr/lib/python3.13/unittest/mock.py", line 1168, in __call__
    self._increment_mock_call(*args, **kwargs)
  File "/usr/lib/python3.13/unittest/mock.py", line 1177, in _increment_mock_call
    self.call_count += 1
  File "/usr/lib/python3.13/unittest/mock.py", line 359, in _get
    return getattr(self, _the_name)
  File "/usr/lib/python3.13/unittest/mock.py", line 1168, in __call__
    self._increment_mock_call(*args, **kwargs)
  File "/usr/lib/python3.13/unittest/mock.py", line 1177, in _increment_mock_call
    self.call_count += 1
  File "/usr/lib/python3.13/unittest/mock.py", line 359, in _get
    return getattr(self, _the_name)
  File "/usr/lib/python3.13/unittest/mock.py", line 1168, in __call__
    self._increment_mock_call(*args, **kwargs)
  File "/usr/lib/python3.13/unittest/mock.py", line 1177, in _increment_mock_call
    self.call_count += 1
  File "/usr/lib/python3.13/unittest/mock.py", line 359, in _get
    return getattr(self, _the_name)
  File "/usr/lib/python3.13/unittest/mock.py", line 1168, in __call__
    self._increment_mock_call(*args, **kwargs)
  File "/usr/lib/python3.13/unittest/mock.py", line 1177, in _increment_mock_call
    self.call_count += 1
  File "/usr/lib/python3.13/unittest/mock.py", line 359, in _get
    return getattr(self, _the_name)
  File "/usr/lib/python3.13/unittest/mock.py", line 1168, in __call__
    self._increment_mock_call(*args, **kwargs)
  File "/usr/lib/python3.13/unittest/mock.py", line 1177, in _increment_mock_call
    self.call_count += 1
  File "/usr/lib/python3.13/unittest/mock.py", line 359, in _get
    return getattr(self, _the_name)
  File "/usr/lib/python3.13/unittest/mock.py", line 1168, in __call__
    self._increment_mock_call(*args, **kwargs)
  File "/usr/lib/python3.13/unittest/mock.py", line 1177, in _increment_mock_call
    self.call_count += 1
  File "/usr/lib/python3.13/unittest/mock.py", line 359, in _get
    return getattr(self, _the_name)
  File "/usr/lib/python3.13/unittest/mock.py", line 1168, in __call__
    self._increment_mock_call(*args, **kwargs)
  File "/usr/lib/python3.13/unittest/mock.py", line 1177, in _increment_mock_call
    self.call_count += 1
  File "/usr/lib/python3.13/unittest/mock.py", line 359, in _get
    return getattr(self, _the_name)
  File "/usr/lib/python3.13/unittest/mock.py", line 1168, in __call__
    self._increment_mock_call(*args, **kwargs)
  File "/usr/lib/python3.13/unittest/mock.py", line 1177, in _increment_mock_call
    self.call_count += 1
  File "/usr/lib/python3.13/unittest/mock.py", line 359, in _get
    return getattr(self, _the_name)
  File "/usr/lib/python3.13/unittest/mock.py", line 1168, in __call__
    self._increment_mock_call(*args, **kwargs)
  File "/usr/lib/python3.13/unittest/mock.py", line 1177, in _increment_mock_call
    self.call_count += 1
  File "/usr/lib/python3.13/unittest/mock.py", line 359, in _get
    return getattr(self, _the_name)
  File "/usr/lib/python3.13/unittest/mock.py", line 1168, in __call__
    self._increment_mock_call(*args, **kwargs)
  File "/usr/lib/python3.13/unittest/mock.py", line 1177, in _increment_mock_call
    self.call_count += 1
  File "/usr/lib/python3.13/unittest/mock.py", line 359, in _get
    return getattr(self, _the_name)
  File "/usr/lib/python3.13/unittest/mock.py", line 1168, in __call__
    self._increment_mock_call(*args, **kwargs)
  File "/usr/lib/python3.13/unittest/mock.py", line 1177, in _increment_mock_call
    self.call_count += 1
  File "/usr/lib/python3.13/unittest/mock.py", line 359, in _get
    return getattr(self, _the_name)
  File "/usr/lib/python3.13/unittest/mock.py", line 1168, in __call__
    self._increment_mock_call(*args, **kwargs)
  File "/usr/lib/python3.13/unittest/mock.py", line 1177, in _increment_mock_call
    self.call_count += 1
  File "/usr/lib/python3.13/unittest/mock.py", line 359, in _get
    return getattr(self, _the_name)
  File "/usr/lib/python3.13/unittest/mock.py", line 1168, in __call__
    self._increment_mock_call(*args, **kwargs)
  File "/usr/lib/python3.13/unittest/mock.py", line 1177, in _increment_mock_call
    self.call_count += 1
  File "/usr/lib/python3.13/unittest/mock.py", line 359, in _get
    return getattr(self, _the_name)
  File "/usr/lib/python3.13/unittest/mock.py", line 1168, in __call__
    self._increment_mock_call(*args, **kwargs)
  File "/usr/lib/python3.13/unittest/mock.py", line 1177, in _increment_mock_call
    self.call_count += 1
  File "/usr/lib/python3.13/unittest/mock.py", line 359, in _get
    return getattr(self, _the_name)
  File "/usr/lib/python3.13/unittest/mock.py", line 1168, in __call__
    self._increment_mock_call(*args, **kwargs)
  File "/usr/lib/python3.13/unittest/mock.py", line 1177, in _increment_mock_call
    self.call_count += 1
  File "/usr/lib/python3.13/unittest/mock.py", line 359, in _get
    return getattr(self, _the_name)
  File "/usr/lib/python3.13/unittest/mock.py", line 1168, in __call__
    self._increment_mock_call(*args, **kwargs)
  File "/usr/lib/python3.13/unittest/mock.py", line 1177, in _increment_mock_call
    self.call_count += 1
  File "/usr/lib/python3.13/unittest/mock.py", line 359, in _get
    return getattr(self, _the_name)
  File "/usr/lib/python3.13/unittest/mock.py", line 1168, in __call__
    self._increment_mock_call(*args, **kwargs)
  File "/usr/lib/python3.13/unittest/mock.py", line 1177, in _increment_mock_call
    self.call_count += 1
  File "/usr/lib/python3.13/unittest/mock.py", line 359, in _get
    return getattr(self, _the_name)
  File "/usr/lib/python3.13/unittest/mock.py", line 1168, in __call__
    self._increment_mock_call(*args, **kwargs)
  File "/usr/lib/python3.13/unittest/mock.py", line 1177, in _increment_mock_call
    self.call_count += 1
  File "/usr/lib/python3.13/unittest/mock.py", line 359, in _get
    return getattr(self, _the_name)
  File "/usr/lib/python3.13/unittest/mock.py", line 1168, in __call__
    self._increment_mock_call(*args, **kwargs)
  File "/usr/lib/python3.13/unittest/mock.py", line 1177, in _increment_mock_call
    self.call_count += 1
  File "/usr/lib/python3.13/unittest/mock.py", line 359, in _get
    return getattr(self, _the_name)
  File "/usr/lib/python3.13/unittest/mock.py", line 1168, in __call__
    self._increment_mock_call(*args, **kwargs)
  File "/usr/lib/python3.13/unittest/mock.py", line 1177, in _increment_mock_call
    self.call_count += 1
  File "/usr/lib/python3.13/unittest/mock.py", line 359, in _get
    return getattr(self, _the_name)
  File "/usr/lib/python3.13/unittest/mock.py", line 1168, in __call__
    self._increment_mock_call(*args, **kwargs)
  File "/usr/lib/python3.13/unittest/mock.py", line 1177, in _increment_mock_call
    self.call_count += 1
  File "/usr/lib/python3.13/unittest/mock.py", line 359, in _get
    return getattr(self, _the_name)
  File "/usr/lib/python3.13/unittest/mock.py", line 1168, in __call__
    self._increment_mock_call(*args, **kwargs)
  File "/usr/lib/python3.13/unittest/mock.py", line 1177, in _increment_mock_call
    self.call_count += 1
  File "/usr/lib/python3.13/unittest/mock.py", line 359, in _get
    return getattr(self, _the_name)
  File "/usr/lib/python3.13/unittest/mock.py", line 1168, in __call__
    self._increment_mock_call(*args, **kwargs)
  File "/usr/lib/python3.13/unittest/mock.py", line 1177, in _increment_mock_call
    self.call_count += 1
  File "/usr/lib/python3.13/unittest/mock.py", line 359, in _get
    return getattr(self, _the_name)
  File "/usr/lib/python3.13/unittest/mock.py", line 1168, in __call__
    self._increment_mock_call(*args, **kwargs)
  File "/usr/lib/python3.13/unittest/mock.py", line 1177, in _increment_mock_call
    self.call_count += 1
  File "/usr/lib/python3.13/unittest/mock.py", line 359, in _get
    return getattr(self, _the_name)
  File "/usr/lib/python3.13/unittest/mock.py", line 1168, in __call__
    self._increment_mock_call(*args, **kwargs)
  File "/usr/lib/python3.13/unittest/mock.py", line 1177, in _increment_mock_call
    self.call_count += 1
  File "/usr/lib/python3.13/unittest/mock.py", line 359, in _get
    return getattr(self, _the_name)
  File "/usr/lib/python3.13/unittest/mock.py", line 1168, in __call__
    self._increment_mock_call(*args, **kwargs)
  File "/usr/lib/python3.13/unittest/mock.py", line 1177, in _increment_mock_call
    self.call_count += 1
  File "/usr/lib/python3.13/unittest/mock.py", line 359, in _get
    return getattr(self, _the_name)
  File "/usr/lib/python3.13/unittest/mock.py", line 1168, in __call__
    self._increment_mock_call(*args, **kwargs)
  File "/usr/lib/python3.13/unittest/mock.py", line 1177, in _increment_mock_call
    self.call_count += 1
  File "/usr/lib/python3.13/unittest/mock.py", line 359, in _get
    return getattr(self, _the_name)
  File "/usr/lib/python3.13/unittest/mock.py", line 1168, in __call__
    self._increment_mock_call(*args, **kwargs)
  File "/usr/lib/python3.13/unittest/mock.py", line 1177, in _increment_mock_call
    self.call_count += 1
  File "/usr/lib/python3.13/unittest/mock.py", line 359, in _get
    return getattr(self, _the_name)
  File "/usr/lib/python3.13/unittest/mock.py", line 1168, in __call__
    self._increment_mock_call(*args, **kwargs)
  File "/usr/lib/python3.13/unittest/mock.py", line 1177, in _increment_mock_call
    self.call_count += 1
  File "/usr/lib/python3.13/unittest/mock.py", line 359, in _get
    return getattr(self, _the_name)
  File "/usr/lib/python3.13/unittest/mock.py", line 1168, in __call__
    self._increment_mock_call(*args, **kwargs)
  File "/usr/lib/python3.13/unittest/mock.py", line 1177, in _increment_mock_call
    self.call_count += 1
  File "/usr/lib/python3.13/unittest/mock.py", line 359, in _get
    return getattr(self, _the_name)
  File "/usr/lib/python3.13/unittest/mock.py", line 1168, in __call__
    self._increment_mock_call(*args, **kwargs)
  File "/usr/lib/python3.13/unittest/mock.py", line 1177, in _increment_mock_call
    self.call_count += 1
  File "/usr/lib/python3.13/unittest/mock.py", line 359, in _get
    return getattr(self, _the_name)
  File "/usr/lib/python3.13/unittest/mock.py", line 1168, in __call__
    self._increment_mock_call(*args, **kwargs)
  File "/usr/lib/python3.13/unittest/mock.py", line 1177, in _increment_mock_call
    self.call_count += 1
  File "/usr/lib/python3.13/unittest/mock.py", line 359, in _get
    return getattr(self, _the_name)
  File "/usr/lib/python3.13/unittest/mock.py", line 1168, in __call__
    self._increment_mock_call(*args, **kwargs)
  File "/usr/lib/python3.13/unittest/mock.py", line 1177, in _increment_mock_call
    self.call_count += 1
  File "/usr/lib/python3.13/unittest/mock.py", line 359, in _get
    return getattr(self, _the_name)
  File "/usr/lib/python3.13/unittest/mock.py", line 1168, in __call__
    self._increment_mock_call(*args, **kwargs)
  File "/usr/lib/python3.13/unittest/mock.py", line 1177, in _increment_mock_call
    self.call_count += 1
  File "/usr/lib/python3.13/unittest/mock.py", line 359, in _get
    return getattr(self, _the_name)
  File "/usr/lib/python3.13/unittest/mock.py", line 1168, in __call__
    self._increment_mock_call(*args, **kwargs)
  File "/usr/lib/python3.13/unittest/mock.py", line 1177, in _increment_mock_call
    self.call_count += 1
  File "/usr/lib/python3.13/unittest/mock.py", line 359, in _get
    return getattr(self, _the_name)
  File "/usr/lib/python3.13/unittest/mock.py", line 1168, in __call__
    self._increment_mock_call(*args, **kwargs)
  File "/usr/lib/python3.13/unittest/mock.py", line 1177, in _increment_mock_call
    self.call_count += 1
  File "/usr/lib/python3.13/unittest/mock.py", line 359, in _get
    return getattr(self, _the_name)
  File "/usr/lib/python3.13/unittest/mock.py", line 1168, in __call__
    self._increment_mock_call(*args, **kwargs)
  File "/usr/lib/python3.13/unittest/mock.py", line 1177, in _increment_mock_call
    self.call_count += 1
  File "/usr/lib/python3.13/unittest/mock.py", line 359, in _get
    return getattr(self, _the_name)
  File "/usr/lib/python3.13/unittest/mock.py", line 1168, in __call__
    self._increment_mock_call(*args, **kwargs)
  File "/usr/lib/python3.13/unittest/mock.py", line 1177, in _increment_mock_call
    self.call_count += 1
  File "/usr/lib/python3.13/unittest/mock.py", line 359, in _get
    return getattr(self, _the_name)
  File "/usr/lib/python3.13/unittest/mock.py", line 1168, in __call__
    self._increment_mock_call(*args, **kwargs)
  File "/usr/lib/python3.13/unittest/mock.py", line 1177, in _increment_mock_call
    self.call_count += 1
  File "/usr/lib/python3.13/unittest/mock.py", line 359, in _get
    return getattr(self, _the_name)
  File "/usr/lib/python3.13/unittest/mock.py", line 1168, in __call__
    self._increment_mock_call(*args, **kwargs)
  File "/usr/lib/python3.13/unittest/mock.py", line 1177, in _increment_mock_call
    self.call_count += 1
  File "/usr/lib/python3.13/unittest/mock.py", line 359, in _get
    return getattr(self, _the_name)
  File "/usr/lib/python3.13/unittest/mock.py", line 1168, in __call__
    self._increment_mock_call(*args, **kwargs)
  File "/usr/lib/python3.13/unittest/mock.py", line 1177, in _increment_mock_call
    self.call_count += 1
  File "/usr/lib/python3.13/unittest/mock.py", line 359, in _get
    return getattr(self, _the_name)
  File "/usr/lib/python3.13/unittest/mock.py", line 1168, in __call__
    self._increment_mock_call(*args, **kwargs)
  File "/usr/lib/python3.13/unittest/mock.py", line 1177, in _increment_mock_call
    self.call_count += 1
  File "/usr/lib/python3.13/unittest/mock.py", line 359, in _get
    return getattr(self, _the_name)
  File "/usr/lib/python3.13/unittest/mock.py", line 1168, in __call__
    self._increment_mock_call(*args, **kwargs)
  File "/usr/lib/python3.13/unittest/mock.py", line 1177, in _increment_mock_call
    self.call_count += 1
  File "/usr/lib/python3.13/unittest/mock.py", line 359, in _get
    return getattr(self, _the_name)
  File "/usr/lib/python3.13/unittest/mock.py", line 1168, in __call__
    self._increment_mock_call(*args, **kwargs)
  File "/usr/lib/python3.13/unittest/mock.py", line 1177, in _increment_mock_call
    self.call_count += 1
  File "/usr/lib/python3.13/unittest/mock.py", line 359, in _get
    return getattr(self, _the_name)
  File "/usr/lib/python3.13/unittest/mock.py", line 1168, in __call__
    self._increment_mock_call(*args, **kwargs)
  File "/usr/lib/python3.13/unittest/mock.py", line 1177, in _increment_mock_call
    self.call_count += 1
  File "/usr/lib/python3.13/unittest/mock.py", line 359, in _get
    return getattr(self, _the_name)
  File "/usr/lib/python3.13/unittest/mock.py", line 1168, in __call__
    self._increment_mock_call(*args, **kwargs)
  File "/usr/lib/python3.13/unittest/mock.py", line 1177, in _increment_mock_call
    self.call_count += 1
  File "/usr/lib/python3.13/unittest/mock.py", line 359, in _get
    return getattr(self, _the_name)
  File "/usr/lib/python3.13/unittest/mock.py", line 1168, in __call__
    self._increment_mock_call(*args, **kwargs)
  File "/usr/lib/python3.13/unittest/mock.py", line 1177, in _increment_mock_call
    self.call_count += 1
  File "/usr/lib/python3.13/unittest/mock.py", line 359, in _get
    return getattr(self, _the_name)
  File "/usr/lib/python3.13/unittest/mock.py", line 1168, in __call__
    self._increment_mock_call(*args, **kwargs)
  File "/usr/lib/python3.13/unittest/mock.py", line 1177, in _increment_mock_call
    self.call_count += 1
  File "/usr/lib/python3.13/unittest/mock.py", line 359, in _get
    return getattr(self, _the_name)
  File "/usr/lib/python3.13/unittest/mock.py", line 1168, in __call__
    self._increment_mock_call(*args, **kwargs)
  File "/usr/lib/python3.13/unittest/mock.py", line 1177, in _increment_mock_call
    self.call_count += 1
  File "/usr/lib/python3.13/unittest/mock.py", line 359, in _get
    return getattr(self, _the_name)
  File "/usr/lib/python3.13/unittest/mock.py", line 1168, in __call__
    self._increment_mock_call(*args, **kwargs)
  File "/usr/lib/python3.13/unittest/mock.py", line 1177, in _increment_mock_call
    self.call_count += 1
  File "/usr/lib/python3.13/unittest/mock.py", line 359, in _get
    return getattr(self, _the_name)
  File "/usr/lib/python3.13/unittest/mock.py", line 1168, in __call__
    self._increment_mock_call(*args, **kwargs)
  File "/usr/lib/python3.13/unittest/mock.py", line 1177, in _increment_mock_call
    self.call_count += 1
  File "/usr/lib/python3.13/unittest/mock.py", line 359, in _get
    return getattr(self, _the_name)
  File "/usr/lib/python3.13/unittest/mock.py", line 1168, in __call__
    self._increment_mock_call(*args, **kwargs)
  File "/usr/lib/python3.13/unittest/mock.py", line 1177, in _increment_mock_call
    self.call_count += 1
  File "/usr/lib/python3.13/unittest/mock.py", line 359, in _get
    return getattr(self, _the_name)
  File "/usr/lib/python3.13/unittest/mock.py", line 1168, in __call__
    self._increment_mock_call(*args, **kwargs)
  File "/usr/lib/python3.13/unittest/mock.py", line 1177, in _increment_mock_call
    self.call_count += 1
  File "/usr/lib/python3.13/unittest/mock.py", line 359, in _get
    return getattr(self, _the_name)
  File "/usr/lib/python3.13/unittest/mock.py", line 1168, in __call__
    self._increment_mock_call(*args, **kwargs)
  File "/usr/lib/python3.13/unittest/mock.py", line 1177, in _increment_mock_call
    self.call_count += 1
  File "/usr/lib/python3.13/unittest/mock.py", line 359, in _get
    return getattr(self, _the_name)
  File "/usr/lib/python3.13/unittest/mock.py", line 1168, in __call__
    self._increment_mock_call(*args, **kwargs)
  File "/usr/lib/python3.13/unittest/mock.py", line 1177, in _increment_mock_call
    self.call_count += 1
  File "/usr/lib/python3.13/unittest/mock.py", line 359, in _get
    return getattr(self, _the_name)
  File "/usr/lib/python3.13/unittest/mock.py", line 1168, in __call__
    self._increment_mock_call(*args, **kwargs)
  File "/usr/lib/python3.13/unittest/mock.py", line 1177, in _increment_mock_call
    self.call_count += 1
  File "/usr/lib/python3.13/unittest/mock.py", line 359, in _get
    return getattr(self, _the_name)
  File "/usr/lib/python3.13/unittest/mock.py", line 1168, in __call__
    self._increment_mock_call(*args, **kwargs)
  File "/usr/lib/python3.13/unittest/mock.py", line 1177, in _increment_mock_call
    self.call_count += 1
  File "/usr/lib/python3.13/unittest/mock.py", line 359, in _get
    return getattr(self, _the_name)
  File "/usr/lib/python3.13/unittest/mock.py", line 1168, in __call__
    self._increment_mock_call(*args, **kwargs)
  File "/usr/lib/python3.13/unittest/mock.py", line 1177, in _increment_mock_call
    self.call_count += 1
  File "/usr/lib/python3.13/unittest/mock.py", line 359, in _get
    return getattr(self, _the_name)
  File "/usr/lib/python3.13/unittest/mock.py", line 1168, in __call__
    self._increment_mock_call(*args, **kwargs)
  File "/usr/lib/python3.13/unittest/mock.py", line 1177, in _increment_mock_call
    self.call_count += 1
  File "/usr/lib/python3.13/unittest/mock.py", line 359, in _get
    return getattr(self, _the_name)
  File "/usr/lib/python3.13/unittest/mock.py", line 1168, in __call__
    self._increment_mock_call(*args, **kwargs)
  File "/usr/lib/python3.13/unittest/mock.py", line 1177, in _increment_mock_call
    self.call_count += 1
  File "/usr/lib/python3.13/unittest/mock.py", line 359, in _get
    return getattr(self, _the_name)
  File "/usr/lib/python3.13/unittest/mock.py", line 1168, in __call__
    self._increment_mock_call(*args, **kwargs)
  File "/usr/lib/python3.13/unittest/mock.py", line 1177, in _increment_mock_call
    self.call_count += 1
  File "/usr/lib/python3.13/unittest/mock.py", line 359, in _get
    return getattr(self, _the_name)
  File "/usr/lib/python3.13/unittest/mock.py", line 1168, in __call__
    self._increment_mock_call(*args, **kwargs)
  File "/usr/lib/python3.13/unittest/mock.py", line 1177, in _increment_mock_call
    self.call_count += 1
  File "/usr/lib/python3.13/unittest/mock.py", line 359, in _get
    return getattr(self, _the_name)
  File "/usr/lib/python3.13/unittest/mock.py", line 1168, in __call__
    self._increment_mock_call(*args, **kwargs)
  File "/usr/lib/python3.13/unittest/mock.py", line 1177, in _increment_mock_call
    self.call_count += 1
  File "/usr/lib/python3.13/unittest/mock.py", line 359, in _get
    return getattr(self, _the_name)
  File "/usr/lib/python3.13/unittest/mock.py", line 1168, in __call__
    self._increment_mock_call(*args, **kwargs)
  File "/usr/lib/python3.13/unittest/mock.py", line 1177, in _increment_mock_call
    self.call_count += 1
  File "/usr/lib/python3.13/unittest/mock.py", line 359, in _get
    return getattr(self, _the_name)
  File "/usr/lib/python3.13/unittest/mock.py", line 1168, in __call__
    self._increment_mock_call(*args, **kwargs)
  File "/usr/lib/python3.13/unittest/mock.py", line 1177, in _increment_mock_call
    self.call_count += 1
  File "/usr/lib/python3.13/unittest/mock.py", line 359, in _get
    return getattr(self, _the_name)
  File "/usr/lib/python3.13/unittest/mock.py", line 1168, in __call__
    self._increment_mock_call(*args, **kwargs)
  File "/usr/lib/python3.13/unittest/mock.py", line 1177, in _increment_mock_call
    self.call_count += 1
  File "/usr/lib/python3.13/unittest/mock.py", line 359, in _get
    return getattr(self, _the_name)
  File "/usr/lib/python3.13/unittest/mock.py", line 1168, in __call__
    self._increment_mock_call(*args, **kwargs)
  File "/usr/lib/python3.13/unittest/mock.py", line 1177, in _increment_mock_call
    self.call_count += 1
  File "/usr/lib/python3.13/unittest/mock.py", line 359, in _get
    return getattr(self, _the_name)
  File "/usr/lib/python3.13/unittest/mock.py", line 1168, in __call__
    self._increment_mock_call(*args, **kwargs)
  File "/usr/lib/python3.13/unittest/mock.py", line 1177, in _increment_mock_call
    self.call_count += 1
  File "/usr/lib/python3.13/unittest/mock.py", line 359, in _get
    return getattr(self, _the_name)
  File "/usr/lib/python3.13/unittest/mock.py", line 1168, in __call__
    self._increment_mock_call(*args, **kwargs)
  File "/usr/lib/python3.13/unittest/mock.py", line 1177, in _increment_mock_call
    self.call_count += 1
  File "/usr/lib/python3.13/unittest/mock.py", line 359, in _get
    return getattr(self, _the_name)
  File "/usr/lib/python3.13/unittest/mock.py", line 1168, in __call__
    self._increment_mock_call(*args, **kwargs)
  File "/usr/lib/python3.13/unittest/mock.py", line 1177, in _increment_mock_call
    self.call_count += 1
  File "/usr/lib/python3.13/unittest/mock.py", line 359, in _get
    return getattr(self, _the_name)
  File "/usr/lib/python3.13/unittest/mock.py", line 1168, in __call__
    self._increment_mock_call(*args, **kwargs)
  File "/usr/lib/python3.13/unittest/mock.py", line 1177, in _increment_mock_call
    self.call_count += 1
  File "/usr/lib/python3.13/unittest/mock.py", line 359, in _get
    return getattr(self, _the_name)
  File "/usr/lib/python3.13/unittest/mock.py", line 1168, in __call__
    self._increment_mock_call(*args, **kwargs)
  File "/usr/lib/python3.13/unittest/mock.py", line 1177, in _increment_mock_call
    self.call_count += 1
  File "/usr/lib/python3.13/unittest/mock.py", line 359, in _get
    return getattr(self, _the_name)
  File "/usr/lib/python3.13/unittest/mock.py", line 1168, in __call__
    self._increment_mock_call(*args, **kwargs)
  File "/usr/lib/python3.13/unittest/mock.py", line 1177, in _increment_mock_call
    self.call_count += 1
  File "/usr/lib/python3.13/unittest/mock.py", line 359, in _get
    return getattr(self, _the_name)
  File "/usr/lib/python3.13/unittest/mock.py", line 1168, in __call__
    self._increment_mock_call(*args, **kwargs)
  File "/usr/lib/python3.13/unittest/mock.py", line 1177, in _increment_mock_call
    self.call_count += 1
  File "/usr/lib/python3.13/unittest/mock.py", line 359, in _get
    return getattr(self, _the_name)
  File "/usr/lib/python3.13/unittest/mock.py", line 1168, in __call__
    self._increment_mock_call(*args, **kwargs)
  File "/usr/lib/python3.13/unittest/mock.py", line 1177, in _increment_mock_call
    self.call_count += 1
  File "/usr/lib/python3.13/unittest/mock.py", line 359, in _get
    return getattr(self, _the_name)
  File "/usr/lib/python3.13/unittest/mock.py", line 1168, in __call__
    self._increment_mock_call(*args, **kwargs)
  File "/usr/lib/python3.13/unittest/mock.py", line 1177, in _increment_mock_call
    self.call_count += 1
  File "/usr/lib/python3.13/unittest/mock.py", line 359, in _get
    return getattr(self, _the_name)
  File "/usr/lib/python3.13/unittest/mock.py", line 1168, in __call__
    self._increment_mock_call(*args, **kwargs)
  File "/usr/lib/python3.13/unittest/mock.py", line 1177, in _increment_mock_call
    self.call_count += 1
  File "/usr/lib/python3.13/unittest/mock.py", line 359, in _get
    return getattr(self, _the_name)
  File "/usr/lib/python3.13/unittest/mock.py", line 1168, in __call__
    self._increment_mock_call(*args, **kwargs)
  File "/usr/lib/python3.13/unittest/mock.py", line 1177, in _increment_mock_call
    self.call_count += 1
  File "/usr/lib/python3.13/unittest/mock.py", line 359, in _get
    return getattr(self, _the_name)
  File "/usr/lib/python3.13/unittest/mock.py", line 1168, in __call__
    self._increment_mock_call(*args, **kwargs)
  File "/usr/lib/python3.13/unittest/mock.py", line 1177, in _increment_mock_call
    self.call_count += 1
  File "/usr/lib/python3.13/unittest/mock.py", line 359, in _get
    return getattr(self, _the_name)
  File "/usr/lib/python3.13/unittest/mock.py", line 1168, in __call__
    self._increment_mock_call(*args, **kwargs)
  File "/usr/lib/python3.13/unittest/mock.py", line 1177, in _increment_mock_call
    self.call_count += 1
  File "/usr/lib/python3.13/unittest/mock.py", line 359, in _get
    return getattr(self, _the_name)
  File "/usr/lib/python3.13/unittest/mock.py", line 1168, in __call__
    self._increment_mock_call(*args, **kwargs)
  File "/usr/lib/python3.13/unittest/mock.py", line 1177, in _increment_mock_call
    self.call_count += 1
  File "/usr/lib/python3.13/unittest/mock.py", line 359, in _get
    return getattr(self, _the_name)
  File "/usr/lib/python3.13/unittest/mock.py", line 1168, in __call__
    self._increment_mock_call(*args, **kwargs)
  File "/usr/lib/python3.13/unittest/mock.py", line 1177, in _increment_mock_call
    self.call_count += 1
  File "/usr/lib/python3.13/unittest/mock.py", line 359, in _get
    return getattr(self, _the_name)
  File "/usr/lib/python3.13/unittest/mock.py", line 1168, in __call__
    self._increment_mock_call(*args, **kwargs)
  File "/usr/lib/python3.13/unittest/mock.py", line 1177, in _increment_mock_call
    self.call_count += 1
  File "/usr/lib/python3.13/unittest/mock.py", line 359, in _get
    return getattr(self, _the_name)
  File "/usr/lib/python3.13/unittest/mock.py", line 1168, in __call__
    self._increment_mock_call(*args, **kwargs)
  File "/usr/lib/python3.13/unittest/mock.py", line 1177, in _increment_mock_call
    self.call_count += 1
  File "/usr/lib/python3.13/unittest/mock.py", line 359, in _get
    return getattr(self, _the_name)
  File "/usr/lib/python3.13/unittest/mock.py", line 1168, in __call__
    self._increment_mock_call(*args, **kwargs)
  File "/usr/lib/python3.13/unittest/mock.py", line 1177, in _increment_mock_call
    self.call_count += 1
  File "/usr/lib/python3.13/unittest/mock.py", line 359, in _get
    return getattr(self, _the_name)
  File "/usr/lib/python3.13/unittest/mock.py", line 1168, in __call__
    self._increment_mock_call(*args, **kwargs)
  File "/usr/lib/python3.13/unittest/mock.py", line 1177, in _increment_mock_call
    self.call_count += 1
  File "/usr/lib/python3.13/unittest/mock.py", line 359, in _get
    return getattr(self, _the_name)
  File "/usr/lib/python3.13/unittest/mock.py", line 1168, in __call__
    self._increment_mock_call(*args, **kwargs)
  File "/usr/lib/python3.13/unittest/mock.py", line 1177, in _increment_mock_call
    self.call_count += 1
  File "/usr/lib/python3.13/unittest/mock.py", line 359, in _get
    return getattr(self, _the_name)
  File "/usr/lib/python3.13/unittest/mock.py", line 1168, in __call__
    self._increment_mock_call(*args, **kwargs)
  File "/usr/lib/python3.13/unittest/mock.py", line 1177, in _increment_mock_call
    self.call_count += 1
  File "/usr/lib/python3.13/unittest/mock.py", line 359, in _get
    return getattr(self, _the_name)
  File "/usr/lib/python3.13/unittest/mock.py", line 1168, in __call__
    self._increment_mock_call(*args, **kwargs)
  File "/usr/lib/python3.13/unittest/mock.py", line 1177, in _increment_mock_call
    self.call_count += 1
  File "/usr/lib/python3.13/unittest/mock.py", line 359, in _get
    return getattr(self, _the_name)
  File "/usr/lib/python3.13/unittest/mock.py", line 1168, in __call__
    self._increment_mock_call(*args, **kwargs)
  File "/usr/lib/python3.13/unittest/mock.py", line 1177, in _increment_mock_call
    self.call_count += 1
  File "/usr/lib/python3.13/unittest/mock.py", line 359, in _get
    return getattr(self, _the_name)
  File "/usr/lib/python3.13/unittest/mock.py", line 1168, in __call__
    self._increment_mock_call(*args, **kwargs)
  File "/usr/lib/python3.13/unittest/mock.py", line 1177, in _increment_mock_call
    self.call_count += 1
  File "/usr/lib/python3.13/unittest/mock.py", line 359, in _get
    return getattr(self, _the_name)
  File "/usr/lib/python3.13/unittest/mock.py", line 1168, in __call__
    self._increment_mock_call(*args, **kwargs)
  File "/usr/lib/python3.13/unittest/mock.py", line 1177, in _increment_mock_call
    self.call_count += 1
  File "/usr/lib/python3.13/unittest/mock.py", line 359, in _get
    return getattr(self, _the_name)
  File "/usr/lib/python3.13/unittest/mock.py", line 1168, in __call__
    self._increment_mock_call(*args, **kwargs)
  File "/usr/lib/python3.13/unittest/mock.py", line 1177, in _increment_mock_call
    self.call_count += 1
  File "/usr/lib/python3.13/unittest/mock.py", line 359, in _get
    return getattr(self, _the_name)
  File "/usr/lib/python3.13/unittest/mock.py", line 1168, in __call__
    self._increment_mock_call(*args, **kwargs)
  File "/usr/lib/python3.13/unittest/mock.py", line 1177, in _increment_mock_call
    self.call_count += 1
  File "/usr/lib/python3.13/unittest/mock.py", line 359, in _get
    return getattr(self, _the_name)
  File "/usr/lib/python3.13/unittest/mock.py", line 1168, in __call__
    self._increment_mock_call(*args, **kwargs)
  File "/usr/lib/python3.13/unittest/mock.py", line 1177, in _increment_mock_call
    self.call_count += 1
  File "/usr/lib/python3.13/unittest/mock.py", line 359, in _get
    return getattr(self, _the_name)
  File "/usr/lib/python3.13/unittest/mock.py", line 1168, in __call__
    self._increment_mock_call(*args, **kwargs)
  File "/usr/lib/python3.13/unittest/mock.py", line 1177, in _increment_mock_call
    self.call_count += 1
  File "/usr/lib/python3.13/unittest/mock.py", line 359, in _get
    return getattr(self, _the_name)
  File "/usr/lib/python3.13/unittest/mock.py", line 1168, in __call__
    self._increment_mock_call(*args, **kwargs)
  File "/usr/lib/python3.13/unittest/mock.py", line 1177, in _increment_mock_call
    self.call_count += 1
  File "/usr/lib/python3.13/unittest/mock.py", line 359, in _get
    return getattr(self, _the_name)
  File "/usr/lib/python3.13/unittest/mock.py", line 1168, in __call__
    self._increment_mock_call(*args, **kwargs)
  File "/usr/lib/python3.13/unittest/mock.py", line 1177, in _increment_mock_call
    self.call_count += 1
  File "/usr/lib/python3.13/unittest/mock.py", line 359, in _get
    return getattr(self, _the_name)
  File "/usr/lib/python3.13/unittest/mock.py", line 1168, in __call__
    self._increment_mock_call(*args, **kwargs)
  File "/usr/lib/python3.13/unittest/mock.py", line 1177, in _increment_mock_call
    self.call_count += 1
  File "/usr/lib/python3.13/unittest/mock.py", line 359, in _get
    return getattr(self, _the_name)
  File "/usr/lib/python3.13/unittest/mock.py", line 1168, in __call__
    self._increment_mock_call(*args, **kwargs)
  File "/usr/lib/python3.13/unittest/mock.py", line 1177, in _increment_mock_call
    self.call_count += 1
  File "/usr/lib/python3.13/unittest/mock.py", line 359, in _get
    return getattr(self, _the_name)
  File "/usr/lib/python3.13/unittest/mock.py", line 1168, in __call__
    self._increment_mock_call(*args, **kwargs)
  File "/usr/lib/python3.13/unittest/mock.py", line 1177, in _increment_mock_call
    self.call_count += 1
  File "/usr/lib/python3.13/unittest/mock.py", line 359, in _get
    return getattr(self, _the_name)
  File "/usr/lib/python3.13/unittest/mock.py", line 1168, in __call__
    self._increment_mock_call(*args, **kwargs)
  File "/usr/lib/python3.13/unittest/mock.py", line 1177, in _increment_mock_call
    self.call_count += 1
  File "/usr/lib/python3.13/unittest/mock.py", line 359, in _get
    return getattr(self, _the_name)
  File "/usr/lib/python3.13/unittest/mock.py", line 1168, in __call__
    self._increment_mock_call(*args, **kwargs)
  File "/usr/lib/python3.13/unittest/mock.py", line 1177, in _increment_mock_call
    self.call_count += 1
  File "/usr/lib/python3.13/unittest/mock.py", line 359, in _get
    return getattr(self, _the_name)
  File "/usr/lib/python3.13/unittest/mock.py", line 1168, in __call__
    self._increment_mock_call(*args, **kwargs)
  File "/usr/lib/python3.13/unittest/mock.py", line 1177, in _increment_mock_call
    self.call_count += 1
  File "/usr/lib/python3.13/unittest/mock.py", line 359, in _get
    return getattr(self, _the_name)
  File "/usr/lib/python3.13/unittest/mock.py", line 1168, in __call__
    self._increment_mock_call(*args, **kwargs)
  File "/usr/lib/python3.13/unittest/mock.py", line 1177, in _increment_mock_call
    self.call_count += 1
  File "/usr/lib/python3.13/unittest/mock.py", line 359, in _get
    return getattr(self, _the_name)
  File "/usr/lib/python3.13/unittest/mock.py", line 1168, in __call__
    self._increment_mock_call(*args, **kwargs)
  File "/usr/lib/python3.13/unittest/mock.py", line 1177, in _increment_mock_call
    self.call_count += 1
  File "/usr/lib/python3.13/unittest/mock.py", line 359, in _get
    return getattr(self, _the_name)
  File "/usr/lib/python3.13/unittest/mock.py", line 1168, in __call__
    self._increment_mock_call(*args, **kwargs)
  File "/usr/lib/python3.13/unittest/mock.py", line 1177, in _increment_mock_call
    self.call_count += 1
  File "/usr/lib/python3.13/unittest/mock.py", line 359, in _get
    return getattr(self, _the_name)
  File "/usr/lib/python3.13/unittest/mock.py", line 1168, in __call__
    self._increment_mock_call(*args, **kwargs)
  File "/usr/lib/python3.13/unittest/mock.py", line 1177, in _increment_mock_call
    self.call_count += 1
  File "/usr/lib/python3.13/unittest/mock.py", line 359, in _get
    return getattr(self, _the_name)
  File "/usr/lib/python3.13/unittest/mock.py", line 1168, in __call__
    self._increment_mock_call(*args, **kwargs)
  File "/usr/lib/python3.13/unittest/mock.py", line 1177, in _increment_mock_call
    self.call_count += 1
  File "/usr/lib/python3.13/unittest/mock.py", line 359, in _get
    return getattr(self, _the_name)
  File "/usr/lib/python3.13/unittest/mock.py", line 1168, in __call__
    self._increment_mock_call(*args, **kwargs)
  File "/usr/lib/python3.13/unittest/mock.py", line 1177, in _increment_mock_call
    self.call_count += 1
  File "/usr/lib/python3.13/unittest/mock.py", line 359, in _get
    return getattr(self, _the_name)
  File "/usr/lib/python3.13/unittest/mock.py", line 1168, in __call__
    self._increment_mock_call(*args, **kwargs)
  File "/usr/lib/python3.13/unittest/mock.py", line 1177, in _increment_mock_call
    self.call_count += 1
  File "/usr/lib/python3.13/unittest/mock.py", line 359, in _get
    return getattr(self, _the_name)
  File "/usr/lib/python3.13/unittest/mock.py", line 1168, in __call__
    self._increment_mock_call(*args, **kwargs)
  File "/usr/lib/python3.13/unittest/mock.py", line 1177, in _increment_mock_call
    self.call_count += 1
  File "/usr/lib/python3.13/unittest/mock.py", line 359, in _get
    return getattr(self, _the_name)
  File "/usr/lib/python3.13/unittest/mock.py", line 1168, in __call__
    self._increment_mock_call(*args, **kwargs)
  File "/usr/lib/python3.13/unittest/mock.py", line 1177, in _increment_mock_call
    self.call_count += 1
  File "/usr/lib/python3.13/unittest/mock.py", line 359, in _get
    return getattr(self, _the_name)
  File "/usr/lib/python3.13/unittest/mock.py", line 1168, in __call__
    self._increment_mock_call(*args, **kwargs)
  File "/usr/lib/python3.13/unittest/mock.py", line 1177, in _increment_mock_call
    self.call_count += 1
  File "/usr/lib/python3.13/unittest/mock.py", line 359, in _get
    return getattr(self, _the_name)
  File "/usr/lib/python3.13/unittest/mock.py", line 1168, in __call__
    self._increment_mock_call(*args, **kwargs)
  File "/usr/lib/python3.13/unittest/mock.py", line 1177, in _increment_mock_call
    self.call_count += 1
  File "/usr/lib/python3.13/unittest/mock.py", line 359, in _get
    return getattr(self, _the_name)
  File "/usr/lib/python3.13/unittest/mock.py", line 1168, in __call__
    self._increment_mock_call(*args, **kwargs)
  File "/usr/lib/python3.13/unittest/mock.py", line 1177, in _increment_mock_call
    self.call_count += 1
  File "/usr/lib/python3.13/unittest/mock.py", line 359, in _get
    return getattr(self, _the_name)
  File "/usr/lib/python3.13/unittest/mock.py", line 1168, in __call__
    self._increment_mock_call(*args, **kwargs)
  File "/usr/lib/python3.13/unittest/mock.py", line 1177, in _increment_mock_call
    self.call_count += 1
  File "/usr/lib/python3.13/unittest/mock.py", line 359, in _get
    return getattr(self, _the_name)
  File "/usr/lib/python3.13/unittest/mock.py", line 1168, in __call__
    self._increment_mock_call(*args, **kwargs)
  File "/usr/lib/python3.13/unittest/mock.py", line 1177, in _increment_mock_call
    self.call_count += 1
  File "/usr/lib/python3.13/unittest/mock.py", line 359, in _get
    return getattr(self, _the_name)
  File "/usr/lib/python3.13/unittest/mock.py", line 1168, in __call__
    self._increment_mock_call(*args, **kwargs)
  File "/usr/lib/python3.13/unittest/mock.py", line 1177, in _increment_mock_call
    self.call_count += 1
  File "/usr/lib/python3.13/unittest/mock.py", line 359, in _get
    return getattr(self, _the_name)
  File "/usr/lib/python3.13/unittest/mock.py", line 1168, in __call__
    self._increment_mock_call(*args, **kwargs)
  File "/usr/lib/python3.13/unittest/mock.py", line 1177, in _increment_mock_call
    self.call_count += 1
  File "/usr/lib/python3.13/unittest/mock.py", line 359, in _get
    return getattr(self, _the_name)
  File "/usr/lib/python3.13/unittest/mock.py", line 1168, in __call__
    self._increment_mock_call(*args, **kwargs)
  File "/usr/lib/python3.13/unittest/mock.py", line 1177, in _increment_mock_call
    self.call_count += 1
  File "/usr/lib/python3.13/unittest/mock.py", line 359, in _get
    return getattr(self, _the_name)
  File "/usr/lib/python3.13/unittest/mock.py", line 1168, in __call__
    self._increment_mock_call(*args, **kwargs)
  File "/usr/lib/python3.13/unittest/mock.py", line 1177, in _increment_mock_call
    self.call_count += 1
  File "/usr/lib/python3.13/unittest/mock.py", line 359, in _get
    return getattr(self, _the_name)
  File "/usr/lib/python3.13/unittest/mock.py", line 1168, in __call__
    self._increment_mock_call(*args, **kwargs)
  File "/usr/lib/python3.13/unittest/mock.py", line 1177, in _increment_mock_call
    self.call_count += 1
  File "/usr/lib/python3.13/unittest/mock.py", line 359, in _get
    return getattr(self, _the_name)
  File "/usr/lib/python3.13/unittest/mock.py", line 1168, in __call__
    self._increment_mock_call(*args, **kwargs)
  File "/usr/lib/python3.13/unittest/mock.py", line 1177, in _increment_mock_call
    self.call_count += 1
  File "/usr/lib/python3.13/unittest/mock.py", line 359, in _get
    return getattr(self, _the_name)
  File "/usr/lib/python3.13/unittest/mock.py", line 1168, in __call__
    self._increment_mock_call(*args, **kwargs)
  File "/usr/lib/python3.13/unittest/mock.py", line 1177, in _increment_mock_call
    self.call_count += 1
  File "/usr/lib/python3.13/unittest/mock.py", line 359, in _get
    return getattr(self, _the_name)
  File "/usr/lib/python3.13/unittest/mock.py", line 1168, in __call__
    self._increment_mock_call(*args, **kwargs)
  File "/usr/lib/python3.13/unittest/mock.py", line 1177, in _increment_mock_call
    self.call_count += 1
  File "/usr/lib/python3.13/unittest/mock.py", line 359, in _get
    return getattr(self, _the_name)
  File "/usr/lib/python3.13/unittest/mock.py", line 1168, in __call__
    self._increment_mock_call(*args, **kwargs)
  File "/usr/lib/python3.13/unittest/mock.py", line 1177, in _increment_mock_call
    self.call_count += 1
  File "/usr/lib/python3.13/unittest/mock.py", line 359, in _get
    return getattr(self, _the_name)
  File "/usr/lib/python3.13/unittest/mock.py", line 1168, in __call__
    self._increment_mock_call(*args, **kwargs)
  File "/usr/lib/python3.13/unittest/mock.py", line 1177, in _increment_mock_call
    self.call_count += 1
  File "/usr/lib/python3.13/unittest/mock.py", line 359, in _get
    return getattr(self, _the_name)
  File "/usr/lib/python3.13/unittest/mock.py", line 1168, in __call__
    self._increment_mock_call(*args, **kwargs)
  File "/usr/lib/python3.13/unittest/mock.py", line 1177, in _increment_mock_call
    self.call_count += 1
  File "/usr/lib/python3.13/unittest/mock.py", line 359, in _get
    return getattr(self, _the_name)
  File "/usr/lib/python3.13/unittest/mock.py", line 1168, in __call__
    self._increment_mock_call(*args, **kwargs)
  File "/usr/lib/python3.13/unittest/mock.py", line 1177, in _increment_mock_call
    self.call_count += 1
  File "/usr/lib/python3.13/unittest/mock.py", line 359, in _get
    return getattr(self, _the_name)
  File "/usr/lib/python3.13/unittest/mock.py", line 1168, in __call__
    self._increment_mock_call(*args, **kwargs)
  File "/usr/lib/python3.13/unittest/mock.py", line 1177, in _increment_mock_call
    self.call_count += 1
  File "/usr/lib/python3.13/unittest/mock.py", line 359, in _get
    return getattr(self, _the_name)
  File "/usr/lib/python3.13/unittest/mock.py", line 1168, in __call__
    self._increment_mock_call(*args, **kwargs)
  File "/usr/lib/python3.13/unittest/mock.py", line 1177, in _increment_mock_call
    self.call_count += 1
  File "/usr/lib/python3.13/unittest/mock.py", line 359, in _get
    return getattr(self, _the_name)
  File "/usr/lib/python3.13/unittest/mock.py", line 1168, in __call__
    self._increment_mock_call(*args, **kwargs)
  File "/usr/lib/python3.13/unittest/mock.py", line 1177, in _increment_mock_call
    self.call_count += 1
  File "/usr/lib/python3.13/unittest/mock.py", line 359, in _get
    return getattr(self, _the_name)
  File "/usr/lib/python3.13/unittest/mock.py", line 1168, in __call__
    self._increment_mock_call(*args, **kwargs)
  File "/usr/lib/python3.13/unittest/mock.py", line 1177, in _increment_mock_call
    self.call_count += 1
  File "/usr/lib/python3.13/unittest/mock.py", line 359, in _get
    return getattr(self, _the_name)
  File "/usr/lib/python3.13/unittest/mock.py", line 1168, in __call__
    self._increment_mock_call(*args, **kwargs)
  File "/usr/lib/python3.13/unittest/mock.py", line 1177, in _increment_mock_call
    self.call_count += 1
  File "/usr/lib/python3.13/unittest/mock.py", line 359, in _get
    return getattr(self, _the_name)
  File "/usr/lib/python3.13/unittest/mock.py", line 1168, in __call__
    self._increment_mock_call(*args, **kwargs)
  File "/usr/lib/python3.13/unittest/mock.py", line 1177, in _increment_mock_call
    self.call_count += 1
  File "/usr/lib/python3.13/unittest/mock.py", line 359, in _get
    return getattr(self, _the_name)
  File "/usr/lib/python3.13/unittest/mock.py", line 1168, in __call__
    self._increment_mock_call(*args, **kwargs)
  File "/usr/lib/python3.13/unittest/mock.py", line 1177, in _increment_mock_call
    self.call_count += 1
  File "/usr/lib/python3.13/unittest/mock.py", line 359, in _get
    return getattr(self, _the_name)
  File "/usr/lib/python3.13/unittest/mock.py", line 1168, in __call__
    self._increment_mock_call(*args, **kwargs)
  File "/usr/lib/python3.13/unittest/mock.py", line 1177, in _increment_mock_call
    self.call_count += 1
  File "/usr/lib/python3.13/unittest/mock.py", line 359, in _get
    return getattr(self, _the_name)
  File "/usr/lib/python3.13/unittest/mock.py", line 1168, in __call__
    self._increment_mock_call(*args, **kwargs)
  File "/usr/lib/python3.13/unittest/mock.py", line 1177, in _increment_mock_call
    self.call_count += 1
  File "/usr/lib/python3.13/unittest/mock.py", line 359, in _get
    return getattr(self, _the_name)
  File "/usr/lib/python3.13/unittest/mock.py", line 1168, in __call__
    self._increment_mock_call(*args, **kwargs)
  File "/usr/lib/python3.13/unittest/mock.py", line 1177, in _increment_mock_call
    self.call_count += 1
  File "/usr/lib/python3.13/unittest/mock.py", line 359, in _get
    return getattr(self, _the_name)
  File "/usr/lib/python3.13/unittest/mock.py", line 1168, in __call__
    self._increment_mock_call(*args, **kwargs)
  File "/usr/lib/python3.13/unittest/mock.py", line 1177, in _increment_mock_call
    self.call_count += 1
  File "/usr/lib/python3.13/unittest/mock.py", line 359, in _get
    return getattr(self, _the_name)
  File "/usr/lib/python3.13/unittest/mock.py", line 1168, in __call__
    self._increment_mock_call(*args, **kwargs)
  File "/usr/lib/python3.13/unittest/mock.py", line 1177, in _increment_mock_call
    self.call_count += 1
  File "/usr/lib/python3.13/unittest/mock.py", line 359, in _get
    return getattr(self, _the_name)
  File "/usr/lib/python3.13/unittest/mock.py", line 1168, in __call__
    self._increment_mock_call(*args, **kwargs)
  File "/usr/lib/python3.13/unittest/mock.py", line 1177, in _increment_mock_call
    self.call_count += 1
  File "/usr/lib/python3.13/unittest/mock.py", line 359, in _get
    return getattr(self, _the_name)
  File "/usr/lib/python3.13/unittest/mock.py", line 1168, in __call__
    self._increment_mock_call(*args, **kwargs)
  File "/usr/lib/python3.13/unittest/mock.py", line 1177, in _increment_mock_call
    self.call_count += 1
  File "/usr/lib/python3.13/unittest/mock.py", line 359, in _get
    return getattr(self, _the_name)
  File "/usr/lib/python3.13/unittest/mock.py", line 1168, in __call__
    self._increment_mock_call(*args, **kwargs)
  File "/usr/lib/python3.13/unittest/mock.py", line 1177, in _increment_mock_call
    self.call_count += 1
  File "/usr/lib/python3.13/unittest/mock.py", line 359, in _get
    return getattr(self, _the_name)
  File "/usr/lib/python3.13/unittest/mock.py", line 1168, in __call__
    self._increment_mock_call(*args, **kwargs)
  File "/usr/lib/python3.13/unittest/mock.py", line 1177, in _increment_mock_call
    self.call_count += 1
  File "/usr/lib/python3.13/unittest/mock.py", line 359, in _get
    return getattr(self, _the_name)
  File "/usr/lib/python3.13/unittest/mock.py", line 1168, in __call__
    self._increment_mock_call(*args, **kwargs)
  File "/usr/lib/python3.13/unittest/mock.py", line 1177, in _increment_mock_call
    self.call_count += 1
  File "/usr/lib/python3.13/unittest/mock.py", line 359, in _get
    return getattr(self, _the_name)
  File "/usr/lib/python3.13/unittest/mock.py", line 1168, in __call__
    self._increment_mock_call(*args, **kwargs)
  File "/usr/lib/python3.13/unittest/mock.py", line 1177, in _increment_mock_call
    self.call_count += 1
  File "/usr/lib/python3.13/unittest/mock.py", line 359, in _get
    return getattr(self, _the_name)
  File "/usr/lib/python3.13/unittest/mock.py", line 1168, in __call__
    self._increment_mock_call(*args, **kwargs)
  File "/usr/lib/python3.13/unittest/mock.py", line 1177, in _increment_mock_call
    self.call_count += 1
  File "/usr/lib/python3.13/unittest/mock.py", line 359, in _get
    return getattr(self, _the_name)
  File "/usr/lib/python3.13/unittest/mock.py", line 1168, in __call__
    self._increment_mock_call(*args, **kwargs)
  File "/usr/lib/python3.13/unittest/mock.py", line 1177, in _increment_mock_call
    self.call_count += 1
  File "/usr/lib/python3.13/unittest/mock.py", line 359, in _get
    return getattr(self, _the_name)
  File "/usr/lib/python3.13/unittest/mock.py", line 1168, in __call__
    self._increment_mock_call(*args, **kwargs)
  File "/usr/lib/python3.13/unittest/mock.py", line 1177, in _increment_mock_call
    self.call_count += 1
  File "/usr/lib/python3.13/unittest/mock.py", line 359, in _get
    return getattr(self, _the_name)
  File "/usr/lib/python3.13/unittest/mock.py", line 1168, in __call__
    self._increment_mock_call(*args, **kwargs)
  File "/usr/lib/python3.13/unittest/mock.py", line 1177, in _increment_mock_call
    self.call_count += 1
  File "/usr/lib/python3.13/unittest/mock.py", line 359, in _get
    return getattr(self, _the_name)
  File "/usr/lib/python3.13/unittest/mock.py", line 1168, in __call__
    self._increment_mock_call(*args, **kwargs)
  File "/usr/lib/python3.13/unittest/mock.py", line 1177, in _increment_mock_call
    self.call_count += 1
  File "/usr/lib/python3.13/unittest/mock.py", line 359, in _get
    return getattr(self, _the_name)
  File "/usr/lib/python3.13/unittest/mock.py", line 1168, in __call__
    self._increment_mock_call(*args, **kwargs)
  File "/usr/lib/python3.13/unittest/mock.py", line 1177, in _increment_mock_call
    self.call_count += 1
  File "/usr/lib/python3.13/unittest/mock.py", line 359, in _get
    return getattr(self, _the_name)
  File "/usr/lib/python3.13/unittest/mock.py", line 1168, in __call__
    self._increment_mock_call(*args, **kwargs)
  File "/usr/lib/python3.13/unittest/mock.py", line 1177, in _increment_mock_call
    self.call_count += 1
  File "/usr/lib/python3.13/unittest/mock.py", line 359, in _get
    return getattr(self, _the_name)
  File "/usr/lib/python3.13/unittest/mock.py", line 1168, in __call__
    self._increment_mock_call(*args, **kwargs)
  File "/usr/lib/python3.13/unittest/mock.py", line 1177, in _increment_mock_call
    self.call_count += 1
  File "/usr/lib/python3.13/unittest/mock.py", line 359, in _get
    return getattr(self, _the_name)
  File "/usr/lib/python3.13/unittest/mock.py", line 1168, in __call__
    self._increment_mock_call(*args, **kwargs)
  File "/usr/lib/python3.13/unittest/mock.py", line 1177, in _increment_mock_call
    self.call_count += 1
  File "/usr/lib/python3.13/unittest/mock.py", line 359, in _get
    return getattr(self, _the_name)
  File "/usr/lib/python3.13/unittest/mock.py", line 1168, in __call__
    self._increment_mock_call(*args, **kwargs)
  File "/usr/lib/python3.13/unittest/mock.py", line 1177, in _increment_mock_call
    self.call_count += 1
  File "/usr/lib/python3.13/unittest/mock.py", line 359, in _get
    return getattr(self, _the_name)
  File "/usr/lib/python3.13/unittest/mock.py", line 1168, in __call__
    self._increment_mock_call(*args, **kwargs)
  File "/usr/lib/python3.13/unittest/mock.py", line 1177, in _increment_mock_call
    self.call_count += 1
  File "/usr/lib/python3.13/unittest/mock.py", line 359, in _get
    return getattr(self, _the_name)
  File "/usr/lib/python3.13/unittest/mock.py", line 1168, in __call__
    self._increment_mock_call(*args, **kwargs)
  File "/usr/lib/python3.13/unittest/mock.py", line 1177, in _increment_mock_call
    self.call_count += 1
  File "/usr/lib/python3.13/unittest/mock.py", line 359, in _get
    return getattr(self, _the_name)
  File "/usr/lib/python3.13/unittest/mock.py", line 1168, in __call__
    self._increment_mock_call(*args, **kwargs)
  File "/usr/lib/python3.13/unittest/mock.py", line 1177, in _increment_mock_call
    self.call_count += 1
  File "/usr/lib/python3.13/unittest/mock.py", line 359, in _get
    return getattr(self, _the_name)
  File "/usr/lib/python3.13/unittest/mock.py", line 1168, in __call__
    self._increment_mock_call(*args, **kwargs)
  File "/usr/lib/python3.13/unittest/mock.py", line 1177, in _increment_mock_call
    self.call_count += 1
  File "/usr/lib/python3.13/unittest/mock.py", line 359, in _get
    return getattr(self, _the_name)
  File "/usr/lib/python3.13/unittest/mock.py", line 1168, in __call__
    self._increment_mock_call(*args, **kwargs)
  File "/usr/lib/python3.13/unittest/mock.py", line 1177, in _increment_mock_call
    self.call_count += 1
  File "/usr/lib/python3.13/unittest/mock.py", line 359, in _get
    return getattr(self, _the_name)
  File "/usr/lib/python3.13/unittest/mock.py", line 1168, in __call__
    self._increment_mock_call(*args, **kwargs)
  File "/usr/lib/python3.13/unittest/mock.py", line 1177, in _increment_mock_call
    self.call_count += 1
  File "/usr/lib/python3.13/unittest/mock.py", line 359, in _get
    return getattr(self, _the_name)
  File "/usr/lib/python3.13/unittest/mock.py", line 1168, in __call__
    self._increment_mock_call(*args, **kwargs)
  File "/usr/lib/python3.13/unittest/mock.py", line 1177, in _increment_mock_call
    self.call_count += 1
  File "/usr/lib/python3.13/unittest/mock.py", line 359, in _get
    return getattr(self, _the_name)
  File "/usr/lib/python3.13/unittest/mock.py", line 1168, in __call__
    self._increment_mock_call(*args, **kwargs)
  File "/usr/lib/python3.13/unittest/mock.py", line 1177, in _increment_mock_call
    self.call_count += 1
  File "/usr/lib/python3.13/unittest/mock.py", line 359, in _get
    return getattr(self, _the_name)
  File "/usr/lib/python3.13/unittest/mock.py", line 1168, in __call__
    self._increment_mock_call(*args, **kwargs)
  File "/usr/lib/python3.13/unittest/mock.py", line 1177, in _increment_mock_call
    self.call_count += 1
  File "/usr/lib/python3.13/unittest/mock.py", line 359, in _get
    return getattr(self, _the_name)
  File "/usr/lib/python3.13/unittest/mock.py", line 1168, in __call__
    self._increment_mock_call(*args, **kwargs)
  File "/usr/lib/python3.13/unittest/mock.py", line 1177, in _increment_mock_call
    self.call_count += 1
  File "/usr/lib/python3.13/unittest/mock.py", line 359, in _get
    return getattr(self, _the_name)
  File "/usr/lib/python3.13/unittest/mock.py", line 1168, in __call__
    self._increment_mock_call(*args, **kwargs)
  File "/usr/lib/python3.13/unittest/mock.py", line 1177, in _increment_mock_call
    self.call_count += 1
  File "/usr/lib/python3.13/unittest/mock.py", line 359, in _get
    return getattr(self, _the_name)
  File "/usr/lib/python3.13/unittest/mock.py", line 1168, in __call__
    self._increment_mock_call(*args, **kwargs)
  File "/usr/lib/python3.13/unittest/mock.py", line 1177, in _increment_mock_call
    self.call_count += 1
  File "/usr/lib/python3.13/unittest/mock.py", line 359, in _get
    return getattr(self, _the_name)
  File "/usr/lib/python3.13/unittest/mock.py", line 1168, in __call__
    self._increment_mock_call(*args, **kwargs)
  File "/usr/lib/python3.13/unittest/mock.py", line 1177, in _increment_mock_call
    self.call_count += 1
  File "/usr/lib/python3.13/unittest/mock.py", line 359, in _get
    return getattr(self, _the_name)
  File "/usr/lib/python3.13/unittest/mock.py", line 1168, in __call__
    self._increment_mock_call(*args, **kwargs)
  File "/usr/lib/python3.13/unittest/mock.py", line 1177, in _increment_mock_call
    self.call_count += 1
  File "/usr/lib/python3.13/unittest/mock.py", line 359, in _get
    return getattr(self, _the_name)
  File "/usr/lib/python3.13/unittest/mock.py", line 1168, in __call__
    self._increment_mock_call(*args, **kwargs)
  File "/usr/lib/python3.13/unittest/mock.py", line 1177, in _increment_mock_call
    self.call_count += 1
  File "/usr/lib/python3.13/unittest/mock.py", line 359, in _get
    return getattr(self, _the_name)
  File "/usr/lib/python3.13/unittest/mock.py", line 1168, in __call__
    self._increment_mock_call(*args, **kwargs)
  File "/usr/lib/python3.13/unittest/mock.py", line 1177, in _increment_mock_call
    self.call_count += 1
  File "/usr/lib/python3.13/unittest/mock.py", line 359, in _get
    return getattr(self, _the_name)
  File "/usr/lib/python3.13/unittest/mock.py", line 1168, in __call__
    self._increment_mock_call(*args, **kwargs)
  File "/usr/lib/python3.13/unittest/mock.py", line 1177, in _increment_mock_call
    self.call_count += 1
  File "/usr/lib/python3.13/unittest/mock.py", line 359, in _get
    return getattr(self, _the_name)
  File "/usr/lib/python3.13/unittest/mock.py", line 1168, in __call__
    self._increment_mock_call(*args, **kwargs)
  File "/usr/lib/python3.13/unittest/mock.py", line 1177, in _increment_mock_call
    self.call_count += 1
  File "/usr/lib/python3.13/unittest/mock.py", line 359, in _get
    return getattr(self, _the_name)
  File "/usr/lib/python3.13/unittest/mock.py", line 1168, in __call__
    self._increment_mock_call(*args, **kwargs)
  File "/usr/lib/python3.13/unittest/mock.py", line 1177, in _increment_mock_call
    self.call_count += 1
  File "/usr/lib/python3.13/unittest/mock.py", line 359, in _get
    return getattr(self, _the_name)
  File "/usr/lib/python3.13/unittest/mock.py", line 1168, in __call__
    self._increment_mock_call(*args, **kwargs)
  File "/usr/lib/python3.13/unittest/mock.py", line 1177, in _increment_mock_call
    self.call_count += 1
  File "/usr/lib/python3.13/unittest/mock.py", line 359, in _get
    return getattr(self, _the_name)
  File "/usr/lib/python3.13/unittest/mock.py", line 1168, in __call__
    self._increment_mock_call(*args, **kwargs)
  File "/usr/lib/python3.13/unittest/mock.py", line 1177, in _increment_mock_call
    self.call_count += 1
  File "/usr/lib/python3.13/unittest/mock.py", line 359, in _get
    return getattr(self, _the_name)
  File "/usr/lib/python3.13/unittest/mock.py", line 1168, in __call__
    self._increment_mock_call(*args, **kwargs)
  File "/usr/lib/python3.13/unittest/mock.py", line 1177, in _increment_mock_call
    self.call_count += 1
  File "/usr/lib/python3.13/unittest/mock.py", line 359, in _get
    return getattr(self, _the_name)
  File "/usr/lib/python3.13/unittest/mock.py", line 1168, in __call__
    self._increment_mock_call(*args, **kwargs)
  File "/usr/lib/python3.13/unittest/mock.py", line 1177, in _increment_mock_call
    self.call_count += 1
  File "/usr/lib/python3.13/unittest/mock.py", line 359, in _get
    return getattr(self, _the_name)
  File "/usr/lib/python3.13/unittest/mock.py", line 1168, in __call__
    self._increment_mock_call(*args, **kwargs)
  File "/usr/lib/python3.13/unittest/mock.py", line 1177, in _increment_mock_call
    self.call_count += 1
  File "/usr/lib/python3.13/unittest/mock.py", line 359, in _get
    return getattr(self, _the_name)
  File "/usr/lib/python3.13/unittest/mock.py", line 1168, in __call__
    self._increment_mock_call(*args, **kwargs)
  File "/usr/lib/python3.13/unittest/mock.py", line 1177, in _increment_mock_call
    self.call_count += 1
  File "/usr/lib/python3.13/unittest/mock.py", line 359, in _get
    return getattr(self, _the_name)
  File "/usr/lib/python3.13/unittest/mock.py", line 1168, in __call__
    self._increment_mock_call(*args, **kwargs)
  File "/usr/lib/python3.13/unittest/mock.py", line 1177, in _increment_mock_call
    self.call_count += 1
  File "/usr/lib/python3.13/unittest/mock.py", line 359, in _get
    return getattr(self, _the_name)
  File "/usr/lib/python3.13/unittest/mock.py", line 1168, in __call__
    self._increment_mock_call(*args, **kwargs)
  File "/usr/lib/python3.13/unittest/mock.py", line 1177, in _increment_mock_call
    self.call_count += 1
  File "/usr/lib/python3.13/unittest/mock.py", line 359, in _get
    return getattr(self, _the_name)
  File "/usr/lib/python3.13/unittest/mock.py", line 1168, in __call__
    self._increment_mock_call(*args, **kwargs)
  File "/usr/lib/python3.13/unittest/mock.py", line 1177, in _increment_mock_call
    self.call_count += 1
  File "/usr/lib/python3.13/unittest/mock.py", line 359, in _get
    return getattr(self, _the_name)
  File "/usr/lib/python3.13/unittest/mock.py", line 1168, in __call__
    self._increment_mock_call(*args, **kwargs)
  File "/usr/lib/python3.13/unittest/mock.py", line 1177, in _increment_mock_call
    self.call_count += 1
  File "/usr/lib/python3.13/unittest/mock.py", line 359, in _get
    return getattr(self, _the_name)
  File "/usr/lib/python3.13/unittest/mock.py", line 1168, in __call__
    self._increment_mock_call(*args, **kwargs)
  File "/usr/lib/python3.13/unittest/mock.py", line 1177, in _increment_mock_call
    self.call_count += 1
  File "/usr/lib/python3.13/unittest/mock.py", line 359, in _get
    return getattr(self, _the_name)
  File "/usr/lib/python3.13/unittest/mock.py", line 1168, in __call__
    self._increment_mock_call(*args, **kwargs)
  File "/usr/lib/python3.13/unittest/mock.py", line 1177, in _increment_mock_call
    self.call_count += 1
  File "/usr/lib/python3.13/unittest/mock.py", line 359, in _get
    return getattr(self, _the_name)
  File "/usr/lib/python3.13/unittest/mock.py", line 1168, in __call__
    self._increment_mock_call(*args, **kwargs)
  File "/usr/lib/python3.13/unittest/mock.py", line 1177, in _increment_mock_call
    self.call_count += 1
  File "/usr/lib/python3.13/unittest/mock.py", line 359, in _get
    return getattr(self, _the_name)
  File "/usr/lib/python3.13/unittest/mock.py", line 1168, in __call__
    self._increment_mock_call(*args, **kwargs)
  File "/usr/lib/python3.13/unittest/mock.py", line 1177, in _increment_mock_call
    self.call_count += 1
  File "/usr/lib/python3.13/unittest/mock.py", line 359, in _get
    return getattr(self, _the_name)
  File "/usr/lib/python3.13/unittest/mock.py", line 1168, in __call__
    self._increment_mock_call(*args, **kwargs)
  File "/usr/lib/python3.13/unittest/mock.py", line 1177, in _increment_mock_call
    self.call_count += 1
  File "/usr/lib/python3.13/unittest/mock.py", line 359, in _get
    return getattr(self, _the_name)
  File "/usr/lib/python3.13/unittest/mock.py", line 1168, in __call__
    self._increment_mock_call(*args, **kwargs)
  File "/usr/lib/python3.13/unittest/mock.py", line 1177, in _increment_mock_call
    self.call_count += 1
  File "/usr/lib/python3.13/unittest/mock.py", line 359, in _get
    return getattr(self, _the_name)
  File "/usr/lib/python3.13/unittest/mock.py", line 1168, in __call__
    self._increment_mock_call(*args, **kwargs)
  File "/usr/lib/python3.13/unittest/mock.py", line 1176, in _increment_mock_call
    self.called = True
  File "/usr/lib/python3.13/unittest/mock.py", line 802, in __setattr__
    return object.__setattr__(self, name, value)
RecursionError: maximum recursion depth exceeded
